==63582== Memcheck, a memory error detector
==63582== Copyright (C) 2002-2017, and GNU GPL'd, by Julian Seward et al.
==63582== Using Valgrind-3.15.0 and LibVEX; rerun with -h for copyright info
==63582== Command: ./main single
==63582== Parent PID: 15869
==63582== 
==63582== Invalid read of size 1
==63582==    at 0x6FB0FC0: check_client_encoding (in /usr/lib64/psqlodbcw.so)
==63582==    by 0x6F78E15: ??? (in /usr/lib64/psqlodbcw.so)
==63582==    by 0x6F7CEFE: ??? (in /usr/lib64/psqlodbcw.so)
==63582==    by 0x6F7E618: CC_connect (in /usr/lib64/psqlodbcw.so)
==63582==    by 0x6F7E998: PGAPI_Connect (in /usr/lib64/psqlodbcw.so)
==63582==    by 0x6FB1D97: SQLConnect (in /usr/lib64/psqlodbcw.so)
==63582==    by 0x4E46B3F: SQLConnect (in /usr/lib64/libodbc.so.2.0.0)
==63582==    by 0x406579: CppODBC::Connect(char const*, char const*, char const*) (cpp_odbc.cpp:100)
==63582==    by 0x4059D2: main (main.cpp:308)
==63582==  Address 0x6929f4c is 0 bytes after a block of size 28 alloc'd
==63582==    at 0x4C29F73: malloc (vg_replace_malloc.c:309)
==63582==    by 0x5FF2B89: strdup (in /usr/lib64/libc-2.17.so)
==63582==    by 0x6FABAA3: ??? (in /usr/lib64/psqlodbcw.so)
==63582==    by 0x6FB0392: getDSNinfo (in /usr/lib64/psqlodbcw.so)
==63582==    by 0x6F7E8D7: PGAPI_Connect (in /usr/lib64/psqlodbcw.so)
==63582==    by 0x6FB1D97: SQLConnect (in /usr/lib64/psqlodbcw.so)
==63582==    by 0x4E46B3F: SQLConnect (in /usr/lib64/libodbc.so.2.0.0)
==63582==    by 0x406579: CppODBC::Connect(char const*, char const*, char const*) (cpp_odbc.cpp:100)
==63582==    by 0x4059D2: main (main.cpp:308)
==63582== 
==63582== Conditional jump or move depends on uninitialised value(s)
==63582==    at 0x4C2D108: strlen (vg_replace_strmem.c:461)
==63582==    by 0x5804CD3: std::string::append(char const*) (in /usr/lib64/libstdc++.so.6.0.19)
==63582==    by 0x405A44: operator+<char, std::char_traits<char>, std::allocator<char> > (basic_string.h:2468)
==63582==    by 0x405A44: main (main.cpp:314)
==63582== 
==63582== Thread 12:
==63582== Invalid read of size 1
==63582==    at 0x6FB0FDA: check_client_encoding (in /usr/lib64/psqlodbcw.so)
==63582==    by 0x6F78E15: ??? (in /usr/lib64/psqlodbcw.so)
==63582==    by 0x6F7CEFE: ??? (in /usr/lib64/psqlodbcw.so)
==63582==    by 0x6F7E618: CC_connect (in /usr/lib64/psqlodbcw.so)
==63582==    by 0x6F7E998: PGAPI_Connect (in /usr/lib64/psqlodbcw.so)
==63582==    by 0x6FB1D97: SQLConnect (in /usr/lib64/psqlodbcw.so)
==63582==    by 0x4E46B3F: SQLConnect (in /usr/lib64/libodbc.so.2.0.0)
==63582==    by 0x406579: CppODBC::Connect(char const*, char const*, char const*) (cpp_odbc.cpp:100)
==63582==    by 0x408D0F: sqlexec(std::vector<std::string, std::allocator<std::string> >, std::vector<int, std::allocator<int> >) (main.cpp:202)
==63582==    by 0x40AAE6: std::_Function_handler<void (std::vector<std::string, std::allocator<std::string> >, std::vector<int, std::allocator<int> >), void (*)(std::vector<std::string, std::allocator<std::string> >, std::vector<int, std::allocator<int> >)>::_M_invoke(std::_Any_data const&, std::vector<std::string, std::allocator<std::string> >, std::vector<int, std::allocator<int> >) (functional:2071)
==63582==    by 0x40C9CE: operator() (functional:2471)
==63582==    by 0x40C9CE: thread_pool::worker() (thread_pool.cpp:127)
==63582==    by 0x57FB32F: ??? (in /usr/lib64/libstdc++.so.6.0.19)
==63582==  Address 0x3de6f521 is 5 bytes after a block of size 28 alloc'd
==63582==    at 0x4C29F73: malloc (vg_replace_malloc.c:309)
==63582==    by 0x5FF2B89: strdup (in /usr/lib64/libc-2.17.so)
==63582==    by 0x6FABAA3: ??? (in /usr/lib64/psqlodbcw.so)
==63582==    by 0x6FB0392: getDSNinfo (in /usr/lib64/psqlodbcw.so)
==63582==    by 0x6F7E8D7: PGAPI_Connect (in /usr/lib64/psqlodbcw.so)
==63582==    by 0x6FB1D97: SQLConnect (in /usr/lib64/psqlodbcw.so)
==63582==    by 0x4E46B3F: SQLConnect (in /usr/lib64/libodbc.so.2.0.0)
==63582==    by 0x406579: CppODBC::Connect(char const*, char const*, char const*) (cpp_odbc.cpp:100)
==63582==    by 0x408D0F: sqlexec(std::vector<std::string, std::allocator<std::string> >, std::vector<int, std::allocator<int> >) (main.cpp:202)
==63582==    by 0x40AAE6: std::_Function_handler<void (std::vector<std::string, std::allocator<std::string> >, std::vector<int, std::allocator<int> >), void (*)(std::vector<std::string, std::allocator<std::string> >, std::vector<int, std::allocator<int> >)>::_M_invoke(std::_Any_data const&, std::vector<std::string, std::allocator<std::string> >, std::vector<int, std::allocator<int> >) (functional:2071)
==63582==    by 0x40C9CE: operator() (functional:2471)
==63582==    by 0x40C9CE: thread_pool::worker() (thread_pool.cpp:127)
==63582==    by 0x57FB32F: ??? (in /usr/lib64/libstdc++.so.6.0.19)
==63582== 
==63582== Thread 82:
==63582== Invalid read of size 1
==63582==    at 0x4C2DB87: strncasecmp (vg_replace_strmem.c:737)
==63582==    by 0x6FB1050: check_client_encoding (in /usr/lib64/psqlodbcw.so)
==63582==    by 0x6F78E15: ??? (in /usr/lib64/psqlodbcw.so)
==63582==    by 0x6F7CEFE: ??? (in /usr/lib64/psqlodbcw.so)
==63582==    by 0x6F7E618: CC_connect (in /usr/lib64/psqlodbcw.so)
==63582==    by 0x6F7E998: PGAPI_Connect (in /usr/lib64/psqlodbcw.so)
==63582==    by 0x6FB1D97: SQLConnect (in /usr/lib64/psqlodbcw.so)
==63582==    by 0x4E46B3F: SQLConnect (in /usr/lib64/libodbc.so.2.0.0)
==63582==    by 0x406579: CppODBC::Connect(char const*, char const*, char const*) (cpp_odbc.cpp:100)
==63582==    by 0x408D0F: sqlexec(std::vector<std::string, std::allocator<std::string> >, std::vector<int, std::allocator<int> >) (main.cpp:202)
==63582==    by 0x40AAE6: std::_Function_handler<void (std::vector<std::string, std::allocator<std::string> >, std::vector<int, std::allocator<int> >), void (*)(std::vector<std::string, std::allocator<std::string> >, std::vector<int, std::allocator<int> >)>::_M_invoke(std::_Any_data const&, std::vector<std::string, std::allocator<std::string> >, std::vector<int, std::allocator<int> >) (functional:2071)
==63582==    by 0x40C9CE: operator() (functional:2471)
==63582==    by 0x40C9CE: thread_pool::worker() (thread_pool.cpp:127)
==63582==  Address 0x3c56f747 is 11 bytes after a block of size 28 alloc'd
==63582==    at 0x4C29F73: malloc (vg_replace_malloc.c:309)
==63582==    by 0x5FF2B89: strdup (in /usr/lib64/libc-2.17.so)
==63582==    by 0x6FABAA3: ??? (in /usr/lib64/psqlodbcw.so)
==63582==    by 0x6FB0392: getDSNinfo (in /usr/lib64/psqlodbcw.so)
==63582==    by 0x6F7E8D7: PGAPI_Connect (in /usr/lib64/psqlodbcw.so)
==63582==    by 0x6FB1D97: SQLConnect (in /usr/lib64/psqlodbcw.so)
==63582==    by 0x4E46B3F: SQLConnect (in /usr/lib64/libodbc.so.2.0.0)
==63582==    by 0x406579: CppODBC::Connect(char const*, char const*, char const*) (cpp_odbc.cpp:100)
==63582==    by 0x408D0F: sqlexec(std::vector<std::string, std::allocator<std::string> >, std::vector<int, std::allocator<int> >) (main.cpp:202)
==63582==    by 0x40AAE6: std::_Function_handler<void (std::vector<std::string, std::allocator<std::string> >, std::vector<int, std::allocator<int> >), void (*)(std::vector<std::string, std::allocator<std::string> >, std::vector<int, std::allocator<int> >)>::_M_invoke(std::_Any_data const&, std::vector<std::string, std::allocator<std::string> >, std::vector<int, std::allocator<int> >) (functional:2071)
==63582==    by 0x40C9CE: operator() (functional:2471)
==63582==    by 0x40C9CE: thread_pool::worker() (thread_pool.cpp:127)
==63582==    by 0x57FB32F: ??? (in /usr/lib64/libstdc++.so.6.0.19)
==63582== 
==63582== Invalid read of size 1
==63582==    at 0x4C2DBA7: strncasecmp (vg_replace_strmem.c:737)
==63582==    by 0x6FB1050: check_client_encoding (in /usr/lib64/psqlodbcw.so)
==63582==    by 0x6F78E15: ??? (in /usr/lib64/psqlodbcw.so)
==63582==    by 0x6F7CEFE: ??? (in /usr/lib64/psqlodbcw.so)
==63582==    by 0x6F7E618: CC_connect (in /usr/lib64/psqlodbcw.so)
==63582==    by 0x6F7E998: PGAPI_Connect (in /usr/lib64/psqlodbcw.so)
==63582==    by 0x6FB1D97: SQLConnect (in /usr/lib64/psqlodbcw.so)
==63582==    by 0x4E46B3F: SQLConnect (in /usr/lib64/libodbc.so.2.0.0)
==63582==    by 0x406579: CppODBC::Connect(char const*, char const*, char const*) (cpp_odbc.cpp:100)
==63582==    by 0x408D0F: sqlexec(std::vector<std::string, std::allocator<std::string> >, std::vector<int, std::allocator<int> >) (main.cpp:202)
==63582==    by 0x40AAE6: std::_Function_handler<void (std::vector<std::string, std::allocator<std::string> >, std::vector<int, std::allocator<int> >), void (*)(std::vector<std::string, std::allocator<std::string> >, std::vector<int, std::allocator<int> >)>::_M_invoke(std::_Any_data const&, std::vector<std::string, std::allocator<std::string> >, std::vector<int, std::allocator<int> >) (functional:2071)
==63582==    by 0x40C9CE: operator() (functional:2471)
==63582==    by 0x40C9CE: thread_pool::worker() (thread_pool.cpp:127)
==63582==  Address 0x3c56f747 is 11 bytes after a block of size 28 alloc'd
==63582==    at 0x4C29F73: malloc (vg_replace_malloc.c:309)
==63582==    by 0x5FF2B89: strdup (in /usr/lib64/libc-2.17.so)
==63582==    by 0x6FABAA3: ??? (in /usr/lib64/psqlodbcw.so)
==63582==    by 0x6FB0392: getDSNinfo (in /usr/lib64/psqlodbcw.so)
==63582==    by 0x6F7E8D7: PGAPI_Connect (in /usr/lib64/psqlodbcw.so)
==63582==    by 0x6FB1D97: SQLConnect (in /usr/lib64/psqlodbcw.so)
==63582==    by 0x4E46B3F: SQLConnect (in /usr/lib64/libodbc.so.2.0.0)
==63582==    by 0x406579: CppODBC::Connect(char const*, char const*, char const*) (cpp_odbc.cpp:100)
==63582==    by 0x408D0F: sqlexec(std::vector<std::string, std::allocator<std::string> >, std::vector<int, std::allocator<int> >) (main.cpp:202)
==63582==    by 0x40AAE6: std::_Function_handler<void (std::vector<std::string, std::allocator<std::string> >, std::vector<int, std::allocator<int> >), void (*)(std::vector<std::string, std::allocator<std::string> >, std::vector<int, std::allocator<int> >)>::_M_invoke(std::_Any_data const&, std::vector<std::string, std::allocator<std::string> >, std::vector<int, std::allocator<int> >) (functional:2071)
==63582==    by 0x40C9CE: operator() (functional:2471)
==63582==    by 0x40C9CE: thread_pool::worker() (thread_pool.cpp:127)
==63582==    by 0x57FB32F: ??? (in /usr/lib64/libstdc++.so.6.0.19)
==63582== 
==63582== 
==63582== Process terminating with default action of signal 6 (SIGABRT): dumping core
==63582==    at 0x5F9C387: raise (in /usr/lib64/libc-2.17.so)
==63582==    by 0x5F9DA77: abort (in /usr/lib64/libc-2.17.so)
==63582==    by 0x57A6A94: __gnu_cxx::__verbose_terminate_handler() (in /usr/lib64/libstdc++.so.6.0.19)
==63582==    by 0x57A4A05: ??? (in /usr/lib64/libstdc++.so.6.0.19)
==63582==    by 0x57A4A32: std::terminate() (in /usr/lib64/libstdc++.so.6.0.19)
==63582==    by 0x57FB3C4: ??? (in /usr/lib64/libstdc++.so.6.0.19)
==63582==    by 0x5531EA4: start_thread (in /usr/lib64/libpthread-2.17.so)
==63582==    by 0x6064B0C: clone (in /usr/lib64/libc-2.17.so)
==63582== 
==63582== HEAP SUMMARY:
==63582==     in use at exit: 320,323 bytes in 839 blocks
==63582==   total heap usage: 7,535,379 allocs, 7,534,540 frees, 2,230,824,066 bytes allocated
==63582== 
==63582== Thread 1:
==63582== 1 bytes in 1 blocks are still reachable in loss record 1 of 677
==63582==    at 0x4C29F73: malloc (vg_replace_malloc.c:309)
==63582==    by 0x5FF2B89: strdup (in /usr/lib64/libc-2.17.so)
==63582==    by 0x6FAF3DE: getCommonDefaults (in /usr/lib64/psqlodbcw.so)
==63582==    by 0x6FB00C3: getDSNinfo (in /usr/lib64/psqlodbcw.so)
==63582==    by 0x6F7E8D7: PGAPI_Connect (in /usr/lib64/psqlodbcw.so)
==63582==    by 0x6FB1D97: SQLConnect (in /usr/lib64/psqlodbcw.so)
==63582==    by 0x4E46B3F: SQLConnect (in /usr/lib64/libodbc.so.2.0.0)
==63582==    by 0x406579: CppODBC::Connect(char const*, char const*, char const*) (cpp_odbc.cpp:100)
==63582==    by 0x4059D2: main (main.cpp:308)
==63582== 
==63582== 1 bytes in 1 blocks are still reachable in loss record 2 of 677
==63582==    at 0x4C29F73: malloc (vg_replace_malloc.c:309)
==63582==    by 0x5FF2B89: strdup (in /usr/lib64/libc-2.17.so)
==63582==    by 0x4E84B0F: ??? (in /usr/lib64/libodbc.so.2.0.0)
==63582==    by 0x4E84DF9: ??? (in /usr/lib64/libodbc.so.2.0.0)
==63582==    by 0x4E43B1C: ??? (in /usr/lib64/libodbc.so.2.0.0)
==63582==    by 0x4E46AF6: SQLConnect (in /usr/lib64/libodbc.so.2.0.0)
==63582==    by 0x406579: CppODBC::Connect(char const*, char const*, char const*) (cpp_odbc.cpp:100)
==63582==    by 0x408D0F: sqlexec(std::vector<std::string, std::allocator<std::string> >, std::vector<int, std::allocator<int> >) (main.cpp:202)
==63582==    by 0x40AAE6: std::_Function_handler<void (std::vector<std::string, std::allocator<std::string> >, std::vector<int, std::allocator<int> >), void (*)(std::vector<std::string, std::allocator<std::string> >, std::vector<int, std::allocator<int> >)>::_M_invoke(std::_Any_data const&, std::vector<std::string, std::allocator<std::string> >, std::vector<int, std::allocator<int> >) (functional:2071)
==63582==    by 0x40C9CE: operator() (functional:2471)
==63582==    by 0x40C9CE: thread_pool::worker() (thread_pool.cpp:127)
==63582==    by 0x57FB32F: ??? (in /usr/lib64/libstdc++.so.6.0.19)
==63582==    by 0x5531EA4: start_thread (in /usr/lib64/libpthread-2.17.so)
==63582== 
==63582== 1 bytes in 1 blocks are still reachable in loss record 3 of 677
==63582==    at 0x4C29F73: malloc (vg_replace_malloc.c:309)
==63582==    by 0x5FF2B89: strdup (in /usr/lib64/libc-2.17.so)
==63582==    by 0x4E84ABA: ??? (in /usr/lib64/libodbc.so.2.0.0)
==63582==    by 0x4E84DF9: ??? (in /usr/lib64/libodbc.so.2.0.0)
==63582==    by 0x4E43B1C: ??? (in /usr/lib64/libodbc.so.2.0.0)
==63582==    by 0x4E46AF6: SQLConnect (in /usr/lib64/libodbc.so.2.0.0)
==63582==    by 0x406579: CppODBC::Connect(char const*, char const*, char const*) (cpp_odbc.cpp:100)
==63582==    by 0x408D0F: sqlexec(std::vector<std::string, std::allocator<std::string> >, std::vector<int, std::allocator<int> >) (main.cpp:202)
==63582==    by 0x40AAE6: std::_Function_handler<void (std::vector<std::string, std::allocator<std::string> >, std::vector<int, std::allocator<int> >), void (*)(std::vector<std::string, std::allocator<std::string> >, std::vector<int, std::allocator<int> >)>::_M_invoke(std::_Any_data const&, std::vector<std::string, std::allocator<std::string> >, std::vector<int, std::allocator<int> >) (functional:2071)
==63582==    by 0x40C9CE: operator() (functional:2471)
==63582==    by 0x40C9CE: thread_pool::worker() (thread_pool.cpp:127)
==63582==    by 0x57FB32F: ??? (in /usr/lib64/libstdc++.so.6.0.19)
==63582==    by 0x5531EA4: start_thread (in /usr/lib64/libpthread-2.17.so)
==63582== 
==63582== 1 bytes in 1 blocks are still reachable in loss record 4 of 677
==63582==    at 0x4C29F73: malloc (vg_replace_malloc.c:309)
==63582==    by 0x5FF2B89: strdup (in /usr/lib64/libc-2.17.so)
==63582==    by 0x4E84B0F: ??? (in /usr/lib64/libodbc.so.2.0.0)
==63582==    by 0x4E84DCA: ??? (in /usr/lib64/libodbc.so.2.0.0)
==63582==    by 0x4E719F2: ??? (in /usr/lib64/libodbc.so.2.0.0)
==63582==    by 0x4E46ACA: SQLConnect (in /usr/lib64/libodbc.so.2.0.0)
==63582==    by 0x406579: CppODBC::Connect(char const*, char const*, char const*) (cpp_odbc.cpp:100)
==63582==    by 0x408D0F: sqlexec(std::vector<std::string, std::allocator<std::string> >, std::vector<int, std::allocator<int> >) (main.cpp:202)
==63582==    by 0x40AAE6: std::_Function_handler<void (std::vector<std::string, std::allocator<std::string> >, std::vector<int, std::allocator<int> >), void (*)(std::vector<std::string, std::allocator<std::string> >, std::vector<int, std::allocator<int> >)>::_M_invoke(std::_Any_data const&, std::vector<std::string, std::allocator<std::string> >, std::vector<int, std::allocator<int> >) (functional:2071)
==63582==    by 0x40C9CE: operator() (functional:2471)
==63582==    by 0x40C9CE: thread_pool::worker() (thread_pool.cpp:127)
==63582==    by 0x57FB32F: ??? (in /usr/lib64/libstdc++.so.6.0.19)
==63582==    by 0x5531EA4: start_thread (in /usr/lib64/libpthread-2.17.so)
==63582== 
==63582== 1 bytes in 1 blocks are still reachable in loss record 5 of 677
==63582==    at 0x4C29F73: malloc (vg_replace_malloc.c:309)
==63582==    by 0x5FF2B89: strdup (in /usr/lib64/libc-2.17.so)
==63582==    by 0x4E84ABA: ??? (in /usr/lib64/libodbc.so.2.0.0)
==63582==    by 0x4E84DCA: ??? (in /usr/lib64/libodbc.so.2.0.0)
==63582==    by 0x4E719F2: ??? (in /usr/lib64/libodbc.so.2.0.0)
==63582==    by 0x4E46ACA: SQLConnect (in /usr/lib64/libodbc.so.2.0.0)
==63582==    by 0x406579: CppODBC::Connect(char const*, char const*, char const*) (cpp_odbc.cpp:100)
==63582==    by 0x408D0F: sqlexec(std::vector<std::string, std::allocator<std::string> >, std::vector<int, std::allocator<int> >) (main.cpp:202)
==63582==    by 0x40AAE6: std::_Function_handler<void (std::vector<std::string, std::allocator<std::string> >, std::vector<int, std::allocator<int> >), void (*)(std::vector<std::string, std::allocator<std::string> >, std::vector<int, std::allocator<int> >)>::_M_invoke(std::_Any_data const&, std::vector<std::string, std::allocator<std::string> >, std::vector<int, std::allocator<int> >) (functional:2071)
==63582==    by 0x40C9CE: operator() (functional:2471)
==63582==    by 0x40C9CE: thread_pool::worker() (thread_pool.cpp:127)
==63582==    by 0x57FB32F: ??? (in /usr/lib64/libstdc++.so.6.0.19)
==63582==    by 0x5531EA4: start_thread (in /usr/lib64/libpthread-2.17.so)
==63582== 
==63582== 1 bytes in 1 blocks are still reachable in loss record 6 of 677
==63582==    at 0x4C29F73: malloc (vg_replace_malloc.c:309)
==63582==    by 0x5FF2B89: strdup (in /usr/lib64/libc-2.17.so)
==63582==    by 0x4E84ABA: ??? (in /usr/lib64/libodbc.so.2.0.0)
==63582==    by 0x4E84DCA: ??? (in /usr/lib64/libodbc.so.2.0.0)
==63582==    by 0x4E71A2E: ??? (in /usr/lib64/libodbc.so.2.0.0)
==63582==    by 0x4E46ACA: SQLConnect (in /usr/lib64/libodbc.so.2.0.0)
==63582==    by 0x406579: CppODBC::Connect(char const*, char const*, char const*) (cpp_odbc.cpp:100)
==63582==    by 0x408D0F: sqlexec(std::vector<std::string, std::allocator<std::string> >, std::vector<int, std::allocator<int> >) (main.cpp:202)
==63582==    by 0x40AAE6: std::_Function_handler<void (std::vector<std::string, std::allocator<std::string> >, std::vector<int, std::allocator<int> >), void (*)(std::vector<std::string, std::allocator<std::string> >, std::vector<int, std::allocator<int> >)>::_M_invoke(std::_Any_data const&, std::vector<std::string, std::allocator<std::string> >, std::vector<int, std::allocator<int> >) (functional:2071)
==63582==    by 0x40C9CE: operator() (functional:2471)
==63582==    by 0x40C9CE: thread_pool::worker() (thread_pool.cpp:127)
==63582==    by 0x57FB32F: ??? (in /usr/lib64/libstdc++.so.6.0.19)
==63582==    by 0x5531EA4: start_thread (in /usr/lib64/libpthread-2.17.so)
==63582== 
==63582== 1 bytes in 1 blocks are still reachable in loss record 7 of 677
==63582==    at 0x4C29F73: malloc (vg_replace_malloc.c:309)
==63582==    by 0x5FF2B89: strdup (in /usr/lib64/libc-2.17.so)
==63582==    by 0x4E84ABA: ??? (in /usr/lib64/libodbc.so.2.0.0)
==63582==    by 0x4E84DF9: ??? (in /usr/lib64/libodbc.so.2.0.0)
==63582==    by 0x4E71A85: ??? (in /usr/lib64/libodbc.so.2.0.0)
==63582==    by 0x4E46ACA: SQLConnect (in /usr/lib64/libodbc.so.2.0.0)
==63582==    by 0x406579: CppODBC::Connect(char const*, char const*, char const*) (cpp_odbc.cpp:100)
==63582==    by 0x408D0F: sqlexec(std::vector<std::string, std::allocator<std::string> >, std::vector<int, std::allocator<int> >) (main.cpp:202)
==63582==    by 0x40AAE6: std::_Function_handler<void (std::vector<std::string, std::allocator<std::string> >, std::vector<int, std::allocator<int> >), void (*)(std::vector<std::string, std::allocator<std::string> >, std::vector<int, std::allocator<int> >)>::_M_invoke(std::_Any_data const&, std::vector<std::string, std::allocator<std::string> >, std::vector<int, std::allocator<int> >) (functional:2071)
==63582==    by 0x40C9CE: operator() (functional:2471)
==63582==    by 0x40C9CE: thread_pool::worker() (thread_pool.cpp:127)
==63582==    by 0x57FB32F: ??? (in /usr/lib64/libstdc++.so.6.0.19)
==63582==    by 0x5531EA4: start_thread (in /usr/lib64/libpthread-2.17.so)
==63582== 
==63582== 1 bytes in 1 blocks are still reachable in loss record 8 of 677
==63582==    at 0x4C29F73: malloc (vg_replace_malloc.c:309)
==63582==    by 0x5FF2B89: strdup (in /usr/lib64/libc-2.17.so)
==63582==    by 0x4E84B0F: ??? (in /usr/lib64/libodbc.so.2.0.0)
==63582==    by 0x4E84DCA: ??? (in /usr/lib64/libodbc.so.2.0.0)
==63582==    by 0x4E467E5: ??? (in /usr/lib64/libodbc.so.2.0.0)
==63582==    by 0x4E46AE3: SQLConnect (in /usr/lib64/libodbc.so.2.0.0)
==63582==    by 0x406579: CppODBC::Connect(char const*, char const*, char const*) (cpp_odbc.cpp:100)
==63582==    by 0x408D0F: sqlexec(std::vector<std::string, std::allocator<std::string> >, std::vector<int, std::allocator<int> >) (main.cpp:202)
==63582==    by 0x40AAE6: std::_Function_handler<void (std::vector<std::string, std::allocator<std::string> >, std::vector<int, std::allocator<int> >), void (*)(std::vector<std::string, std::allocator<std::string> >, std::vector<int, std::allocator<int> >)>::_M_invoke(std::_Any_data const&, std::vector<std::string, std::allocator<std::string> >, std::vector<int, std::allocator<int> >) (functional:2071)
==63582==    by 0x40C9CE: operator() (functional:2471)
==63582==    by 0x40C9CE: thread_pool::worker() (thread_pool.cpp:127)
==63582==    by 0x57FB32F: ??? (in /usr/lib64/libstdc++.so.6.0.19)
==63582==    by 0x5531EA4: start_thread (in /usr/lib64/libpthread-2.17.so)
==63582== 
==63582== 1 bytes in 1 blocks are still reachable in loss record 9 of 677
==63582==    at 0x4C29F73: malloc (vg_replace_malloc.c:309)
==63582==    by 0x5FF2B89: strdup (in /usr/lib64/libc-2.17.so)
==63582==    by 0x4E84ABA: ??? (in /usr/lib64/libodbc.so.2.0.0)
==63582==    by 0x4E84DCA: ??? (in /usr/lib64/libodbc.so.2.0.0)
==63582==    by 0x4E467E5: ??? (in /usr/lib64/libodbc.so.2.0.0)
==63582==    by 0x4E46AE3: SQLConnect (in /usr/lib64/libodbc.so.2.0.0)
==63582==    by 0x406579: CppODBC::Connect(char const*, char const*, char const*) (cpp_odbc.cpp:100)
==63582==    by 0x408D0F: sqlexec(std::vector<std::string, std::allocator<std::string> >, std::vector<int, std::allocator<int> >) (main.cpp:202)
==63582==    by 0x40AAE6: std::_Function_handler<void (std::vector<std::string, std::allocator<std::string> >, std::vector<int, std::allocator<int> >), void (*)(std::vector<std::string, std::allocator<std::string> >, std::vector<int, std::allocator<int> >)>::_M_invoke(std::_Any_data const&, std::vector<std::string, std::allocator<std::string> >, std::vector<int, std::allocator<int> >) (functional:2071)
==63582==    by 0x40C9CE: operator() (functional:2471)
==63582==    by 0x40C9CE: thread_pool::worker() (thread_pool.cpp:127)
==63582==    by 0x57FB32F: ??? (in /usr/lib64/libstdc++.so.6.0.19)
==63582==    by 0x5531EA4: start_thread (in /usr/lib64/libpthread-2.17.so)
==63582== 
==63582== 1 bytes in 1 blocks are still reachable in loss record 10 of 677
==63582==    at 0x4C29F73: malloc (vg_replace_malloc.c:309)
==63582==    by 0x5FF2B89: strdup (in /usr/lib64/libc-2.17.so)
==63582==    by 0x4E84B0F: ??? (in /usr/lib64/libodbc.so.2.0.0)
==63582==    by 0x4E84DCA: ??? (in /usr/lib64/libodbc.so.2.0.0)
==63582==    by 0x4E46818: ??? (in /usr/lib64/libodbc.so.2.0.0)
==63582==    by 0x4E46AE3: SQLConnect (in /usr/lib64/libodbc.so.2.0.0)
==63582==    by 0x406579: CppODBC::Connect(char const*, char const*, char const*) (cpp_odbc.cpp:100)
==63582==    by 0x408D0F: sqlexec(std::vector<std::string, std::allocator<std::string> >, std::vector<int, std::allocator<int> >) (main.cpp:202)
==63582==    by 0x40AAE6: std::_Function_handler<void (std::vector<std::string, std::allocator<std::string> >, std::vector<int, std::allocator<int> >), void (*)(std::vector<std::string, std::allocator<std::string> >, std::vector<int, std::allocator<int> >)>::_M_invoke(std::_Any_data const&, std::vector<std::string, std::allocator<std::string> >, std::vector<int, std::allocator<int> >) (functional:2071)
==63582==    by 0x40C9CE: operator() (functional:2471)
==63582==    by 0x40C9CE: thread_pool::worker() (thread_pool.cpp:127)
==63582==    by 0x57FB32F: ??? (in /usr/lib64/libstdc++.so.6.0.19)
==63582==    by 0x5531EA4: start_thread (in /usr/lib64/libpthread-2.17.so)
==63582== 
==63582== 1 bytes in 1 blocks are still reachable in loss record 11 of 677
==63582==    at 0x4C29F73: malloc (vg_replace_malloc.c:309)
==63582==    by 0x5FF2B89: strdup (in /usr/lib64/libc-2.17.so)
==63582==    by 0x4E84ABA: ??? (in /usr/lib64/libodbc.so.2.0.0)
==63582==    by 0x4E84DCA: ??? (in /usr/lib64/libodbc.so.2.0.0)
==63582==    by 0x4E46818: ??? (in /usr/lib64/libodbc.so.2.0.0)
==63582==    by 0x4E46AE3: SQLConnect (in /usr/lib64/libodbc.so.2.0.0)
==63582==    by 0x406579: CppODBC::Connect(char const*, char const*, char const*) (cpp_odbc.cpp:100)
==63582==    by 0x408D0F: sqlexec(std::vector<std::string, std::allocator<std::string> >, std::vector<int, std::allocator<int> >) (main.cpp:202)
==63582==    by 0x40AAE6: std::_Function_handler<void (std::vector<std::string, std::allocator<std::string> >, std::vector<int, std::allocator<int> >), void (*)(std::vector<std::string, std::allocator<std::string> >, std::vector<int, std::allocator<int> >)>::_M_invoke(std::_Any_data const&, std::vector<std::string, std::allocator<std::string> >, std::vector<int, std::allocator<int> >) (functional:2071)
==63582==    by 0x40C9CE: operator() (functional:2471)
==63582==    by 0x40C9CE: thread_pool::worker() (thread_pool.cpp:127)
==63582==    by 0x57FB32F: ??? (in /usr/lib64/libstdc++.so.6.0.19)
==63582==    by 0x5531EA4: start_thread (in /usr/lib64/libpthread-2.17.so)
==63582== 
==63582== 1 bytes in 1 blocks are still reachable in loss record 12 of 677
==63582==    at 0x4C29F73: malloc (vg_replace_malloc.c:309)
==63582==    by 0x5FF2B89: strdup (in /usr/lib64/libc-2.17.so)
==63582==    by 0x4E84B0F: ??? (in /usr/lib64/libodbc.so.2.0.0)
==63582==    by 0x4E84DCA: ??? (in /usr/lib64/libodbc.so.2.0.0)
==63582==    by 0x4E46848: ??? (in /usr/lib64/libodbc.so.2.0.0)
==63582==    by 0x4E46AE3: SQLConnect (in /usr/lib64/libodbc.so.2.0.0)
==63582==    by 0x406579: CppODBC::Connect(char const*, char const*, char const*) (cpp_odbc.cpp:100)
==63582==    by 0x408D0F: sqlexec(std::vector<std::string, std::allocator<std::string> >, std::vector<int, std::allocator<int> >) (main.cpp:202)
==63582==    by 0x40AAE6: std::_Function_handler<void (std::vector<std::string, std::allocator<std::string> >, std::vector<int, std::allocator<int> >), void (*)(std::vector<std::string, std::allocator<std::string> >, std::vector<int, std::allocator<int> >)>::_M_invoke(std::_Any_data const&, std::vector<std::string, std::allocator<std::string> >, std::vector<int, std::allocator<int> >) (functional:2071)
==63582==    by 0x40C9CE: operator() (functional:2471)
==63582==    by 0x40C9CE: thread_pool::worker() (thread_pool.cpp:127)
==63582==    by 0x57FB32F: ??? (in /usr/lib64/libstdc++.so.6.0.19)
==63582==    by 0x5531EA4: start_thread (in /usr/lib64/libpthread-2.17.so)
==63582== 
==63582== 1 bytes in 1 blocks are still reachable in loss record 13 of 677
==63582==    at 0x4C29F73: malloc (vg_replace_malloc.c:309)
==63582==    by 0x5FF2B89: strdup (in /usr/lib64/libc-2.17.so)
==63582==    by 0x4E84ABA: ??? (in /usr/lib64/libodbc.so.2.0.0)
==63582==    by 0x4E84DCA: ??? (in /usr/lib64/libodbc.so.2.0.0)
==63582==    by 0x4E46848: ??? (in /usr/lib64/libodbc.so.2.0.0)
==63582==    by 0x4E46AE3: SQLConnect (in /usr/lib64/libodbc.so.2.0.0)
==63582==    by 0x406579: CppODBC::Connect(char const*, char const*, char const*) (cpp_odbc.cpp:100)
==63582==    by 0x408D0F: sqlexec(std::vector<std::string, std::allocator<std::string> >, std::vector<int, std::allocator<int> >) (main.cpp:202)
==63582==    by 0x40AAE6: std::_Function_handler<void (std::vector<std::string, std::allocator<std::string> >, std::vector<int, std::allocator<int> >), void (*)(std::vector<std::string, std::allocator<std::string> >, std::vector<int, std::allocator<int> >)>::_M_invoke(std::_Any_data const&, std::vector<std::string, std::allocator<std::string> >, std::vector<int, std::allocator<int> >) (functional:2071)
==63582==    by 0x40C9CE: operator() (functional:2471)
==63582==    by 0x40C9CE: thread_pool::worker() (thread_pool.cpp:127)
==63582==    by 0x57FB32F: ??? (in /usr/lib64/libstdc++.so.6.0.19)
==63582==    by 0x5531EA4: start_thread (in /usr/lib64/libpthread-2.17.so)
==63582== 
==63582== 1 bytes in 1 blocks are still reachable in loss record 14 of 677
==63582==    at 0x4C29F73: malloc (vg_replace_malloc.c:309)
==63582==    by 0x5FF2B89: strdup (in /usr/lib64/libc-2.17.so)
==63582==    by 0x4E84B0F: ??? (in /usr/lib64/libodbc.so.2.0.0)
==63582==    by 0x4E84DF9: ??? (in /usr/lib64/libodbc.so.2.0.0)
==63582==    by 0x4E46765: ??? (in /usr/lib64/libodbc.so.2.0.0)
==63582==    by 0x4E46AE3: SQLConnect (in /usr/lib64/libodbc.so.2.0.0)
==63582==    by 0x406579: CppODBC::Connect(char const*, char const*, char const*) (cpp_odbc.cpp:100)
==63582==    by 0x408D0F: sqlexec(std::vector<std::string, std::allocator<std::string> >, std::vector<int, std::allocator<int> >) (main.cpp:202)
==63582==    by 0x40AAE6: std::_Function_handler<void (std::vector<std::string, std::allocator<std::string> >, std::vector<int, std::allocator<int> >), void (*)(std::vector<std::string, std::allocator<std::string> >, std::vector<int, std::allocator<int> >)>::_M_invoke(std::_Any_data const&, std::vector<std::string, std::allocator<std::string> >, std::vector<int, std::allocator<int> >) (functional:2071)
==63582==    by 0x40C9CE: operator() (functional:2471)
==63582==    by 0x40C9CE: thread_pool::worker() (thread_pool.cpp:127)
==63582==    by 0x57FB32F: ??? (in /usr/lib64/libstdc++.so.6.0.19)
==63582==    by 0x5531EA4: start_thread (in /usr/lib64/libpthread-2.17.so)
==63582== 
==63582== 1 bytes in 1 blocks are still reachable in loss record 15 of 677
==63582==    at 0x4C29F73: malloc (vg_replace_malloc.c:309)
==63582==    by 0x5FF2B89: strdup (in /usr/lib64/libc-2.17.so)
==63582==    by 0x4E84ABA: ??? (in /usr/lib64/libodbc.so.2.0.0)
==63582==    by 0x4E84DF9: ??? (in /usr/lib64/libodbc.so.2.0.0)
==63582==    by 0x4E46765: ??? (in /usr/lib64/libodbc.so.2.0.0)
==63582==    by 0x4E46AE3: SQLConnect (in /usr/lib64/libodbc.so.2.0.0)
==63582==    by 0x406579: CppODBC::Connect(char const*, char const*, char const*) (cpp_odbc.cpp:100)
==63582==    by 0x408D0F: sqlexec(std::vector<std::string, std::allocator<std::string> >, std::vector<int, std::allocator<int> >) (main.cpp:202)
==63582==    by 0x40AAE6: std::_Function_handler<void (std::vector<std::string, std::allocator<std::string> >, std::vector<int, std::allocator<int> >), void (*)(std::vector<std::string, std::allocator<std::string> >, std::vector<int, std::allocator<int> >)>::_M_invoke(std::_Any_data const&, std::vector<std::string, std::allocator<std::string> >, std::vector<int, std::allocator<int> >) (functional:2071)
==63582==    by 0x40C9CE: operator() (functional:2471)
==63582==    by 0x40C9CE: thread_pool::worker() (thread_pool.cpp:127)
==63582==    by 0x57FB32F: ??? (in /usr/lib64/libstdc++.so.6.0.19)
==63582==    by 0x5531EA4: start_thread (in /usr/lib64/libpthread-2.17.so)
==63582== 
==63582== 1 bytes in 1 blocks are still reachable in loss record 16 of 677
==63582==    at 0x4C29F73: malloc (vg_replace_malloc.c:309)
==63582==    by 0x5FF2B89: strdup (in /usr/lib64/libc-2.17.so)
==63582==    by 0x767F89F: ??? (in /usr/lib64/libodbcinst.so.2.0.0)
==63582==    by 0x767FB5A: SQLGetPrivateProfileString (in /usr/lib64/libodbcinst.so.2.0.0)
==63582==    by 0x6FAFFE5: getDSNinfo (in /usr/lib64/psqlodbcw.so)
==63582==    by 0x6F7E8D7: PGAPI_Connect (in /usr/lib64/psqlodbcw.so)
==63582==    by 0x6FB1D97: SQLConnect (in /usr/lib64/psqlodbcw.so)
==63582==    by 0x4E46B3F: SQLConnect (in /usr/lib64/libodbc.so.2.0.0)
==63582==    by 0x406579: CppODBC::Connect(char const*, char const*, char const*) (cpp_odbc.cpp:100)
==63582==    by 0x408D0F: sqlexec(std::vector<std::string, std::allocator<std::string> >, std::vector<int, std::allocator<int> >) (main.cpp:202)
==63582==    by 0x40AAE6: std::_Function_handler<void (std::vector<std::string, std::allocator<std::string> >, std::vector<int, std::allocator<int> >), void (*)(std::vector<std::string, std::allocator<std::string> >, std::vector<int, std::allocator<int> >)>::_M_invoke(std::_Any_data const&, std::vector<std::string, std::allocator<std::string> >, std::vector<int, std::allocator<int> >) (functional:2071)
==63582==    by 0x40C9CE: operator() (functional:2471)
==63582==    by 0x40C9CE: thread_pool::worker() (thread_pool.cpp:127)
==63582== 
==63582== 1 bytes in 1 blocks are still reachable in loss record 17 of 677
==63582==    at 0x4C29F73: malloc (vg_replace_malloc.c:309)
==63582==    by 0x5FF2B89: strdup (in /usr/lib64/libc-2.17.so)
==63582==    by 0x767F84A: ??? (in /usr/lib64/libodbcinst.so.2.0.0)
==63582==    by 0x767FB5A: SQLGetPrivateProfileString (in /usr/lib64/libodbcinst.so.2.0.0)
==63582==    by 0x6FAFFE5: getDSNinfo (in /usr/lib64/psqlodbcw.so)
==63582==    by 0x6F7E8D7: PGAPI_Connect (in /usr/lib64/psqlodbcw.so)
==63582==    by 0x6FB1D97: SQLConnect (in /usr/lib64/psqlodbcw.so)
==63582==    by 0x4E46B3F: SQLConnect (in /usr/lib64/libodbc.so.2.0.0)
==63582==    by 0x406579: CppODBC::Connect(char const*, char const*, char const*) (cpp_odbc.cpp:100)
==63582==    by 0x408D0F: sqlexec(std::vector<std::string, std::allocator<std::string> >, std::vector<int, std::allocator<int> >) (main.cpp:202)
==63582==    by 0x40AAE6: std::_Function_handler<void (std::vector<std::string, std::allocator<std::string> >, std::vector<int, std::allocator<int> >), void (*)(std::vector<std::string, std::allocator<std::string> >, std::vector<int, std::allocator<int> >)>::_M_invoke(std::_Any_data const&, std::vector<std::string, std::allocator<std::string> >, std::vector<int, std::allocator<int> >) (functional:2071)
==63582==    by 0x40C9CE: operator() (functional:2471)
==63582==    by 0x40C9CE: thread_pool::worker() (thread_pool.cpp:127)
==63582== 
==63582== 1 bytes in 1 blocks are still reachable in loss record 18 of 677
==63582==    at 0x4C29F73: malloc (vg_replace_malloc.c:309)
==63582==    by 0x5FF2B89: strdup (in /usr/lib64/libc-2.17.so)
==63582==    by 0x767F89F: ??? (in /usr/lib64/libodbcinst.so.2.0.0)
==63582==    by 0x767FB5A: SQLGetPrivateProfileString (in /usr/lib64/libodbcinst.so.2.0.0)
==63582==    by 0x6FB0319: getDSNinfo (in /usr/lib64/psqlodbcw.so)
==63582==    by 0x6F7E8D7: PGAPI_Connect (in /usr/lib64/psqlodbcw.so)
==63582==    by 0x6FB1D97: SQLConnect (in /usr/lib64/psqlodbcw.so)
==63582==    by 0x4E46B3F: SQLConnect (in /usr/lib64/libodbc.so.2.0.0)
==63582==    by 0x406579: CppODBC::Connect(char const*, char const*, char const*) (cpp_odbc.cpp:100)
==63582==    by 0x408D0F: sqlexec(std::vector<std::string, std::allocator<std::string> >, std::vector<int, std::allocator<int> >) (main.cpp:202)
==63582==    by 0x40AAE6: std::_Function_handler<void (std::vector<std::string, std::allocator<std::string> >, std::vector<int, std::allocator<int> >), void (*)(std::vector<std::string, std::allocator<std::string> >, std::vector<int, std::allocator<int> >)>::_M_invoke(std::_Any_data const&, std::vector<std::string, std::allocator<std::string> >, std::vector<int, std::allocator<int> >) (functional:2071)
==63582==    by 0x40C9CE: operator() (functional:2471)
==63582==    by 0x40C9CE: thread_pool::worker() (thread_pool.cpp:127)
==63582== 
==63582== 1 bytes in 1 blocks are still reachable in loss record 19 of 677
==63582==    at 0x4C29F73: malloc (vg_replace_malloc.c:309)
==63582==    by 0x5FF2B89: strdup (in /usr/lib64/libc-2.17.so)
==63582==    by 0x767F84A: ??? (in /usr/lib64/libodbcinst.so.2.0.0)
==63582==    by 0x767FB5A: SQLGetPrivateProfileString (in /usr/lib64/libodbcinst.so.2.0.0)
==63582==    by 0x6FB0319: getDSNinfo (in /usr/lib64/psqlodbcw.so)
==63582==    by 0x6F7E8D7: PGAPI_Connect (in /usr/lib64/psqlodbcw.so)
==63582==    by 0x6FB1D97: SQLConnect (in /usr/lib64/psqlodbcw.so)
==63582==    by 0x4E46B3F: SQLConnect (in /usr/lib64/libodbc.so.2.0.0)
==63582==    by 0x406579: CppODBC::Connect(char const*, char const*, char const*) (cpp_odbc.cpp:100)
==63582==    by 0x408D0F: sqlexec(std::vector<std::string, std::allocator<std::string> >, std::vector<int, std::allocator<int> >) (main.cpp:202)
==63582==    by 0x40AAE6: std::_Function_handler<void (std::vector<std::string, std::allocator<std::string> >, std::vector<int, std::allocator<int> >), void (*)(std::vector<std::string, std::allocator<std::string> >, std::vector<int, std::allocator<int> >)>::_M_invoke(std::_Any_data const&, std::vector<std::string, std::allocator<std::string> >, std::vector<int, std::allocator<int> >) (functional:2071)
==63582==    by 0x40C9CE: operator() (functional:2471)
==63582==    by 0x40C9CE: thread_pool::worker() (thread_pool.cpp:127)
==63582== 
==63582== 1 bytes in 1 blocks are still reachable in loss record 20 of 677
==63582==    at 0x4C29F73: malloc (vg_replace_malloc.c:309)
==63582==    by 0x5FF2B89: strdup (in /usr/lib64/libc-2.17.so)
==63582==    by 0x767F89F: ??? (in /usr/lib64/libodbcinst.so.2.0.0)
==63582==    by 0x767FB5A: SQLGetPrivateProfileString (in /usr/lib64/libodbcinst.so.2.0.0)
==63582==    by 0x6FAFB21: getDSNinfo (in /usr/lib64/psqlodbcw.so)
==63582==    by 0x6F7E8D7: PGAPI_Connect (in /usr/lib64/psqlodbcw.so)
==63582==    by 0x6FB1D97: SQLConnect (in /usr/lib64/psqlodbcw.so)
==63582==    by 0x4E46B3F: SQLConnect (in /usr/lib64/libodbc.so.2.0.0)
==63582==    by 0x406579: CppODBC::Connect(char const*, char const*, char const*) (cpp_odbc.cpp:100)
==63582==    by 0x408D0F: sqlexec(std::vector<std::string, std::allocator<std::string> >, std::vector<int, std::allocator<int> >) (main.cpp:202)
==63582==    by 0x40AAE6: std::_Function_handler<void (std::vector<std::string, std::allocator<std::string> >, std::vector<int, std::allocator<int> >), void (*)(std::vector<std::string, std::allocator<std::string> >, std::vector<int, std::allocator<int> >)>::_M_invoke(std::_Any_data const&, std::vector<std::string, std::allocator<std::string> >, std::vector<int, std::allocator<int> >) (functional:2071)
==63582==    by 0x40C9CE: operator() (functional:2471)
==63582==    by 0x40C9CE: thread_pool::worker() (thread_pool.cpp:127)
==63582== 
==63582== 1 bytes in 1 blocks are still reachable in loss record 21 of 677
==63582==    at 0x4C29F73: malloc (vg_replace_malloc.c:309)
==63582==    by 0x5FF2B89: strdup (in /usr/lib64/libc-2.17.so)
==63582==    by 0x767F84A: ??? (in /usr/lib64/libodbcinst.so.2.0.0)
==63582==    by 0x767FB5A: SQLGetPrivateProfileString (in /usr/lib64/libodbcinst.so.2.0.0)
==63582==    by 0x6FAFB21: getDSNinfo (in /usr/lib64/psqlodbcw.so)
==63582==    by 0x6F7E8D7: PGAPI_Connect (in /usr/lib64/psqlodbcw.so)
==63582==    by 0x6FB1D97: SQLConnect (in /usr/lib64/psqlodbcw.so)
==63582==    by 0x4E46B3F: SQLConnect (in /usr/lib64/libodbc.so.2.0.0)
==63582==    by 0x406579: CppODBC::Connect(char const*, char const*, char const*) (cpp_odbc.cpp:100)
==63582==    by 0x408D0F: sqlexec(std::vector<std::string, std::allocator<std::string> >, std::vector<int, std::allocator<int> >) (main.cpp:202)
==63582==    by 0x40AAE6: std::_Function_handler<void (std::vector<std::string, std::allocator<std::string> >, std::vector<int, std::allocator<int> >), void (*)(std::vector<std::string, std::allocator<std::string> >, std::vector<int, std::allocator<int> >)>::_M_invoke(std::_Any_data const&, std::vector<std::string, std::allocator<std::string> >, std::vector<int, std::allocator<int> >) (functional:2071)
==63582==    by 0x40C9CE: operator() (functional:2471)
==63582==    by 0x40C9CE: thread_pool::worker() (thread_pool.cpp:127)
==63582== 
==63582== 1 bytes in 1 blocks are still reachable in loss record 22 of 677
==63582==    at 0x4C29F73: malloc (vg_replace_malloc.c:309)
==63582==    by 0x5FF2B89: strdup (in /usr/lib64/libc-2.17.so)
==63582==    by 0x767F89F: ??? (in /usr/lib64/libodbcinst.so.2.0.0)
==63582==    by 0x767FB5A: SQLGetPrivateProfileString (in /usr/lib64/libodbcinst.so.2.0.0)
==63582==    by 0x6FAFDEC: getDSNinfo (in /usr/lib64/psqlodbcw.so)
==63582==    by 0x6F7E8D7: PGAPI_Connect (in /usr/lib64/psqlodbcw.so)
==63582==    by 0x6FB1D97: SQLConnect (in /usr/lib64/psqlodbcw.so)
==63582==    by 0x4E46B3F: SQLConnect (in /usr/lib64/libodbc.so.2.0.0)
==63582==    by 0x406579: CppODBC::Connect(char const*, char const*, char const*) (cpp_odbc.cpp:100)
==63582==    by 0x408D0F: sqlexec(std::vector<std::string, std::allocator<std::string> >, std::vector<int, std::allocator<int> >) (main.cpp:202)
==63582==    by 0x40AAE6: std::_Function_handler<void (std::vector<std::string, std::allocator<std::string> >, std::vector<int, std::allocator<int> >), void (*)(std::vector<std::string, std::allocator<std::string> >, std::vector<int, std::allocator<int> >)>::_M_invoke(std::_Any_data const&, std::vector<std::string, std::allocator<std::string> >, std::vector<int, std::allocator<int> >) (functional:2071)
==63582==    by 0x40C9CE: operator() (functional:2471)
==63582==    by 0x40C9CE: thread_pool::worker() (thread_pool.cpp:127)
==63582== 
==63582== 1 bytes in 1 blocks are still reachable in loss record 23 of 677
==63582==    at 0x4C29F73: malloc (vg_replace_malloc.c:309)
==63582==    by 0x5FF2B89: strdup (in /usr/lib64/libc-2.17.so)
==63582==    by 0x767F84A: ??? (in /usr/lib64/libodbcinst.so.2.0.0)
==63582==    by 0x767FB5A: SQLGetPrivateProfileString (in /usr/lib64/libodbcinst.so.2.0.0)
==63582==    by 0x6FAFDEC: getDSNinfo (in /usr/lib64/psqlodbcw.so)
==63582==    by 0x6F7E8D7: PGAPI_Connect (in /usr/lib64/psqlodbcw.so)
==63582==    by 0x6FB1D97: SQLConnect (in /usr/lib64/psqlodbcw.so)
==63582==    by 0x4E46B3F: SQLConnect (in /usr/lib64/libodbc.so.2.0.0)
==63582==    by 0x406579: CppODBC::Connect(char const*, char const*, char const*) (cpp_odbc.cpp:100)
==63582==    by 0x408D0F: sqlexec(std::vector<std::string, std::allocator<std::string> >, std::vector<int, std::allocator<int> >) (main.cpp:202)
==63582==    by 0x40AAE6: std::_Function_handler<void (std::vector<std::string, std::allocator<std::string> >, std::vector<int, std::allocator<int> >), void (*)(std::vector<std::string, std::allocator<std::string> >, std::vector<int, std::allocator<int> >)>::_M_invoke(std::_Any_data const&, std::vector<std::string, std::allocator<std::string> >, std::vector<int, std::allocator<int> >) (functional:2071)
==63582==    by 0x40C9CE: operator() (functional:2471)
==63582==    by 0x40C9CE: thread_pool::worker() (thread_pool.cpp:127)
==63582== 
==63582== 1 bytes in 1 blocks are still reachable in loss record 24 of 677
==63582==    at 0x4C29F73: malloc (vg_replace_malloc.c:309)
==63582==    by 0x5FF2B89: strdup (in /usr/lib64/libc-2.17.so)
==63582==    by 0x767F84A: ??? (in /usr/lib64/libodbcinst.so.2.0.0)
==63582==    by 0x767FB5A: SQLGetPrivateProfileString (in /usr/lib64/libodbcinst.so.2.0.0)
==63582==    by 0x6FB038A: getDSNinfo (in /usr/lib64/psqlodbcw.so)
==63582==    by 0x6F7E8D7: PGAPI_Connect (in /usr/lib64/psqlodbcw.so)
==63582==    by 0x6FB1D97: SQLConnect (in /usr/lib64/psqlodbcw.so)
==63582==    by 0x4E46B3F: SQLConnect (in /usr/lib64/libodbc.so.2.0.0)
==63582==    by 0x406579: CppODBC::Connect(char const*, char const*, char const*) (cpp_odbc.cpp:100)
==63582==    by 0x408D0F: sqlexec(std::vector<std::string, std::allocator<std::string> >, std::vector<int, std::allocator<int> >) (main.cpp:202)
==63582==    by 0x40AAE6: std::_Function_handler<void (std::vector<std::string, std::allocator<std::string> >, std::vector<int, std::allocator<int> >), void (*)(std::vector<std::string, std::allocator<std::string> >, std::vector<int, std::allocator<int> >)>::_M_invoke(std::_Any_data const&, std::vector<std::string, std::allocator<std::string> >, std::vector<int, std::allocator<int> >) (functional:2071)
==63582==    by 0x40C9CE: operator() (functional:2471)
==63582==    by 0x40C9CE: thread_pool::worker() (thread_pool.cpp:127)
==63582== 
==63582== 1 bytes in 1 blocks are still reachable in loss record 25 of 677
==63582==    at 0x4C29F73: malloc (vg_replace_malloc.c:309)
==63582==    by 0x5FF2B89: strdup (in /usr/lib64/libc-2.17.so)
==63582==    by 0x767F89F: ??? (in /usr/lib64/libodbcinst.so.2.0.0)
==63582==    by 0x767FB5A: SQLGetPrivateProfileString (in /usr/lib64/libodbcinst.so.2.0.0)
==63582==    by 0x6FAFE89: getDSNinfo (in /usr/lib64/psqlodbcw.so)
==63582==    by 0x6F7E8D7: PGAPI_Connect (in /usr/lib64/psqlodbcw.so)
==63582==    by 0x6FB1D97: SQLConnect (in /usr/lib64/psqlodbcw.so)
==63582==    by 0x4E46B3F: SQLConnect (in /usr/lib64/libodbc.so.2.0.0)
==63582==    by 0x406579: CppODBC::Connect(char const*, char const*, char const*) (cpp_odbc.cpp:100)
==63582==    by 0x408D0F: sqlexec(std::vector<std::string, std::allocator<std::string> >, std::vector<int, std::allocator<int> >) (main.cpp:202)
==63582==    by 0x40AAE6: std::_Function_handler<void (std::vector<std::string, std::allocator<std::string> >, std::vector<int, std::allocator<int> >), void (*)(std::vector<std::string, std::allocator<std::string> >, std::vector<int, std::allocator<int> >)>::_M_invoke(std::_Any_data const&, std::vector<std::string, std::allocator<std::string> >, std::vector<int, std::allocator<int> >) (functional:2071)
==63582==    by 0x40C9CE: operator() (functional:2471)
==63582==    by 0x40C9CE: thread_pool::worker() (thread_pool.cpp:127)
==63582== 
==63582== 1 bytes in 1 blocks are still reachable in loss record 26 of 677
==63582==    at 0x4C29F73: malloc (vg_replace_malloc.c:309)
==63582==    by 0x5FF2B89: strdup (in /usr/lib64/libc-2.17.so)
==63582==    by 0x767F84A: ??? (in /usr/lib64/libodbcinst.so.2.0.0)
==63582==    by 0x767FB5A: SQLGetPrivateProfileString (in /usr/lib64/libodbcinst.so.2.0.0)
==63582==    by 0x6FAFE89: getDSNinfo (in /usr/lib64/psqlodbcw.so)
==63582==    by 0x6F7E8D7: PGAPI_Connect (in /usr/lib64/psqlodbcw.so)
==63582==    by 0x6FB1D97: SQLConnect (in /usr/lib64/psqlodbcw.so)
==63582==    by 0x4E46B3F: SQLConnect (in /usr/lib64/libodbc.so.2.0.0)
==63582==    by 0x406579: CppODBC::Connect(char const*, char const*, char const*) (cpp_odbc.cpp:100)
==63582==    by 0x408D0F: sqlexec(std::vector<std::string, std::allocator<std::string> >, std::vector<int, std::allocator<int> >) (main.cpp:202)
==63582==    by 0x40AAE6: std::_Function_handler<void (std::vector<std::string, std::allocator<std::string> >, std::vector<int, std::allocator<int> >), void (*)(std::vector<std::string, std::allocator<std::string> >, std::vector<int, std::allocator<int> >)>::_M_invoke(std::_Any_data const&, std::vector<std::string, std::allocator<std::string> >, std::vector<int, std::allocator<int> >) (functional:2071)
==63582==    by 0x40C9CE: operator() (functional:2471)
==63582==    by 0x40C9CE: thread_pool::worker() (thread_pool.cpp:127)
==63582== 
==63582== 1 bytes in 1 blocks are still reachable in loss record 27 of 677
==63582==    at 0x4C29F73: malloc (vg_replace_malloc.c:309)
==63582==    by 0x5FF2B89: strdup (in /usr/lib64/libc-2.17.so)
==63582==    by 0x767F89F: ??? (in /usr/lib64/libodbcinst.so.2.0.0)
==63582==    by 0x767FB5A: SQLGetPrivateProfileString (in /usr/lib64/libodbcinst.so.2.0.0)
==63582==    by 0x6FAFBA1: getDSNinfo (in /usr/lib64/psqlodbcw.so)
==63582==    by 0x6F7E8D7: PGAPI_Connect (in /usr/lib64/psqlodbcw.so)
==63582==    by 0x6FB1D97: SQLConnect (in /usr/lib64/psqlodbcw.so)
==63582==    by 0x4E46B3F: SQLConnect (in /usr/lib64/libodbc.so.2.0.0)
==63582==    by 0x406579: CppODBC::Connect(char const*, char const*, char const*) (cpp_odbc.cpp:100)
==63582==    by 0x408D0F: sqlexec(std::vector<std::string, std::allocator<std::string> >, std::vector<int, std::allocator<int> >) (main.cpp:202)
==63582==    by 0x40AAE6: std::_Function_handler<void (std::vector<std::string, std::allocator<std::string> >, std::vector<int, std::allocator<int> >), void (*)(std::vector<std::string, std::allocator<std::string> >, std::vector<int, std::allocator<int> >)>::_M_invoke(std::_Any_data const&, std::vector<std::string, std::allocator<std::string> >, std::vector<int, std::allocator<int> >) (functional:2071)
==63582==    by 0x40C9CE: operator() (functional:2471)
==63582==    by 0x40C9CE: thread_pool::worker() (thread_pool.cpp:127)
==63582== 
==63582== 1 bytes in 1 blocks are still reachable in loss record 28 of 677
==63582==    at 0x4C29F73: malloc (vg_replace_malloc.c:309)
==63582==    by 0x5FF2B89: strdup (in /usr/lib64/libc-2.17.so)
==63582==    by 0x767F84A: ??? (in /usr/lib64/libodbcinst.so.2.0.0)
==63582==    by 0x767FB5A: SQLGetPrivateProfileString (in /usr/lib64/libodbcinst.so.2.0.0)
==63582==    by 0x6FAFBA1: getDSNinfo (in /usr/lib64/psqlodbcw.so)
==63582==    by 0x6F7E8D7: PGAPI_Connect (in /usr/lib64/psqlodbcw.so)
==63582==    by 0x6FB1D97: SQLConnect (in /usr/lib64/psqlodbcw.so)
==63582==    by 0x4E46B3F: SQLConnect (in /usr/lib64/libodbc.so.2.0.0)
==63582==    by 0x406579: CppODBC::Connect(char const*, char const*, char const*) (cpp_odbc.cpp:100)
==63582==    by 0x408D0F: sqlexec(std::vector<std::string, std::allocator<std::string> >, std::vector<int, std::allocator<int> >) (main.cpp:202)
==63582==    by 0x40AAE6: std::_Function_handler<void (std::vector<std::string, std::allocator<std::string> >, std::vector<int, std::allocator<int> >), void (*)(std::vector<std::string, std::allocator<std::string> >, std::vector<int, std::allocator<int> >)>::_M_invoke(std::_Any_data const&, std::vector<std::string, std::allocator<std::string> >, std::vector<int, std::allocator<int> >) (functional:2071)
==63582==    by 0x40C9CE: operator() (functional:2471)
==63582==    by 0x40C9CE: thread_pool::worker() (thread_pool.cpp:127)
==63582== 
==63582== 1 bytes in 1 blocks are still reachable in loss record 29 of 677
==63582==    at 0x4C29F73: malloc (vg_replace_malloc.c:309)
==63582==    by 0x5FF2B89: strdup (in /usr/lib64/libc-2.17.so)
==63582==    by 0x767F89F: ??? (in /usr/lib64/libodbcinst.so.2.0.0)
==63582==    by 0x767FB5A: SQLGetPrivateProfileString (in /usr/lib64/libodbcinst.so.2.0.0)
==63582==    by 0x6FAFEDA: getDSNinfo (in /usr/lib64/psqlodbcw.so)
==63582==    by 0x6F7E8D7: PGAPI_Connect (in /usr/lib64/psqlodbcw.so)
==63582==    by 0x6FB1D97: SQLConnect (in /usr/lib64/psqlodbcw.so)
==63582==    by 0x4E46B3F: SQLConnect (in /usr/lib64/libodbc.so.2.0.0)
==63582==    by 0x406579: CppODBC::Connect(char const*, char const*, char const*) (cpp_odbc.cpp:100)
==63582==    by 0x408D0F: sqlexec(std::vector<std::string, std::allocator<std::string> >, std::vector<int, std::allocator<int> >) (main.cpp:202)
==63582==    by 0x40AAE6: std::_Function_handler<void (std::vector<std::string, std::allocator<std::string> >, std::vector<int, std::allocator<int> >), void (*)(std::vector<std::string, std::allocator<std::string> >, std::vector<int, std::allocator<int> >)>::_M_invoke(std::_Any_data const&, std::vector<std::string, std::allocator<std::string> >, std::vector<int, std::allocator<int> >) (functional:2071)
==63582==    by 0x40C9CE: operator() (functional:2471)
==63582==    by 0x40C9CE: thread_pool::worker() (thread_pool.cpp:127)
==63582== 
==63582== 1 bytes in 1 blocks are still reachable in loss record 30 of 677
==63582==    at 0x4C29F73: malloc (vg_replace_malloc.c:309)
==63582==    by 0x5FF2B89: strdup (in /usr/lib64/libc-2.17.so)
==63582==    by 0x767F84A: ??? (in /usr/lib64/libodbcinst.so.2.0.0)
==63582==    by 0x767FB5A: SQLGetPrivateProfileString (in /usr/lib64/libodbcinst.so.2.0.0)
==63582==    by 0x6FAFEDA: getDSNinfo (in /usr/lib64/psqlodbcw.so)
==63582==    by 0x6F7E8D7: PGAPI_Connect (in /usr/lib64/psqlodbcw.so)
==63582==    by 0x6FB1D97: SQLConnect (in /usr/lib64/psqlodbcw.so)
==63582==    by 0x4E46B3F: SQLConnect (in /usr/lib64/libodbc.so.2.0.0)
==63582==    by 0x406579: CppODBC::Connect(char const*, char const*, char const*) (cpp_odbc.cpp:100)
==63582==    by 0x408D0F: sqlexec(std::vector<std::string, std::allocator<std::string> >, std::vector<int, std::allocator<int> >) (main.cpp:202)
==63582==    by 0x40AAE6: std::_Function_handler<void (std::vector<std::string, std::allocator<std::string> >, std::vector<int, std::allocator<int> >), void (*)(std::vector<std::string, std::allocator<std::string> >, std::vector<int, std::allocator<int> >)>::_M_invoke(std::_Any_data const&, std::vector<std::string, std::allocator<std::string> >, std::vector<int, std::allocator<int> >) (functional:2071)
==63582==    by 0x40C9CE: operator() (functional:2471)
==63582==    by 0x40C9CE: thread_pool::worker() (thread_pool.cpp:127)
==63582== 
==63582== 1 bytes in 1 blocks are still reachable in loss record 31 of 677
==63582==    at 0x4C29F73: malloc (vg_replace_malloc.c:309)
==63582==    by 0x5FF2B89: strdup (in /usr/lib64/libc-2.17.so)
==63582==    by 0x767F89F: ??? (in /usr/lib64/libodbcinst.so.2.0.0)
==63582==    by 0x767FB5A: SQLGetPrivateProfileString (in /usr/lib64/libodbcinst.so.2.0.0)
==63582==    by 0x6FB03CD: getDSNinfo (in /usr/lib64/psqlodbcw.so)
==63582==    by 0x6F7E8D7: PGAPI_Connect (in /usr/lib64/psqlodbcw.so)
==63582==    by 0x6FB1D97: SQLConnect (in /usr/lib64/psqlodbcw.so)
==63582==    by 0x4E46B3F: SQLConnect (in /usr/lib64/libodbc.so.2.0.0)
==63582==    by 0x406579: CppODBC::Connect(char const*, char const*, char const*) (cpp_odbc.cpp:100)
==63582==    by 0x408D0F: sqlexec(std::vector<std::string, std::allocator<std::string> >, std::vector<int, std::allocator<int> >) (main.cpp:202)
==63582==    by 0x40AAE6: std::_Function_handler<void (std::vector<std::string, std::allocator<std::string> >, std::vector<int, std::allocator<int> >), void (*)(std::vector<std::string, std::allocator<std::string> >, std::vector<int, std::allocator<int> >)>::_M_invoke(std::_Any_data const&, std::vector<std::string, std::allocator<std::string> >, std::vector<int, std::allocator<int> >) (functional:2071)
==63582==    by 0x40C9CE: operator() (functional:2471)
==63582==    by 0x40C9CE: thread_pool::worker() (thread_pool.cpp:127)
==63582== 
==63582== 1 bytes in 1 blocks are still reachable in loss record 32 of 677
==63582==    at 0x4C29F73: malloc (vg_replace_malloc.c:309)
==63582==    by 0x5FF2B89: strdup (in /usr/lib64/libc-2.17.so)
==63582==    by 0x767F84A: ??? (in /usr/lib64/libodbcinst.so.2.0.0)
==63582==    by 0x767FB5A: SQLGetPrivateProfileString (in /usr/lib64/libodbcinst.so.2.0.0)
==63582==    by 0x6FB03CD: getDSNinfo (in /usr/lib64/psqlodbcw.so)
==63582==    by 0x6F7E8D7: PGAPI_Connect (in /usr/lib64/psqlodbcw.so)
==63582==    by 0x6FB1D97: SQLConnect (in /usr/lib64/psqlodbcw.so)
==63582==    by 0x4E46B3F: SQLConnect (in /usr/lib64/libodbc.so.2.0.0)
==63582==    by 0x406579: CppODBC::Connect(char const*, char const*, char const*) (cpp_odbc.cpp:100)
==63582==    by 0x408D0F: sqlexec(std::vector<std::string, std::allocator<std::string> >, std::vector<int, std::allocator<int> >) (main.cpp:202)
==63582==    by 0x40AAE6: std::_Function_handler<void (std::vector<std::string, std::allocator<std::string> >, std::vector<int, std::allocator<int> >), void (*)(std::vector<std::string, std::allocator<std::string> >, std::vector<int, std::allocator<int> >)>::_M_invoke(std::_Any_data const&, std::vector<std::string, std::allocator<std::string> >, std::vector<int, std::allocator<int> >) (functional:2071)
==63582==    by 0x40C9CE: operator() (functional:2471)
==63582==    by 0x40C9CE: thread_pool::worker() (thread_pool.cpp:127)
==63582== 
==63582== 1 bytes in 1 blocks are still reachable in loss record 33 of 677
==63582==    at 0x4C29F73: malloc (vg_replace_malloc.c:309)
==63582==    by 0x5FF2B89: strdup (in /usr/lib64/libc-2.17.so)
==63582==    by 0x767F89F: ??? (in /usr/lib64/libodbcinst.so.2.0.0)
==63582==    by 0x767FB5A: SQLGetPrivateProfileString (in /usr/lib64/libodbcinst.so.2.0.0)
==63582==    by 0x6FAFF35: getDSNinfo (in /usr/lib64/psqlodbcw.so)
==63582==    by 0x6F7E8D7: PGAPI_Connect (in /usr/lib64/psqlodbcw.so)
==63582==    by 0x6FB1D97: SQLConnect (in /usr/lib64/psqlodbcw.so)
==63582==    by 0x4E46B3F: SQLConnect (in /usr/lib64/libodbc.so.2.0.0)
==63582==    by 0x406579: CppODBC::Connect(char const*, char const*, char const*) (cpp_odbc.cpp:100)
==63582==    by 0x408D0F: sqlexec(std::vector<std::string, std::allocator<std::string> >, std::vector<int, std::allocator<int> >) (main.cpp:202)
==63582==    by 0x40AAE6: std::_Function_handler<void (std::vector<std::string, std::allocator<std::string> >, std::vector<int, std::allocator<int> >), void (*)(std::vector<std::string, std::allocator<std::string> >, std::vector<int, std::allocator<int> >)>::_M_invoke(std::_Any_data const&, std::vector<std::string, std::allocator<std::string> >, std::vector<int, std::allocator<int> >) (functional:2071)
==63582==    by 0x40C9CE: operator() (functional:2471)
==63582==    by 0x40C9CE: thread_pool::worker() (thread_pool.cpp:127)
==63582== 
==63582== 1 bytes in 1 blocks are still reachable in loss record 34 of 677
==63582==    at 0x4C29F73: malloc (vg_replace_malloc.c:309)
==63582==    by 0x5FF2B89: strdup (in /usr/lib64/libc-2.17.so)
==63582==    by 0x767F84A: ??? (in /usr/lib64/libodbcinst.so.2.0.0)
==63582==    by 0x767FB5A: SQLGetPrivateProfileString (in /usr/lib64/libodbcinst.so.2.0.0)
==63582==    by 0x6FAFF35: getDSNinfo (in /usr/lib64/psqlodbcw.so)
==63582==    by 0x6F7E8D7: PGAPI_Connect (in /usr/lib64/psqlodbcw.so)
==63582==    by 0x6FB1D97: SQLConnect (in /usr/lib64/psqlodbcw.so)
==63582==    by 0x4E46B3F: SQLConnect (in /usr/lib64/libodbc.so.2.0.0)
==63582==    by 0x406579: CppODBC::Connect(char const*, char const*, char const*) (cpp_odbc.cpp:100)
==63582==    by 0x408D0F: sqlexec(std::vector<std::string, std::allocator<std::string> >, std::vector<int, std::allocator<int> >) (main.cpp:202)
==63582==    by 0x40AAE6: std::_Function_handler<void (std::vector<std::string, std::allocator<std::string> >, std::vector<int, std::allocator<int> >), void (*)(std::vector<std::string, std::allocator<std::string> >, std::vector<int, std::allocator<int> >)>::_M_invoke(std::_Any_data const&, std::vector<std::string, std::allocator<std::string> >, std::vector<int, std::allocator<int> >) (functional:2071)
==63582==    by 0x40C9CE: operator() (functional:2471)
==63582==    by 0x40C9CE: thread_pool::worker() (thread_pool.cpp:127)
==63582== 
==63582== 1 bytes in 1 blocks are still reachable in loss record 35 of 677
==63582==    at 0x4C29F73: malloc (vg_replace_malloc.c:309)
==63582==    by 0x5FF2B89: strdup (in /usr/lib64/libc-2.17.so)
==63582==    by 0x767F89F: ??? (in /usr/lib64/libodbcinst.so.2.0.0)
==63582==    by 0x767FB5A: SQLGetPrivateProfileString (in /usr/lib64/libodbcinst.so.2.0.0)
==63582==    by 0x6FB0425: getDSNinfo (in /usr/lib64/psqlodbcw.so)
==63582==    by 0x6F7E8D7: PGAPI_Connect (in /usr/lib64/psqlodbcw.so)
==63582==    by 0x6FB1D97: SQLConnect (in /usr/lib64/psqlodbcw.so)
==63582==    by 0x4E46B3F: SQLConnect (in /usr/lib64/libodbc.so.2.0.0)
==63582==    by 0x406579: CppODBC::Connect(char const*, char const*, char const*) (cpp_odbc.cpp:100)
==63582==    by 0x408D0F: sqlexec(std::vector<std::string, std::allocator<std::string> >, std::vector<int, std::allocator<int> >) (main.cpp:202)
==63582==    by 0x40AAE6: std::_Function_handler<void (std::vector<std::string, std::allocator<std::string> >, std::vector<int, std::allocator<int> >), void (*)(std::vector<std::string, std::allocator<std::string> >, std::vector<int, std::allocator<int> >)>::_M_invoke(std::_Any_data const&, std::vector<std::string, std::allocator<std::string> >, std::vector<int, std::allocator<int> >) (functional:2071)
==63582==    by 0x40C9CE: operator() (functional:2471)
==63582==    by 0x40C9CE: thread_pool::worker() (thread_pool.cpp:127)
==63582== 
==63582== 1 bytes in 1 blocks are still reachable in loss record 36 of 677
==63582==    at 0x4C29F73: malloc (vg_replace_malloc.c:309)
==63582==    by 0x5FF2B89: strdup (in /usr/lib64/libc-2.17.so)
==63582==    by 0x767F84A: ??? (in /usr/lib64/libodbcinst.so.2.0.0)
==63582==    by 0x767FB5A: SQLGetPrivateProfileString (in /usr/lib64/libodbcinst.so.2.0.0)
==63582==    by 0x6FB0425: getDSNinfo (in /usr/lib64/psqlodbcw.so)
==63582==    by 0x6F7E8D7: PGAPI_Connect (in /usr/lib64/psqlodbcw.so)
==63582==    by 0x6FB1D97: SQLConnect (in /usr/lib64/psqlodbcw.so)
==63582==    by 0x4E46B3F: SQLConnect (in /usr/lib64/libodbc.so.2.0.0)
==63582==    by 0x406579: CppODBC::Connect(char const*, char const*, char const*) (cpp_odbc.cpp:100)
==63582==    by 0x408D0F: sqlexec(std::vector<std::string, std::allocator<std::string> >, std::vector<int, std::allocator<int> >) (main.cpp:202)
==63582==    by 0x40AAE6: std::_Function_handler<void (std::vector<std::string, std::allocator<std::string> >, std::vector<int, std::allocator<int> >), void (*)(std::vector<std::string, std::allocator<std::string> >, std::vector<int, std::allocator<int> >)>::_M_invoke(std::_Any_data const&, std::vector<std::string, std::allocator<std::string> >, std::vector<int, std::allocator<int> >) (functional:2071)
==63582==    by 0x40C9CE: operator() (functional:2471)
==63582==    by 0x40C9CE: thread_pool::worker() (thread_pool.cpp:127)
==63582== 
==63582== 1 bytes in 1 blocks are still reachable in loss record 37 of 677
==63582==    at 0x4C29F73: malloc (vg_replace_malloc.c:309)
==63582==    by 0x5FF2B89: strdup (in /usr/lib64/libc-2.17.so)
==63582==    by 0x767F89F: ??? (in /usr/lib64/libodbcinst.so.2.0.0)
==63582==    by 0x767FB5A: SQLGetPrivateProfileString (in /usr/lib64/libodbcinst.so.2.0.0)
==63582==    by 0x6FAFF8D: getDSNinfo (in /usr/lib64/psqlodbcw.so)
==63582==    by 0x6F7E8D7: PGAPI_Connect (in /usr/lib64/psqlodbcw.so)
==63582==    by 0x6FB1D97: SQLConnect (in /usr/lib64/psqlodbcw.so)
==63582==    by 0x4E46B3F: SQLConnect (in /usr/lib64/libodbc.so.2.0.0)
==63582==    by 0x406579: CppODBC::Connect(char const*, char const*, char const*) (cpp_odbc.cpp:100)
==63582==    by 0x408D0F: sqlexec(std::vector<std::string, std::allocator<std::string> >, std::vector<int, std::allocator<int> >) (main.cpp:202)
==63582==    by 0x40AAE6: std::_Function_handler<void (std::vector<std::string, std::allocator<std::string> >, std::vector<int, std::allocator<int> >), void (*)(std::vector<std::string, std::allocator<std::string> >, std::vector<int, std::allocator<int> >)>::_M_invoke(std::_Any_data const&, std::vector<std::string, std::allocator<std::string> >, std::vector<int, std::allocator<int> >) (functional:2071)
==63582==    by 0x40C9CE: operator() (functional:2471)
==63582==    by 0x40C9CE: thread_pool::worker() (thread_pool.cpp:127)
==63582== 
==63582== 1 bytes in 1 blocks are still reachable in loss record 38 of 677
==63582==    at 0x4C29F73: malloc (vg_replace_malloc.c:309)
==63582==    by 0x5FF2B89: strdup (in /usr/lib64/libc-2.17.so)
==63582==    by 0x767F84A: ??? (in /usr/lib64/libodbcinst.so.2.0.0)
==63582==    by 0x767FB5A: SQLGetPrivateProfileString (in /usr/lib64/libodbcinst.so.2.0.0)
==63582==    by 0x6FAFF8D: getDSNinfo (in /usr/lib64/psqlodbcw.so)
==63582==    by 0x6F7E8D7: PGAPI_Connect (in /usr/lib64/psqlodbcw.so)
==63582==    by 0x6FB1D97: SQLConnect (in /usr/lib64/psqlodbcw.so)
==63582==    by 0x4E46B3F: SQLConnect (in /usr/lib64/libodbc.so.2.0.0)
==63582==    by 0x406579: CppODBC::Connect(char const*, char const*, char const*) (cpp_odbc.cpp:100)
==63582==    by 0x408D0F: sqlexec(std::vector<std::string, std::allocator<std::string> >, std::vector<int, std::allocator<int> >) (main.cpp:202)
==63582==    by 0x40AAE6: std::_Function_handler<void (std::vector<std::string, std::allocator<std::string> >, std::vector<int, std::allocator<int> >), void (*)(std::vector<std::string, std::allocator<std::string> >, std::vector<int, std::allocator<int> >)>::_M_invoke(std::_Any_data const&, std::vector<std::string, std::allocator<std::string> >, std::vector<int, std::allocator<int> >) (functional:2071)
==63582==    by 0x40C9CE: operator() (functional:2471)
==63582==    by 0x40C9CE: thread_pool::worker() (thread_pool.cpp:127)
==63582== 
==63582== 1 bytes in 1 blocks are still reachable in loss record 39 of 677
==63582==    at 0x4C29F73: malloc (vg_replace_malloc.c:309)
==63582==    by 0x5FF2B89: strdup (in /usr/lib64/libc-2.17.so)
==63582==    by 0x767F89F: ??? (in /usr/lib64/libodbcinst.so.2.0.0)
==63582==    by 0x767FB5A: SQLGetPrivateProfileString (in /usr/lib64/libodbcinst.so.2.0.0)
==63582==    by 0x6FB047D: getDSNinfo (in /usr/lib64/psqlodbcw.so)
==63582==    by 0x6F7E8D7: PGAPI_Connect (in /usr/lib64/psqlodbcw.so)
==63582==    by 0x6FB1D97: SQLConnect (in /usr/lib64/psqlodbcw.so)
==63582==    by 0x4E46B3F: SQLConnect (in /usr/lib64/libodbc.so.2.0.0)
==63582==    by 0x406579: CppODBC::Connect(char const*, char const*, char const*) (cpp_odbc.cpp:100)
==63582==    by 0x408D0F: sqlexec(std::vector<std::string, std::allocator<std::string> >, std::vector<int, std::allocator<int> >) (main.cpp:202)
==63582==    by 0x40AAE6: std::_Function_handler<void (std::vector<std::string, std::allocator<std::string> >, std::vector<int, std::allocator<int> >), void (*)(std::vector<std::string, std::allocator<std::string> >, std::vector<int, std::allocator<int> >)>::_M_invoke(std::_Any_data const&, std::vector<std::string, std::allocator<std::string> >, std::vector<int, std::allocator<int> >) (functional:2071)
==63582==    by 0x40C9CE: operator() (functional:2471)
==63582==    by 0x40C9CE: thread_pool::worker() (thread_pool.cpp:127)
==63582== 
==63582== 1 bytes in 1 blocks are still reachable in loss record 40 of 677
==63582==    at 0x4C29F73: malloc (vg_replace_malloc.c:309)
==63582==    by 0x5FF2B89: strdup (in /usr/lib64/libc-2.17.so)
==63582==    by 0x767F84A: ??? (in /usr/lib64/libodbcinst.so.2.0.0)
==63582==    by 0x767FB5A: SQLGetPrivateProfileString (in /usr/lib64/libodbcinst.so.2.0.0)
==63582==    by 0x6FB047D: getDSNinfo (in /usr/lib64/psqlodbcw.so)
==63582==    by 0x6F7E8D7: PGAPI_Connect (in /usr/lib64/psqlodbcw.so)
==63582==    by 0x6FB1D97: SQLConnect (in /usr/lib64/psqlodbcw.so)
==63582==    by 0x4E46B3F: SQLConnect (in /usr/lib64/libodbc.so.2.0.0)
==63582==    by 0x406579: CppODBC::Connect(char const*, char const*, char const*) (cpp_odbc.cpp:100)
==63582==    by 0x408D0F: sqlexec(std::vector<std::string, std::allocator<std::string> >, std::vector<int, std::allocator<int> >) (main.cpp:202)
==63582==    by 0x40AAE6: std::_Function_handler<void (std::vector<std::string, std::allocator<std::string> >, std::vector<int, std::allocator<int> >), void (*)(std::vector<std::string, std::allocator<std::string> >, std::vector<int, std::allocator<int> >)>::_M_invoke(std::_Any_data const&, std::vector<std::string, std::allocator<std::string> >, std::vector<int, std::allocator<int> >) (functional:2071)
==63582==    by 0x40C9CE: operator() (functional:2471)
==63582==    by 0x40C9CE: thread_pool::worker() (thread_pool.cpp:127)
==63582== 
==63582== 1 bytes in 1 blocks are still reachable in loss record 41 of 677
==63582==    at 0x4C29F73: malloc (vg_replace_malloc.c:309)
==63582==    by 0x5FF2B89: strdup (in /usr/lib64/libc-2.17.so)
==63582==    by 0x767F89F: ??? (in /usr/lib64/libodbcinst.so.2.0.0)
==63582==    by 0x767FB5A: SQLGetPrivateProfileString (in /usr/lib64/libodbcinst.so.2.0.0)
==63582==    by 0x6FAFBE6: getDSNinfo (in /usr/lib64/psqlodbcw.so)
==63582==    by 0x6F7E8D7: PGAPI_Connect (in /usr/lib64/psqlodbcw.so)
==63582==    by 0x6FB1D97: SQLConnect (in /usr/lib64/psqlodbcw.so)
==63582==    by 0x4E46B3F: SQLConnect (in /usr/lib64/libodbc.so.2.0.0)
==63582==    by 0x406579: CppODBC::Connect(char const*, char const*, char const*) (cpp_odbc.cpp:100)
==63582==    by 0x408D0F: sqlexec(std::vector<std::string, std::allocator<std::string> >, std::vector<int, std::allocator<int> >) (main.cpp:202)
==63582==    by 0x40AAE6: std::_Function_handler<void (std::vector<std::string, std::allocator<std::string> >, std::vector<int, std::allocator<int> >), void (*)(std::vector<std::string, std::allocator<std::string> >, std::vector<int, std::allocator<int> >)>::_M_invoke(std::_Any_data const&, std::vector<std::string, std::allocator<std::string> >, std::vector<int, std::allocator<int> >) (functional:2071)
==63582==    by 0x40C9CE: operator() (functional:2471)
==63582==    by 0x40C9CE: thread_pool::worker() (thread_pool.cpp:127)
==63582== 
==63582== 1 bytes in 1 blocks are still reachable in loss record 42 of 677
==63582==    at 0x4C29F73: malloc (vg_replace_malloc.c:309)
==63582==    by 0x5FF2B89: strdup (in /usr/lib64/libc-2.17.so)
==63582==    by 0x767F84A: ??? (in /usr/lib64/libodbcinst.so.2.0.0)
==63582==    by 0x767FB5A: SQLGetPrivateProfileString (in /usr/lib64/libodbcinst.so.2.0.0)
==63582==    by 0x6FAFBE6: getDSNinfo (in /usr/lib64/psqlodbcw.so)
==63582==    by 0x6F7E8D7: PGAPI_Connect (in /usr/lib64/psqlodbcw.so)
==63582==    by 0x6FB1D97: SQLConnect (in /usr/lib64/psqlodbcw.so)
==63582==    by 0x4E46B3F: SQLConnect (in /usr/lib64/libodbc.so.2.0.0)
==63582==    by 0x406579: CppODBC::Connect(char const*, char const*, char const*) (cpp_odbc.cpp:100)
==63582==    by 0x408D0F: sqlexec(std::vector<std::string, std::allocator<std::string> >, std::vector<int, std::allocator<int> >) (main.cpp:202)
==63582==    by 0x40AAE6: std::_Function_handler<void (std::vector<std::string, std::allocator<std::string> >, std::vector<int, std::allocator<int> >), void (*)(std::vector<std::string, std::allocator<std::string> >, std::vector<int, std::allocator<int> >)>::_M_invoke(std::_Any_data const&, std::vector<std::string, std::allocator<std::string> >, std::vector<int, std::allocator<int> >) (functional:2071)
==63582==    by 0x40C9CE: operator() (functional:2471)
==63582==    by 0x40C9CE: thread_pool::worker() (thread_pool.cpp:127)
==63582== 
==63582== 1 bytes in 1 blocks are still reachable in loss record 43 of 677
==63582==    at 0x4C29F73: malloc (vg_replace_malloc.c:309)
==63582==    by 0x5FF2B89: strdup (in /usr/lib64/libc-2.17.so)
==63582==    by 0x767F84A: ??? (in /usr/lib64/libodbcinst.so.2.0.0)
==63582==    by 0x767FB5A: SQLGetPrivateProfileString (in /usr/lib64/libodbcinst.so.2.0.0)
==63582==    by 0x6FB01B9: getDSNinfo (in /usr/lib64/psqlodbcw.so)
==63582==    by 0x6F7E8D7: PGAPI_Connect (in /usr/lib64/psqlodbcw.so)
==63582==    by 0x6FB1D97: SQLConnect (in /usr/lib64/psqlodbcw.so)
==63582==    by 0x4E46B3F: SQLConnect (in /usr/lib64/libodbc.so.2.0.0)
==63582==    by 0x406579: CppODBC::Connect(char const*, char const*, char const*) (cpp_odbc.cpp:100)
==63582==    by 0x408D0F: sqlexec(std::vector<std::string, std::allocator<std::string> >, std::vector<int, std::allocator<int> >) (main.cpp:202)
==63582==    by 0x40AAE6: std::_Function_handler<void (std::vector<std::string, std::allocator<std::string> >, std::vector<int, std::allocator<int> >), void (*)(std::vector<std::string, std::allocator<std::string> >, std::vector<int, std::allocator<int> >)>::_M_invoke(std::_Any_data const&, std::vector<std::string, std::allocator<std::string> >, std::vector<int, std::allocator<int> >) (functional:2071)
==63582==    by 0x40C9CE: operator() (functional:2471)
==63582==    by 0x40C9CE: thread_pool::worker() (thread_pool.cpp:127)
==63582== 
==63582== 1 bytes in 1 blocks are still reachable in loss record 44 of 677
==63582==    at 0x4C29F73: malloc (vg_replace_malloc.c:309)
==63582==    by 0x5FF2B89: strdup (in /usr/lib64/libc-2.17.so)
==63582==    by 0x767F84A: ??? (in /usr/lib64/libodbcinst.so.2.0.0)
==63582==    by 0x767FB5A: SQLGetPrivateProfileString (in /usr/lib64/libodbcinst.so.2.0.0)
==63582==    by 0x6FAF9A1: getDSNinfo (in /usr/lib64/psqlodbcw.so)
==63582==    by 0x6F7E8D7: PGAPI_Connect (in /usr/lib64/psqlodbcw.so)
==63582==    by 0x6FB1D97: SQLConnect (in /usr/lib64/psqlodbcw.so)
==63582==    by 0x4E46B3F: SQLConnect (in /usr/lib64/libodbc.so.2.0.0)
==63582==    by 0x406579: CppODBC::Connect(char const*, char const*, char const*) (cpp_odbc.cpp:100)
==63582==    by 0x408D0F: sqlexec(std::vector<std::string, std::allocator<std::string> >, std::vector<int, std::allocator<int> >) (main.cpp:202)
==63582==    by 0x40AAE6: std::_Function_handler<void (std::vector<std::string, std::allocator<std::string> >, std::vector<int, std::allocator<int> >), void (*)(std::vector<std::string, std::allocator<std::string> >, std::vector<int, std::allocator<int> >)>::_M_invoke(std::_Any_data const&, std::vector<std::string, std::allocator<std::string> >, std::vector<int, std::allocator<int> >) (functional:2071)
==63582==    by 0x40C9CE: operator() (functional:2471)
==63582==    by 0x40C9CE: thread_pool::worker() (thread_pool.cpp:127)
==63582== 
==63582== 1 bytes in 1 blocks are still reachable in loss record 45 of 677
==63582==    at 0x4C29F73: malloc (vg_replace_malloc.c:309)
==63582==    by 0x5FF2B89: strdup (in /usr/lib64/libc-2.17.so)
==63582==    by 0x767F84A: ??? (in /usr/lib64/libodbcinst.so.2.0.0)
==63582==    by 0x767FB5A: SQLGetPrivateProfileString (in /usr/lib64/libodbcinst.so.2.0.0)
==63582==    by 0x6FAFC84: getDSNinfo (in /usr/lib64/psqlodbcw.so)
==63582==    by 0x6F7E8D7: PGAPI_Connect (in /usr/lib64/psqlodbcw.so)
==63582==    by 0x6FB1D97: SQLConnect (in /usr/lib64/psqlodbcw.so)
==63582==    by 0x4E46B3F: SQLConnect (in /usr/lib64/libodbc.so.2.0.0)
==63582==    by 0x406579: CppODBC::Connect(char const*, char const*, char const*) (cpp_odbc.cpp:100)
==63582==    by 0x408D0F: sqlexec(std::vector<std::string, std::allocator<std::string> >, std::vector<int, std::allocator<int> >) (main.cpp:202)
==63582==    by 0x40AAE6: std::_Function_handler<void (std::vector<std::string, std::allocator<std::string> >, std::vector<int, std::allocator<int> >), void (*)(std::vector<std::string, std::allocator<std::string> >, std::vector<int, std::allocator<int> >)>::_M_invoke(std::_Any_data const&, std::vector<std::string, std::allocator<std::string> >, std::vector<int, std::allocator<int> >) (functional:2071)
==63582==    by 0x40C9CE: operator() (functional:2471)
==63582==    by 0x40C9CE: thread_pool::worker() (thread_pool.cpp:127)
==63582== 
==63582== 1 bytes in 1 blocks are still reachable in loss record 46 of 677
==63582==    at 0x4C29F73: malloc (vg_replace_malloc.c:309)
==63582==    by 0x5FF2B89: strdup (in /usr/lib64/libc-2.17.so)
==63582==    by 0x767F84A: ??? (in /usr/lib64/libodbcinst.so.2.0.0)
==63582==    by 0x767FB5A: SQLGetPrivateProfileString (in /usr/lib64/libodbcinst.so.2.0.0)
==63582==    by 0x6FB0231: getDSNinfo (in /usr/lib64/psqlodbcw.so)
==63582==    by 0x6F7E8D7: PGAPI_Connect (in /usr/lib64/psqlodbcw.so)
==63582==    by 0x6FB1D97: SQLConnect (in /usr/lib64/psqlodbcw.so)
==63582==    by 0x4E46B3F: SQLConnect (in /usr/lib64/libodbc.so.2.0.0)
==63582==    by 0x406579: CppODBC::Connect(char const*, char const*, char const*) (cpp_odbc.cpp:100)
==63582==    by 0x408D0F: sqlexec(std::vector<std::string, std::allocator<std::string> >, std::vector<int, std::allocator<int> >) (main.cpp:202)
==63582==    by 0x40AAE6: std::_Function_handler<void (std::vector<std::string, std::allocator<std::string> >, std::vector<int, std::allocator<int> >), void (*)(std::vector<std::string, std::allocator<std::string> >, std::vector<int, std::allocator<int> >)>::_M_invoke(std::_Any_data const&, std::vector<std::string, std::allocator<std::string> >, std::vector<int, std::allocator<int> >) (functional:2071)
==63582==    by 0x40C9CE: operator() (functional:2471)
==63582==    by 0x40C9CE: thread_pool::worker() (thread_pool.cpp:127)
==63582== 
==63582== 1 bytes in 1 blocks are still reachable in loss record 47 of 677
==63582==    at 0x4C29F73: malloc (vg_replace_malloc.c:309)
==63582==    by 0x5FF2B89: strdup (in /usr/lib64/libc-2.17.so)
==63582==    by 0x767F84A: ??? (in /usr/lib64/libodbcinst.so.2.0.0)
==63582==    by 0x767FB5A: SQLGetPrivateProfileString (in /usr/lib64/libodbcinst.so.2.0.0)
==63582==    by 0x6FAFA1A: getDSNinfo (in /usr/lib64/psqlodbcw.so)
==63582==    by 0x6F7E8D7: PGAPI_Connect (in /usr/lib64/psqlodbcw.so)
==63582==    by 0x6FB1D97: SQLConnect (in /usr/lib64/psqlodbcw.so)
==63582==    by 0x4E46B3F: SQLConnect (in /usr/lib64/libodbc.so.2.0.0)
==63582==    by 0x406579: CppODBC::Connect(char const*, char const*, char const*) (cpp_odbc.cpp:100)
==63582==    by 0x408D0F: sqlexec(std::vector<std::string, std::allocator<std::string> >, std::vector<int, std::allocator<int> >) (main.cpp:202)
==63582==    by 0x40AAE6: std::_Function_handler<void (std::vector<std::string, std::allocator<std::string> >, std::vector<int, std::allocator<int> >), void (*)(std::vector<std::string, std::allocator<std::string> >, std::vector<int, std::allocator<int> >)>::_M_invoke(std::_Any_data const&, std::vector<std::string, std::allocator<std::string> >, std::vector<int, std::allocator<int> >) (functional:2071)
==63582==    by 0x40C9CE: operator() (functional:2471)
==63582==    by 0x40C9CE: thread_pool::worker() (thread_pool.cpp:127)
==63582== 
==63582== 1 bytes in 1 blocks are still reachable in loss record 48 of 677
==63582==    at 0x4C29F73: malloc (vg_replace_malloc.c:309)
==63582==    by 0x5FF2B89: strdup (in /usr/lib64/libc-2.17.so)
==63582==    by 0x767F84A: ??? (in /usr/lib64/libodbcinst.so.2.0.0)
==63582==    by 0x767FB5A: SQLGetPrivateProfileString (in /usr/lib64/libodbcinst.so.2.0.0)
==63582==    by 0x6FAFCF9: getDSNinfo (in /usr/lib64/psqlodbcw.so)
==63582==    by 0x6F7E8D7: PGAPI_Connect (in /usr/lib64/psqlodbcw.so)
==63582==    by 0x6FB1D97: SQLConnect (in /usr/lib64/psqlodbcw.so)
==63582==    by 0x4E46B3F: SQLConnect (in /usr/lib64/libodbc.so.2.0.0)
==63582==    by 0x406579: CppODBC::Connect(char const*, char const*, char const*) (cpp_odbc.cpp:100)
==63582==    by 0x408D0F: sqlexec(std::vector<std::string, std::allocator<std::string> >, std::vector<int, std::allocator<int> >) (main.cpp:202)
==63582==    by 0x40AAE6: std::_Function_handler<void (std::vector<std::string, std::allocator<std::string> >, std::vector<int, std::allocator<int> >), void (*)(std::vector<std::string, std::allocator<std::string> >, std::vector<int, std::allocator<int> >)>::_M_invoke(std::_Any_data const&, std::vector<std::string, std::allocator<std::string> >, std::vector<int, std::allocator<int> >) (functional:2071)
==63582==    by 0x40C9CE: operator() (functional:2471)
==63582==    by 0x40C9CE: thread_pool::worker() (thread_pool.cpp:127)
==63582== 
==63582== 1 bytes in 1 blocks are still reachable in loss record 49 of 677
==63582==    at 0x4C29F73: malloc (vg_replace_malloc.c:309)
==63582==    by 0x5FF2B89: strdup (in /usr/lib64/libc-2.17.so)
==63582==    by 0x767F84A: ??? (in /usr/lib64/libodbcinst.so.2.0.0)
==63582==    by 0x767FB5A: SQLGetPrivateProfileString (in /usr/lib64/libodbcinst.so.2.0.0)
==63582==    by 0x6FB02A1: getDSNinfo (in /usr/lib64/psqlodbcw.so)
==63582==    by 0x6F7E8D7: PGAPI_Connect (in /usr/lib64/psqlodbcw.so)
==63582==    by 0x6FB1D97: SQLConnect (in /usr/lib64/psqlodbcw.so)
==63582==    by 0x4E46B3F: SQLConnect (in /usr/lib64/libodbc.so.2.0.0)
==63582==    by 0x406579: CppODBC::Connect(char const*, char const*, char const*) (cpp_odbc.cpp:100)
==63582==    by 0x408D0F: sqlexec(std::vector<std::string, std::allocator<std::string> >, std::vector<int, std::allocator<int> >) (main.cpp:202)
==63582==    by 0x40AAE6: std::_Function_handler<void (std::vector<std::string, std::allocator<std::string> >, std::vector<int, std::allocator<int> >), void (*)(std::vector<std::string, std::allocator<std::string> >, std::vector<int, std::allocator<int> >)>::_M_invoke(std::_Any_data const&, std::vector<std::string, std::allocator<std::string> >, std::vector<int, std::allocator<int> >) (functional:2071)
==63582==    by 0x40C9CE: operator() (functional:2471)
==63582==    by 0x40C9CE: thread_pool::worker() (thread_pool.cpp:127)
==63582== 
==63582== 1 bytes in 1 blocks are still reachable in loss record 50 of 677
==63582==    at 0x4C29F73: malloc (vg_replace_malloc.c:309)
==63582==    by 0x5FF2B89: strdup (in /usr/lib64/libc-2.17.so)
==63582==    by 0x767F89F: ??? (in /usr/lib64/libodbcinst.so.2.0.0)
==63582==    by 0x767FB5A: SQLGetPrivateProfileString (in /usr/lib64/libodbcinst.so.2.0.0)
==63582==    by 0x6FAFAA9: getDSNinfo (in /usr/lib64/psqlodbcw.so)
==63582==    by 0x6F7E8D7: PGAPI_Connect (in /usr/lib64/psqlodbcw.so)
==63582==    by 0x6FB1D97: SQLConnect (in /usr/lib64/psqlodbcw.so)
==63582==    by 0x4E46B3F: SQLConnect (in /usr/lib64/libodbc.so.2.0.0)
==63582==    by 0x406579: CppODBC::Connect(char const*, char const*, char const*) (cpp_odbc.cpp:100)
==63582==    by 0x408D0F: sqlexec(std::vector<std::string, std::allocator<std::string> >, std::vector<int, std::allocator<int> >) (main.cpp:202)
==63582==    by 0x40AAE6: std::_Function_handler<void (std::vector<std::string, std::allocator<std::string> >, std::vector<int, std::allocator<int> >), void (*)(std::vector<std::string, std::allocator<std::string> >, std::vector<int, std::allocator<int> >)>::_M_invoke(std::_Any_data const&, std::vector<std::string, std::allocator<std::string> >, std::vector<int, std::allocator<int> >) (functional:2071)
==63582==    by 0x40C9CE: operator() (functional:2471)
==63582==    by 0x40C9CE: thread_pool::worker() (thread_pool.cpp:127)
==63582== 
==63582== 1 bytes in 1 blocks are still reachable in loss record 51 of 677
==63582==    at 0x4C29F73: malloc (vg_replace_malloc.c:309)
==63582==    by 0x5FF2B89: strdup (in /usr/lib64/libc-2.17.so)
==63582==    by 0x767F84A: ??? (in /usr/lib64/libodbcinst.so.2.0.0)
==63582==    by 0x767FB5A: SQLGetPrivateProfileString (in /usr/lib64/libodbcinst.so.2.0.0)
==63582==    by 0x6FAFAA9: getDSNinfo (in /usr/lib64/psqlodbcw.so)
==63582==    by 0x6F7E8D7: PGAPI_Connect (in /usr/lib64/psqlodbcw.so)
==63582==    by 0x6FB1D97: SQLConnect (in /usr/lib64/psqlodbcw.so)
==63582==    by 0x4E46B3F: SQLConnect (in /usr/lib64/libodbc.so.2.0.0)
==63582==    by 0x406579: CppODBC::Connect(char const*, char const*, char const*) (cpp_odbc.cpp:100)
==63582==    by 0x408D0F: sqlexec(std::vector<std::string, std::allocator<std::string> >, std::vector<int, std::allocator<int> >) (main.cpp:202)
==63582==    by 0x40AAE6: std::_Function_handler<void (std::vector<std::string, std::allocator<std::string> >, std::vector<int, std::allocator<int> >), void (*)(std::vector<std::string, std::allocator<std::string> >, std::vector<int, std::allocator<int> >)>::_M_invoke(std::_Any_data const&, std::vector<std::string, std::allocator<std::string> >, std::vector<int, std::allocator<int> >) (functional:2071)
==63582==    by 0x40C9CE: operator() (functional:2471)
==63582==    by 0x40C9CE: thread_pool::worker() (thread_pool.cpp:127)
==63582== 
==63582== 1 bytes in 1 blocks are still reachable in loss record 52 of 677
==63582==    at 0x4C29F73: malloc (vg_replace_malloc.c:309)
==63582==    by 0x5FF2B89: strdup (in /usr/lib64/libc-2.17.so)
==63582==    by 0x767F89F: ??? (in /usr/lib64/libodbcinst.so.2.0.0)
==63582==    by 0x767FB5A: SQLGetPrivateProfileString (in /usr/lib64/libodbcinst.so.2.0.0)
==63582==    by 0x6FB04D5: getDSNinfo (in /usr/lib64/psqlodbcw.so)
==63582==    by 0x6F7E8D7: PGAPI_Connect (in /usr/lib64/psqlodbcw.so)
==63582==    by 0x6FB1D97: SQLConnect (in /usr/lib64/psqlodbcw.so)
==63582==    by 0x4E46B3F: SQLConnect (in /usr/lib64/libodbc.so.2.0.0)
==63582==    by 0x406579: CppODBC::Connect(char const*, char const*, char const*) (cpp_odbc.cpp:100)
==63582==    by 0x408D0F: sqlexec(std::vector<std::string, std::allocator<std::string> >, std::vector<int, std::allocator<int> >) (main.cpp:202)
==63582==    by 0x40AAE6: std::_Function_handler<void (std::vector<std::string, std::allocator<std::string> >, std::vector<int, std::allocator<int> >), void (*)(std::vector<std::string, std::allocator<std::string> >, std::vector<int, std::allocator<int> >)>::_M_invoke(std::_Any_data const&, std::vector<std::string, std::allocator<std::string> >, std::vector<int, std::allocator<int> >) (functional:2071)
==63582==    by 0x40C9CE: operator() (functional:2471)
==63582==    by 0x40C9CE: thread_pool::worker() (thread_pool.cpp:127)
==63582== 
==63582== 1 bytes in 1 blocks are still reachable in loss record 53 of 677
==63582==    at 0x4C29F73: malloc (vg_replace_malloc.c:309)
==63582==    by 0x5FF2B89: strdup (in /usr/lib64/libc-2.17.so)
==63582==    by 0x767F84A: ??? (in /usr/lib64/libodbcinst.so.2.0.0)
==63582==    by 0x767FB5A: SQLGetPrivateProfileString (in /usr/lib64/libodbcinst.so.2.0.0)
==63582==    by 0x6FB04D5: getDSNinfo (in /usr/lib64/psqlodbcw.so)
==63582==    by 0x6F7E8D7: PGAPI_Connect (in /usr/lib64/psqlodbcw.so)
==63582==    by 0x6FB1D97: SQLConnect (in /usr/lib64/psqlodbcw.so)
==63582==    by 0x4E46B3F: SQLConnect (in /usr/lib64/libodbc.so.2.0.0)
==63582==    by 0x406579: CppODBC::Connect(char const*, char const*, char const*) (cpp_odbc.cpp:100)
==63582==    by 0x408D0F: sqlexec(std::vector<std::string, std::allocator<std::string> >, std::vector<int, std::allocator<int> >) (main.cpp:202)
==63582==    by 0x40AAE6: std::_Function_handler<void (std::vector<std::string, std::allocator<std::string> >, std::vector<int, std::allocator<int> >), void (*)(std::vector<std::string, std::allocator<std::string> >, std::vector<int, std::allocator<int> >)>::_M_invoke(std::_Any_data const&, std::vector<std::string, std::allocator<std::string> >, std::vector<int, std::allocator<int> >) (functional:2071)
==63582==    by 0x40C9CE: operator() (functional:2471)
==63582==    by 0x40C9CE: thread_pool::worker() (thread_pool.cpp:127)
==63582== 
==63582== 1 bytes in 1 blocks are still reachable in loss record 54 of 677
==63582==    at 0x4C29F73: malloc (vg_replace_malloc.c:309)
==63582==    by 0x5FF2B89: strdup (in /usr/lib64/libc-2.17.so)
==63582==    by 0x767F89F: ??? (in /usr/lib64/libodbcinst.so.2.0.0)
==63582==    by 0x767FB5A: SQLGetPrivateProfileString (in /usr/lib64/libodbcinst.so.2.0.0)
==63582==    by 0x6FB003D: getDSNinfo (in /usr/lib64/psqlodbcw.so)
==63582==    by 0x6F7E8D7: PGAPI_Connect (in /usr/lib64/psqlodbcw.so)
==63582==    by 0x6FB1D97: SQLConnect (in /usr/lib64/psqlodbcw.so)
==63582==    by 0x4E46B3F: SQLConnect (in /usr/lib64/libodbc.so.2.0.0)
==63582==    by 0x406579: CppODBC::Connect(char const*, char const*, char const*) (cpp_odbc.cpp:100)
==63582==    by 0x408D0F: sqlexec(std::vector<std::string, std::allocator<std::string> >, std::vector<int, std::allocator<int> >) (main.cpp:202)
==63582==    by 0x40AAE6: std::_Function_handler<void (std::vector<std::string, std::allocator<std::string> >, std::vector<int, std::allocator<int> >), void (*)(std::vector<std::string, std::allocator<std::string> >, std::vector<int, std::allocator<int> >)>::_M_invoke(std::_Any_data const&, std::vector<std::string, std::allocator<std::string> >, std::vector<int, std::allocator<int> >) (functional:2071)
==63582==    by 0x40C9CE: operator() (functional:2471)
==63582==    by 0x40C9CE: thread_pool::worker() (thread_pool.cpp:127)
==63582== 
==63582== 1 bytes in 1 blocks are still reachable in loss record 55 of 677
==63582==    at 0x4C29F73: malloc (vg_replace_malloc.c:309)
==63582==    by 0x5FF2B89: strdup (in /usr/lib64/libc-2.17.so)
==63582==    by 0x767F84A: ??? (in /usr/lib64/libodbcinst.so.2.0.0)
==63582==    by 0x767FB5A: SQLGetPrivateProfileString (in /usr/lib64/libodbcinst.so.2.0.0)
==63582==    by 0x6FB003D: getDSNinfo (in /usr/lib64/psqlodbcw.so)
==63582==    by 0x6F7E8D7: PGAPI_Connect (in /usr/lib64/psqlodbcw.so)
==63582==    by 0x6FB1D97: SQLConnect (in /usr/lib64/psqlodbcw.so)
==63582==    by 0x4E46B3F: SQLConnect (in /usr/lib64/libodbc.so.2.0.0)
==63582==    by 0x406579: CppODBC::Connect(char const*, char const*, char const*) (cpp_odbc.cpp:100)
==63582==    by 0x408D0F: sqlexec(std::vector<std::string, std::allocator<std::string> >, std::vector<int, std::allocator<int> >) (main.cpp:202)
==63582==    by 0x40AAE6: std::_Function_handler<void (std::vector<std::string, std::allocator<std::string> >, std::vector<int, std::allocator<int> >), void (*)(std::vector<std::string, std::allocator<std::string> >, std::vector<int, std::allocator<int> >)>::_M_invoke(std::_Any_data const&, std::vector<std::string, std::allocator<std::string> >, std::vector<int, std::allocator<int> >) (functional:2071)
==63582==    by 0x40C9CE: operator() (functional:2471)
==63582==    by 0x40C9CE: thread_pool::worker() (thread_pool.cpp:127)
==63582== 
==63582== 1 bytes in 1 blocks are still reachable in loss record 56 of 677
==63582==    at 0x4C29F73: malloc (vg_replace_malloc.c:309)
==63582==    by 0x5FF2B89: strdup (in /usr/lib64/libc-2.17.so)
==63582==    by 0x767F89F: ??? (in /usr/lib64/libodbcinst.so.2.0.0)
==63582==    by 0x767FB5A: SQLGetPrivateProfileString (in /usr/lib64/libodbcinst.so.2.0.0)
==63582==    by 0x6FB0080: getDSNinfo (in /usr/lib64/psqlodbcw.so)
==63582==    by 0x6F7E8D7: PGAPI_Connect (in /usr/lib64/psqlodbcw.so)
==63582==    by 0x6FB1D97: SQLConnect (in /usr/lib64/psqlodbcw.so)
==63582==    by 0x4E46B3F: SQLConnect (in /usr/lib64/libodbc.so.2.0.0)
==63582==    by 0x406579: CppODBC::Connect(char const*, char const*, char const*) (cpp_odbc.cpp:100)
==63582==    by 0x408D0F: sqlexec(std::vector<std::string, std::allocator<std::string> >, std::vector<int, std::allocator<int> >) (main.cpp:202)
==63582==    by 0x40AAE6: std::_Function_handler<void (std::vector<std::string, std::allocator<std::string> >, std::vector<int, std::allocator<int> >), void (*)(std::vector<std::string, std::allocator<std::string> >, std::vector<int, std::allocator<int> >)>::_M_invoke(std::_Any_data const&, std::vector<std::string, std::allocator<std::string> >, std::vector<int, std::allocator<int> >) (functional:2071)
==63582==    by 0x40C9CE: operator() (functional:2471)
==63582==    by 0x40C9CE: thread_pool::worker() (thread_pool.cpp:127)
==63582== 
==63582== 1 bytes in 1 blocks are still reachable in loss record 57 of 677
==63582==    at 0x4C29F73: malloc (vg_replace_malloc.c:309)
==63582==    by 0x5FF2B89: strdup (in /usr/lib64/libc-2.17.so)
==63582==    by 0x767F84A: ??? (in /usr/lib64/libodbcinst.so.2.0.0)
==63582==    by 0x767FB5A: SQLGetPrivateProfileString (in /usr/lib64/libodbcinst.so.2.0.0)
==63582==    by 0x6FB0080: getDSNinfo (in /usr/lib64/psqlodbcw.so)
==63582==    by 0x6F7E8D7: PGAPI_Connect (in /usr/lib64/psqlodbcw.so)
==63582==    by 0x6FB1D97: SQLConnect (in /usr/lib64/psqlodbcw.so)
==63582==    by 0x4E46B3F: SQLConnect (in /usr/lib64/libodbc.so.2.0.0)
==63582==    by 0x406579: CppODBC::Connect(char const*, char const*, char const*) (cpp_odbc.cpp:100)
==63582==    by 0x408D0F: sqlexec(std::vector<std::string, std::allocator<std::string> >, std::vector<int, std::allocator<int> >) (main.cpp:202)
==63582==    by 0x40AAE6: std::_Function_handler<void (std::vector<std::string, std::allocator<std::string> >, std::vector<int, std::allocator<int> >), void (*)(std::vector<std::string, std::allocator<std::string> >, std::vector<int, std::allocator<int> >)>::_M_invoke(std::_Any_data const&, std::vector<std::string, std::allocator<std::string> >, std::vector<int, std::allocator<int> >) (functional:2071)
==63582==    by 0x40C9CE: operator() (functional:2471)
==63582==    by 0x40C9CE: thread_pool::worker() (thread_pool.cpp:127)
==63582== 
==63582== 1 bytes in 1 blocks are still reachable in loss record 58 of 677
==63582==    at 0x4C29F73: malloc (vg_replace_malloc.c:309)
==63582==    by 0x5FF2B89: strdup (in /usr/lib64/libc-2.17.so)
==63582==    by 0x767F89F: ??? (in /usr/lib64/libodbcinst.so.2.0.0)
==63582==    by 0x767FB5A: SQLGetPrivateProfileString (in /usr/lib64/libodbcinst.so.2.0.0)
==63582==    by 0x6FB00A6: getDSNinfo (in /usr/lib64/psqlodbcw.so)
==63582==    by 0x6F7E8D7: PGAPI_Connect (in /usr/lib64/psqlodbcw.so)
==63582==    by 0x6FB1D97: SQLConnect (in /usr/lib64/psqlodbcw.so)
==63582==    by 0x4E46B3F: SQLConnect (in /usr/lib64/libodbc.so.2.0.0)
==63582==    by 0x406579: CppODBC::Connect(char const*, char const*, char const*) (cpp_odbc.cpp:100)
==63582==    by 0x408D0F: sqlexec(std::vector<std::string, std::allocator<std::string> >, std::vector<int, std::allocator<int> >) (main.cpp:202)
==63582==    by 0x40AAE6: std::_Function_handler<void (std::vector<std::string, std::allocator<std::string> >, std::vector<int, std::allocator<int> >), void (*)(std::vector<std::string, std::allocator<std::string> >, std::vector<int, std::allocator<int> >)>::_M_invoke(std::_Any_data const&, std::vector<std::string, std::allocator<std::string> >, std::vector<int, std::allocator<int> >) (functional:2071)
==63582==    by 0x40C9CE: operator() (functional:2471)
==63582==    by 0x40C9CE: thread_pool::worker() (thread_pool.cpp:127)
==63582== 
==63582== 1 bytes in 1 blocks are still reachable in loss record 59 of 677
==63582==    at 0x4C29F73: malloc (vg_replace_malloc.c:309)
==63582==    by 0x5FF2B89: strdup (in /usr/lib64/libc-2.17.so)
==63582==    by 0x767F84A: ??? (in /usr/lib64/libodbcinst.so.2.0.0)
==63582==    by 0x767FB5A: SQLGetPrivateProfileString (in /usr/lib64/libodbcinst.so.2.0.0)
==63582==    by 0x6FB00A6: getDSNinfo (in /usr/lib64/psqlodbcw.so)
==63582==    by 0x6F7E8D7: PGAPI_Connect (in /usr/lib64/psqlodbcw.so)
==63582==    by 0x6FB1D97: SQLConnect (in /usr/lib64/psqlodbcw.so)
==63582==    by 0x4E46B3F: SQLConnect (in /usr/lib64/libodbc.so.2.0.0)
==63582==    by 0x406579: CppODBC::Connect(char const*, char const*, char const*) (cpp_odbc.cpp:100)
==63582==    by 0x408D0F: sqlexec(std::vector<std::string, std::allocator<std::string> >, std::vector<int, std::allocator<int> >) (main.cpp:202)
==63582==    by 0x40AAE6: std::_Function_handler<void (std::vector<std::string, std::allocator<std::string> >, std::vector<int, std::allocator<int> >), void (*)(std::vector<std::string, std::allocator<std::string> >, std::vector<int, std::allocator<int> >)>::_M_invoke(std::_Any_data const&, std::vector<std::string, std::allocator<std::string> >, std::vector<int, std::allocator<int> >) (functional:2071)
==63582==    by 0x40C9CE: operator() (functional:2471)
==63582==    by 0x40C9CE: thread_pool::worker() (thread_pool.cpp:127)
==63582== 
==63582== 1 bytes in 1 blocks are still reachable in loss record 60 of 677
==63582==    at 0x4C29F73: malloc (vg_replace_malloc.c:309)
==63582==    by 0x5FF2B89: strdup (in /usr/lib64/libc-2.17.so)
==63582==    by 0x767F89F: ??? (in /usr/lib64/libodbcinst.so.2.0.0)
==63582==    by 0x767FB5A: SQLGetPrivateProfileString (in /usr/lib64/libodbcinst.so.2.0.0)
==63582==    by 0x6FAEB98: getCommonDefaults (in /usr/lib64/psqlodbcw.so)
==63582==    by 0x6FB00C3: getDSNinfo (in /usr/lib64/psqlodbcw.so)
==63582==    by 0x6F7E8D7: PGAPI_Connect (in /usr/lib64/psqlodbcw.so)
==63582==    by 0x6FB1D97: SQLConnect (in /usr/lib64/psqlodbcw.so)
==63582==    by 0x4E46B3F: SQLConnect (in /usr/lib64/libodbc.so.2.0.0)
==63582==    by 0x406579: CppODBC::Connect(char const*, char const*, char const*) (cpp_odbc.cpp:100)
==63582==    by 0x408D0F: sqlexec(std::vector<std::string, std::allocator<std::string> >, std::vector<int, std::allocator<int> >) (main.cpp:202)
==63582==    by 0x40AAE6: std::_Function_handler<void (std::vector<std::string, std::allocator<std::string> >, std::vector<int, std::allocator<int> >), void (*)(std::vector<std::string, std::allocator<std::string> >, std::vector<int, std::allocator<int> >)>::_M_invoke(std::_Any_data const&, std::vector<std::string, std::allocator<std::string> >, std::vector<int, std::allocator<int> >) (functional:2071)
==63582== 
==63582== 1 bytes in 1 blocks are still reachable in loss record 61 of 677
==63582==    at 0x4C29F73: malloc (vg_replace_malloc.c:309)
==63582==    by 0x5FF2B89: strdup (in /usr/lib64/libc-2.17.so)
==63582==    by 0x767F84A: ??? (in /usr/lib64/libodbcinst.so.2.0.0)
==63582==    by 0x767FB5A: SQLGetPrivateProfileString (in /usr/lib64/libodbcinst.so.2.0.0)
==63582==    by 0x6FAEB98: getCommonDefaults (in /usr/lib64/psqlodbcw.so)
==63582==    by 0x6FB00C3: getDSNinfo (in /usr/lib64/psqlodbcw.so)
==63582==    by 0x6F7E8D7: PGAPI_Connect (in /usr/lib64/psqlodbcw.so)
==63582==    by 0x6FB1D97: SQLConnect (in /usr/lib64/psqlodbcw.so)
==63582==    by 0x4E46B3F: SQLConnect (in /usr/lib64/libodbc.so.2.0.0)
==63582==    by 0x406579: CppODBC::Connect(char const*, char const*, char const*) (cpp_odbc.cpp:100)
==63582==    by 0x408D0F: sqlexec(std::vector<std::string, std::allocator<std::string> >, std::vector<int, std::allocator<int> >) (main.cpp:202)
==63582==    by 0x40AAE6: std::_Function_handler<void (std::vector<std::string, std::allocator<std::string> >, std::vector<int, std::allocator<int> >), void (*)(std::vector<std::string, std::allocator<std::string> >, std::vector<int, std::allocator<int> >)>::_M_invoke(std::_Any_data const&, std::vector<std::string, std::allocator<std::string> >, std::vector<int, std::allocator<int> >) (functional:2071)
==63582== 
==63582== 1 bytes in 1 blocks are still reachable in loss record 62 of 677
==63582==    at 0x4C29F73: malloc (vg_replace_malloc.c:309)
==63582==    by 0x5FF2B89: strdup (in /usr/lib64/libc-2.17.so)
==63582==    by 0x767F89F: ??? (in /usr/lib64/libodbcinst.so.2.0.0)
==63582==    by 0x767FB5A: SQLGetPrivateProfileString (in /usr/lib64/libodbcinst.so.2.0.0)
==63582==    by 0x6FAEF86: getCommonDefaults (in /usr/lib64/psqlodbcw.so)
==63582==    by 0x6FB00C3: getDSNinfo (in /usr/lib64/psqlodbcw.so)
==63582==    by 0x6F7E8D7: PGAPI_Connect (in /usr/lib64/psqlodbcw.so)
==63582==    by 0x6FB1D97: SQLConnect (in /usr/lib64/psqlodbcw.so)
==63582==    by 0x4E46B3F: SQLConnect (in /usr/lib64/libodbc.so.2.0.0)
==63582==    by 0x406579: CppODBC::Connect(char const*, char const*, char const*) (cpp_odbc.cpp:100)
==63582==    by 0x408D0F: sqlexec(std::vector<std::string, std::allocator<std::string> >, std::vector<int, std::allocator<int> >) (main.cpp:202)
==63582==    by 0x40AAE6: std::_Function_handler<void (std::vector<std::string, std::allocator<std::string> >, std::vector<int, std::allocator<int> >), void (*)(std::vector<std::string, std::allocator<std::string> >, std::vector<int, std::allocator<int> >)>::_M_invoke(std::_Any_data const&, std::vector<std::string, std::allocator<std::string> >, std::vector<int, std::allocator<int> >) (functional:2071)
==63582== 
==63582== 1 bytes in 1 blocks are still reachable in loss record 63 of 677
==63582==    at 0x4C29F73: malloc (vg_replace_malloc.c:309)
==63582==    by 0x5FF2B89: strdup (in /usr/lib64/libc-2.17.so)
==63582==    by 0x767F84A: ??? (in /usr/lib64/libodbcinst.so.2.0.0)
==63582==    by 0x767FB5A: SQLGetPrivateProfileString (in /usr/lib64/libodbcinst.so.2.0.0)
==63582==    by 0x6FAEF86: getCommonDefaults (in /usr/lib64/psqlodbcw.so)
==63582==    by 0x6FB00C3: getDSNinfo (in /usr/lib64/psqlodbcw.so)
==63582==    by 0x6F7E8D7: PGAPI_Connect (in /usr/lib64/psqlodbcw.so)
==63582==    by 0x6FB1D97: SQLConnect (in /usr/lib64/psqlodbcw.so)
==63582==    by 0x4E46B3F: SQLConnect (in /usr/lib64/libodbc.so.2.0.0)
==63582==    by 0x406579: CppODBC::Connect(char const*, char const*, char const*) (cpp_odbc.cpp:100)
==63582==    by 0x408D0F: sqlexec(std::vector<std::string, std::allocator<std::string> >, std::vector<int, std::allocator<int> >) (main.cpp:202)
==63582==    by 0x40AAE6: std::_Function_handler<void (std::vector<std::string, std::allocator<std::string> >, std::vector<int, std::allocator<int> >), void (*)(std::vector<std::string, std::allocator<std::string> >, std::vector<int, std::allocator<int> >)>::_M_invoke(std::_Any_data const&, std::vector<std::string, std::allocator<std::string> >, std::vector<int, std::allocator<int> >) (functional:2071)
==63582== 
==63582== 1 bytes in 1 blocks are still reachable in loss record 64 of 677
==63582==    at 0x4C29F73: malloc (vg_replace_malloc.c:309)
==63582==    by 0x5FF2B89: strdup (in /usr/lib64/libc-2.17.so)
==63582==    by 0x767F89F: ??? (in /usr/lib64/libodbcinst.so.2.0.0)
==63582==    by 0x767FB5A: SQLGetPrivateProfileString (in /usr/lib64/libodbcinst.so.2.0.0)
==63582==    by 0x6FAF0A3: getCommonDefaults (in /usr/lib64/psqlodbcw.so)
==63582==    by 0x6FB00C3: getDSNinfo (in /usr/lib64/psqlodbcw.so)
==63582==    by 0x6F7E8D7: PGAPI_Connect (in /usr/lib64/psqlodbcw.so)
==63582==    by 0x6FB1D97: SQLConnect (in /usr/lib64/psqlodbcw.so)
==63582==    by 0x4E46B3F: SQLConnect (in /usr/lib64/libodbc.so.2.0.0)
==63582==    by 0x406579: CppODBC::Connect(char const*, char const*, char const*) (cpp_odbc.cpp:100)
==63582==    by 0x408D0F: sqlexec(std::vector<std::string, std::allocator<std::string> >, std::vector<int, std::allocator<int> >) (main.cpp:202)
==63582==    by 0x40AAE6: std::_Function_handler<void (std::vector<std::string, std::allocator<std::string> >, std::vector<int, std::allocator<int> >), void (*)(std::vector<std::string, std::allocator<std::string> >, std::vector<int, std::allocator<int> >)>::_M_invoke(std::_Any_data const&, std::vector<std::string, std::allocator<std::string> >, std::vector<int, std::allocator<int> >) (functional:2071)
==63582== 
==63582== 1 bytes in 1 blocks are still reachable in loss record 65 of 677
==63582==    at 0x4C29F73: malloc (vg_replace_malloc.c:309)
==63582==    by 0x5FF2B89: strdup (in /usr/lib64/libc-2.17.so)
==63582==    by 0x767F84A: ??? (in /usr/lib64/libodbcinst.so.2.0.0)
==63582==    by 0x767FB5A: SQLGetPrivateProfileString (in /usr/lib64/libodbcinst.so.2.0.0)
==63582==    by 0x6FAF0A3: getCommonDefaults (in /usr/lib64/psqlodbcw.so)
==63582==    by 0x6FB00C3: getDSNinfo (in /usr/lib64/psqlodbcw.so)
==63582==    by 0x6F7E8D7: PGAPI_Connect (in /usr/lib64/psqlodbcw.so)
==63582==    by 0x6FB1D97: SQLConnect (in /usr/lib64/psqlodbcw.so)
==63582==    by 0x4E46B3F: SQLConnect (in /usr/lib64/libodbc.so.2.0.0)
==63582==    by 0x406579: CppODBC::Connect(char const*, char const*, char const*) (cpp_odbc.cpp:100)
==63582==    by 0x408D0F: sqlexec(std::vector<std::string, std::allocator<std::string> >, std::vector<int, std::allocator<int> >) (main.cpp:202)
==63582==    by 0x40AAE6: std::_Function_handler<void (std::vector<std::string, std::allocator<std::string> >, std::vector<int, std::allocator<int> >), void (*)(std::vector<std::string, std::allocator<std::string> >, std::vector<int, std::allocator<int> >)>::_M_invoke(std::_Any_data const&, std::vector<std::string, std::allocator<std::string> >, std::vector<int, std::allocator<int> >) (functional:2071)
==63582== 
==63582== 1 bytes in 1 blocks are still reachable in loss record 66 of 677
==63582==    at 0x4C29F73: malloc (vg_replace_malloc.c:309)
==63582==    by 0x5FF2B89: strdup (in /usr/lib64/libc-2.17.so)
==63582==    by 0x767F89F: ??? (in /usr/lib64/libodbcinst.so.2.0.0)
==63582==    by 0x767FB5A: SQLGetPrivateProfileString (in /usr/lib64/libodbcinst.so.2.0.0)
==63582==    by 0x6FAF001: getCommonDefaults (in /usr/lib64/psqlodbcw.so)
==63582==    by 0x6FB00C3: getDSNinfo (in /usr/lib64/psqlodbcw.so)
==63582==    by 0x6F7E8D7: PGAPI_Connect (in /usr/lib64/psqlodbcw.so)
==63582==    by 0x6FB1D97: SQLConnect (in /usr/lib64/psqlodbcw.so)
==63582==    by 0x4E46B3F: SQLConnect (in /usr/lib64/libodbc.so.2.0.0)
==63582==    by 0x406579: CppODBC::Connect(char const*, char const*, char const*) (cpp_odbc.cpp:100)
==63582==    by 0x408D0F: sqlexec(std::vector<std::string, std::allocator<std::string> >, std::vector<int, std::allocator<int> >) (main.cpp:202)
==63582==    by 0x40AAE6: std::_Function_handler<void (std::vector<std::string, std::allocator<std::string> >, std::vector<int, std::allocator<int> >), void (*)(std::vector<std::string, std::allocator<std::string> >, std::vector<int, std::allocator<int> >)>::_M_invoke(std::_Any_data const&, std::vector<std::string, std::allocator<std::string> >, std::vector<int, std::allocator<int> >) (functional:2071)
==63582== 
==63582== 1 bytes in 1 blocks are still reachable in loss record 67 of 677
==63582==    at 0x4C29F73: malloc (vg_replace_malloc.c:309)
==63582==    by 0x5FF2B89: strdup (in /usr/lib64/libc-2.17.so)
==63582==    by 0x767F84A: ??? (in /usr/lib64/libodbcinst.so.2.0.0)
==63582==    by 0x767FB5A: SQLGetPrivateProfileString (in /usr/lib64/libodbcinst.so.2.0.0)
==63582==    by 0x6FAF001: getCommonDefaults (in /usr/lib64/psqlodbcw.so)
==63582==    by 0x6FB00C3: getDSNinfo (in /usr/lib64/psqlodbcw.so)
==63582==    by 0x6F7E8D7: PGAPI_Connect (in /usr/lib64/psqlodbcw.so)
==63582==    by 0x6FB1D97: SQLConnect (in /usr/lib64/psqlodbcw.so)
==63582==    by 0x4E46B3F: SQLConnect (in /usr/lib64/libodbc.so.2.0.0)
==63582==    by 0x406579: CppODBC::Connect(char const*, char const*, char const*) (cpp_odbc.cpp:100)
==63582==    by 0x408D0F: sqlexec(std::vector<std::string, std::allocator<std::string> >, std::vector<int, std::allocator<int> >) (main.cpp:202)
==63582==    by 0x40AAE6: std::_Function_handler<void (std::vector<std::string, std::allocator<std::string> >, std::vector<int, std::allocator<int> >), void (*)(std::vector<std::string, std::allocator<std::string> >, std::vector<int, std::allocator<int> >)>::_M_invoke(std::_Any_data const&, std::vector<std::string, std::allocator<std::string> >, std::vector<int, std::allocator<int> >) (functional:2071)
==63582== 
==63582== 1 bytes in 1 blocks are still reachable in loss record 68 of 677
==63582==    at 0x4C29F73: malloc (vg_replace_malloc.c:309)
==63582==    by 0x5FF2B89: strdup (in /usr/lib64/libc-2.17.so)
==63582==    by 0x767F89F: ??? (in /usr/lib64/libodbcinst.so.2.0.0)
==63582==    by 0x767FB5A: SQLGetPrivateProfileString (in /usr/lib64/libodbcinst.so.2.0.0)
==63582==    by 0x6FAEC74: getCommonDefaults (in /usr/lib64/psqlodbcw.so)
==63582==    by 0x6FB00C3: getDSNinfo (in /usr/lib64/psqlodbcw.so)
==63582==    by 0x6F7E8D7: PGAPI_Connect (in /usr/lib64/psqlodbcw.so)
==63582==    by 0x6FB1D97: SQLConnect (in /usr/lib64/psqlodbcw.so)
==63582==    by 0x4E46B3F: SQLConnect (in /usr/lib64/libodbc.so.2.0.0)
==63582==    by 0x406579: CppODBC::Connect(char const*, char const*, char const*) (cpp_odbc.cpp:100)
==63582==    by 0x408D0F: sqlexec(std::vector<std::string, std::allocator<std::string> >, std::vector<int, std::allocator<int> >) (main.cpp:202)
==63582==    by 0x40AAE6: std::_Function_handler<void (std::vector<std::string, std::allocator<std::string> >, std::vector<int, std::allocator<int> >), void (*)(std::vector<std::string, std::allocator<std::string> >, std::vector<int, std::allocator<int> >)>::_M_invoke(std::_Any_data const&, std::vector<std::string, std::allocator<std::string> >, std::vector<int, std::allocator<int> >) (functional:2071)
==63582== 
==63582== 1 bytes in 1 blocks are still reachable in loss record 69 of 677
==63582==    at 0x4C29F73: malloc (vg_replace_malloc.c:309)
==63582==    by 0x5FF2B89: strdup (in /usr/lib64/libc-2.17.so)
==63582==    by 0x767F84A: ??? (in /usr/lib64/libodbcinst.so.2.0.0)
==63582==    by 0x767FB5A: SQLGetPrivateProfileString (in /usr/lib64/libodbcinst.so.2.0.0)
==63582==    by 0x6FAEC74: getCommonDefaults (in /usr/lib64/psqlodbcw.so)
==63582==    by 0x6FB00C3: getDSNinfo (in /usr/lib64/psqlodbcw.so)
==63582==    by 0x6F7E8D7: PGAPI_Connect (in /usr/lib64/psqlodbcw.so)
==63582==    by 0x6FB1D97: SQLConnect (in /usr/lib64/psqlodbcw.so)
==63582==    by 0x4E46B3F: SQLConnect (in /usr/lib64/libodbc.so.2.0.0)
==63582==    by 0x406579: CppODBC::Connect(char const*, char const*, char const*) (cpp_odbc.cpp:100)
==63582==    by 0x408D0F: sqlexec(std::vector<std::string, std::allocator<std::string> >, std::vector<int, std::allocator<int> >) (main.cpp:202)
==63582==    by 0x40AAE6: std::_Function_handler<void (std::vector<std::string, std::allocator<std::string> >, std::vector<int, std::allocator<int> >), void (*)(std::vector<std::string, std::allocator<std::string> >, std::vector<int, std::allocator<int> >)>::_M_invoke(std::_Any_data const&, std::vector<std::string, std::allocator<std::string> >, std::vector<int, std::allocator<int> >) (functional:2071)
==63582== 
==63582== 1 bytes in 1 blocks are still reachable in loss record 70 of 677
==63582==    at 0x4C29F73: malloc (vg_replace_malloc.c:309)
==63582==    by 0x5FF2B89: strdup (in /usr/lib64/libc-2.17.so)
==63582==    by 0x767F89F: ??? (in /usr/lib64/libodbcinst.so.2.0.0)
==63582==    by 0x767FB5A: SQLGetPrivateProfileString (in /usr/lib64/libodbcinst.so.2.0.0)
==63582==    by 0x6FAECAA: getCommonDefaults (in /usr/lib64/psqlodbcw.so)
==63582==    by 0x6FB00C3: getDSNinfo (in /usr/lib64/psqlodbcw.so)
==63582==    by 0x6F7E8D7: PGAPI_Connect (in /usr/lib64/psqlodbcw.so)
==63582==    by 0x6FB1D97: SQLConnect (in /usr/lib64/psqlodbcw.so)
==63582==    by 0x4E46B3F: SQLConnect (in /usr/lib64/libodbc.so.2.0.0)
==63582==    by 0x406579: CppODBC::Connect(char const*, char const*, char const*) (cpp_odbc.cpp:100)
==63582==    by 0x408D0F: sqlexec(std::vector<std::string, std::allocator<std::string> >, std::vector<int, std::allocator<int> >) (main.cpp:202)
==63582==    by 0x40AAE6: std::_Function_handler<void (std::vector<std::string, std::allocator<std::string> >, std::vector<int, std::allocator<int> >), void (*)(std::vector<std::string, std::allocator<std::string> >, std::vector<int, std::allocator<int> >)>::_M_invoke(std::_Any_data const&, std::vector<std::string, std::allocator<std::string> >, std::vector<int, std::allocator<int> >) (functional:2071)
==63582== 
==63582== 1 bytes in 1 blocks are still reachable in loss record 71 of 677
==63582==    at 0x4C29F73: malloc (vg_replace_malloc.c:309)
==63582==    by 0x5FF2B89: strdup (in /usr/lib64/libc-2.17.so)
==63582==    by 0x767F84A: ??? (in /usr/lib64/libodbcinst.so.2.0.0)
==63582==    by 0x767FB5A: SQLGetPrivateProfileString (in /usr/lib64/libodbcinst.so.2.0.0)
==63582==    by 0x6FAECAA: getCommonDefaults (in /usr/lib64/psqlodbcw.so)
==63582==    by 0x6FB00C3: getDSNinfo (in /usr/lib64/psqlodbcw.so)
==63582==    by 0x6F7E8D7: PGAPI_Connect (in /usr/lib64/psqlodbcw.so)
==63582==    by 0x6FB1D97: SQLConnect (in /usr/lib64/psqlodbcw.so)
==63582==    by 0x4E46B3F: SQLConnect (in /usr/lib64/libodbc.so.2.0.0)
==63582==    by 0x406579: CppODBC::Connect(char const*, char const*, char const*) (cpp_odbc.cpp:100)
==63582==    by 0x408D0F: sqlexec(std::vector<std::string, std::allocator<std::string> >, std::vector<int, std::allocator<int> >) (main.cpp:202)
==63582==    by 0x40AAE6: std::_Function_handler<void (std::vector<std::string, std::allocator<std::string> >, std::vector<int, std::allocator<int> >), void (*)(std::vector<std::string, std::allocator<std::string> >, std::vector<int, std::allocator<int> >)>::_M_invoke(std::_Any_data const&, std::vector<std::string, std::allocator<std::string> >, std::vector<int, std::allocator<int> >) (functional:2071)
==63582== 
==63582== 1 bytes in 1 blocks are still reachable in loss record 72 of 677
==63582==    at 0x4C29F73: malloc (vg_replace_malloc.c:309)
==63582==    by 0x5FF2B89: strdup (in /usr/lib64/libc-2.17.so)
==63582==    by 0x767F89F: ??? (in /usr/lib64/libodbcinst.so.2.0.0)
==63582==    by 0x767FB5A: SQLGetPrivateProfileString (in /usr/lib64/libodbcinst.so.2.0.0)
==63582==    by 0x6FAF4C1: getCommonDefaults (in /usr/lib64/psqlodbcw.so)
==63582==    by 0x6FB00C3: getDSNinfo (in /usr/lib64/psqlodbcw.so)
==63582==    by 0x6F7E8D7: PGAPI_Connect (in /usr/lib64/psqlodbcw.so)
==63582==    by 0x6FB1D97: SQLConnect (in /usr/lib64/psqlodbcw.so)
==63582==    by 0x4E46B3F: SQLConnect (in /usr/lib64/libodbc.so.2.0.0)
==63582==    by 0x406579: CppODBC::Connect(char const*, char const*, char const*) (cpp_odbc.cpp:100)
==63582==    by 0x408D0F: sqlexec(std::vector<std::string, std::allocator<std::string> >, std::vector<int, std::allocator<int> >) (main.cpp:202)
==63582==    by 0x40AAE6: std::_Function_handler<void (std::vector<std::string, std::allocator<std::string> >, std::vector<int, std::allocator<int> >), void (*)(std::vector<std::string, std::allocator<std::string> >, std::vector<int, std::allocator<int> >)>::_M_invoke(std::_Any_data const&, std::vector<std::string, std::allocator<std::string> >, std::vector<int, std::allocator<int> >) (functional:2071)
==63582== 
==63582== 1 bytes in 1 blocks are still reachable in loss record 73 of 677
==63582==    at 0x4C29F73: malloc (vg_replace_malloc.c:309)
==63582==    by 0x5FF2B89: strdup (in /usr/lib64/libc-2.17.so)
==63582==    by 0x767F84A: ??? (in /usr/lib64/libodbcinst.so.2.0.0)
==63582==    by 0x767FB5A: SQLGetPrivateProfileString (in /usr/lib64/libodbcinst.so.2.0.0)
==63582==    by 0x6FAF4C1: getCommonDefaults (in /usr/lib64/psqlodbcw.so)
==63582==    by 0x6FB00C3: getDSNinfo (in /usr/lib64/psqlodbcw.so)
==63582==    by 0x6F7E8D7: PGAPI_Connect (in /usr/lib64/psqlodbcw.so)
==63582==    by 0x6FB1D97: SQLConnect (in /usr/lib64/psqlodbcw.so)
==63582==    by 0x4E46B3F: SQLConnect (in /usr/lib64/libodbc.so.2.0.0)
==63582==    by 0x406579: CppODBC::Connect(char const*, char const*, char const*) (cpp_odbc.cpp:100)
==63582==    by 0x408D0F: sqlexec(std::vector<std::string, std::allocator<std::string> >, std::vector<int, std::allocator<int> >) (main.cpp:202)
==63582==    by 0x40AAE6: std::_Function_handler<void (std::vector<std::string, std::allocator<std::string> >, std::vector<int, std::allocator<int> >), void (*)(std::vector<std::string, std::allocator<std::string> >, std::vector<int, std::allocator<int> >)>::_M_invoke(std::_Any_data const&, std::vector<std::string, std::allocator<std::string> >, std::vector<int, std::allocator<int> >) (functional:2071)
==63582== 
==63582== 1 bytes in 1 blocks are still reachable in loss record 74 of 677
==63582==    at 0x4C29F73: malloc (vg_replace_malloc.c:309)
==63582==    by 0x5FF2B89: strdup (in /usr/lib64/libc-2.17.so)
==63582==    by 0x767F89F: ??? (in /usr/lib64/libodbcinst.so.2.0.0)
==63582==    by 0x767FB5A: SQLGetPrivateProfileString (in /usr/lib64/libodbcinst.so.2.0.0)
==63582==    by 0x6FAED29: getCommonDefaults (in /usr/lib64/psqlodbcw.so)
==63582==    by 0x6FB00C3: getDSNinfo (in /usr/lib64/psqlodbcw.so)
==63582==    by 0x6F7E8D7: PGAPI_Connect (in /usr/lib64/psqlodbcw.so)
==63582==    by 0x6FB1D97: SQLConnect (in /usr/lib64/psqlodbcw.so)
==63582==    by 0x4E46B3F: SQLConnect (in /usr/lib64/libodbc.so.2.0.0)
==63582==    by 0x406579: CppODBC::Connect(char const*, char const*, char const*) (cpp_odbc.cpp:100)
==63582==    by 0x408D0F: sqlexec(std::vector<std::string, std::allocator<std::string> >, std::vector<int, std::allocator<int> >) (main.cpp:202)
==63582==    by 0x40AAE6: std::_Function_handler<void (std::vector<std::string, std::allocator<std::string> >, std::vector<int, std::allocator<int> >), void (*)(std::vector<std::string, std::allocator<std::string> >, std::vector<int, std::allocator<int> >)>::_M_invoke(std::_Any_data const&, std::vector<std::string, std::allocator<std::string> >, std::vector<int, std::allocator<int> >) (functional:2071)
==63582== 
==63582== 1 bytes in 1 blocks are still reachable in loss record 75 of 677
==63582==    at 0x4C29F73: malloc (vg_replace_malloc.c:309)
==63582==    by 0x5FF2B89: strdup (in /usr/lib64/libc-2.17.so)
==63582==    by 0x767F84A: ??? (in /usr/lib64/libodbcinst.so.2.0.0)
==63582==    by 0x767FB5A: SQLGetPrivateProfileString (in /usr/lib64/libodbcinst.so.2.0.0)
==63582==    by 0x6FAED29: getCommonDefaults (in /usr/lib64/psqlodbcw.so)
==63582==    by 0x6FB00C3: getDSNinfo (in /usr/lib64/psqlodbcw.so)
==63582==    by 0x6F7E8D7: PGAPI_Connect (in /usr/lib64/psqlodbcw.so)
==63582==    by 0x6FB1D97: SQLConnect (in /usr/lib64/psqlodbcw.so)
==63582==    by 0x4E46B3F: SQLConnect (in /usr/lib64/libodbc.so.2.0.0)
==63582==    by 0x406579: CppODBC::Connect(char const*, char const*, char const*) (cpp_odbc.cpp:100)
==63582==    by 0x408D0F: sqlexec(std::vector<std::string, std::allocator<std::string> >, std::vector<int, std::allocator<int> >) (main.cpp:202)
==63582==    by 0x40AAE6: std::_Function_handler<void (std::vector<std::string, std::allocator<std::string> >, std::vector<int, std::allocator<int> >), void (*)(std::vector<std::string, std::allocator<std::string> >, std::vector<int, std::allocator<int> >)>::_M_invoke(std::_Any_data const&, std::vector<std::string, std::allocator<std::string> >, std::vector<int, std::allocator<int> >) (functional:2071)
==63582== 
==63582== 1 bytes in 1 blocks are still reachable in loss record 76 of 677
==63582==    at 0x4C29F73: malloc (vg_replace_malloc.c:309)
==63582==    by 0x5FF2B89: strdup (in /usr/lib64/libc-2.17.so)
==63582==    by 0x767F89F: ??? (in /usr/lib64/libodbcinst.so.2.0.0)
==63582==    by 0x767FB5A: SQLGetPrivateProfileString (in /usr/lib64/libodbcinst.so.2.0.0)
==63582==    by 0x6FAF539: getCommonDefaults (in /usr/lib64/psqlodbcw.so)
==63582==    by 0x6FB00C3: getDSNinfo (in /usr/lib64/psqlodbcw.so)
==63582==    by 0x6F7E8D7: PGAPI_Connect (in /usr/lib64/psqlodbcw.so)
==63582==    by 0x6FB1D97: SQLConnect (in /usr/lib64/psqlodbcw.so)
==63582==    by 0x4E46B3F: SQLConnect (in /usr/lib64/libodbc.so.2.0.0)
==63582==    by 0x406579: CppODBC::Connect(char const*, char const*, char const*) (cpp_odbc.cpp:100)
==63582==    by 0x408D0F: sqlexec(std::vector<std::string, std::allocator<std::string> >, std::vector<int, std::allocator<int> >) (main.cpp:202)
==63582==    by 0x40AAE6: std::_Function_handler<void (std::vector<std::string, std::allocator<std::string> >, std::vector<int, std::allocator<int> >), void (*)(std::vector<std::string, std::allocator<std::string> >, std::vector<int, std::allocator<int> >)>::_M_invoke(std::_Any_data const&, std::vector<std::string, std::allocator<std::string> >, std::vector<int, std::allocator<int> >) (functional:2071)
==63582== 
==63582== 1 bytes in 1 blocks are still reachable in loss record 77 of 677
==63582==    at 0x4C29F73: malloc (vg_replace_malloc.c:309)
==63582==    by 0x5FF2B89: strdup (in /usr/lib64/libc-2.17.so)
==63582==    by 0x767F84A: ??? (in /usr/lib64/libodbcinst.so.2.0.0)
==63582==    by 0x767FB5A: SQLGetPrivateProfileString (in /usr/lib64/libodbcinst.so.2.0.0)
==63582==    by 0x6FAF539: getCommonDefaults (in /usr/lib64/psqlodbcw.so)
==63582==    by 0x6FB00C3: getDSNinfo (in /usr/lib64/psqlodbcw.so)
==63582==    by 0x6F7E8D7: PGAPI_Connect (in /usr/lib64/psqlodbcw.so)
==63582==    by 0x6FB1D97: SQLConnect (in /usr/lib64/psqlodbcw.so)
==63582==    by 0x4E46B3F: SQLConnect (in /usr/lib64/libodbc.so.2.0.0)
==63582==    by 0x406579: CppODBC::Connect(char const*, char const*, char const*) (cpp_odbc.cpp:100)
==63582==    by 0x408D0F: sqlexec(std::vector<std::string, std::allocator<std::string> >, std::vector<int, std::allocator<int> >) (main.cpp:202)
==63582==    by 0x40AAE6: std::_Function_handler<void (std::vector<std::string, std::allocator<std::string> >, std::vector<int, std::allocator<int> >), void (*)(std::vector<std::string, std::allocator<std::string> >, std::vector<int, std::allocator<int> >)>::_M_invoke(std::_Any_data const&, std::vector<std::string, std::allocator<std::string> >, std::vector<int, std::allocator<int> >) (functional:2071)
==63582== 
==63582== 1 bytes in 1 blocks are still reachable in loss record 78 of 677
==63582==    at 0x4C29F73: malloc (vg_replace_malloc.c:309)
==63582==    by 0x5FF2B89: strdup (in /usr/lib64/libc-2.17.so)
==63582==    by 0x767F89F: ??? (in /usr/lib64/libodbcinst.so.2.0.0)
==63582==    by 0x767FB5A: SQLGetPrivateProfileString (in /usr/lib64/libodbcinst.so.2.0.0)
==63582==    by 0x6FAEDA1: getCommonDefaults (in /usr/lib64/psqlodbcw.so)
==63582==    by 0x6FB00C3: getDSNinfo (in /usr/lib64/psqlodbcw.so)
==63582==    by 0x6F7E8D7: PGAPI_Connect (in /usr/lib64/psqlodbcw.so)
==63582==    by 0x6FB1D97: SQLConnect (in /usr/lib64/psqlodbcw.so)
==63582==    by 0x4E46B3F: SQLConnect (in /usr/lib64/libodbc.so.2.0.0)
==63582==    by 0x406579: CppODBC::Connect(char const*, char const*, char const*) (cpp_odbc.cpp:100)
==63582==    by 0x408D0F: sqlexec(std::vector<std::string, std::allocator<std::string> >, std::vector<int, std::allocator<int> >) (main.cpp:202)
==63582==    by 0x40AAE6: std::_Function_handler<void (std::vector<std::string, std::allocator<std::string> >, std::vector<int, std::allocator<int> >), void (*)(std::vector<std::string, std::allocator<std::string> >, std::vector<int, std::allocator<int> >)>::_M_invoke(std::_Any_data const&, std::vector<std::string, std::allocator<std::string> >, std::vector<int, std::allocator<int> >) (functional:2071)
==63582== 
==63582== 1 bytes in 1 blocks are still reachable in loss record 79 of 677
==63582==    at 0x4C29F73: malloc (vg_replace_malloc.c:309)
==63582==    by 0x5FF2B89: strdup (in /usr/lib64/libc-2.17.so)
==63582==    by 0x767F84A: ??? (in /usr/lib64/libodbcinst.so.2.0.0)
==63582==    by 0x767FB5A: SQLGetPrivateProfileString (in /usr/lib64/libodbcinst.so.2.0.0)
==63582==    by 0x6FAEDA1: getCommonDefaults (in /usr/lib64/psqlodbcw.so)
==63582==    by 0x6FB00C3: getDSNinfo (in /usr/lib64/psqlodbcw.so)
==63582==    by 0x6F7E8D7: PGAPI_Connect (in /usr/lib64/psqlodbcw.so)
==63582==    by 0x6FB1D97: SQLConnect (in /usr/lib64/psqlodbcw.so)
==63582==    by 0x4E46B3F: SQLConnect (in /usr/lib64/libodbc.so.2.0.0)
==63582==    by 0x406579: CppODBC::Connect(char const*, char const*, char const*) (cpp_odbc.cpp:100)
==63582==    by 0x408D0F: sqlexec(std::vector<std::string, std::allocator<std::string> >, std::vector<int, std::allocator<int> >) (main.cpp:202)
==63582==    by 0x40AAE6: std::_Function_handler<void (std::vector<std::string, std::allocator<std::string> >, std::vector<int, std::allocator<int> >), void (*)(std::vector<std::string, std::allocator<std::string> >, std::vector<int, std::allocator<int> >)>::_M_invoke(std::_Any_data const&, std::vector<std::string, std::allocator<std::string> >, std::vector<int, std::allocator<int> >) (functional:2071)
==63582== 
==63582== 1 bytes in 1 blocks are still reachable in loss record 80 of 677
==63582==    at 0x4C29F73: malloc (vg_replace_malloc.c:309)
==63582==    by 0x5FF2B89: strdup (in /usr/lib64/libc-2.17.so)
==63582==    by 0x767F89F: ??? (in /usr/lib64/libodbcinst.so.2.0.0)
==63582==    by 0x767FB5A: SQLGetPrivateProfileString (in /usr/lib64/libodbcinst.so.2.0.0)
==63582==    by 0x6FAF5B1: getCommonDefaults (in /usr/lib64/psqlodbcw.so)
==63582==    by 0x6FB00C3: getDSNinfo (in /usr/lib64/psqlodbcw.so)
==63582==    by 0x6F7E8D7: PGAPI_Connect (in /usr/lib64/psqlodbcw.so)
==63582==    by 0x6FB1D97: SQLConnect (in /usr/lib64/psqlodbcw.so)
==63582==    by 0x4E46B3F: SQLConnect (in /usr/lib64/libodbc.so.2.0.0)
==63582==    by 0x406579: CppODBC::Connect(char const*, char const*, char const*) (cpp_odbc.cpp:100)
==63582==    by 0x408D0F: sqlexec(std::vector<std::string, std::allocator<std::string> >, std::vector<int, std::allocator<int> >) (main.cpp:202)
==63582==    by 0x40AAE6: std::_Function_handler<void (std::vector<std::string, std::allocator<std::string> >, std::vector<int, std::allocator<int> >), void (*)(std::vector<std::string, std::allocator<std::string> >, std::vector<int, std::allocator<int> >)>::_M_invoke(std::_Any_data const&, std::vector<std::string, std::allocator<std::string> >, std::vector<int, std::allocator<int> >) (functional:2071)
==63582== 
==63582== 1 bytes in 1 blocks are still reachable in loss record 81 of 677
==63582==    at 0x4C29F73: malloc (vg_replace_malloc.c:309)
==63582==    by 0x5FF2B89: strdup (in /usr/lib64/libc-2.17.so)
==63582==    by 0x767F84A: ??? (in /usr/lib64/libodbcinst.so.2.0.0)
==63582==    by 0x767FB5A: SQLGetPrivateProfileString (in /usr/lib64/libodbcinst.so.2.0.0)
==63582==    by 0x6FAF5B1: getCommonDefaults (in /usr/lib64/psqlodbcw.so)
==63582==    by 0x6FB00C3: getDSNinfo (in /usr/lib64/psqlodbcw.so)
==63582==    by 0x6F7E8D7: PGAPI_Connect (in /usr/lib64/psqlodbcw.so)
==63582==    by 0x6FB1D97: SQLConnect (in /usr/lib64/psqlodbcw.so)
==63582==    by 0x4E46B3F: SQLConnect (in /usr/lib64/libodbc.so.2.0.0)
==63582==    by 0x406579: CppODBC::Connect(char const*, char const*, char const*) (cpp_odbc.cpp:100)
==63582==    by 0x408D0F: sqlexec(std::vector<std::string, std::allocator<std::string> >, std::vector<int, std::allocator<int> >) (main.cpp:202)
==63582==    by 0x40AAE6: std::_Function_handler<void (std::vector<std::string, std::allocator<std::string> >, std::vector<int, std::allocator<int> >), void (*)(std::vector<std::string, std::allocator<std::string> >, std::vector<int, std::allocator<int> >)>::_M_invoke(std::_Any_data const&, std::vector<std::string, std::allocator<std::string> >, std::vector<int, std::allocator<int> >) (functional:2071)
==63582== 
==63582== 1 bytes in 1 blocks are still reachable in loss record 82 of 677
==63582==    at 0x4C29F73: malloc (vg_replace_malloc.c:309)
==63582==    by 0x5FF2B89: strdup (in /usr/lib64/libc-2.17.so)
==63582==    by 0x767F89F: ??? (in /usr/lib64/libodbcinst.so.2.0.0)
==63582==    by 0x767FB5A: SQLGetPrivateProfileString (in /usr/lib64/libodbcinst.so.2.0.0)
==63582==    by 0x6FAEE19: getCommonDefaults (in /usr/lib64/psqlodbcw.so)
==63582==    by 0x6FB00C3: getDSNinfo (in /usr/lib64/psqlodbcw.so)
==63582==    by 0x6F7E8D7: PGAPI_Connect (in /usr/lib64/psqlodbcw.so)
==63582==    by 0x6FB1D97: SQLConnect (in /usr/lib64/psqlodbcw.so)
==63582==    by 0x4E46B3F: SQLConnect (in /usr/lib64/libodbc.so.2.0.0)
==63582==    by 0x406579: CppODBC::Connect(char const*, char const*, char const*) (cpp_odbc.cpp:100)
==63582==    by 0x408D0F: sqlexec(std::vector<std::string, std::allocator<std::string> >, std::vector<int, std::allocator<int> >) (main.cpp:202)
==63582==    by 0x40AAE6: std::_Function_handler<void (std::vector<std::string, std::allocator<std::string> >, std::vector<int, std::allocator<int> >), void (*)(std::vector<std::string, std::allocator<std::string> >, std::vector<int, std::allocator<int> >)>::_M_invoke(std::_Any_data const&, std::vector<std::string, std::allocator<std::string> >, std::vector<int, std::allocator<int> >) (functional:2071)
==63582== 
==63582== 1 bytes in 1 blocks are still reachable in loss record 83 of 677
==63582==    at 0x4C29F73: malloc (vg_replace_malloc.c:309)
==63582==    by 0x5FF2B89: strdup (in /usr/lib64/libc-2.17.so)
==63582==    by 0x767F84A: ??? (in /usr/lib64/libodbcinst.so.2.0.0)
==63582==    by 0x767FB5A: SQLGetPrivateProfileString (in /usr/lib64/libodbcinst.so.2.0.0)
==63582==    by 0x6FAEE19: getCommonDefaults (in /usr/lib64/psqlodbcw.so)
==63582==    by 0x6FB00C3: getDSNinfo (in /usr/lib64/psqlodbcw.so)
==63582==    by 0x6F7E8D7: PGAPI_Connect (in /usr/lib64/psqlodbcw.so)
==63582==    by 0x6FB1D97: SQLConnect (in /usr/lib64/psqlodbcw.so)
==63582==    by 0x4E46B3F: SQLConnect (in /usr/lib64/libodbc.so.2.0.0)
==63582==    by 0x406579: CppODBC::Connect(char const*, char const*, char const*) (cpp_odbc.cpp:100)
==63582==    by 0x408D0F: sqlexec(std::vector<std::string, std::allocator<std::string> >, std::vector<int, std::allocator<int> >) (main.cpp:202)
==63582==    by 0x40AAE6: std::_Function_handler<void (std::vector<std::string, std::allocator<std::string> >, std::vector<int, std::allocator<int> >), void (*)(std::vector<std::string, std::allocator<std::string> >, std::vector<int, std::allocator<int> >)>::_M_invoke(std::_Any_data const&, std::vector<std::string, std::allocator<std::string> >, std::vector<int, std::allocator<int> >) (functional:2071)
==63582== 
==63582== 1 bytes in 1 blocks are still reachable in loss record 84 of 677
==63582==    at 0x4C29F73: malloc (vg_replace_malloc.c:309)
==63582==    by 0x5FF2B89: strdup (in /usr/lib64/libc-2.17.so)
==63582==    by 0x767F89F: ??? (in /usr/lib64/libodbcinst.so.2.0.0)
==63582==    by 0x767FB5A: SQLGetPrivateProfileString (in /usr/lib64/libodbcinst.so.2.0.0)
==63582==    by 0x6FAF629: getCommonDefaults (in /usr/lib64/psqlodbcw.so)
==63582==    by 0x6FB00C3: getDSNinfo (in /usr/lib64/psqlodbcw.so)
==63582==    by 0x6F7E8D7: PGAPI_Connect (in /usr/lib64/psqlodbcw.so)
==63582==    by 0x6FB1D97: SQLConnect (in /usr/lib64/psqlodbcw.so)
==63582==    by 0x4E46B3F: SQLConnect (in /usr/lib64/libodbc.so.2.0.0)
==63582==    by 0x406579: CppODBC::Connect(char const*, char const*, char const*) (cpp_odbc.cpp:100)
==63582==    by 0x408D0F: sqlexec(std::vector<std::string, std::allocator<std::string> >, std::vector<int, std::allocator<int> >) (main.cpp:202)
==63582==    by 0x40AAE6: std::_Function_handler<void (std::vector<std::string, std::allocator<std::string> >, std::vector<int, std::allocator<int> >), void (*)(std::vector<std::string, std::allocator<std::string> >, std::vector<int, std::allocator<int> >)>::_M_invoke(std::_Any_data const&, std::vector<std::string, std::allocator<std::string> >, std::vector<int, std::allocator<int> >) (functional:2071)
==63582== 
==63582== 1 bytes in 1 blocks are still reachable in loss record 85 of 677
==63582==    at 0x4C29F73: malloc (vg_replace_malloc.c:309)
==63582==    by 0x5FF2B89: strdup (in /usr/lib64/libc-2.17.so)
==63582==    by 0x767F84A: ??? (in /usr/lib64/libodbcinst.so.2.0.0)
==63582==    by 0x767FB5A: SQLGetPrivateProfileString (in /usr/lib64/libodbcinst.so.2.0.0)
==63582==    by 0x6FAF629: getCommonDefaults (in /usr/lib64/psqlodbcw.so)
==63582==    by 0x6FB00C3: getDSNinfo (in /usr/lib64/psqlodbcw.so)
==63582==    by 0x6F7E8D7: PGAPI_Connect (in /usr/lib64/psqlodbcw.so)
==63582==    by 0x6FB1D97: SQLConnect (in /usr/lib64/psqlodbcw.so)
==63582==    by 0x4E46B3F: SQLConnect (in /usr/lib64/libodbc.so.2.0.0)
==63582==    by 0x406579: CppODBC::Connect(char const*, char const*, char const*) (cpp_odbc.cpp:100)
==63582==    by 0x408D0F: sqlexec(std::vector<std::string, std::allocator<std::string> >, std::vector<int, std::allocator<int> >) (main.cpp:202)
==63582==    by 0x40AAE6: std::_Function_handler<void (std::vector<std::string, std::allocator<std::string> >, std::vector<int, std::allocator<int> >), void (*)(std::vector<std::string, std::allocator<std::string> >, std::vector<int, std::allocator<int> >)>::_M_invoke(std::_Any_data const&, std::vector<std::string, std::allocator<std::string> >, std::vector<int, std::allocator<int> >) (functional:2071)
==63582== 
==63582== 1 bytes in 1 blocks are still reachable in loss record 86 of 677
==63582==    at 0x4C29F73: malloc (vg_replace_malloc.c:309)
==63582==    by 0x5FF2B89: strdup (in /usr/lib64/libc-2.17.so)
==63582==    by 0x767F89F: ??? (in /usr/lib64/libodbcinst.so.2.0.0)
==63582==    by 0x767FB5A: SQLGetPrivateProfileString (in /usr/lib64/libodbcinst.so.2.0.0)
==63582==    by 0x6FAEE91: getCommonDefaults (in /usr/lib64/psqlodbcw.so)
==63582==    by 0x6FB00C3: getDSNinfo (in /usr/lib64/psqlodbcw.so)
==63582==    by 0x6F7E8D7: PGAPI_Connect (in /usr/lib64/psqlodbcw.so)
==63582==    by 0x6FB1D97: SQLConnect (in /usr/lib64/psqlodbcw.so)
==63582==    by 0x4E46B3F: SQLConnect (in /usr/lib64/libodbc.so.2.0.0)
==63582==    by 0x406579: CppODBC::Connect(char const*, char const*, char const*) (cpp_odbc.cpp:100)
==63582==    by 0x408D0F: sqlexec(std::vector<std::string, std::allocator<std::string> >, std::vector<int, std::allocator<int> >) (main.cpp:202)
==63582==    by 0x40AAE6: std::_Function_handler<void (std::vector<std::string, std::allocator<std::string> >, std::vector<int, std::allocator<int> >), void (*)(std::vector<std::string, std::allocator<std::string> >, std::vector<int, std::allocator<int> >)>::_M_invoke(std::_Any_data const&, std::vector<std::string, std::allocator<std::string> >, std::vector<int, std::allocator<int> >) (functional:2071)
==63582== 
==63582== 1 bytes in 1 blocks are still reachable in loss record 87 of 677
==63582==    at 0x4C29F73: malloc (vg_replace_malloc.c:309)
==63582==    by 0x5FF2B89: strdup (in /usr/lib64/libc-2.17.so)
==63582==    by 0x767F84A: ??? (in /usr/lib64/libodbcinst.so.2.0.0)
==63582==    by 0x767FB5A: SQLGetPrivateProfileString (in /usr/lib64/libodbcinst.so.2.0.0)
==63582==    by 0x6FAEE91: getCommonDefaults (in /usr/lib64/psqlodbcw.so)
==63582==    by 0x6FB00C3: getDSNinfo (in /usr/lib64/psqlodbcw.so)
==63582==    by 0x6F7E8D7: PGAPI_Connect (in /usr/lib64/psqlodbcw.so)
==63582==    by 0x6FB1D97: SQLConnect (in /usr/lib64/psqlodbcw.so)
==63582==    by 0x4E46B3F: SQLConnect (in /usr/lib64/libodbc.so.2.0.0)
==63582==    by 0x406579: CppODBC::Connect(char const*, char const*, char const*) (cpp_odbc.cpp:100)
==63582==    by 0x408D0F: sqlexec(std::vector<std::string, std::allocator<std::string> >, std::vector<int, std::allocator<int> >) (main.cpp:202)
==63582==    by 0x40AAE6: std::_Function_handler<void (std::vector<std::string, std::allocator<std::string> >, std::vector<int, std::allocator<int> >), void (*)(std::vector<std::string, std::allocator<std::string> >, std::vector<int, std::allocator<int> >)>::_M_invoke(std::_Any_data const&, std::vector<std::string, std::allocator<std::string> >, std::vector<int, std::allocator<int> >) (functional:2071)
==63582== 
==63582== 1 bytes in 1 blocks are still reachable in loss record 88 of 677
==63582==    at 0x4C29F73: malloc (vg_replace_malloc.c:309)
==63582==    by 0x5FF2B89: strdup (in /usr/lib64/libc-2.17.so)
==63582==    by 0x767F89F: ??? (in /usr/lib64/libodbcinst.so.2.0.0)
==63582==    by 0x767FB5A: SQLGetPrivateProfileString (in /usr/lib64/libodbcinst.so.2.0.0)
==63582==    by 0x6FAF6A1: getCommonDefaults (in /usr/lib64/psqlodbcw.so)
==63582==    by 0x6FB00C3: getDSNinfo (in /usr/lib64/psqlodbcw.so)
==63582==    by 0x6F7E8D7: PGAPI_Connect (in /usr/lib64/psqlodbcw.so)
==63582==    by 0x6FB1D97: SQLConnect (in /usr/lib64/psqlodbcw.so)
==63582==    by 0x4E46B3F: SQLConnect (in /usr/lib64/libodbc.so.2.0.0)
==63582==    by 0x406579: CppODBC::Connect(char const*, char const*, char const*) (cpp_odbc.cpp:100)
==63582==    by 0x408D0F: sqlexec(std::vector<std::string, std::allocator<std::string> >, std::vector<int, std::allocator<int> >) (main.cpp:202)
==63582==    by 0x40AAE6: std::_Function_handler<void (std::vector<std::string, std::allocator<std::string> >, std::vector<int, std::allocator<int> >), void (*)(std::vector<std::string, std::allocator<std::string> >, std::vector<int, std::allocator<int> >)>::_M_invoke(std::_Any_data const&, std::vector<std::string, std::allocator<std::string> >, std::vector<int, std::allocator<int> >) (functional:2071)
==63582== 
==63582== 1 bytes in 1 blocks are still reachable in loss record 89 of 677
==63582==    at 0x4C29F73: malloc (vg_replace_malloc.c:309)
==63582==    by 0x5FF2B89: strdup (in /usr/lib64/libc-2.17.so)
==63582==    by 0x767F84A: ??? (in /usr/lib64/libodbcinst.so.2.0.0)
==63582==    by 0x767FB5A: SQLGetPrivateProfileString (in /usr/lib64/libodbcinst.so.2.0.0)
==63582==    by 0x6FAF6A1: getCommonDefaults (in /usr/lib64/psqlodbcw.so)
==63582==    by 0x6FB00C3: getDSNinfo (in /usr/lib64/psqlodbcw.so)
==63582==    by 0x6F7E8D7: PGAPI_Connect (in /usr/lib64/psqlodbcw.so)
==63582==    by 0x6FB1D97: SQLConnect (in /usr/lib64/psqlodbcw.so)
==63582==    by 0x4E46B3F: SQLConnect (in /usr/lib64/libodbc.so.2.0.0)
==63582==    by 0x406579: CppODBC::Connect(char const*, char const*, char const*) (cpp_odbc.cpp:100)
==63582==    by 0x408D0F: sqlexec(std::vector<std::string, std::allocator<std::string> >, std::vector<int, std::allocator<int> >) (main.cpp:202)
==63582==    by 0x40AAE6: std::_Function_handler<void (std::vector<std::string, std::allocator<std::string> >, std::vector<int, std::allocator<int> >), void (*)(std::vector<std::string, std::allocator<std::string> >, std::vector<int, std::allocator<int> >)>::_M_invoke(std::_Any_data const&, std::vector<std::string, std::allocator<std::string> >, std::vector<int, std::allocator<int> >) (functional:2071)
==63582== 
==63582== 1 bytes in 1 blocks are still reachable in loss record 90 of 677
==63582==    at 0x4C29F73: malloc (vg_replace_malloc.c:309)
==63582==    by 0x5FF2B89: strdup (in /usr/lib64/libc-2.17.so)
==63582==    by 0x767F89F: ??? (in /usr/lib64/libodbcinst.so.2.0.0)
==63582==    by 0x767FB5A: SQLGetPrivateProfileString (in /usr/lib64/libodbcinst.so.2.0.0)
==63582==    by 0x6FAEF09: getCommonDefaults (in /usr/lib64/psqlodbcw.so)
==63582==    by 0x6FB00C3: getDSNinfo (in /usr/lib64/psqlodbcw.so)
==63582==    by 0x6F7E8D7: PGAPI_Connect (in /usr/lib64/psqlodbcw.so)
==63582==    by 0x6FB1D97: SQLConnect (in /usr/lib64/psqlodbcw.so)
==63582==    by 0x4E46B3F: SQLConnect (in /usr/lib64/libodbc.so.2.0.0)
==63582==    by 0x406579: CppODBC::Connect(char const*, char const*, char const*) (cpp_odbc.cpp:100)
==63582==    by 0x408D0F: sqlexec(std::vector<std::string, std::allocator<std::string> >, std::vector<int, std::allocator<int> >) (main.cpp:202)
==63582==    by 0x40AAE6: std::_Function_handler<void (std::vector<std::string, std::allocator<std::string> >, std::vector<int, std::allocator<int> >), void (*)(std::vector<std::string, std::allocator<std::string> >, std::vector<int, std::allocator<int> >)>::_M_invoke(std::_Any_data const&, std::vector<std::string, std::allocator<std::string> >, std::vector<int, std::allocator<int> >) (functional:2071)
==63582== 
==63582== 1 bytes in 1 blocks are still reachable in loss record 91 of 677
==63582==    at 0x4C29F73: malloc (vg_replace_malloc.c:309)
==63582==    by 0x5FF2B89: strdup (in /usr/lib64/libc-2.17.so)
==63582==    by 0x767F84A: ??? (in /usr/lib64/libodbcinst.so.2.0.0)
==63582==    by 0x767FB5A: SQLGetPrivateProfileString (in /usr/lib64/libodbcinst.so.2.0.0)
==63582==    by 0x6FAEF09: getCommonDefaults (in /usr/lib64/psqlodbcw.so)
==63582==    by 0x6FB00C3: getDSNinfo (in /usr/lib64/psqlodbcw.so)
==63582==    by 0x6F7E8D7: PGAPI_Connect (in /usr/lib64/psqlodbcw.so)
==63582==    by 0x6FB1D97: SQLConnect (in /usr/lib64/psqlodbcw.so)
==63582==    by 0x4E46B3F: SQLConnect (in /usr/lib64/libodbc.so.2.0.0)
==63582==    by 0x406579: CppODBC::Connect(char const*, char const*, char const*) (cpp_odbc.cpp:100)
==63582==    by 0x408D0F: sqlexec(std::vector<std::string, std::allocator<std::string> >, std::vector<int, std::allocator<int> >) (main.cpp:202)
==63582==    by 0x40AAE6: std::_Function_handler<void (std::vector<std::string, std::allocator<std::string> >, std::vector<int, std::allocator<int> >), void (*)(std::vector<std::string, std::allocator<std::string> >, std::vector<int, std::allocator<int> >)>::_M_invoke(std::_Any_data const&, std::vector<std::string, std::allocator<std::string> >, std::vector<int, std::allocator<int> >) (functional:2071)
==63582== 
==63582== 1 bytes in 1 blocks are still reachable in loss record 92 of 677
==63582==    at 0x4C29F73: malloc (vg_replace_malloc.c:309)
==63582==    by 0x5FF2B89: strdup (in /usr/lib64/libc-2.17.so)
==63582==    by 0x767F89F: ??? (in /usr/lib64/libodbcinst.so.2.0.0)
==63582==    by 0x767FB5A: SQLGetPrivateProfileString (in /usr/lib64/libodbcinst.so.2.0.0)
==63582==    by 0x6FAF719: getCommonDefaults (in /usr/lib64/psqlodbcw.so)
==63582==    by 0x6FB00C3: getDSNinfo (in /usr/lib64/psqlodbcw.so)
==63582==    by 0x6F7E8D7: PGAPI_Connect (in /usr/lib64/psqlodbcw.so)
==63582==    by 0x6FB1D97: SQLConnect (in /usr/lib64/psqlodbcw.so)
==63582==    by 0x4E46B3F: SQLConnect (in /usr/lib64/libodbc.so.2.0.0)
==63582==    by 0x406579: CppODBC::Connect(char const*, char const*, char const*) (cpp_odbc.cpp:100)
==63582==    by 0x408D0F: sqlexec(std::vector<std::string, std::allocator<std::string> >, std::vector<int, std::allocator<int> >) (main.cpp:202)
==63582==    by 0x40AAE6: std::_Function_handler<void (std::vector<std::string, std::allocator<std::string> >, std::vector<int, std::allocator<int> >), void (*)(std::vector<std::string, std::allocator<std::string> >, std::vector<int, std::allocator<int> >)>::_M_invoke(std::_Any_data const&, std::vector<std::string, std::allocator<std::string> >, std::vector<int, std::allocator<int> >) (functional:2071)
==63582== 
==63582== 1 bytes in 1 blocks are still reachable in loss record 93 of 677
==63582==    at 0x4C29F73: malloc (vg_replace_malloc.c:309)
==63582==    by 0x5FF2B89: strdup (in /usr/lib64/libc-2.17.so)
==63582==    by 0x767F84A: ??? (in /usr/lib64/libodbcinst.so.2.0.0)
==63582==    by 0x767FB5A: SQLGetPrivateProfileString (in /usr/lib64/libodbcinst.so.2.0.0)
==63582==    by 0x6FAF719: getCommonDefaults (in /usr/lib64/psqlodbcw.so)
==63582==    by 0x6FB00C3: getDSNinfo (in /usr/lib64/psqlodbcw.so)
==63582==    by 0x6F7E8D7: PGAPI_Connect (in /usr/lib64/psqlodbcw.so)
==63582==    by 0x6FB1D97: SQLConnect (in /usr/lib64/psqlodbcw.so)
==63582==    by 0x4E46B3F: SQLConnect (in /usr/lib64/libodbc.so.2.0.0)
==63582==    by 0x406579: CppODBC::Connect(char const*, char const*, char const*) (cpp_odbc.cpp:100)
==63582==    by 0x408D0F: sqlexec(std::vector<std::string, std::allocator<std::string> >, std::vector<int, std::allocator<int> >) (main.cpp:202)
==63582==    by 0x40AAE6: std::_Function_handler<void (std::vector<std::string, std::allocator<std::string> >, std::vector<int, std::allocator<int> >), void (*)(std::vector<std::string, std::allocator<std::string> >, std::vector<int, std::allocator<int> >)>::_M_invoke(std::_Any_data const&, std::vector<std::string, std::allocator<std::string> >, std::vector<int, std::allocator<int> >) (functional:2071)
==63582== 
==63582== 2 bytes in 1 blocks are still reachable in loss record 94 of 677
==63582==    at 0x4C29F73: malloc (vg_replace_malloc.c:309)
==63582==    by 0x5FF2B89: strdup (in /usr/lib64/libc-2.17.so)
==63582==    by 0x4E84B0F: ??? (in /usr/lib64/libodbc.so.2.0.0)
==63582==    by 0x4E84DF9: ??? (in /usr/lib64/libodbc.so.2.0.0)
==63582==    by 0x4E4398D: ??? (in /usr/lib64/libodbc.so.2.0.0)
==63582==    by 0x4E46AF6: SQLConnect (in /usr/lib64/libodbc.so.2.0.0)
==63582==    by 0x406579: CppODBC::Connect(char const*, char const*, char const*) (cpp_odbc.cpp:100)
==63582==    by 0x408D0F: sqlexec(std::vector<std::string, std::allocator<std::string> >, std::vector<int, std::allocator<int> >) (main.cpp:202)
==63582==    by 0x40AAE6: std::_Function_handler<void (std::vector<std::string, std::allocator<std::string> >, std::vector<int, std::allocator<int> >), void (*)(std::vector<std::string, std::allocator<std::string> >, std::vector<int, std::allocator<int> >)>::_M_invoke(std::_Any_data const&, std::vector<std::string, std::allocator<std::string> >, std::vector<int, std::allocator<int> >) (functional:2071)
==63582==    by 0x40C9CE: operator() (functional:2471)
==63582==    by 0x40C9CE: thread_pool::worker() (thread_pool.cpp:127)
==63582==    by 0x57FB32F: ??? (in /usr/lib64/libstdc++.so.6.0.19)
==63582==    by 0x5531EA4: start_thread (in /usr/lib64/libpthread-2.17.so)
==63582== 
==63582== 2 bytes in 1 blocks are still reachable in loss record 95 of 677
==63582==    at 0x4C29F73: malloc (vg_replace_malloc.c:309)
==63582==    by 0x5FF2B89: strdup (in /usr/lib64/libc-2.17.so)
==63582==    by 0x4E84ABA: ??? (in /usr/lib64/libodbc.so.2.0.0)
==63582==    by 0x4E84DF9: ??? (in /usr/lib64/libodbc.so.2.0.0)
==63582==    by 0x4E4398D: ??? (in /usr/lib64/libodbc.so.2.0.0)
==63582==    by 0x4E46AF6: SQLConnect (in /usr/lib64/libodbc.so.2.0.0)
==63582==    by 0x406579: CppODBC::Connect(char const*, char const*, char const*) (cpp_odbc.cpp:100)
==63582==    by 0x408D0F: sqlexec(std::vector<std::string, std::allocator<std::string> >, std::vector<int, std::allocator<int> >) (main.cpp:202)
==63582==    by 0x40AAE6: std::_Function_handler<void (std::vector<std::string, std::allocator<std::string> >, std::vector<int, std::allocator<int> >), void (*)(std::vector<std::string, std::allocator<std::string> >, std::vector<int, std::allocator<int> >)>::_M_invoke(std::_Any_data const&, std::vector<std::string, std::allocator<std::string> >, std::vector<int, std::allocator<int> >) (functional:2071)
==63582==    by 0x40C9CE: operator() (functional:2471)
==63582==    by 0x40C9CE: thread_pool::worker() (thread_pool.cpp:127)
==63582==    by 0x57FB32F: ??? (in /usr/lib64/libstdc++.so.6.0.19)
==63582==    by 0x5531EA4: start_thread (in /usr/lib64/libpthread-2.17.so)
==63582== 
==63582== 2 bytes in 1 blocks are still reachable in loss record 96 of 677
==63582==    at 0x4C29F73: malloc (vg_replace_malloc.c:309)
==63582==    by 0x5FF2B89: strdup (in /usr/lib64/libc-2.17.so)
==63582==    by 0x4E84B0F: ??? (in /usr/lib64/libodbc.so.2.0.0)
==63582==    by 0x4E84DF9: ??? (in /usr/lib64/libodbc.so.2.0.0)
==63582==    by 0x4E439E4: ??? (in /usr/lib64/libodbc.so.2.0.0)
==63582==    by 0x4E46AF6: SQLConnect (in /usr/lib64/libodbc.so.2.0.0)
==63582==    by 0x406579: CppODBC::Connect(char const*, char const*, char const*) (cpp_odbc.cpp:100)
==63582==    by 0x408D0F: sqlexec(std::vector<std::string, std::allocator<std::string> >, std::vector<int, std::allocator<int> >) (main.cpp:202)
==63582==    by 0x40AAE6: std::_Function_handler<void (std::vector<std::string, std::allocator<std::string> >, std::vector<int, std::allocator<int> >), void (*)(std::vector<std::string, std::allocator<std::string> >, std::vector<int, std::allocator<int> >)>::_M_invoke(std::_Any_data const&, std::vector<std::string, std::allocator<std::string> >, std::vector<int, std::allocator<int> >) (functional:2071)
==63582==    by 0x40C9CE: operator() (functional:2471)
==63582==    by 0x40C9CE: thread_pool::worker() (thread_pool.cpp:127)
==63582==    by 0x57FB32F: ??? (in /usr/lib64/libstdc++.so.6.0.19)
==63582==    by 0x5531EA4: start_thread (in /usr/lib64/libpthread-2.17.so)
==63582== 
==63582== 2 bytes in 1 blocks are still reachable in loss record 97 of 677
==63582==    at 0x4C29F73: malloc (vg_replace_malloc.c:309)
==63582==    by 0x5FF2B89: strdup (in /usr/lib64/libc-2.17.so)
==63582==    by 0x4E84ABA: ??? (in /usr/lib64/libodbc.so.2.0.0)
==63582==    by 0x4E84DF9: ??? (in /usr/lib64/libodbc.so.2.0.0)
==63582==    by 0x4E439E4: ??? (in /usr/lib64/libodbc.so.2.0.0)
==63582==    by 0x4E46AF6: SQLConnect (in /usr/lib64/libodbc.so.2.0.0)
==63582==    by 0x406579: CppODBC::Connect(char const*, char const*, char const*) (cpp_odbc.cpp:100)
==63582==    by 0x408D0F: sqlexec(std::vector<std::string, std::allocator<std::string> >, std::vector<int, std::allocator<int> >) (main.cpp:202)
==63582==    by 0x40AAE6: std::_Function_handler<void (std::vector<std::string, std::allocator<std::string> >, std::vector<int, std::allocator<int> >), void (*)(std::vector<std::string, std::allocator<std::string> >, std::vector<int, std::allocator<int> >)>::_M_invoke(std::_Any_data const&, std::vector<std::string, std::allocator<std::string> >, std::vector<int, std::allocator<int> >) (functional:2071)
==63582==    by 0x40C9CE: operator() (functional:2471)
==63582==    by 0x40C9CE: thread_pool::worker() (thread_pool.cpp:127)
==63582==    by 0x57FB32F: ??? (in /usr/lib64/libstdc++.so.6.0.19)
==63582==    by 0x5531EA4: start_thread (in /usr/lib64/libpthread-2.17.so)
==63582== 
==63582== 2 bytes in 1 blocks are still reachable in loss record 98 of 677
==63582==    at 0x4C29F73: malloc (vg_replace_malloc.c:309)
==63582==    by 0x5FF2B89: strdup (in /usr/lib64/libc-2.17.so)
==63582==    by 0x4E84B0F: ??? (in /usr/lib64/libodbc.so.2.0.0)
==63582==    by 0x4E84DF9: ??? (in /usr/lib64/libodbc.so.2.0.0)
==63582==    by 0x4E43A20: ??? (in /usr/lib64/libodbc.so.2.0.0)
==63582==    by 0x4E46AF6: SQLConnect (in /usr/lib64/libodbc.so.2.0.0)
==63582==    by 0x406579: CppODBC::Connect(char const*, char const*, char const*) (cpp_odbc.cpp:100)
==63582==    by 0x408D0F: sqlexec(std::vector<std::string, std::allocator<std::string> >, std::vector<int, std::allocator<int> >) (main.cpp:202)
==63582==    by 0x40AAE6: std::_Function_handler<void (std::vector<std::string, std::allocator<std::string> >, std::vector<int, std::allocator<int> >), void (*)(std::vector<std::string, std::allocator<std::string> >, std::vector<int, std::allocator<int> >)>::_M_invoke(std::_Any_data const&, std::vector<std::string, std::allocator<std::string> >, std::vector<int, std::allocator<int> >) (functional:2071)
==63582==    by 0x40C9CE: operator() (functional:2471)
==63582==    by 0x40C9CE: thread_pool::worker() (thread_pool.cpp:127)
==63582==    by 0x57FB32F: ??? (in /usr/lib64/libstdc++.so.6.0.19)
==63582==    by 0x5531EA4: start_thread (in /usr/lib64/libpthread-2.17.so)
==63582== 
==63582== 2 bytes in 1 blocks are still reachable in loss record 99 of 677
==63582==    at 0x4C29F73: malloc (vg_replace_malloc.c:309)
==63582==    by 0x5FF2B89: strdup (in /usr/lib64/libc-2.17.so)
==63582==    by 0x4E84ABA: ??? (in /usr/lib64/libodbc.so.2.0.0)
==63582==    by 0x4E84DF9: ??? (in /usr/lib64/libodbc.so.2.0.0)
==63582==    by 0x4E43A20: ??? (in /usr/lib64/libodbc.so.2.0.0)
==63582==    by 0x4E46AF6: SQLConnect (in /usr/lib64/libodbc.so.2.0.0)
==63582==    by 0x406579: CppODBC::Connect(char const*, char const*, char const*) (cpp_odbc.cpp:100)
==63582==    by 0x408D0F: sqlexec(std::vector<std::string, std::allocator<std::string> >, std::vector<int, std::allocator<int> >) (main.cpp:202)
==63582==    by 0x40AAE6: std::_Function_handler<void (std::vector<std::string, std::allocator<std::string> >, std::vector<int, std::allocator<int> >), void (*)(std::vector<std::string, std::allocator<std::string> >, std::vector<int, std::allocator<int> >)>::_M_invoke(std::_Any_data const&, std::vector<std::string, std::allocator<std::string> >, std::vector<int, std::allocator<int> >) (functional:2071)
==63582==    by 0x40C9CE: operator() (functional:2471)
==63582==    by 0x40C9CE: thread_pool::worker() (thread_pool.cpp:127)
==63582==    by 0x57FB32F: ??? (in /usr/lib64/libstdc++.so.6.0.19)
==63582==    by 0x5531EA4: start_thread (in /usr/lib64/libpthread-2.17.so)
==63582== 
==63582== 2 bytes in 1 blocks are still reachable in loss record 100 of 677
==63582==    at 0x4C29F73: malloc (vg_replace_malloc.c:309)
==63582==    by 0x5FF2B89: strdup (in /usr/lib64/libc-2.17.so)
==63582==    by 0x4E84B0F: ??? (in /usr/lib64/libodbc.so.2.0.0)
==63582==    by 0x4E84DF9: ??? (in /usr/lib64/libodbc.so.2.0.0)
==63582==    by 0x4E43A5C: ??? (in /usr/lib64/libodbc.so.2.0.0)
==63582==    by 0x4E46AF6: SQLConnect (in /usr/lib64/libodbc.so.2.0.0)
==63582==    by 0x406579: CppODBC::Connect(char const*, char const*, char const*) (cpp_odbc.cpp:100)
==63582==    by 0x408D0F: sqlexec(std::vector<std::string, std::allocator<std::string> >, std::vector<int, std::allocator<int> >) (main.cpp:202)
==63582==    by 0x40AAE6: std::_Function_handler<void (std::vector<std::string, std::allocator<std::string> >, std::vector<int, std::allocator<int> >), void (*)(std::vector<std::string, std::allocator<std::string> >, std::vector<int, std::allocator<int> >)>::_M_invoke(std::_Any_data const&, std::vector<std::string, std::allocator<std::string> >, std::vector<int, std::allocator<int> >) (functional:2071)
==63582==    by 0x40C9CE: operator() (functional:2471)
==63582==    by 0x40C9CE: thread_pool::worker() (thread_pool.cpp:127)
==63582==    by 0x57FB32F: ??? (in /usr/lib64/libstdc++.so.6.0.19)
==63582==    by 0x5531EA4: start_thread (in /usr/lib64/libpthread-2.17.so)
==63582== 
==63582== 2 bytes in 1 blocks are still reachable in loss record 101 of 677
==63582==    at 0x4C29F73: malloc (vg_replace_malloc.c:309)
==63582==    by 0x5FF2B89: strdup (in /usr/lib64/libc-2.17.so)
==63582==    by 0x4E84ABA: ??? (in /usr/lib64/libodbc.so.2.0.0)
==63582==    by 0x4E84DF9: ??? (in /usr/lib64/libodbc.so.2.0.0)
==63582==    by 0x4E43A5C: ??? (in /usr/lib64/libodbc.so.2.0.0)
==63582==    by 0x4E46AF6: SQLConnect (in /usr/lib64/libodbc.so.2.0.0)
==63582==    by 0x406579: CppODBC::Connect(char const*, char const*, char const*) (cpp_odbc.cpp:100)
==63582==    by 0x408D0F: sqlexec(std::vector<std::string, std::allocator<std::string> >, std::vector<int, std::allocator<int> >) (main.cpp:202)
==63582==    by 0x40AAE6: std::_Function_handler<void (std::vector<std::string, std::allocator<std::string> >, std::vector<int, std::allocator<int> >), void (*)(std::vector<std::string, std::allocator<std::string> >, std::vector<int, std::allocator<int> >)>::_M_invoke(std::_Any_data const&, std::vector<std::string, std::allocator<std::string> >, std::vector<int, std::allocator<int> >) (functional:2071)
==63582==    by 0x40C9CE: operator() (functional:2471)
==63582==    by 0x40C9CE: thread_pool::worker() (thread_pool.cpp:127)
==63582==    by 0x57FB32F: ??? (in /usr/lib64/libstdc++.so.6.0.19)
==63582==    by 0x5531EA4: start_thread (in /usr/lib64/libpthread-2.17.so)
==63582== 
==63582== 2 bytes in 1 blocks are still reachable in loss record 102 of 677
==63582==    at 0x4C29F73: malloc (vg_replace_malloc.c:309)
==63582==    by 0x5FF2B89: strdup (in /usr/lib64/libc-2.17.so)
==63582==    by 0x4E84B0F: ??? (in /usr/lib64/libodbc.so.2.0.0)
==63582==    by 0x4E84DF9: ??? (in /usr/lib64/libodbc.so.2.0.0)
==63582==    by 0x4E43AA0: ??? (in /usr/lib64/libodbc.so.2.0.0)
==63582==    by 0x4E46AF6: SQLConnect (in /usr/lib64/libodbc.so.2.0.0)
==63582==    by 0x406579: CppODBC::Connect(char const*, char const*, char const*) (cpp_odbc.cpp:100)
==63582==    by 0x408D0F: sqlexec(std::vector<std::string, std::allocator<std::string> >, std::vector<int, std::allocator<int> >) (main.cpp:202)
==63582==    by 0x40AAE6: std::_Function_handler<void (std::vector<std::string, std::allocator<std::string> >, std::vector<int, std::allocator<int> >), void (*)(std::vector<std::string, std::allocator<std::string> >, std::vector<int, std::allocator<int> >)>::_M_invoke(std::_Any_data const&, std::vector<std::string, std::allocator<std::string> >, std::vector<int, std::allocator<int> >) (functional:2071)
==63582==    by 0x40C9CE: operator() (functional:2471)
==63582==    by 0x40C9CE: thread_pool::worker() (thread_pool.cpp:127)
==63582==    by 0x57FB32F: ??? (in /usr/lib64/libstdc++.so.6.0.19)
==63582==    by 0x5531EA4: start_thread (in /usr/lib64/libpthread-2.17.so)
==63582== 
==63582== 2 bytes in 1 blocks are still reachable in loss record 103 of 677
==63582==    at 0x4C29F73: malloc (vg_replace_malloc.c:309)
==63582==    by 0x5FF2B89: strdup (in /usr/lib64/libc-2.17.so)
==63582==    by 0x4E84ABA: ??? (in /usr/lib64/libodbc.so.2.0.0)
==63582==    by 0x4E84DF9: ??? (in /usr/lib64/libodbc.so.2.0.0)
==63582==    by 0x4E43AA0: ??? (in /usr/lib64/libodbc.so.2.0.0)
==63582==    by 0x4E46AF6: SQLConnect (in /usr/lib64/libodbc.so.2.0.0)
==63582==    by 0x406579: CppODBC::Connect(char const*, char const*, char const*) (cpp_odbc.cpp:100)
==63582==    by 0x408D0F: sqlexec(std::vector<std::string, std::allocator<std::string> >, std::vector<int, std::allocator<int> >) (main.cpp:202)
==63582==    by 0x40AAE6: std::_Function_handler<void (std::vector<std::string, std::allocator<std::string> >, std::vector<int, std::allocator<int> >), void (*)(std::vector<std::string, std::allocator<std::string> >, std::vector<int, std::allocator<int> >)>::_M_invoke(std::_Any_data const&, std::vector<std::string, std::allocator<std::string> >, std::vector<int, std::allocator<int> >) (functional:2071)
==63582==    by 0x40C9CE: operator() (functional:2471)
==63582==    by 0x40C9CE: thread_pool::worker() (thread_pool.cpp:127)
==63582==    by 0x57FB32F: ??? (in /usr/lib64/libstdc++.so.6.0.19)
==63582==    by 0x5531EA4: start_thread (in /usr/lib64/libpthread-2.17.so)
==63582== 
==63582== 2 bytes in 1 blocks are still reachable in loss record 104 of 677
==63582==    at 0x4C29F73: malloc (vg_replace_malloc.c:309)
==63582==    by 0x5FF2B89: strdup (in /usr/lib64/libc-2.17.so)
==63582==    by 0x4E84B0F: ??? (in /usr/lib64/libodbc.so.2.0.0)
==63582==    by 0x4E84DF9: ??? (in /usr/lib64/libodbc.so.2.0.0)
==63582==    by 0x4E43ADC: ??? (in /usr/lib64/libodbc.so.2.0.0)
==63582==    by 0x4E46AF6: SQLConnect (in /usr/lib64/libodbc.so.2.0.0)
==63582==    by 0x406579: CppODBC::Connect(char const*, char const*, char const*) (cpp_odbc.cpp:100)
==63582==    by 0x408D0F: sqlexec(std::vector<std::string, std::allocator<std::string> >, std::vector<int, std::allocator<int> >) (main.cpp:202)
==63582==    by 0x40AAE6: std::_Function_handler<void (std::vector<std::string, std::allocator<std::string> >, std::vector<int, std::allocator<int> >), void (*)(std::vector<std::string, std::allocator<std::string> >, std::vector<int, std::allocator<int> >)>::_M_invoke(std::_Any_data const&, std::vector<std::string, std::allocator<std::string> >, std::vector<int, std::allocator<int> >) (functional:2071)
==63582==    by 0x40C9CE: operator() (functional:2471)
==63582==    by 0x40C9CE: thread_pool::worker() (thread_pool.cpp:127)
==63582==    by 0x57FB32F: ??? (in /usr/lib64/libstdc++.so.6.0.19)
==63582==    by 0x5531EA4: start_thread (in /usr/lib64/libpthread-2.17.so)
==63582== 
==63582== 2 bytes in 1 blocks are still reachable in loss record 105 of 677
==63582==    at 0x4C29F73: malloc (vg_replace_malloc.c:309)
==63582==    by 0x5FF2B89: strdup (in /usr/lib64/libc-2.17.so)
==63582==    by 0x4E84ABA: ??? (in /usr/lib64/libodbc.so.2.0.0)
==63582==    by 0x4E84DF9: ??? (in /usr/lib64/libodbc.so.2.0.0)
==63582==    by 0x4E43ADC: ??? (in /usr/lib64/libodbc.so.2.0.0)
==63582==    by 0x4E46AF6: SQLConnect (in /usr/lib64/libodbc.so.2.0.0)
==63582==    by 0x406579: CppODBC::Connect(char const*, char const*, char const*) (cpp_odbc.cpp:100)
==63582==    by 0x408D0F: sqlexec(std::vector<std::string, std::allocator<std::string> >, std::vector<int, std::allocator<int> >) (main.cpp:202)
==63582==    by 0x40AAE6: std::_Function_handler<void (std::vector<std::string, std::allocator<std::string> >, std::vector<int, std::allocator<int> >), void (*)(std::vector<std::string, std::allocator<std::string> >, std::vector<int, std::allocator<int> >)>::_M_invoke(std::_Any_data const&, std::vector<std::string, std::allocator<std::string> >, std::vector<int, std::allocator<int> >) (functional:2071)
==63582==    by 0x40C9CE: operator() (functional:2471)
==63582==    by 0x40C9CE: thread_pool::worker() (thread_pool.cpp:127)
==63582==    by 0x57FB32F: ??? (in /usr/lib64/libstdc++.so.6.0.19)
==63582==    by 0x5531EA4: start_thread (in /usr/lib64/libpthread-2.17.so)
==63582== 
==63582== 2 bytes in 1 blocks are still reachable in loss record 106 of 677
==63582==    at 0x4C29F73: malloc (vg_replace_malloc.c:309)
==63582==    by 0x5FF2B89: strdup (in /usr/lib64/libc-2.17.so)
==63582==    by 0x4E84B0F: ??? (in /usr/lib64/libodbc.so.2.0.0)
==63582==    by 0x4E84DF9: ??? (in /usr/lib64/libodbc.so.2.0.0)
==63582==    by 0x4E43B60: ??? (in /usr/lib64/libodbc.so.2.0.0)
==63582==    by 0x4E46AF6: SQLConnect (in /usr/lib64/libodbc.so.2.0.0)
==63582==    by 0x406579: CppODBC::Connect(char const*, char const*, char const*) (cpp_odbc.cpp:100)
==63582==    by 0x408D0F: sqlexec(std::vector<std::string, std::allocator<std::string> >, std::vector<int, std::allocator<int> >) (main.cpp:202)
==63582==    by 0x40AAE6: std::_Function_handler<void (std::vector<std::string, std::allocator<std::string> >, std::vector<int, std::allocator<int> >), void (*)(std::vector<std::string, std::allocator<std::string> >, std::vector<int, std::allocator<int> >)>::_M_invoke(std::_Any_data const&, std::vector<std::string, std::allocator<std::string> >, std::vector<int, std::allocator<int> >) (functional:2071)
==63582==    by 0x40C9CE: operator() (functional:2471)
==63582==    by 0x40C9CE: thread_pool::worker() (thread_pool.cpp:127)
==63582==    by 0x57FB32F: ??? (in /usr/lib64/libstdc++.so.6.0.19)
==63582==    by 0x5531EA4: start_thread (in /usr/lib64/libpthread-2.17.so)
==63582== 
==63582== 2 bytes in 1 blocks are still reachable in loss record 107 of 677
==63582==    at 0x4C29F73: malloc (vg_replace_malloc.c:309)
==63582==    by 0x5FF2B89: strdup (in /usr/lib64/libc-2.17.so)
==63582==    by 0x4E84ABA: ??? (in /usr/lib64/libodbc.so.2.0.0)
==63582==    by 0x4E84DF9: ??? (in /usr/lib64/libodbc.so.2.0.0)
==63582==    by 0x4E43B60: ??? (in /usr/lib64/libodbc.so.2.0.0)
==63582==    by 0x4E46AF6: SQLConnect (in /usr/lib64/libodbc.so.2.0.0)
==63582==    by 0x406579: CppODBC::Connect(char const*, char const*, char const*) (cpp_odbc.cpp:100)
==63582==    by 0x408D0F: sqlexec(std::vector<std::string, std::allocator<std::string> >, std::vector<int, std::allocator<int> >) (main.cpp:202)
==63582==    by 0x40AAE6: std::_Function_handler<void (std::vector<std::string, std::allocator<std::string> >, std::vector<int, std::allocator<int> >), void (*)(std::vector<std::string, std::allocator<std::string> >, std::vector<int, std::allocator<int> >)>::_M_invoke(std::_Any_data const&, std::vector<std::string, std::allocator<std::string> >, std::vector<int, std::allocator<int> >) (functional:2071)
==63582==    by 0x40C9CE: operator() (functional:2471)
==63582==    by 0x40C9CE: thread_pool::worker() (thread_pool.cpp:127)
==63582==    by 0x57FB32F: ??? (in /usr/lib64/libstdc++.so.6.0.19)
==63582==    by 0x5531EA4: start_thread (in /usr/lib64/libpthread-2.17.so)
==63582== 
==63582== 2 bytes in 1 blocks are still reachable in loss record 108 of 677
==63582==    at 0x4C29F73: malloc (vg_replace_malloc.c:309)
==63582==    by 0x5FF2B89: strdup (in /usr/lib64/libc-2.17.so)
==63582==    by 0x4E84B0F: ??? (in /usr/lib64/libodbc.so.2.0.0)
==63582==    by 0x4E84DF9: ??? (in /usr/lib64/libodbc.so.2.0.0)
==63582==    by 0x4E3E35E: ??? (in /usr/lib64/libodbc.so.2.0.0)
==63582==    by 0x4063CF: CppODBC::Open() (cpp_odbc.cpp:43)
==63582==    by 0x408C69: sqlexec(std::vector<std::string, std::allocator<std::string> >, std::vector<int, std::allocator<int> >) (main.cpp:190)
==63582==    by 0x40AAE6: std::_Function_handler<void (std::vector<std::string, std::allocator<std::string> >, std::vector<int, std::allocator<int> >), void (*)(std::vector<std::string, std::allocator<std::string> >, std::vector<int, std::allocator<int> >)>::_M_invoke(std::_Any_data const&, std::vector<std::string, std::allocator<std::string> >, std::vector<int, std::allocator<int> >) (functional:2071)
==63582==    by 0x40C9CE: operator() (functional:2471)
==63582==    by 0x40C9CE: thread_pool::worker() (thread_pool.cpp:127)
==63582==    by 0x57FB32F: ??? (in /usr/lib64/libstdc++.so.6.0.19)
==63582==    by 0x5531EA4: start_thread (in /usr/lib64/libpthread-2.17.so)
==63582==    by 0x6064B0C: clone (in /usr/lib64/libc-2.17.so)
==63582== 
==63582== 2 bytes in 1 blocks are still reachable in loss record 109 of 677
==63582==    at 0x4C29F73: malloc (vg_replace_malloc.c:309)
==63582==    by 0x5FF2B89: strdup (in /usr/lib64/libc-2.17.so)
==63582==    by 0x4E84ABA: ??? (in /usr/lib64/libodbc.so.2.0.0)
==63582==    by 0x4E84DF9: ??? (in /usr/lib64/libodbc.so.2.0.0)
==63582==    by 0x4E3E35E: ??? (in /usr/lib64/libodbc.so.2.0.0)
==63582==    by 0x4063CF: CppODBC::Open() (cpp_odbc.cpp:43)
==63582==    by 0x408C69: sqlexec(std::vector<std::string, std::allocator<std::string> >, std::vector<int, std::allocator<int> >) (main.cpp:190)
==63582==    by 0x40AAE6: std::_Function_handler<void (std::vector<std::string, std::allocator<std::string> >, std::vector<int, std::allocator<int> >), void (*)(std::vector<std::string, std::allocator<std::string> >, std::vector<int, std::allocator<int> >)>::_M_invoke(std::_Any_data const&, std::vector<std::string, std::allocator<std::string> >, std::vector<int, std::allocator<int> >) (functional:2071)
==63582==    by 0x40C9CE: operator() (functional:2471)
==63582==    by 0x40C9CE: thread_pool::worker() (thread_pool.cpp:127)
==63582==    by 0x57FB32F: ??? (in /usr/lib64/libstdc++.so.6.0.19)
==63582==    by 0x5531EA4: start_thread (in /usr/lib64/libpthread-2.17.so)
==63582==    by 0x6064B0C: clone (in /usr/lib64/libc-2.17.so)
==63582== 
==63582== 2 bytes in 1 blocks are still reachable in loss record 110 of 677
==63582==    at 0x4C29F73: malloc (vg_replace_malloc.c:309)
==63582==    by 0x5FF2B89: strdup (in /usr/lib64/libc-2.17.so)
==63582==    by 0x767F89F: ??? (in /usr/lib64/libodbcinst.so.2.0.0)
==63582==    by 0x767FB5A: SQLGetPrivateProfileString (in /usr/lib64/libodbcinst.so.2.0.0)
==63582==    by 0x6FB02A1: getDSNinfo (in /usr/lib64/psqlodbcw.so)
==63582==    by 0x6F7E8D7: PGAPI_Connect (in /usr/lib64/psqlodbcw.so)
==63582==    by 0x6FB1D97: SQLConnect (in /usr/lib64/psqlodbcw.so)
==63582==    by 0x4E46B3F: SQLConnect (in /usr/lib64/libodbc.so.2.0.0)
==63582==    by 0x406579: CppODBC::Connect(char const*, char const*, char const*) (cpp_odbc.cpp:100)
==63582==    by 0x408D0F: sqlexec(std::vector<std::string, std::allocator<std::string> >, std::vector<int, std::allocator<int> >) (main.cpp:202)
==63582==    by 0x40AAE6: std::_Function_handler<void (std::vector<std::string, std::allocator<std::string> >, std::vector<int, std::allocator<int> >), void (*)(std::vector<std::string, std::allocator<std::string> >, std::vector<int, std::allocator<int> >)>::_M_invoke(std::_Any_data const&, std::vector<std::string, std::allocator<std::string> >, std::vector<int, std::allocator<int> >) (functional:2071)
==63582==    by 0x40C9CE: operator() (functional:2471)
==63582==    by 0x40C9CE: thread_pool::worker() (thread_pool.cpp:127)
==63582== 
==63582== 3 bytes in 1 blocks are still reachable in loss record 111 of 677
==63582==    at 0x4C29F73: malloc (vg_replace_malloc.c:309)
==63582==    by 0x5FF2B89: strdup (in /usr/lib64/libc-2.17.so)
==63582==    by 0x4E84B0F: ??? (in /usr/lib64/libodbc.so.2.0.0)
==63582==    by 0x4E84DF9: ??? (in /usr/lib64/libodbc.so.2.0.0)
==63582==    by 0x4E442F1: ??? (in /usr/lib64/libodbc.so.2.0.0)
==63582==    by 0x4E46AF6: SQLConnect (in /usr/lib64/libodbc.so.2.0.0)
==63582==    by 0x406579: CppODBC::Connect(char const*, char const*, char const*) (cpp_odbc.cpp:100)
==63582==    by 0x408D0F: sqlexec(std::vector<std::string, std::allocator<std::string> >, std::vector<int, std::allocator<int> >) (main.cpp:202)
==63582==    by 0x40AAE6: std::_Function_handler<void (std::vector<std::string, std::allocator<std::string> >, std::vector<int, std::allocator<int> >), void (*)(std::vector<std::string, std::allocator<std::string> >, std::vector<int, std::allocator<int> >)>::_M_invoke(std::_Any_data const&, std::vector<std::string, std::allocator<std::string> >, std::vector<int, std::allocator<int> >) (functional:2071)
==63582==    by 0x40C9CE: operator() (functional:2471)
==63582==    by 0x40C9CE: thread_pool::worker() (thread_pool.cpp:127)
==63582==    by 0x57FB32F: ??? (in /usr/lib64/libstdc++.so.6.0.19)
==63582==    by 0x5531EA4: start_thread (in /usr/lib64/libpthread-2.17.so)
==63582== 
==63582== 3 bytes in 1 blocks are still reachable in loss record 112 of 677
==63582==    at 0x4C29F73: malloc (vg_replace_malloc.c:309)
==63582==    by 0x5FF2B89: strdup (in /usr/lib64/libc-2.17.so)
==63582==    by 0x4E84ABA: ??? (in /usr/lib64/libodbc.so.2.0.0)
==63582==    by 0x4E84DF9: ??? (in /usr/lib64/libodbc.so.2.0.0)
==63582==    by 0x4E442F1: ??? (in /usr/lib64/libodbc.so.2.0.0)
==63582==    by 0x4E46AF6: SQLConnect (in /usr/lib64/libodbc.so.2.0.0)
==63582==    by 0x406579: CppODBC::Connect(char const*, char const*, char const*) (cpp_odbc.cpp:100)
==63582==    by 0x408D0F: sqlexec(std::vector<std::string, std::allocator<std::string> >, std::vector<int, std::allocator<int> >) (main.cpp:202)
==63582==    by 0x40AAE6: std::_Function_handler<void (std::vector<std::string, std::allocator<std::string> >, std::vector<int, std::allocator<int> >), void (*)(std::vector<std::string, std::allocator<std::string> >, std::vector<int, std::allocator<int> >)>::_M_invoke(std::_Any_data const&, std::vector<std::string, std::allocator<std::string> >, std::vector<int, std::allocator<int> >) (functional:2071)
==63582==    by 0x40C9CE: operator() (functional:2471)
==63582==    by 0x40C9CE: thread_pool::worker() (thread_pool.cpp:127)
==63582==    by 0x57FB32F: ??? (in /usr/lib64/libstdc++.so.6.0.19)
==63582==    by 0x5531EA4: start_thread (in /usr/lib64/libpthread-2.17.so)
==63582== 
==63582== 3 bytes in 1 blocks are still reachable in loss record 113 of 677
==63582==    at 0x4C29F73: malloc (vg_replace_malloc.c:309)
==63582==    by 0x5FF2B89: strdup (in /usr/lib64/libc-2.17.so)
==63582==    by 0x4E84B0F: ??? (in /usr/lib64/libodbc.so.2.0.0)
==63582==    by 0x4E84DF9: ??? (in /usr/lib64/libodbc.so.2.0.0)
==63582==    by 0x4E71D75: ??? (in /usr/lib64/libodbc.so.2.0.0)
==63582==    by 0x4E3E39C: ??? (in /usr/lib64/libodbc.so.2.0.0)
==63582==    by 0x4063CF: CppODBC::Open() (cpp_odbc.cpp:43)
==63582==    by 0x408C69: sqlexec(std::vector<std::string, std::allocator<std::string> >, std::vector<int, std::allocator<int> >) (main.cpp:190)
==63582==    by 0x40AAE6: std::_Function_handler<void (std::vector<std::string, std::allocator<std::string> >, std::vector<int, std::allocator<int> >), void (*)(std::vector<std::string, std::allocator<std::string> >, std::vector<int, std::allocator<int> >)>::_M_invoke(std::_Any_data const&, std::vector<std::string, std::allocator<std::string> >, std::vector<int, std::allocator<int> >) (functional:2071)
==63582==    by 0x40C9CE: operator() (functional:2471)
==63582==    by 0x40C9CE: thread_pool::worker() (thread_pool.cpp:127)
==63582==    by 0x57FB32F: ??? (in /usr/lib64/libstdc++.so.6.0.19)
==63582==    by 0x5531EA4: start_thread (in /usr/lib64/libpthread-2.17.so)
==63582== 
==63582== 3 bytes in 1 blocks are still reachable in loss record 114 of 677
==63582==    at 0x4C29F73: malloc (vg_replace_malloc.c:309)
==63582==    by 0x5FF2B89: strdup (in /usr/lib64/libc-2.17.so)
==63582==    by 0x4E84ABA: ??? (in /usr/lib64/libodbc.so.2.0.0)
==63582==    by 0x4E84DF9: ??? (in /usr/lib64/libodbc.so.2.0.0)
==63582==    by 0x4E71D75: ??? (in /usr/lib64/libodbc.so.2.0.0)
==63582==    by 0x4E3E39C: ??? (in /usr/lib64/libodbc.so.2.0.0)
==63582==    by 0x4063CF: CppODBC::Open() (cpp_odbc.cpp:43)
==63582==    by 0x408C69: sqlexec(std::vector<std::string, std::allocator<std::string> >, std::vector<int, std::allocator<int> >) (main.cpp:190)
==63582==    by 0x40AAE6: std::_Function_handler<void (std::vector<std::string, std::allocator<std::string> >, std::vector<int, std::allocator<int> >), void (*)(std::vector<std::string, std::allocator<std::string> >, std::vector<int, std::allocator<int> >)>::_M_invoke(std::_Any_data const&, std::vector<std::string, std::allocator<std::string> >, std::vector<int, std::allocator<int> >) (functional:2071)
==63582==    by 0x40C9CE: operator() (functional:2471)
==63582==    by 0x40C9CE: thread_pool::worker() (thread_pool.cpp:127)
==63582==    by 0x57FB32F: ??? (in /usr/lib64/libstdc++.so.6.0.19)
==63582==    by 0x5531EA4: start_thread (in /usr/lib64/libpthread-2.17.so)
==63582== 
==63582== 3 bytes in 1 blocks are still reachable in loss record 115 of 677
==63582==    at 0x4C29F73: malloc (vg_replace_malloc.c:309)
==63582==    by 0x5FF2B89: strdup (in /usr/lib64/libc-2.17.so)
==63582==    by 0x767F834: ??? (in /usr/lib64/libodbcinst.so.2.0.0)
==63582==    by 0x767FB5A: SQLGetPrivateProfileString (in /usr/lib64/libodbcinst.so.2.0.0)
==63582==    by 0x6FAFF8D: getDSNinfo (in /usr/lib64/psqlodbcw.so)
==63582==    by 0x6F7E8D7: PGAPI_Connect (in /usr/lib64/psqlodbcw.so)
==63582==    by 0x6FB1D97: SQLConnect (in /usr/lib64/psqlodbcw.so)
==63582==    by 0x4E46B3F: SQLConnect (in /usr/lib64/libodbc.so.2.0.0)
==63582==    by 0x406579: CppODBC::Connect(char const*, char const*, char const*) (cpp_odbc.cpp:100)
==63582==    by 0x408D0F: sqlexec(std::vector<std::string, std::allocator<std::string> >, std::vector<int, std::allocator<int> >) (main.cpp:202)
==63582==    by 0x40AAE6: std::_Function_handler<void (std::vector<std::string, std::allocator<std::string> >, std::vector<int, std::allocator<int> >), void (*)(std::vector<std::string, std::allocator<std::string> >, std::vector<int, std::allocator<int> >)>::_M_invoke(std::_Any_data const&, std::vector<std::string, std::allocator<std::string> >, std::vector<int, std::allocator<int> >) (functional:2071)
==63582==    by 0x40C9CE: operator() (functional:2471)
==63582==    by 0x40C9CE: thread_pool::worker() (thread_pool.cpp:127)
==63582== 
==63582== 3 bytes in 1 blocks are still reachable in loss record 116 of 677
==63582==    at 0x4C29F73: malloc (vg_replace_malloc.c:309)
==63582==    by 0x5FF2B89: strdup (in /usr/lib64/libc-2.17.so)
==63582==    by 0x767F834: ??? (in /usr/lib64/libodbcinst.so.2.0.0)
==63582==    by 0x767FB5A: SQLGetPrivateProfileString (in /usr/lib64/libodbcinst.so.2.0.0)
==63582==    by 0x6FB00A6: getDSNinfo (in /usr/lib64/psqlodbcw.so)
==63582==    by 0x6F7E8D7: PGAPI_Connect (in /usr/lib64/psqlodbcw.so)
==63582==    by 0x6FB1D97: SQLConnect (in /usr/lib64/psqlodbcw.so)
==63582==    by 0x4E46B3F: SQLConnect (in /usr/lib64/libodbc.so.2.0.0)
==63582==    by 0x406579: CppODBC::Connect(char const*, char const*, char const*) (cpp_odbc.cpp:100)
==63582==    by 0x408D0F: sqlexec(std::vector<std::string, std::allocator<std::string> >, std::vector<int, std::allocator<int> >) (main.cpp:202)
==63582==    by 0x40AAE6: std::_Function_handler<void (std::vector<std::string, std::allocator<std::string> >, std::vector<int, std::allocator<int> >), void (*)(std::vector<std::string, std::allocator<std::string> >, std::vector<int, std::allocator<int> >)>::_M_invoke(std::_Any_data const&, std::vector<std::string, std::allocator<std::string> >, std::vector<int, std::allocator<int> >) (functional:2071)
==63582==    by 0x40C9CE: operator() (functional:2471)
==63582==    by 0x40C9CE: thread_pool::worker() (thread_pool.cpp:127)
==63582== 
==63582== 4 bytes in 1 blocks are still reachable in loss record 117 of 677
==63582==    at 0x4C29F73: malloc (vg_replace_malloc.c:309)
==63582==    by 0x5FF2B89: strdup (in /usr/lib64/libc-2.17.so)
==63582==    by 0x767F834: ??? (in /usr/lib64/libodbcinst.so.2.0.0)
==63582==    by 0x767FB5A: SQLGetPrivateProfileString (in /usr/lib64/libodbcinst.so.2.0.0)
==63582==    by 0x6FAF539: getCommonDefaults (in /usr/lib64/psqlodbcw.so)
==63582==    by 0x6FB00C3: getDSNinfo (in /usr/lib64/psqlodbcw.so)
==63582==    by 0x6F7E8D7: PGAPI_Connect (in /usr/lib64/psqlodbcw.so)
==63582==    by 0x6FB1D97: SQLConnect (in /usr/lib64/psqlodbcw.so)
==63582==    by 0x4E46B3F: SQLConnect (in /usr/lib64/libodbc.so.2.0.0)
==63582==    by 0x406579: CppODBC::Connect(char const*, char const*, char const*) (cpp_odbc.cpp:100)
==63582==    by 0x408D0F: sqlexec(std::vector<std::string, std::allocator<std::string> >, std::vector<int, std::allocator<int> >) (main.cpp:202)
==63582==    by 0x40AAE6: std::_Function_handler<void (std::vector<std::string, std::allocator<std::string> >, std::vector<int, std::allocator<int> >), void (*)(std::vector<std::string, std::allocator<std::string> >, std::vector<int, std::allocator<int> >)>::_M_invoke(std::_Any_data const&, std::vector<std::string, std::allocator<std::string> >, std::vector<int, std::allocator<int> >) (functional:2071)
==63582== 
==63582== 4 bytes in 1 blocks are still reachable in loss record 118 of 677
==63582==    at 0x4C29F73: malloc (vg_replace_malloc.c:309)
==63582==    by 0x5FF2B89: strdup (in /usr/lib64/libc-2.17.so)
==63582==    by 0x767F89F: ??? (in /usr/lib64/libodbcinst.so.2.0.0)
==63582==    by 0x767FB5A: SQLGetPrivateProfileString (in /usr/lib64/libodbcinst.so.2.0.0)
==63582==    by 0x6FAF37A: getCommonDefaults (in /usr/lib64/psqlodbcw.so)
==63582==    by 0x6FB00C3: getDSNinfo (in /usr/lib64/psqlodbcw.so)
==63582==    by 0x6F7E8D7: PGAPI_Connect (in /usr/lib64/psqlodbcw.so)
==63582==    by 0x6FB1D97: SQLConnect (in /usr/lib64/psqlodbcw.so)
==63582==    by 0x4E46B3F: SQLConnect (in /usr/lib64/libodbc.so.2.0.0)
==63582==    by 0x406579: CppODBC::Connect(char const*, char const*, char const*) (cpp_odbc.cpp:100)
==63582==    by 0x408D0F: sqlexec(std::vector<std::string, std::allocator<std::string> >, std::vector<int, std::allocator<int> >) (main.cpp:202)
==63582==    by 0x40AAE6: std::_Function_handler<void (std::vector<std::string, std::allocator<std::string> >, std::vector<int, std::allocator<int> >), void (*)(std::vector<std::string, std::allocator<std::string> >, std::vector<int, std::allocator<int> >)>::_M_invoke(std::_Any_data const&, std::vector<std::string, std::allocator<std::string> >, std::vector<int, std::allocator<int> >) (functional:2071)
==63582== 
==63582== 4 bytes in 1 blocks are still reachable in loss record 119 of 677
==63582==    at 0x4C29F73: malloc (vg_replace_malloc.c:309)
==63582==    by 0x5FF2B89: strdup (in /usr/lib64/libc-2.17.so)
==63582==    by 0x767F84A: ??? (in /usr/lib64/libodbcinst.so.2.0.0)
==63582==    by 0x767FB5A: SQLGetPrivateProfileString (in /usr/lib64/libodbcinst.so.2.0.0)
==63582==    by 0x6FAF37A: getCommonDefaults (in /usr/lib64/psqlodbcw.so)
==63582==    by 0x6FB00C3: getDSNinfo (in /usr/lib64/psqlodbcw.so)
==63582==    by 0x6F7E8D7: PGAPI_Connect (in /usr/lib64/psqlodbcw.so)
==63582==    by 0x6FB1D97: SQLConnect (in /usr/lib64/psqlodbcw.so)
==63582==    by 0x4E46B3F: SQLConnect (in /usr/lib64/libodbc.so.2.0.0)
==63582==    by 0x406579: CppODBC::Connect(char const*, char const*, char const*) (cpp_odbc.cpp:100)
==63582==    by 0x408D0F: sqlexec(std::vector<std::string, std::allocator<std::string> >, std::vector<int, std::allocator<int> >) (main.cpp:202)
==63582==    by 0x40AAE6: std::_Function_handler<void (std::vector<std::string, std::allocator<std::string> >, std::vector<int, std::allocator<int> >), void (*)(std::vector<std::string, std::allocator<std::string> >, std::vector<int, std::allocator<int> >)>::_M_invoke(std::_Any_data const&, std::vector<std::string, std::allocator<std::string> >, std::vector<int, std::allocator<int> >) (functional:2071)
==63582== 
==63582== 5 bytes in 1 blocks are still reachable in loss record 120 of 677
==63582==    at 0x4C29F73: malloc (vg_replace_malloc.c:309)
==63582==    by 0x5FF2B89: strdup (in /usr/lib64/libc-2.17.so)
==63582==    by 0x6F78338: getParameterValues (in /usr/lib64/psqlodbcw.so)
==63582==    by 0x6F7D62F: ??? (in /usr/lib64/psqlodbcw.so)
==63582==    by 0x6F7E618: CC_connect (in /usr/lib64/psqlodbcw.so)
==63582==    by 0x6F7E998: PGAPI_Connect (in /usr/lib64/psqlodbcw.so)
==63582==    by 0x6FB1D97: SQLConnect (in /usr/lib64/psqlodbcw.so)
==63582==    by 0x4E46B3F: SQLConnect (in /usr/lib64/libodbc.so.2.0.0)
==63582==    by 0x406579: CppODBC::Connect(char const*, char const*, char const*) (cpp_odbc.cpp:100)
==63582==    by 0x4059D2: main (main.cpp:308)
==63582== 
==63582== 5 bytes in 1 blocks are still reachable in loss record 121 of 677
==63582==    at 0x4C29F73: malloc (vg_replace_malloc.c:309)
==63582==    by 0x5FF2B89: strdup (in /usr/lib64/libc-2.17.so)
==63582==    by 0x6F783A8: getParameterValues (in /usr/lib64/psqlodbcw.so)
==63582==    by 0x6F7B1DD: CC_send_query_append (in /usr/lib64/psqlodbcw.so)
==63582==    by 0x6FAAD71: SC_execute (in /usr/lib64/psqlodbcw.so)
==63582==    by 0x6F8A8AD: ??? (in /usr/lib64/psqlodbcw.so)
==63582==    by 0x6F8BBC2: PGAPI_Execute (in /usr/lib64/psqlodbcw.so)
==63582==    by 0x6F8C147: PGAPI_ExecDirect (in /usr/lib64/psqlodbcw.so)
==63582==    by 0x6F788B3: CC_send_settings (in /usr/lib64/psqlodbcw.so)
==63582==    by 0x6F7E30E: CC_connect (in /usr/lib64/psqlodbcw.so)
==63582==    by 0x6F7E998: PGAPI_Connect (in /usr/lib64/psqlodbcw.so)
==63582==    by 0x6FB1D97: SQLConnect (in /usr/lib64/psqlodbcw.so)
==63582== 
==63582== 5 bytes in 1 blocks are still reachable in loss record 122 of 677
==63582==    at 0x4C29F73: malloc (vg_replace_malloc.c:309)
==63582==    by 0x5FF2B89: strdup (in /usr/lib64/libc-2.17.so)
==63582==    by 0x6FB150D: CC_lookup_characterset (in /usr/lib64/psqlodbcw.so)
==63582==    by 0x6F7E577: CC_connect (in /usr/lib64/psqlodbcw.so)
==63582==    by 0x6F7E998: PGAPI_Connect (in /usr/lib64/psqlodbcw.so)
==63582==    by 0x6FB1D97: SQLConnect (in /usr/lib64/psqlodbcw.so)
==63582==    by 0x4E46B3F: SQLConnect (in /usr/lib64/libodbc.so.2.0.0)
==63582==    by 0x406579: CppODBC::Connect(char const*, char const*, char const*) (cpp_odbc.cpp:100)
==63582==    by 0x4059D2: main (main.cpp:308)
==63582== 
==63582== 5 bytes in 1 blocks are still reachable in loss record 123 of 677
==63582==    at 0x4C29F73: malloc (vg_replace_malloc.c:309)
==63582==    by 0x5FF2B89: strdup (in /usr/lib64/libc-2.17.so)
==63582==    by 0x4E84A93: ??? (in /usr/lib64/libodbc.so.2.0.0)
==63582==    by 0x4E84DF9: ??? (in /usr/lib64/libodbc.so.2.0.0)
==63582==    by 0x4E4398D: ??? (in /usr/lib64/libodbc.so.2.0.0)
==63582==    by 0x4E46AF6: SQLConnect (in /usr/lib64/libodbc.so.2.0.0)
==63582==    by 0x406579: CppODBC::Connect(char const*, char const*, char const*) (cpp_odbc.cpp:100)
==63582==    by 0x408D0F: sqlexec(std::vector<std::string, std::allocator<std::string> >, std::vector<int, std::allocator<int> >) (main.cpp:202)
==63582==    by 0x40AAE6: std::_Function_handler<void (std::vector<std::string, std::allocator<std::string> >, std::vector<int, std::allocator<int> >), void (*)(std::vector<std::string, std::allocator<std::string> >, std::vector<int, std::allocator<int> >)>::_M_invoke(std::_Any_data const&, std::vector<std::string, std::allocator<std::string> >, std::vector<int, std::allocator<int> >) (functional:2071)
==63582==    by 0x40C9CE: operator() (functional:2471)
==63582==    by 0x40C9CE: thread_pool::worker() (thread_pool.cpp:127)
==63582==    by 0x57FB32F: ??? (in /usr/lib64/libstdc++.so.6.0.19)
==63582==    by 0x5531EA4: start_thread (in /usr/lib64/libpthread-2.17.so)
==63582== 
==63582== 5 bytes in 1 blocks are still reachable in loss record 124 of 677
==63582==    at 0x4C29F73: malloc (vg_replace_malloc.c:309)
==63582==    by 0x5FF2B89: strdup (in /usr/lib64/libc-2.17.so)
==63582==    by 0x4E84A93: ??? (in /usr/lib64/libodbc.so.2.0.0)
==63582==    by 0x4E84DF9: ??? (in /usr/lib64/libodbc.so.2.0.0)
==63582==    by 0x4E3E35E: ??? (in /usr/lib64/libodbc.so.2.0.0)
==63582==    by 0x4063CF: CppODBC::Open() (cpp_odbc.cpp:43)
==63582==    by 0x408C69: sqlexec(std::vector<std::string, std::allocator<std::string> >, std::vector<int, std::allocator<int> >) (main.cpp:190)
==63582==    by 0x40AAE6: std::_Function_handler<void (std::vector<std::string, std::allocator<std::string> >, std::vector<int, std::allocator<int> >), void (*)(std::vector<std::string, std::allocator<std::string> >, std::vector<int, std::allocator<int> >)>::_M_invoke(std::_Any_data const&, std::vector<std::string, std::allocator<std::string> >, std::vector<int, std::allocator<int> >) (functional:2071)
==63582==    by 0x40C9CE: operator() (functional:2471)
==63582==    by 0x40C9CE: thread_pool::worker() (thread_pool.cpp:127)
==63582==    by 0x57FB32F: ??? (in /usr/lib64/libstdc++.so.6.0.19)
==63582==    by 0x5531EA4: start_thread (in /usr/lib64/libpthread-2.17.so)
==63582==    by 0x6064B0C: clone (in /usr/lib64/libc-2.17.so)
==63582== 
==63582== 5 bytes in 1 blocks are still reachable in loss record 125 of 677
==63582==    at 0x4C29F73: malloc (vg_replace_malloc.c:309)
==63582==    by 0x5FF2B89: strdup (in /usr/lib64/libc-2.17.so)
==63582==    by 0x4E84A93: ??? (in /usr/lib64/libodbc.so.2.0.0)
==63582==    by 0x4E84DF9: ??? (in /usr/lib64/libodbc.so.2.0.0)
==63582==    by 0x4E71D75: ??? (in /usr/lib64/libodbc.so.2.0.0)
==63582==    by 0x4E3E39C: ??? (in /usr/lib64/libodbc.so.2.0.0)
==63582==    by 0x4063CF: CppODBC::Open() (cpp_odbc.cpp:43)
==63582==    by 0x408C69: sqlexec(std::vector<std::string, std::allocator<std::string> >, std::vector<int, std::allocator<int> >) (main.cpp:190)
==63582==    by 0x40AAE6: std::_Function_handler<void (std::vector<std::string, std::allocator<std::string> >, std::vector<int, std::allocator<int> >), void (*)(std::vector<std::string, std::allocator<std::string> >, std::vector<int, std::allocator<int> >)>::_M_invoke(std::_Any_data const&, std::vector<std::string, std::allocator<std::string> >, std::vector<int, std::allocator<int> >) (functional:2071)
==63582==    by 0x40C9CE: operator() (functional:2471)
==63582==    by 0x40C9CE: thread_pool::worker() (thread_pool.cpp:127)
==63582==    by 0x57FB32F: ??? (in /usr/lib64/libstdc++.so.6.0.19)
==63582==    by 0x5531EA4: start_thread (in /usr/lib64/libpthread-2.17.so)
==63582== 
==63582== 5 bytes in 1 blocks are still reachable in loss record 126 of 677
==63582==    at 0x4C29F73: malloc (vg_replace_malloc.c:309)
==63582==    by 0x5FF2B89: strdup (in /usr/lib64/libc-2.17.so)
==63582==    by 0x767F834: ??? (in /usr/lib64/libodbcinst.so.2.0.0)
==63582==    by 0x767FB5A: SQLGetPrivateProfileString (in /usr/lib64/libodbcinst.so.2.0.0)
==63582==    by 0x6FAFCF9: getDSNinfo (in /usr/lib64/psqlodbcw.so)
==63582==    by 0x6F7E8D7: PGAPI_Connect (in /usr/lib64/psqlodbcw.so)
==63582==    by 0x6FB1D97: SQLConnect (in /usr/lib64/psqlodbcw.so)
==63582==    by 0x4E46B3F: SQLConnect (in /usr/lib64/libodbc.so.2.0.0)
==63582==    by 0x406579: CppODBC::Connect(char const*, char const*, char const*) (cpp_odbc.cpp:100)
==63582==    by 0x408D0F: sqlexec(std::vector<std::string, std::allocator<std::string> >, std::vector<int, std::allocator<int> >) (main.cpp:202)
==63582==    by 0x40AAE6: std::_Function_handler<void (std::vector<std::string, std::allocator<std::string> >, std::vector<int, std::allocator<int> >), void (*)(std::vector<std::string, std::allocator<std::string> >, std::vector<int, std::allocator<int> >)>::_M_invoke(std::_Any_data const&, std::vector<std::string, std::allocator<std::string> >, std::vector<int, std::allocator<int> >) (functional:2071)
==63582==    by 0x40C9CE: operator() (functional:2471)
==63582==    by 0x40C9CE: thread_pool::worker() (thread_pool.cpp:127)
==63582== 
==63582== 5 bytes in 1 blocks are still reachable in loss record 127 of 677
==63582==    at 0x4C29F73: malloc (vg_replace_malloc.c:309)
==63582==    by 0x5FF2B89: strdup (in /usr/lib64/libc-2.17.so)
==63582==    by 0x767F89F: ??? (in /usr/lib64/libodbcinst.so.2.0.0)
==63582==    by 0x767FB5A: SQLGetPrivateProfileString (in /usr/lib64/libodbcinst.so.2.0.0)
==63582==    by 0x6FAFCF9: getDSNinfo (in /usr/lib64/psqlodbcw.so)
==63582==    by 0x6F7E8D7: PGAPI_Connect (in /usr/lib64/psqlodbcw.so)
==63582==    by 0x6FB1D97: SQLConnect (in /usr/lib64/psqlodbcw.so)
==63582==    by 0x4E46B3F: SQLConnect (in /usr/lib64/libodbc.so.2.0.0)
==63582==    by 0x406579: CppODBC::Connect(char const*, char const*, char const*) (cpp_odbc.cpp:100)
==63582==    by 0x408D0F: sqlexec(std::vector<std::string, std::allocator<std::string> >, std::vector<int, std::allocator<int> >) (main.cpp:202)
==63582==    by 0x40AAE6: std::_Function_handler<void (std::vector<std::string, std::allocator<std::string> >, std::vector<int, std::allocator<int> >), void (*)(std::vector<std::string, std::allocator<std::string> >, std::vector<int, std::allocator<int> >)>::_M_invoke(std::_Any_data const&, std::vector<std::string, std::allocator<std::string> >, std::vector<int, std::allocator<int> >) (functional:2071)
==63582==    by 0x40C9CE: operator() (functional:2471)
==63582==    by 0x40C9CE: thread_pool::worker() (thread_pool.cpp:127)
==63582== 
==63582== 5 bytes in 1 blocks are still reachable in loss record 128 of 677
==63582==    at 0x4C29F73: malloc (vg_replace_malloc.c:309)
==63582==    by 0x5FF2B89: strdup (in /usr/lib64/libc-2.17.so)
==63582==    by 0x767F834: ??? (in /usr/lib64/libodbcinst.so.2.0.0)
==63582==    by 0x767FB5A: SQLGetPrivateProfileString (in /usr/lib64/libodbcinst.so.2.0.0)
==63582==    by 0x6FAECAA: getCommonDefaults (in /usr/lib64/psqlodbcw.so)
==63582==    by 0x6FB00C3: getDSNinfo (in /usr/lib64/psqlodbcw.so)
==63582==    by 0x6F7E8D7: PGAPI_Connect (in /usr/lib64/psqlodbcw.so)
==63582==    by 0x6FB1D97: SQLConnect (in /usr/lib64/psqlodbcw.so)
==63582==    by 0x4E46B3F: SQLConnect (in /usr/lib64/libodbc.so.2.0.0)
==63582==    by 0x406579: CppODBC::Connect(char const*, char const*, char const*) (cpp_odbc.cpp:100)
==63582==    by 0x408D0F: sqlexec(std::vector<std::string, std::allocator<std::string> >, std::vector<int, std::allocator<int> >) (main.cpp:202)
==63582==    by 0x40AAE6: std::_Function_handler<void (std::vector<std::string, std::allocator<std::string> >, std::vector<int, std::allocator<int> >), void (*)(std::vector<std::string, std::allocator<std::string> >, std::vector<int, std::allocator<int> >)>::_M_invoke(std::_Any_data const&, std::vector<std::string, std::allocator<std::string> >, std::vector<int, std::allocator<int> >) (functional:2071)
==63582== 
==63582== 6 bytes in 1 blocks are still reachable in loss record 129 of 677
==63582==    at 0x4C29F73: malloc (vg_replace_malloc.c:309)
==63582==    by 0x5FF2B89: strdup (in /usr/lib64/libc-2.17.so)
==63582==    by 0x6FABAA3: ??? (in /usr/lib64/psqlodbcw.so)
==63582==    by 0x6FAFA22: getDSNinfo (in /usr/lib64/psqlodbcw.so)
==63582==    by 0x6F7E8D7: PGAPI_Connect (in /usr/lib64/psqlodbcw.so)
==63582==    by 0x6FB1D97: SQLConnect (in /usr/lib64/psqlodbcw.so)
==63582==    by 0x4E46B3F: SQLConnect (in /usr/lib64/libodbc.so.2.0.0)
==63582==    by 0x406579: CppODBC::Connect(char const*, char const*, char const*) (cpp_odbc.cpp:100)
==63582==    by 0x4059D2: main (main.cpp:308)
==63582== 
==63582== 6 bytes in 1 blocks are still reachable in loss record 130 of 677
==63582==    at 0x4C29F73: malloc (vg_replace_malloc.c:309)
==63582==    by 0x5FF2B89: strdup (in /usr/lib64/libc-2.17.so)
==63582==    by 0x4E84AA4: ??? (in /usr/lib64/libodbc.so.2.0.0)
==63582==    by 0x4E84DF9: ??? (in /usr/lib64/libodbc.so.2.0.0)
==63582==    by 0x4E71D75: ??? (in /usr/lib64/libodbc.so.2.0.0)
==63582==    by 0x4E3E39C: ??? (in /usr/lib64/libodbc.so.2.0.0)
==63582==    by 0x4063CF: CppODBC::Open() (cpp_odbc.cpp:43)
==63582==    by 0x408C69: sqlexec(std::vector<std::string, std::allocator<std::string> >, std::vector<int, std::allocator<int> >) (main.cpp:190)
==63582==    by 0x40AAE6: std::_Function_handler<void (std::vector<std::string, std::allocator<std::string> >, std::vector<int, std::allocator<int> >), void (*)(std::vector<std::string, std::allocator<std::string> >, std::vector<int, std::allocator<int> >)>::_M_invoke(std::_Any_data const&, std::vector<std::string, std::allocator<std::string> >, std::vector<int, std::allocator<int> >) (functional:2071)
==63582==    by 0x40C9CE: operator() (functional:2471)
==63582==    by 0x40C9CE: thread_pool::worker() (thread_pool.cpp:127)
==63582==    by 0x57FB32F: ??? (in /usr/lib64/libstdc++.so.6.0.19)
==63582==    by 0x5531EA4: start_thread (in /usr/lib64/libpthread-2.17.so)
==63582== 
==63582== 6 bytes in 1 blocks are still reachable in loss record 131 of 677
==63582==    at 0x4C29F73: malloc (vg_replace_malloc.c:309)
==63582==    by 0x5FF2B89: strdup (in /usr/lib64/libc-2.17.so)
==63582==    by 0x4E84A93: ??? (in /usr/lib64/libodbc.so.2.0.0)
==63582==    by 0x4E84DCA: ??? (in /usr/lib64/libodbc.so.2.0.0)
==63582==    by 0x4E719F2: ??? (in /usr/lib64/libodbc.so.2.0.0)
==63582==    by 0x4E46ACA: SQLConnect (in /usr/lib64/libodbc.so.2.0.0)
==63582==    by 0x406579: CppODBC::Connect(char const*, char const*, char const*) (cpp_odbc.cpp:100)
==63582==    by 0x408D0F: sqlexec(std::vector<std::string, std::allocator<std::string> >, std::vector<int, std::allocator<int> >) (main.cpp:202)
==63582==    by 0x40AAE6: std::_Function_handler<void (std::vector<std::string, std::allocator<std::string> >, std::vector<int, std::allocator<int> >), void (*)(std::vector<std::string, std::allocator<std::string> >, std::vector<int, std::allocator<int> >)>::_M_invoke(std::_Any_data const&, std::vector<std::string, std::allocator<std::string> >, std::vector<int, std::allocator<int> >) (functional:2071)
==63582==    by 0x40C9CE: operator() (functional:2471)
==63582==    by 0x40C9CE: thread_pool::worker() (thread_pool.cpp:127)
==63582==    by 0x57FB32F: ??? (in /usr/lib64/libstdc++.so.6.0.19)
==63582==    by 0x5531EA4: start_thread (in /usr/lib64/libpthread-2.17.so)
==63582== 
==63582== 6 bytes in 1 blocks are still reachable in loss record 132 of 677
==63582==    at 0x4C29F73: malloc (vg_replace_malloc.c:309)
==63582==    by 0x5FF2B89: strdup (in /usr/lib64/libc-2.17.so)
==63582==    by 0x4E84A93: ??? (in /usr/lib64/libodbc.so.2.0.0)
==63582==    by 0x4E84DCA: ??? (in /usr/lib64/libodbc.so.2.0.0)
==63582==    by 0x4E71A2E: ??? (in /usr/lib64/libodbc.so.2.0.0)
==63582==    by 0x4E46ACA: SQLConnect (in /usr/lib64/libodbc.so.2.0.0)
==63582==    by 0x406579: CppODBC::Connect(char const*, char const*, char const*) (cpp_odbc.cpp:100)
==63582==    by 0x408D0F: sqlexec(std::vector<std::string, std::allocator<std::string> >, std::vector<int, std::allocator<int> >) (main.cpp:202)
==63582==    by 0x40AAE6: std::_Function_handler<void (std::vector<std::string, std::allocator<std::string> >, std::vector<int, std::allocator<int> >), void (*)(std::vector<std::string, std::allocator<std::string> >, std::vector<int, std::allocator<int> >)>::_M_invoke(std::_Any_data const&, std::vector<std::string, std::allocator<std::string> >, std::vector<int, std::allocator<int> >) (functional:2071)
==63582==    by 0x40C9CE: operator() (functional:2471)
==63582==    by 0x40C9CE: thread_pool::worker() (thread_pool.cpp:127)
==63582==    by 0x57FB32F: ??? (in /usr/lib64/libstdc++.so.6.0.19)
==63582==    by 0x5531EA4: start_thread (in /usr/lib64/libpthread-2.17.so)
==63582== 
==63582== 6 bytes in 1 blocks are still reachable in loss record 133 of 677
==63582==    at 0x4C29F73: malloc (vg_replace_malloc.c:309)
==63582==    by 0x5FF2B89: strdup (in /usr/lib64/libc-2.17.so)
==63582==    by 0x4E84A93: ??? (in /usr/lib64/libodbc.so.2.0.0)
==63582==    by 0x4E84DCA: ??? (in /usr/lib64/libodbc.so.2.0.0)
==63582==    by 0x4E467E5: ??? (in /usr/lib64/libodbc.so.2.0.0)
==63582==    by 0x4E46AE3: SQLConnect (in /usr/lib64/libodbc.so.2.0.0)
==63582==    by 0x406579: CppODBC::Connect(char const*, char const*, char const*) (cpp_odbc.cpp:100)
==63582==    by 0x408D0F: sqlexec(std::vector<std::string, std::allocator<std::string> >, std::vector<int, std::allocator<int> >) (main.cpp:202)
==63582==    by 0x40AAE6: std::_Function_handler<void (std::vector<std::string, std::allocator<std::string> >, std::vector<int, std::allocator<int> >), void (*)(std::vector<std::string, std::allocator<std::string> >, std::vector<int, std::allocator<int> >)>::_M_invoke(std::_Any_data const&, std::vector<std::string, std::allocator<std::string> >, std::vector<int, std::allocator<int> >) (functional:2071)
==63582==    by 0x40C9CE: operator() (functional:2471)
==63582==    by 0x40C9CE: thread_pool::worker() (thread_pool.cpp:127)
==63582==    by 0x57FB32F: ??? (in /usr/lib64/libstdc++.so.6.0.19)
==63582==    by 0x5531EA4: start_thread (in /usr/lib64/libpthread-2.17.so)
==63582== 
==63582== 6 bytes in 1 blocks are still reachable in loss record 134 of 677
==63582==    at 0x4C29F73: malloc (vg_replace_malloc.c:309)
==63582==    by 0x5FF2B89: strdup (in /usr/lib64/libc-2.17.so)
==63582==    by 0x4E84A93: ??? (in /usr/lib64/libodbc.so.2.0.0)
==63582==    by 0x4E84DCA: ??? (in /usr/lib64/libodbc.so.2.0.0)
==63582==    by 0x4E46818: ??? (in /usr/lib64/libodbc.so.2.0.0)
==63582==    by 0x4E46AE3: SQLConnect (in /usr/lib64/libodbc.so.2.0.0)
==63582==    by 0x406579: CppODBC::Connect(char const*, char const*, char const*) (cpp_odbc.cpp:100)
==63582==    by 0x408D0F: sqlexec(std::vector<std::string, std::allocator<std::string> >, std::vector<int, std::allocator<int> >) (main.cpp:202)
==63582==    by 0x40AAE6: std::_Function_handler<void (std::vector<std::string, std::allocator<std::string> >, std::vector<int, std::allocator<int> >), void (*)(std::vector<std::string, std::allocator<std::string> >, std::vector<int, std::allocator<int> >)>::_M_invoke(std::_Any_data const&, std::vector<std::string, std::allocator<std::string> >, std::vector<int, std::allocator<int> >) (functional:2071)
==63582==    by 0x40C9CE: operator() (functional:2471)
==63582==    by 0x40C9CE: thread_pool::worker() (thread_pool.cpp:127)
==63582==    by 0x57FB32F: ??? (in /usr/lib64/libstdc++.so.6.0.19)
==63582==    by 0x5531EA4: start_thread (in /usr/lib64/libpthread-2.17.so)
==63582== 
==63582== 6 bytes in 1 blocks are still reachable in loss record 135 of 677
==63582==    at 0x4C29F73: malloc (vg_replace_malloc.c:309)
==63582==    by 0x5FF2B89: strdup (in /usr/lib64/libc-2.17.so)
==63582==    by 0x4E84A93: ??? (in /usr/lib64/libodbc.so.2.0.0)
==63582==    by 0x4E84DCA: ??? (in /usr/lib64/libodbc.so.2.0.0)
==63582==    by 0x4E46848: ??? (in /usr/lib64/libodbc.so.2.0.0)
==63582==    by 0x4E46AE3: SQLConnect (in /usr/lib64/libodbc.so.2.0.0)
==63582==    by 0x406579: CppODBC::Connect(char const*, char const*, char const*) (cpp_odbc.cpp:100)
==63582==    by 0x408D0F: sqlexec(std::vector<std::string, std::allocator<std::string> >, std::vector<int, std::allocator<int> >) (main.cpp:202)
==63582==    by 0x40AAE6: std::_Function_handler<void (std::vector<std::string, std::allocator<std::string> >, std::vector<int, std::allocator<int> >), void (*)(std::vector<std::string, std::allocator<std::string> >, std::vector<int, std::allocator<int> >)>::_M_invoke(std::_Any_data const&, std::vector<std::string, std::allocator<std::string> >, std::vector<int, std::allocator<int> >) (functional:2071)
==63582==    by 0x40C9CE: operator() (functional:2471)
==63582==    by 0x40C9CE: thread_pool::worker() (thread_pool.cpp:127)
==63582==    by 0x57FB32F: ??? (in /usr/lib64/libstdc++.so.6.0.19)
==63582==    by 0x5531EA4: start_thread (in /usr/lib64/libpthread-2.17.so)
==63582== 
==63582== 6 bytes in 1 blocks are still reachable in loss record 136 of 677
==63582==    at 0x4C29F73: malloc (vg_replace_malloc.c:309)
==63582==    by 0x5FF2B89: strdup (in /usr/lib64/libc-2.17.so)
==63582==    by 0x767F823: ??? (in /usr/lib64/libodbcinst.so.2.0.0)
==63582==    by 0x767FB5A: SQLGetPrivateProfileString (in /usr/lib64/libodbcinst.so.2.0.0)
==63582==    by 0x6FAFFE5: getDSNinfo (in /usr/lib64/psqlodbcw.so)
==63582==    by 0x6F7E8D7: PGAPI_Connect (in /usr/lib64/psqlodbcw.so)
==63582==    by 0x6FB1D97: SQLConnect (in /usr/lib64/psqlodbcw.so)
==63582==    by 0x4E46B3F: SQLConnect (in /usr/lib64/libodbc.so.2.0.0)
==63582==    by 0x406579: CppODBC::Connect(char const*, char const*, char const*) (cpp_odbc.cpp:100)
==63582==    by 0x408D0F: sqlexec(std::vector<std::string, std::allocator<std::string> >, std::vector<int, std::allocator<int> >) (main.cpp:202)
==63582==    by 0x40AAE6: std::_Function_handler<void (std::vector<std::string, std::allocator<std::string> >, std::vector<int, std::allocator<int> >), void (*)(std::vector<std::string, std::allocator<std::string> >, std::vector<int, std::allocator<int> >)>::_M_invoke(std::_Any_data const&, std::vector<std::string, std::allocator<std::string> >, std::vector<int, std::allocator<int> >) (functional:2071)
==63582==    by 0x40C9CE: operator() (functional:2471)
==63582==    by 0x40C9CE: thread_pool::worker() (thread_pool.cpp:127)
==63582== 
==63582== 6 bytes in 1 blocks are still reachable in loss record 137 of 677
==63582==    at 0x4C29F73: malloc (vg_replace_malloc.c:309)
==63582==    by 0x5FF2B89: strdup (in /usr/lib64/libc-2.17.so)
==63582==    by 0x767F823: ??? (in /usr/lib64/libodbcinst.so.2.0.0)
==63582==    by 0x767FB5A: SQLGetPrivateProfileString (in /usr/lib64/libodbcinst.so.2.0.0)
==63582==    by 0x6FB0319: getDSNinfo (in /usr/lib64/psqlodbcw.so)
==63582==    by 0x6F7E8D7: PGAPI_Connect (in /usr/lib64/psqlodbcw.so)
==63582==    by 0x6FB1D97: SQLConnect (in /usr/lib64/psqlodbcw.so)
==63582==    by 0x4E46B3F: SQLConnect (in /usr/lib64/libodbc.so.2.0.0)
==63582==    by 0x406579: CppODBC::Connect(char const*, char const*, char const*) (cpp_odbc.cpp:100)
==63582==    by 0x408D0F: sqlexec(std::vector<std::string, std::allocator<std::string> >, std::vector<int, std::allocator<int> >) (main.cpp:202)
==63582==    by 0x40AAE6: std::_Function_handler<void (std::vector<std::string, std::allocator<std::string> >, std::vector<int, std::allocator<int> >), void (*)(std::vector<std::string, std::allocator<std::string> >, std::vector<int, std::allocator<int> >)>::_M_invoke(std::_Any_data const&, std::vector<std::string, std::allocator<std::string> >, std::vector<int, std::allocator<int> >) (functional:2071)
==63582==    by 0x40C9CE: operator() (functional:2471)
==63582==    by 0x40C9CE: thread_pool::worker() (thread_pool.cpp:127)
==63582== 
==63582== 6 bytes in 1 blocks are still reachable in loss record 138 of 677
==63582==    at 0x4C29F73: malloc (vg_replace_malloc.c:309)
==63582==    by 0x5FF2B89: strdup (in /usr/lib64/libc-2.17.so)
==63582==    by 0x767F823: ??? (in /usr/lib64/libodbcinst.so.2.0.0)
==63582==    by 0x767FB5A: SQLGetPrivateProfileString (in /usr/lib64/libodbcinst.so.2.0.0)
==63582==    by 0x6FAFB21: getDSNinfo (in /usr/lib64/psqlodbcw.so)
==63582==    by 0x6F7E8D7: PGAPI_Connect (in /usr/lib64/psqlodbcw.so)
==63582==    by 0x6FB1D97: SQLConnect (in /usr/lib64/psqlodbcw.so)
==63582==    by 0x4E46B3F: SQLConnect (in /usr/lib64/libodbc.so.2.0.0)
==63582==    by 0x406579: CppODBC::Connect(char const*, char const*, char const*) (cpp_odbc.cpp:100)
==63582==    by 0x408D0F: sqlexec(std::vector<std::string, std::allocator<std::string> >, std::vector<int, std::allocator<int> >) (main.cpp:202)
==63582==    by 0x40AAE6: std::_Function_handler<void (std::vector<std::string, std::allocator<std::string> >, std::vector<int, std::allocator<int> >), void (*)(std::vector<std::string, std::allocator<std::string> >, std::vector<int, std::allocator<int> >)>::_M_invoke(std::_Any_data const&, std::vector<std::string, std::allocator<std::string> >, std::vector<int, std::allocator<int> >) (functional:2071)
==63582==    by 0x40C9CE: operator() (functional:2471)
==63582==    by 0x40C9CE: thread_pool::worker() (thread_pool.cpp:127)
==63582== 
==63582== 6 bytes in 1 blocks are still reachable in loss record 139 of 677
==63582==    at 0x4C29F73: malloc (vg_replace_malloc.c:309)
==63582==    by 0x5FF2B89: strdup (in /usr/lib64/libc-2.17.so)
==63582==    by 0x767F823: ??? (in /usr/lib64/libodbcinst.so.2.0.0)
==63582==    by 0x767FB5A: SQLGetPrivateProfileString (in /usr/lib64/libodbcinst.so.2.0.0)
==63582==    by 0x6FAFDEC: getDSNinfo (in /usr/lib64/psqlodbcw.so)
==63582==    by 0x6F7E8D7: PGAPI_Connect (in /usr/lib64/psqlodbcw.so)
==63582==    by 0x6FB1D97: SQLConnect (in /usr/lib64/psqlodbcw.so)
==63582==    by 0x4E46B3F: SQLConnect (in /usr/lib64/libodbc.so.2.0.0)
==63582==    by 0x406579: CppODBC::Connect(char const*, char const*, char const*) (cpp_odbc.cpp:100)
==63582==    by 0x408D0F: sqlexec(std::vector<std::string, std::allocator<std::string> >, std::vector<int, std::allocator<int> >) (main.cpp:202)
==63582==    by 0x40AAE6: std::_Function_handler<void (std::vector<std::string, std::allocator<std::string> >, std::vector<int, std::allocator<int> >), void (*)(std::vector<std::string, std::allocator<std::string> >, std::vector<int, std::allocator<int> >)>::_M_invoke(std::_Any_data const&, std::vector<std::string, std::allocator<std::string> >, std::vector<int, std::allocator<int> >) (functional:2071)
==63582==    by 0x40C9CE: operator() (functional:2471)
==63582==    by 0x40C9CE: thread_pool::worker() (thread_pool.cpp:127)
==63582== 
==63582== 6 bytes in 1 blocks are still reachable in loss record 140 of 677
==63582==    at 0x4C29F73: malloc (vg_replace_malloc.c:309)
==63582==    by 0x5FF2B89: strdup (in /usr/lib64/libc-2.17.so)
==63582==    by 0x767F823: ??? (in /usr/lib64/libodbcinst.so.2.0.0)
==63582==    by 0x767FB5A: SQLGetPrivateProfileString (in /usr/lib64/libodbcinst.so.2.0.0)
==63582==    by 0x6FB038A: getDSNinfo (in /usr/lib64/psqlodbcw.so)
==63582==    by 0x6F7E8D7: PGAPI_Connect (in /usr/lib64/psqlodbcw.so)
==63582==    by 0x6FB1D97: SQLConnect (in /usr/lib64/psqlodbcw.so)
==63582==    by 0x4E46B3F: SQLConnect (in /usr/lib64/libodbc.so.2.0.0)
==63582==    by 0x406579: CppODBC::Connect(char const*, char const*, char const*) (cpp_odbc.cpp:100)
==63582==    by 0x408D0F: sqlexec(std::vector<std::string, std::allocator<std::string> >, std::vector<int, std::allocator<int> >) (main.cpp:202)
==63582==    by 0x40AAE6: std::_Function_handler<void (std::vector<std::string, std::allocator<std::string> >, std::vector<int, std::allocator<int> >), void (*)(std::vector<std::string, std::allocator<std::string> >, std::vector<int, std::allocator<int> >)>::_M_invoke(std::_Any_data const&, std::vector<std::string, std::allocator<std::string> >, std::vector<int, std::allocator<int> >) (functional:2071)
==63582==    by 0x40C9CE: operator() (functional:2471)
==63582==    by 0x40C9CE: thread_pool::worker() (thread_pool.cpp:127)
==63582== 
==63582== 6 bytes in 1 blocks are still reachable in loss record 141 of 677
==63582==    at 0x4C29F73: malloc (vg_replace_malloc.c:309)
==63582==    by 0x5FF2B89: strdup (in /usr/lib64/libc-2.17.so)
==63582==    by 0x767F823: ??? (in /usr/lib64/libodbcinst.so.2.0.0)
==63582==    by 0x767FB5A: SQLGetPrivateProfileString (in /usr/lib64/libodbcinst.so.2.0.0)
==63582==    by 0x6FAFE89: getDSNinfo (in /usr/lib64/psqlodbcw.so)
==63582==    by 0x6F7E8D7: PGAPI_Connect (in /usr/lib64/psqlodbcw.so)
==63582==    by 0x6FB1D97: SQLConnect (in /usr/lib64/psqlodbcw.so)
==63582==    by 0x4E46B3F: SQLConnect (in /usr/lib64/libodbc.so.2.0.0)
==63582==    by 0x406579: CppODBC::Connect(char const*, char const*, char const*) (cpp_odbc.cpp:100)
==63582==    by 0x408D0F: sqlexec(std::vector<std::string, std::allocator<std::string> >, std::vector<int, std::allocator<int> >) (main.cpp:202)
==63582==    by 0x40AAE6: std::_Function_handler<void (std::vector<std::string, std::allocator<std::string> >, std::vector<int, std::allocator<int> >), void (*)(std::vector<std::string, std::allocator<std::string> >, std::vector<int, std::allocator<int> >)>::_M_invoke(std::_Any_data const&, std::vector<std::string, std::allocator<std::string> >, std::vector<int, std::allocator<int> >) (functional:2071)
==63582==    by 0x40C9CE: operator() (functional:2471)
==63582==    by 0x40C9CE: thread_pool::worker() (thread_pool.cpp:127)
==63582== 
==63582== 6 bytes in 1 blocks are still reachable in loss record 142 of 677
==63582==    at 0x4C29F73: malloc (vg_replace_malloc.c:309)
==63582==    by 0x5FF2B89: strdup (in /usr/lib64/libc-2.17.so)
==63582==    by 0x767F823: ??? (in /usr/lib64/libodbcinst.so.2.0.0)
==63582==    by 0x767FB5A: SQLGetPrivateProfileString (in /usr/lib64/libodbcinst.so.2.0.0)
==63582==    by 0x6FAFBA1: getDSNinfo (in /usr/lib64/psqlodbcw.so)
==63582==    by 0x6F7E8D7: PGAPI_Connect (in /usr/lib64/psqlodbcw.so)
==63582==    by 0x6FB1D97: SQLConnect (in /usr/lib64/psqlodbcw.so)
==63582==    by 0x4E46B3F: SQLConnect (in /usr/lib64/libodbc.so.2.0.0)
==63582==    by 0x406579: CppODBC::Connect(char const*, char const*, char const*) (cpp_odbc.cpp:100)
==63582==    by 0x408D0F: sqlexec(std::vector<std::string, std::allocator<std::string> >, std::vector<int, std::allocator<int> >) (main.cpp:202)
==63582==    by 0x40AAE6: std::_Function_handler<void (std::vector<std::string, std::allocator<std::string> >, std::vector<int, std::allocator<int> >), void (*)(std::vector<std::string, std::allocator<std::string> >, std::vector<int, std::allocator<int> >)>::_M_invoke(std::_Any_data const&, std::vector<std::string, std::allocator<std::string> >, std::vector<int, std::allocator<int> >) (functional:2071)
==63582==    by 0x40C9CE: operator() (functional:2471)
==63582==    by 0x40C9CE: thread_pool::worker() (thread_pool.cpp:127)
==63582== 
==63582== 6 bytes in 1 blocks are still reachable in loss record 143 of 677
==63582==    at 0x4C29F73: malloc (vg_replace_malloc.c:309)
==63582==    by 0x5FF2B89: strdup (in /usr/lib64/libc-2.17.so)
==63582==    by 0x767F823: ??? (in /usr/lib64/libodbcinst.so.2.0.0)
==63582==    by 0x767FB5A: SQLGetPrivateProfileString (in /usr/lib64/libodbcinst.so.2.0.0)
==63582==    by 0x6FAFEDA: getDSNinfo (in /usr/lib64/psqlodbcw.so)
==63582==    by 0x6F7E8D7: PGAPI_Connect (in /usr/lib64/psqlodbcw.so)
==63582==    by 0x6FB1D97: SQLConnect (in /usr/lib64/psqlodbcw.so)
==63582==    by 0x4E46B3F: SQLConnect (in /usr/lib64/libodbc.so.2.0.0)
==63582==    by 0x406579: CppODBC::Connect(char const*, char const*, char const*) (cpp_odbc.cpp:100)
==63582==    by 0x408D0F: sqlexec(std::vector<std::string, std::allocator<std::string> >, std::vector<int, std::allocator<int> >) (main.cpp:202)
==63582==    by 0x40AAE6: std::_Function_handler<void (std::vector<std::string, std::allocator<std::string> >, std::vector<int, std::allocator<int> >), void (*)(std::vector<std::string, std::allocator<std::string> >, std::vector<int, std::allocator<int> >)>::_M_invoke(std::_Any_data const&, std::vector<std::string, std::allocator<std::string> >, std::vector<int, std::allocator<int> >) (functional:2071)
==63582==    by 0x40C9CE: operator() (functional:2471)
==63582==    by 0x40C9CE: thread_pool::worker() (thread_pool.cpp:127)
==63582== 
==63582== 6 bytes in 1 blocks are still reachable in loss record 144 of 677
==63582==    at 0x4C29F73: malloc (vg_replace_malloc.c:309)
==63582==    by 0x5FF2B89: strdup (in /usr/lib64/libc-2.17.so)
==63582==    by 0x767F823: ??? (in /usr/lib64/libodbcinst.so.2.0.0)
==63582==    by 0x767FB5A: SQLGetPrivateProfileString (in /usr/lib64/libodbcinst.so.2.0.0)
==63582==    by 0x6FB03CD: getDSNinfo (in /usr/lib64/psqlodbcw.so)
==63582==    by 0x6F7E8D7: PGAPI_Connect (in /usr/lib64/psqlodbcw.so)
==63582==    by 0x6FB1D97: SQLConnect (in /usr/lib64/psqlodbcw.so)
==63582==    by 0x4E46B3F: SQLConnect (in /usr/lib64/libodbc.so.2.0.0)
==63582==    by 0x406579: CppODBC::Connect(char const*, char const*, char const*) (cpp_odbc.cpp:100)
==63582==    by 0x408D0F: sqlexec(std::vector<std::string, std::allocator<std::string> >, std::vector<int, std::allocator<int> >) (main.cpp:202)
==63582==    by 0x40AAE6: std::_Function_handler<void (std::vector<std::string, std::allocator<std::string> >, std::vector<int, std::allocator<int> >), void (*)(std::vector<std::string, std::allocator<std::string> >, std::vector<int, std::allocator<int> >)>::_M_invoke(std::_Any_data const&, std::vector<std::string, std::allocator<std::string> >, std::vector<int, std::allocator<int> >) (functional:2071)
==63582==    by 0x40C9CE: operator() (functional:2471)
==63582==    by 0x40C9CE: thread_pool::worker() (thread_pool.cpp:127)
==63582== 
==63582== 6 bytes in 1 blocks are still reachable in loss record 145 of 677
==63582==    at 0x4C29F73: malloc (vg_replace_malloc.c:309)
==63582==    by 0x5FF2B89: strdup (in /usr/lib64/libc-2.17.so)
==63582==    by 0x767F823: ??? (in /usr/lib64/libodbcinst.so.2.0.0)
==63582==    by 0x767FB5A: SQLGetPrivateProfileString (in /usr/lib64/libodbcinst.so.2.0.0)
==63582==    by 0x6FAFF35: getDSNinfo (in /usr/lib64/psqlodbcw.so)
==63582==    by 0x6F7E8D7: PGAPI_Connect (in /usr/lib64/psqlodbcw.so)
==63582==    by 0x6FB1D97: SQLConnect (in /usr/lib64/psqlodbcw.so)
==63582==    by 0x4E46B3F: SQLConnect (in /usr/lib64/libodbc.so.2.0.0)
==63582==    by 0x406579: CppODBC::Connect(char const*, char const*, char const*) (cpp_odbc.cpp:100)
==63582==    by 0x408D0F: sqlexec(std::vector<std::string, std::allocator<std::string> >, std::vector<int, std::allocator<int> >) (main.cpp:202)
==63582==    by 0x40AAE6: std::_Function_handler<void (std::vector<std::string, std::allocator<std::string> >, std::vector<int, std::allocator<int> >), void (*)(std::vector<std::string, std::allocator<std::string> >, std::vector<int, std::allocator<int> >)>::_M_invoke(std::_Any_data const&, std::vector<std::string, std::allocator<std::string> >, std::vector<int, std::allocator<int> >) (functional:2071)
==63582==    by 0x40C9CE: operator() (functional:2471)
==63582==    by 0x40C9CE: thread_pool::worker() (thread_pool.cpp:127)
==63582== 
==63582== 6 bytes in 1 blocks are still reachable in loss record 146 of 677
==63582==    at 0x4C29F73: malloc (vg_replace_malloc.c:309)
==63582==    by 0x5FF2B89: strdup (in /usr/lib64/libc-2.17.so)
==63582==    by 0x767F823: ??? (in /usr/lib64/libodbcinst.so.2.0.0)
==63582==    by 0x767FB5A: SQLGetPrivateProfileString (in /usr/lib64/libodbcinst.so.2.0.0)
==63582==    by 0x6FB0425: getDSNinfo (in /usr/lib64/psqlodbcw.so)
==63582==    by 0x6F7E8D7: PGAPI_Connect (in /usr/lib64/psqlodbcw.so)
==63582==    by 0x6FB1D97: SQLConnect (in /usr/lib64/psqlodbcw.so)
==63582==    by 0x4E46B3F: SQLConnect (in /usr/lib64/libodbc.so.2.0.0)
==63582==    by 0x406579: CppODBC::Connect(char const*, char const*, char const*) (cpp_odbc.cpp:100)
==63582==    by 0x408D0F: sqlexec(std::vector<std::string, std::allocator<std::string> >, std::vector<int, std::allocator<int> >) (main.cpp:202)
==63582==    by 0x40AAE6: std::_Function_handler<void (std::vector<std::string, std::allocator<std::string> >, std::vector<int, std::allocator<int> >), void (*)(std::vector<std::string, std::allocator<std::string> >, std::vector<int, std::allocator<int> >)>::_M_invoke(std::_Any_data const&, std::vector<std::string, std::allocator<std::string> >, std::vector<int, std::allocator<int> >) (functional:2071)
==63582==    by 0x40C9CE: operator() (functional:2471)
==63582==    by 0x40C9CE: thread_pool::worker() (thread_pool.cpp:127)
==63582== 
==63582== 6 bytes in 1 blocks are still reachable in loss record 147 of 677
==63582==    at 0x4C29F73: malloc (vg_replace_malloc.c:309)
==63582==    by 0x5FF2B89: strdup (in /usr/lib64/libc-2.17.so)
==63582==    by 0x767F823: ??? (in /usr/lib64/libodbcinst.so.2.0.0)
==63582==    by 0x767FB5A: SQLGetPrivateProfileString (in /usr/lib64/libodbcinst.so.2.0.0)
==63582==    by 0x6FAFF8D: getDSNinfo (in /usr/lib64/psqlodbcw.so)
==63582==    by 0x6F7E8D7: PGAPI_Connect (in /usr/lib64/psqlodbcw.so)
==63582==    by 0x6FB1D97: SQLConnect (in /usr/lib64/psqlodbcw.so)
==63582==    by 0x4E46B3F: SQLConnect (in /usr/lib64/libodbc.so.2.0.0)
==63582==    by 0x406579: CppODBC::Connect(char const*, char const*, char const*) (cpp_odbc.cpp:100)
==63582==    by 0x408D0F: sqlexec(std::vector<std::string, std::allocator<std::string> >, std::vector<int, std::allocator<int> >) (main.cpp:202)
==63582==    by 0x40AAE6: std::_Function_handler<void (std::vector<std::string, std::allocator<std::string> >, std::vector<int, std::allocator<int> >), void (*)(std::vector<std::string, std::allocator<std::string> >, std::vector<int, std::allocator<int> >)>::_M_invoke(std::_Any_data const&, std::vector<std::string, std::allocator<std::string> >, std::vector<int, std::allocator<int> >) (functional:2071)
==63582==    by 0x40C9CE: operator() (functional:2471)
==63582==    by 0x40C9CE: thread_pool::worker() (thread_pool.cpp:127)
==63582== 
==63582== 6 bytes in 1 blocks are still reachable in loss record 148 of 677
==63582==    at 0x4C29F73: malloc (vg_replace_malloc.c:309)
==63582==    by 0x5FF2B89: strdup (in /usr/lib64/libc-2.17.so)
==63582==    by 0x767F823: ??? (in /usr/lib64/libodbcinst.so.2.0.0)
==63582==    by 0x767FB5A: SQLGetPrivateProfileString (in /usr/lib64/libodbcinst.so.2.0.0)
==63582==    by 0x6FB047D: getDSNinfo (in /usr/lib64/psqlodbcw.so)
==63582==    by 0x6F7E8D7: PGAPI_Connect (in /usr/lib64/psqlodbcw.so)
==63582==    by 0x6FB1D97: SQLConnect (in /usr/lib64/psqlodbcw.so)
==63582==    by 0x4E46B3F: SQLConnect (in /usr/lib64/libodbc.so.2.0.0)
==63582==    by 0x406579: CppODBC::Connect(char const*, char const*, char const*) (cpp_odbc.cpp:100)
==63582==    by 0x408D0F: sqlexec(std::vector<std::string, std::allocator<std::string> >, std::vector<int, std::allocator<int> >) (main.cpp:202)
==63582==    by 0x40AAE6: std::_Function_handler<void (std::vector<std::string, std::allocator<std::string> >, std::vector<int, std::allocator<int> >), void (*)(std::vector<std::string, std::allocator<std::string> >, std::vector<int, std::allocator<int> >)>::_M_invoke(std::_Any_data const&, std::vector<std::string, std::allocator<std::string> >, std::vector<int, std::allocator<int> >) (functional:2071)
==63582==    by 0x40C9CE: operator() (functional:2471)
==63582==    by 0x40C9CE: thread_pool::worker() (thread_pool.cpp:127)
==63582== 
==63582== 6 bytes in 1 blocks are still reachable in loss record 149 of 677
==63582==    at 0x4C29F73: malloc (vg_replace_malloc.c:309)
==63582==    by 0x5FF2B89: strdup (in /usr/lib64/libc-2.17.so)
==63582==    by 0x767F834: ??? (in /usr/lib64/libodbcinst.so.2.0.0)
==63582==    by 0x767FB5A: SQLGetPrivateProfileString (in /usr/lib64/libodbcinst.so.2.0.0)
==63582==    by 0x6FAFBE6: getDSNinfo (in /usr/lib64/psqlodbcw.so)
==63582==    by 0x6F7E8D7: PGAPI_Connect (in /usr/lib64/psqlodbcw.so)
==63582==    by 0x6FB1D97: SQLConnect (in /usr/lib64/psqlodbcw.so)
==63582==    by 0x4E46B3F: SQLConnect (in /usr/lib64/libodbc.so.2.0.0)
==63582==    by 0x406579: CppODBC::Connect(char const*, char const*, char const*) (cpp_odbc.cpp:100)
==63582==    by 0x408D0F: sqlexec(std::vector<std::string, std::allocator<std::string> >, std::vector<int, std::allocator<int> >) (main.cpp:202)
==63582==    by 0x40AAE6: std::_Function_handler<void (std::vector<std::string, std::allocator<std::string> >, std::vector<int, std::allocator<int> >), void (*)(std::vector<std::string, std::allocator<std::string> >, std::vector<int, std::allocator<int> >)>::_M_invoke(std::_Any_data const&, std::vector<std::string, std::allocator<std::string> >, std::vector<int, std::allocator<int> >) (functional:2071)
==63582==    by 0x40C9CE: operator() (functional:2471)
==63582==    by 0x40C9CE: thread_pool::worker() (thread_pool.cpp:127)
==63582== 
==63582== 6 bytes in 1 blocks are still reachable in loss record 150 of 677
==63582==    at 0x4C29F73: malloc (vg_replace_malloc.c:309)
==63582==    by 0x5FF2B89: strdup (in /usr/lib64/libc-2.17.so)
==63582==    by 0x767F823: ??? (in /usr/lib64/libodbcinst.so.2.0.0)
==63582==    by 0x767FB5A: SQLGetPrivateProfileString (in /usr/lib64/libodbcinst.so.2.0.0)
==63582==    by 0x6FB01B9: getDSNinfo (in /usr/lib64/psqlodbcw.so)
==63582==    by 0x6F7E8D7: PGAPI_Connect (in /usr/lib64/psqlodbcw.so)
==63582==    by 0x6FB1D97: SQLConnect (in /usr/lib64/psqlodbcw.so)
==63582==    by 0x4E46B3F: SQLConnect (in /usr/lib64/libodbc.so.2.0.0)
==63582==    by 0x406579: CppODBC::Connect(char const*, char const*, char const*) (cpp_odbc.cpp:100)
==63582==    by 0x408D0F: sqlexec(std::vector<std::string, std::allocator<std::string> >, std::vector<int, std::allocator<int> >) (main.cpp:202)
==63582==    by 0x40AAE6: std::_Function_handler<void (std::vector<std::string, std::allocator<std::string> >, std::vector<int, std::allocator<int> >), void (*)(std::vector<std::string, std::allocator<std::string> >, std::vector<int, std::allocator<int> >)>::_M_invoke(std::_Any_data const&, std::vector<std::string, std::allocator<std::string> >, std::vector<int, std::allocator<int> >) (functional:2071)
==63582==    by 0x40C9CE: operator() (functional:2471)
==63582==    by 0x40C9CE: thread_pool::worker() (thread_pool.cpp:127)
==63582== 
==63582== 6 bytes in 1 blocks are still reachable in loss record 151 of 677
==63582==    at 0x4C29F73: malloc (vg_replace_malloc.c:309)
==63582==    by 0x5FF2B89: strdup (in /usr/lib64/libc-2.17.so)
==63582==    by 0x767F823: ??? (in /usr/lib64/libodbcinst.so.2.0.0)
==63582==    by 0x767FB5A: SQLGetPrivateProfileString (in /usr/lib64/libodbcinst.so.2.0.0)
==63582==    by 0x6FAF9A1: getDSNinfo (in /usr/lib64/psqlodbcw.so)
==63582==    by 0x6F7E8D7: PGAPI_Connect (in /usr/lib64/psqlodbcw.so)
==63582==    by 0x6FB1D97: SQLConnect (in /usr/lib64/psqlodbcw.so)
==63582==    by 0x4E46B3F: SQLConnect (in /usr/lib64/libodbc.so.2.0.0)
==63582==    by 0x406579: CppODBC::Connect(char const*, char const*, char const*) (cpp_odbc.cpp:100)
==63582==    by 0x408D0F: sqlexec(std::vector<std::string, std::allocator<std::string> >, std::vector<int, std::allocator<int> >) (main.cpp:202)
==63582==    by 0x40AAE6: std::_Function_handler<void (std::vector<std::string, std::allocator<std::string> >, std::vector<int, std::allocator<int> >), void (*)(std::vector<std::string, std::allocator<std::string> >, std::vector<int, std::allocator<int> >)>::_M_invoke(std::_Any_data const&, std::vector<std::string, std::allocator<std::string> >, std::vector<int, std::allocator<int> >) (functional:2071)
==63582==    by 0x40C9CE: operator() (functional:2471)
==63582==    by 0x40C9CE: thread_pool::worker() (thread_pool.cpp:127)
==63582== 
==63582== 6 bytes in 1 blocks are still reachable in loss record 152 of 677
==63582==    at 0x4C29F73: malloc (vg_replace_malloc.c:309)
==63582==    by 0x5FF2B89: strdup (in /usr/lib64/libc-2.17.so)
==63582==    by 0x767F823: ??? (in /usr/lib64/libodbcinst.so.2.0.0)
==63582==    by 0x767FB5A: SQLGetPrivateProfileString (in /usr/lib64/libodbcinst.so.2.0.0)
==63582==    by 0x6FAFC84: getDSNinfo (in /usr/lib64/psqlodbcw.so)
==63582==    by 0x6F7E8D7: PGAPI_Connect (in /usr/lib64/psqlodbcw.so)
==63582==    by 0x6FB1D97: SQLConnect (in /usr/lib64/psqlodbcw.so)
==63582==    by 0x4E46B3F: SQLConnect (in /usr/lib64/libodbc.so.2.0.0)
==63582==    by 0x406579: CppODBC::Connect(char const*, char const*, char const*) (cpp_odbc.cpp:100)
==63582==    by 0x408D0F: sqlexec(std::vector<std::string, std::allocator<std::string> >, std::vector<int, std::allocator<int> >) (main.cpp:202)
==63582==    by 0x40AAE6: std::_Function_handler<void (std::vector<std::string, std::allocator<std::string> >, std::vector<int, std::allocator<int> >), void (*)(std::vector<std::string, std::allocator<std::string> >, std::vector<int, std::allocator<int> >)>::_M_invoke(std::_Any_data const&, std::vector<std::string, std::allocator<std::string> >, std::vector<int, std::allocator<int> >) (functional:2071)
==63582==    by 0x40C9CE: operator() (functional:2471)
==63582==    by 0x40C9CE: thread_pool::worker() (thread_pool.cpp:127)
==63582== 
==63582== 6 bytes in 1 blocks are still reachable in loss record 153 of 677
==63582==    at 0x4C29F73: malloc (vg_replace_malloc.c:309)
==63582==    by 0x5FF2B89: strdup (in /usr/lib64/libc-2.17.so)
==63582==    by 0x767F823: ??? (in /usr/lib64/libodbcinst.so.2.0.0)
==63582==    by 0x767FB5A: SQLGetPrivateProfileString (in /usr/lib64/libodbcinst.so.2.0.0)
==63582==    by 0x6FB0231: getDSNinfo (in /usr/lib64/psqlodbcw.so)
==63582==    by 0x6F7E8D7: PGAPI_Connect (in /usr/lib64/psqlodbcw.so)
==63582==    by 0x6FB1D97: SQLConnect (in /usr/lib64/psqlodbcw.so)
==63582==    by 0x4E46B3F: SQLConnect (in /usr/lib64/libodbc.so.2.0.0)
==63582==    by 0x406579: CppODBC::Connect(char const*, char const*, char const*) (cpp_odbc.cpp:100)
==63582==    by 0x408D0F: sqlexec(std::vector<std::string, std::allocator<std::string> >, std::vector<int, std::allocator<int> >) (main.cpp:202)
==63582==    by 0x40AAE6: std::_Function_handler<void (std::vector<std::string, std::allocator<std::string> >, std::vector<int, std::allocator<int> >), void (*)(std::vector<std::string, std::allocator<std::string> >, std::vector<int, std::allocator<int> >)>::_M_invoke(std::_Any_data const&, std::vector<std::string, std::allocator<std::string> >, std::vector<int, std::allocator<int> >) (functional:2071)
==63582==    by 0x40C9CE: operator() (functional:2471)
==63582==    by 0x40C9CE: thread_pool::worker() (thread_pool.cpp:127)
==63582== 
==63582== 6 bytes in 1 blocks are still reachable in loss record 154 of 677
==63582==    at 0x4C29F73: malloc (vg_replace_malloc.c:309)
==63582==    by 0x5FF2B89: strdup (in /usr/lib64/libc-2.17.so)
==63582==    by 0x767F89F: ??? (in /usr/lib64/libodbcinst.so.2.0.0)
==63582==    by 0x767FB5A: SQLGetPrivateProfileString (in /usr/lib64/libodbcinst.so.2.0.0)
==63582==    by 0x6FB0231: getDSNinfo (in /usr/lib64/psqlodbcw.so)
==63582==    by 0x6F7E8D7: PGAPI_Connect (in /usr/lib64/psqlodbcw.so)
==63582==    by 0x6FB1D97: SQLConnect (in /usr/lib64/psqlodbcw.so)
==63582==    by 0x4E46B3F: SQLConnect (in /usr/lib64/libodbc.so.2.0.0)
==63582==    by 0x406579: CppODBC::Connect(char const*, char const*, char const*) (cpp_odbc.cpp:100)
==63582==    by 0x408D0F: sqlexec(std::vector<std::string, std::allocator<std::string> >, std::vector<int, std::allocator<int> >) (main.cpp:202)
==63582==    by 0x40AAE6: std::_Function_handler<void (std::vector<std::string, std::allocator<std::string> >, std::vector<int, std::allocator<int> >), void (*)(std::vector<std::string, std::allocator<std::string> >, std::vector<int, std::allocator<int> >)>::_M_invoke(std::_Any_data const&, std::vector<std::string, std::allocator<std::string> >, std::vector<int, std::allocator<int> >) (functional:2071)
==63582==    by 0x40C9CE: operator() (functional:2471)
==63582==    by 0x40C9CE: thread_pool::worker() (thread_pool.cpp:127)
==63582== 
==63582== 6 bytes in 1 blocks are still reachable in loss record 155 of 677
==63582==    at 0x4C29F73: malloc (vg_replace_malloc.c:309)
==63582==    by 0x5FF2B89: strdup (in /usr/lib64/libc-2.17.so)
==63582==    by 0x767F823: ??? (in /usr/lib64/libodbcinst.so.2.0.0)
==63582==    by 0x767FB5A: SQLGetPrivateProfileString (in /usr/lib64/libodbcinst.so.2.0.0)
==63582==    by 0x6FAFA1A: getDSNinfo (in /usr/lib64/psqlodbcw.so)
==63582==    by 0x6F7E8D7: PGAPI_Connect (in /usr/lib64/psqlodbcw.so)
==63582==    by 0x6FB1D97: SQLConnect (in /usr/lib64/psqlodbcw.so)
==63582==    by 0x4E46B3F: SQLConnect (in /usr/lib64/libodbc.so.2.0.0)
==63582==    by 0x406579: CppODBC::Connect(char const*, char const*, char const*) (cpp_odbc.cpp:100)
==63582==    by 0x408D0F: sqlexec(std::vector<std::string, std::allocator<std::string> >, std::vector<int, std::allocator<int> >) (main.cpp:202)
==63582==    by 0x40AAE6: std::_Function_handler<void (std::vector<std::string, std::allocator<std::string> >, std::vector<int, std::allocator<int> >), void (*)(std::vector<std::string, std::allocator<std::string> >, std::vector<int, std::allocator<int> >)>::_M_invoke(std::_Any_data const&, std::vector<std::string, std::allocator<std::string> >, std::vector<int, std::allocator<int> >) (functional:2071)
==63582==    by 0x40C9CE: operator() (functional:2471)
==63582==    by 0x40C9CE: thread_pool::worker() (thread_pool.cpp:127)
==63582== 
==63582== 6 bytes in 1 blocks are still reachable in loss record 156 of 677
==63582==    at 0x4C29F73: malloc (vg_replace_malloc.c:309)
==63582==    by 0x5FF2B89: strdup (in /usr/lib64/libc-2.17.so)
==63582==    by 0x767F89F: ??? (in /usr/lib64/libodbcinst.so.2.0.0)
==63582==    by 0x767FB5A: SQLGetPrivateProfileString (in /usr/lib64/libodbcinst.so.2.0.0)
==63582==    by 0x6FAFA1A: getDSNinfo (in /usr/lib64/psqlodbcw.so)
==63582==    by 0x6F7E8D7: PGAPI_Connect (in /usr/lib64/psqlodbcw.so)
==63582==    by 0x6FB1D97: SQLConnect (in /usr/lib64/psqlodbcw.so)
==63582==    by 0x4E46B3F: SQLConnect (in /usr/lib64/libodbc.so.2.0.0)
==63582==    by 0x406579: CppODBC::Connect(char const*, char const*, char const*) (cpp_odbc.cpp:100)
==63582==    by 0x408D0F: sqlexec(std::vector<std::string, std::allocator<std::string> >, std::vector<int, std::allocator<int> >) (main.cpp:202)
==63582==    by 0x40AAE6: std::_Function_handler<void (std::vector<std::string, std::allocator<std::string> >, std::vector<int, std::allocator<int> >), void (*)(std::vector<std::string, std::allocator<std::string> >, std::vector<int, std::allocator<int> >)>::_M_invoke(std::_Any_data const&, std::vector<std::string, std::allocator<std::string> >, std::vector<int, std::allocator<int> >) (functional:2071)
==63582==    by 0x40C9CE: operator() (functional:2471)
==63582==    by 0x40C9CE: thread_pool::worker() (thread_pool.cpp:127)
==63582== 
==63582== 6 bytes in 1 blocks are still reachable in loss record 157 of 677
==63582==    at 0x4C29F73: malloc (vg_replace_malloc.c:309)
==63582==    by 0x5FF2B89: strdup (in /usr/lib64/libc-2.17.so)
==63582==    by 0x767F823: ??? (in /usr/lib64/libodbcinst.so.2.0.0)
==63582==    by 0x767FB5A: SQLGetPrivateProfileString (in /usr/lib64/libodbcinst.so.2.0.0)
==63582==    by 0x6FAFCF9: getDSNinfo (in /usr/lib64/psqlodbcw.so)
==63582==    by 0x6F7E8D7: PGAPI_Connect (in /usr/lib64/psqlodbcw.so)
==63582==    by 0x6FB1D97: SQLConnect (in /usr/lib64/psqlodbcw.so)
==63582==    by 0x4E46B3F: SQLConnect (in /usr/lib64/libodbc.so.2.0.0)
==63582==    by 0x406579: CppODBC::Connect(char const*, char const*, char const*) (cpp_odbc.cpp:100)
==63582==    by 0x408D0F: sqlexec(std::vector<std::string, std::allocator<std::string> >, std::vector<int, std::allocator<int> >) (main.cpp:202)
==63582==    by 0x40AAE6: std::_Function_handler<void (std::vector<std::string, std::allocator<std::string> >, std::vector<int, std::allocator<int> >), void (*)(std::vector<std::string, std::allocator<std::string> >, std::vector<int, std::allocator<int> >)>::_M_invoke(std::_Any_data const&, std::vector<std::string, std::allocator<std::string> >, std::vector<int, std::allocator<int> >) (functional:2071)
==63582==    by 0x40C9CE: operator() (functional:2471)
==63582==    by 0x40C9CE: thread_pool::worker() (thread_pool.cpp:127)
==63582== 
==63582== 6 bytes in 1 blocks are still reachable in loss record 158 of 677
==63582==    at 0x4C29F73: malloc (vg_replace_malloc.c:309)
==63582==    by 0x5FF2B89: strdup (in /usr/lib64/libc-2.17.so)
==63582==    by 0x767F823: ??? (in /usr/lib64/libodbcinst.so.2.0.0)
==63582==    by 0x767FB5A: SQLGetPrivateProfileString (in /usr/lib64/libodbcinst.so.2.0.0)
==63582==    by 0x6FB02A1: getDSNinfo (in /usr/lib64/psqlodbcw.so)
==63582==    by 0x6F7E8D7: PGAPI_Connect (in /usr/lib64/psqlodbcw.so)
==63582==    by 0x6FB1D97: SQLConnect (in /usr/lib64/psqlodbcw.so)
==63582==    by 0x4E46B3F: SQLConnect (in /usr/lib64/libodbc.so.2.0.0)
==63582==    by 0x406579: CppODBC::Connect(char const*, char const*, char const*) (cpp_odbc.cpp:100)
==63582==    by 0x408D0F: sqlexec(std::vector<std::string, std::allocator<std::string> >, std::vector<int, std::allocator<int> >) (main.cpp:202)
==63582==    by 0x40AAE6: std::_Function_handler<void (std::vector<std::string, std::allocator<std::string> >, std::vector<int, std::allocator<int> >), void (*)(std::vector<std::string, std::allocator<std::string> >, std::vector<int, std::allocator<int> >)>::_M_invoke(std::_Any_data const&, std::vector<std::string, std::allocator<std::string> >, std::vector<int, std::allocator<int> >) (functional:2071)
==63582==    by 0x40C9CE: operator() (functional:2471)
==63582==    by 0x40C9CE: thread_pool::worker() (thread_pool.cpp:127)
==63582== 
==63582== 6 bytes in 1 blocks are still reachable in loss record 159 of 677
==63582==    at 0x4C29F73: malloc (vg_replace_malloc.c:309)
==63582==    by 0x5FF2B89: strdup (in /usr/lib64/libc-2.17.so)
==63582==    by 0x767F823: ??? (in /usr/lib64/libodbcinst.so.2.0.0)
==63582==    by 0x767FB5A: SQLGetPrivateProfileString (in /usr/lib64/libodbcinst.so.2.0.0)
==63582==    by 0x6FAFAA9: getDSNinfo (in /usr/lib64/psqlodbcw.so)
==63582==    by 0x6F7E8D7: PGAPI_Connect (in /usr/lib64/psqlodbcw.so)
==63582==    by 0x6FB1D97: SQLConnect (in /usr/lib64/psqlodbcw.so)
==63582==    by 0x4E46B3F: SQLConnect (in /usr/lib64/libodbc.so.2.0.0)
==63582==    by 0x406579: CppODBC::Connect(char const*, char const*, char const*) (cpp_odbc.cpp:100)
==63582==    by 0x408D0F: sqlexec(std::vector<std::string, std::allocator<std::string> >, std::vector<int, std::allocator<int> >) (main.cpp:202)
==63582==    by 0x40AAE6: std::_Function_handler<void (std::vector<std::string, std::allocator<std::string> >, std::vector<int, std::allocator<int> >), void (*)(std::vector<std::string, std::allocator<std::string> >, std::vector<int, std::allocator<int> >)>::_M_invoke(std::_Any_data const&, std::vector<std::string, std::allocator<std::string> >, std::vector<int, std::allocator<int> >) (functional:2071)
==63582==    by 0x40C9CE: operator() (functional:2471)
==63582==    by 0x40C9CE: thread_pool::worker() (thread_pool.cpp:127)
==63582== 
==63582== 6 bytes in 1 blocks are still reachable in loss record 160 of 677
==63582==    at 0x4C29F73: malloc (vg_replace_malloc.c:309)
==63582==    by 0x5FF2B89: strdup (in /usr/lib64/libc-2.17.so)
==63582==    by 0x767F823: ??? (in /usr/lib64/libodbcinst.so.2.0.0)
==63582==    by 0x767FB5A: SQLGetPrivateProfileString (in /usr/lib64/libodbcinst.so.2.0.0)
==63582==    by 0x6FB04D5: getDSNinfo (in /usr/lib64/psqlodbcw.so)
==63582==    by 0x6F7E8D7: PGAPI_Connect (in /usr/lib64/psqlodbcw.so)
==63582==    by 0x6FB1D97: SQLConnect (in /usr/lib64/psqlodbcw.so)
==63582==    by 0x4E46B3F: SQLConnect (in /usr/lib64/libodbc.so.2.0.0)
==63582==    by 0x406579: CppODBC::Connect(char const*, char const*, char const*) (cpp_odbc.cpp:100)
==63582==    by 0x408D0F: sqlexec(std::vector<std::string, std::allocator<std::string> >, std::vector<int, std::allocator<int> >) (main.cpp:202)
==63582==    by 0x40AAE6: std::_Function_handler<void (std::vector<std::string, std::allocator<std::string> >, std::vector<int, std::allocator<int> >), void (*)(std::vector<std::string, std::allocator<std::string> >, std::vector<int, std::allocator<int> >)>::_M_invoke(std::_Any_data const&, std::vector<std::string, std::allocator<std::string> >, std::vector<int, std::allocator<int> >) (functional:2071)
==63582==    by 0x40C9CE: operator() (functional:2471)
==63582==    by 0x40C9CE: thread_pool::worker() (thread_pool.cpp:127)
==63582== 
==63582== 6 bytes in 1 blocks are still reachable in loss record 161 of 677
==63582==    at 0x4C29F73: malloc (vg_replace_malloc.c:309)
==63582==    by 0x5FF2B89: strdup (in /usr/lib64/libc-2.17.so)
==63582==    by 0x767F823: ??? (in /usr/lib64/libodbcinst.so.2.0.0)
==63582==    by 0x767FB5A: SQLGetPrivateProfileString (in /usr/lib64/libodbcinst.so.2.0.0)
==63582==    by 0x6FB003D: getDSNinfo (in /usr/lib64/psqlodbcw.so)
==63582==    by 0x6F7E8D7: PGAPI_Connect (in /usr/lib64/psqlodbcw.so)
==63582==    by 0x6FB1D97: SQLConnect (in /usr/lib64/psqlodbcw.so)
==63582==    by 0x4E46B3F: SQLConnect (in /usr/lib64/libodbc.so.2.0.0)
==63582==    by 0x406579: CppODBC::Connect(char const*, char const*, char const*) (cpp_odbc.cpp:100)
==63582==    by 0x408D0F: sqlexec(std::vector<std::string, std::allocator<std::string> >, std::vector<int, std::allocator<int> >) (main.cpp:202)
==63582==    by 0x40AAE6: std::_Function_handler<void (std::vector<std::string, std::allocator<std::string> >, std::vector<int, std::allocator<int> >), void (*)(std::vector<std::string, std::allocator<std::string> >, std::vector<int, std::allocator<int> >)>::_M_invoke(std::_Any_data const&, std::vector<std::string, std::allocator<std::string> >, std::vector<int, std::allocator<int> >) (functional:2071)
==63582==    by 0x40C9CE: operator() (functional:2471)
==63582==    by 0x40C9CE: thread_pool::worker() (thread_pool.cpp:127)
==63582== 
==63582== 6 bytes in 1 blocks are still reachable in loss record 162 of 677
==63582==    at 0x4C29F73: malloc (vg_replace_malloc.c:309)
==63582==    by 0x5FF2B89: strdup (in /usr/lib64/libc-2.17.so)
==63582==    by 0x767F823: ??? (in /usr/lib64/libodbcinst.so.2.0.0)
==63582==    by 0x767FB5A: SQLGetPrivateProfileString (in /usr/lib64/libodbcinst.so.2.0.0)
==63582==    by 0x6FB0080: getDSNinfo (in /usr/lib64/psqlodbcw.so)
==63582==    by 0x6F7E8D7: PGAPI_Connect (in /usr/lib64/psqlodbcw.so)
==63582==    by 0x6FB1D97: SQLConnect (in /usr/lib64/psqlodbcw.so)
==63582==    by 0x4E46B3F: SQLConnect (in /usr/lib64/libodbc.so.2.0.0)
==63582==    by 0x406579: CppODBC::Connect(char const*, char const*, char const*) (cpp_odbc.cpp:100)
==63582==    by 0x408D0F: sqlexec(std::vector<std::string, std::allocator<std::string> >, std::vector<int, std::allocator<int> >) (main.cpp:202)
==63582==    by 0x40AAE6: std::_Function_handler<void (std::vector<std::string, std::allocator<std::string> >, std::vector<int, std::allocator<int> >), void (*)(std::vector<std::string, std::allocator<std::string> >, std::vector<int, std::allocator<int> >)>::_M_invoke(std::_Any_data const&, std::vector<std::string, std::allocator<std::string> >, std::vector<int, std::allocator<int> >) (functional:2071)
==63582==    by 0x40C9CE: operator() (functional:2471)
==63582==    by 0x40C9CE: thread_pool::worker() (thread_pool.cpp:127)
==63582== 
==63582== 6 bytes in 1 blocks are still reachable in loss record 163 of 677
==63582==    at 0x4C29F73: malloc (vg_replace_malloc.c:309)
==63582==    by 0x5FF2B89: strdup (in /usr/lib64/libc-2.17.so)
==63582==    by 0x767F823: ??? (in /usr/lib64/libodbcinst.so.2.0.0)
==63582==    by 0x767FB5A: SQLGetPrivateProfileString (in /usr/lib64/libodbcinst.so.2.0.0)
==63582==    by 0x6FB00A6: getDSNinfo (in /usr/lib64/psqlodbcw.so)
==63582==    by 0x6F7E8D7: PGAPI_Connect (in /usr/lib64/psqlodbcw.so)
==63582==    by 0x6FB1D97: SQLConnect (in /usr/lib64/psqlodbcw.so)
==63582==    by 0x4E46B3F: SQLConnect (in /usr/lib64/libodbc.so.2.0.0)
==63582==    by 0x406579: CppODBC::Connect(char const*, char const*, char const*) (cpp_odbc.cpp:100)
==63582==    by 0x408D0F: sqlexec(std::vector<std::string, std::allocator<std::string> >, std::vector<int, std::allocator<int> >) (main.cpp:202)
==63582==    by 0x40AAE6: std::_Function_handler<void (std::vector<std::string, std::allocator<std::string> >, std::vector<int, std::allocator<int> >), void (*)(std::vector<std::string, std::allocator<std::string> >, std::vector<int, std::allocator<int> >)>::_M_invoke(std::_Any_data const&, std::vector<std::string, std::allocator<std::string> >, std::vector<int, std::allocator<int> >) (functional:2071)
==63582==    by 0x40C9CE: operator() (functional:2471)
==63582==    by 0x40C9CE: thread_pool::worker() (thread_pool.cpp:127)
==63582== 
==63582== 6 bytes in 1 blocks are still reachable in loss record 164 of 677
==63582==    at 0x4C29F73: malloc (vg_replace_malloc.c:309)
==63582==    by 0x5FF2B89: strdup (in /usr/lib64/libc-2.17.so)
==63582==    by 0x767F823: ??? (in /usr/lib64/libodbcinst.so.2.0.0)
==63582==    by 0x767FB5A: SQLGetPrivateProfileString (in /usr/lib64/libodbcinst.so.2.0.0)
==63582==    by 0x6FAEB98: getCommonDefaults (in /usr/lib64/psqlodbcw.so)
==63582==    by 0x6FB00C3: getDSNinfo (in /usr/lib64/psqlodbcw.so)
==63582==    by 0x6F7E8D7: PGAPI_Connect (in /usr/lib64/psqlodbcw.so)
==63582==    by 0x6FB1D97: SQLConnect (in /usr/lib64/psqlodbcw.so)
==63582==    by 0x4E46B3F: SQLConnect (in /usr/lib64/libodbc.so.2.0.0)
==63582==    by 0x406579: CppODBC::Connect(char const*, char const*, char const*) (cpp_odbc.cpp:100)
==63582==    by 0x408D0F: sqlexec(std::vector<std::string, std::allocator<std::string> >, std::vector<int, std::allocator<int> >) (main.cpp:202)
==63582==    by 0x40AAE6: std::_Function_handler<void (std::vector<std::string, std::allocator<std::string> >, std::vector<int, std::allocator<int> >), void (*)(std::vector<std::string, std::allocator<std::string> >, std::vector<int, std::allocator<int> >)>::_M_invoke(std::_Any_data const&, std::vector<std::string, std::allocator<std::string> >, std::vector<int, std::allocator<int> >) (functional:2071)
==63582== 
==63582== 6 bytes in 1 blocks are still reachable in loss record 165 of 677
==63582==    at 0x4C29F73: malloc (vg_replace_malloc.c:309)
==63582==    by 0x5FF2B89: strdup (in /usr/lib64/libc-2.17.so)
==63582==    by 0x767F834: ??? (in /usr/lib64/libodbcinst.so.2.0.0)
==63582==    by 0x767FB5A: SQLGetPrivateProfileString (in /usr/lib64/libodbcinst.so.2.0.0)
==63582==    by 0x6FAEB98: getCommonDefaults (in /usr/lib64/psqlodbcw.so)
==63582==    by 0x6FB00C3: getDSNinfo (in /usr/lib64/psqlodbcw.so)
==63582==    by 0x6F7E8D7: PGAPI_Connect (in /usr/lib64/psqlodbcw.so)
==63582==    by 0x6FB1D97: SQLConnect (in /usr/lib64/psqlodbcw.so)
==63582==    by 0x4E46B3F: SQLConnect (in /usr/lib64/libodbc.so.2.0.0)
==63582==    by 0x406579: CppODBC::Connect(char const*, char const*, char const*) (cpp_odbc.cpp:100)
==63582==    by 0x408D0F: sqlexec(std::vector<std::string, std::allocator<std::string> >, std::vector<int, std::allocator<int> >) (main.cpp:202)
==63582==    by 0x40AAE6: std::_Function_handler<void (std::vector<std::string, std::allocator<std::string> >, std::vector<int, std::allocator<int> >), void (*)(std::vector<std::string, std::allocator<std::string> >, std::vector<int, std::allocator<int> >)>::_M_invoke(std::_Any_data const&, std::vector<std::string, std::allocator<std::string> >, std::vector<int, std::allocator<int> >) (functional:2071)
==63582== 
==63582== 6 bytes in 1 blocks are still reachable in loss record 166 of 677
==63582==    at 0x4C29F73: malloc (vg_replace_malloc.c:309)
==63582==    by 0x5FF2B89: strdup (in /usr/lib64/libc-2.17.so)
==63582==    by 0x767F823: ??? (in /usr/lib64/libodbcinst.so.2.0.0)
==63582==    by 0x767FB5A: SQLGetPrivateProfileString (in /usr/lib64/libodbcinst.so.2.0.0)
==63582==    by 0x6FAEF86: getCommonDefaults (in /usr/lib64/psqlodbcw.so)
==63582==    by 0x6FB00C3: getDSNinfo (in /usr/lib64/psqlodbcw.so)
==63582==    by 0x6F7E8D7: PGAPI_Connect (in /usr/lib64/psqlodbcw.so)
==63582==    by 0x6FB1D97: SQLConnect (in /usr/lib64/psqlodbcw.so)
==63582==    by 0x4E46B3F: SQLConnect (in /usr/lib64/libodbc.so.2.0.0)
==63582==    by 0x406579: CppODBC::Connect(char const*, char const*, char const*) (cpp_odbc.cpp:100)
==63582==    by 0x408D0F: sqlexec(std::vector<std::string, std::allocator<std::string> >, std::vector<int, std::allocator<int> >) (main.cpp:202)
==63582==    by 0x40AAE6: std::_Function_handler<void (std::vector<std::string, std::allocator<std::string> >, std::vector<int, std::allocator<int> >), void (*)(std::vector<std::string, std::allocator<std::string> >, std::vector<int, std::allocator<int> >)>::_M_invoke(std::_Any_data const&, std::vector<std::string, std::allocator<std::string> >, std::vector<int, std::allocator<int> >) (functional:2071)
==63582== 
==63582== 6 bytes in 1 blocks are still reachable in loss record 167 of 677
==63582==    at 0x4C29F73: malloc (vg_replace_malloc.c:309)
==63582==    by 0x5FF2B89: strdup (in /usr/lib64/libc-2.17.so)
==63582==    by 0x767F823: ??? (in /usr/lib64/libodbcinst.so.2.0.0)
==63582==    by 0x767FB5A: SQLGetPrivateProfileString (in /usr/lib64/libodbcinst.so.2.0.0)
==63582==    by 0x6FAF0A3: getCommonDefaults (in /usr/lib64/psqlodbcw.so)
==63582==    by 0x6FB00C3: getDSNinfo (in /usr/lib64/psqlodbcw.so)
==63582==    by 0x6F7E8D7: PGAPI_Connect (in /usr/lib64/psqlodbcw.so)
==63582==    by 0x6FB1D97: SQLConnect (in /usr/lib64/psqlodbcw.so)
==63582==    by 0x4E46B3F: SQLConnect (in /usr/lib64/libodbc.so.2.0.0)
==63582==    by 0x406579: CppODBC::Connect(char const*, char const*, char const*) (cpp_odbc.cpp:100)
==63582==    by 0x408D0F: sqlexec(std::vector<std::string, std::allocator<std::string> >, std::vector<int, std::allocator<int> >) (main.cpp:202)
==63582==    by 0x40AAE6: std::_Function_handler<void (std::vector<std::string, std::allocator<std::string> >, std::vector<int, std::allocator<int> >), void (*)(std::vector<std::string, std::allocator<std::string> >, std::vector<int, std::allocator<int> >)>::_M_invoke(std::_Any_data const&, std::vector<std::string, std::allocator<std::string> >, std::vector<int, std::allocator<int> >) (functional:2071)
==63582== 
==63582== 6 bytes in 1 blocks are still reachable in loss record 168 of 677
==63582==    at 0x4C29F73: malloc (vg_replace_malloc.c:309)
==63582==    by 0x5FF2B89: strdup (in /usr/lib64/libc-2.17.so)
==63582==    by 0x767F834: ??? (in /usr/lib64/libodbcinst.so.2.0.0)
==63582==    by 0x767FB5A: SQLGetPrivateProfileString (in /usr/lib64/libodbcinst.so.2.0.0)
==63582==    by 0x6FAF0A3: getCommonDefaults (in /usr/lib64/psqlodbcw.so)
==63582==    by 0x6FB00C3: getDSNinfo (in /usr/lib64/psqlodbcw.so)
==63582==    by 0x6F7E8D7: PGAPI_Connect (in /usr/lib64/psqlodbcw.so)
==63582==    by 0x6FB1D97: SQLConnect (in /usr/lib64/psqlodbcw.so)
==63582==    by 0x4E46B3F: SQLConnect (in /usr/lib64/libodbc.so.2.0.0)
==63582==    by 0x406579: CppODBC::Connect(char const*, char const*, char const*) (cpp_odbc.cpp:100)
==63582==    by 0x408D0F: sqlexec(std::vector<std::string, std::allocator<std::string> >, std::vector<int, std::allocator<int> >) (main.cpp:202)
==63582==    by 0x40AAE6: std::_Function_handler<void (std::vector<std::string, std::allocator<std::string> >, std::vector<int, std::allocator<int> >), void (*)(std::vector<std::string, std::allocator<std::string> >, std::vector<int, std::allocator<int> >)>::_M_invoke(std::_Any_data const&, std::vector<std::string, std::allocator<std::string> >, std::vector<int, std::allocator<int> >) (functional:2071)
==63582== 
==63582== 6 bytes in 1 blocks are still reachable in loss record 169 of 677
==63582==    at 0x4C29F73: malloc (vg_replace_malloc.c:309)
==63582==    by 0x5FF2B89: strdup (in /usr/lib64/libc-2.17.so)
==63582==    by 0x767F823: ??? (in /usr/lib64/libodbcinst.so.2.0.0)
==63582==    by 0x767FB5A: SQLGetPrivateProfileString (in /usr/lib64/libodbcinst.so.2.0.0)
==63582==    by 0x6FAF001: getCommonDefaults (in /usr/lib64/psqlodbcw.so)
==63582==    by 0x6FB00C3: getDSNinfo (in /usr/lib64/psqlodbcw.so)
==63582==    by 0x6F7E8D7: PGAPI_Connect (in /usr/lib64/psqlodbcw.so)
==63582==    by 0x6FB1D97: SQLConnect (in /usr/lib64/psqlodbcw.so)
==63582==    by 0x4E46B3F: SQLConnect (in /usr/lib64/libodbc.so.2.0.0)
==63582==    by 0x406579: CppODBC::Connect(char const*, char const*, char const*) (cpp_odbc.cpp:100)
==63582==    by 0x408D0F: sqlexec(std::vector<std::string, std::allocator<std::string> >, std::vector<int, std::allocator<int> >) (main.cpp:202)
==63582==    by 0x40AAE6: std::_Function_handler<void (std::vector<std::string, std::allocator<std::string> >, std::vector<int, std::allocator<int> >), void (*)(std::vector<std::string, std::allocator<std::string> >, std::vector<int, std::allocator<int> >)>::_M_invoke(std::_Any_data const&, std::vector<std::string, std::allocator<std::string> >, std::vector<int, std::allocator<int> >) (functional:2071)
==63582== 
==63582== 6 bytes in 1 blocks are still reachable in loss record 170 of 677
==63582==    at 0x4C29F73: malloc (vg_replace_malloc.c:309)
==63582==    by 0x5FF2B89: strdup (in /usr/lib64/libc-2.17.so)
==63582==    by 0x767F823: ??? (in /usr/lib64/libodbcinst.so.2.0.0)
==63582==    by 0x767FB5A: SQLGetPrivateProfileString (in /usr/lib64/libodbcinst.so.2.0.0)
==63582==    by 0x6FAEC74: getCommonDefaults (in /usr/lib64/psqlodbcw.so)
==63582==    by 0x6FB00C3: getDSNinfo (in /usr/lib64/psqlodbcw.so)
==63582==    by 0x6F7E8D7: PGAPI_Connect (in /usr/lib64/psqlodbcw.so)
==63582==    by 0x6FB1D97: SQLConnect (in /usr/lib64/psqlodbcw.so)
==63582==    by 0x4E46B3F: SQLConnect (in /usr/lib64/libodbc.so.2.0.0)
==63582==    by 0x406579: CppODBC::Connect(char const*, char const*, char const*) (cpp_odbc.cpp:100)
==63582==    by 0x408D0F: sqlexec(std::vector<std::string, std::allocator<std::string> >, std::vector<int, std::allocator<int> >) (main.cpp:202)
==63582==    by 0x40AAE6: std::_Function_handler<void (std::vector<std::string, std::allocator<std::string> >, std::vector<int, std::allocator<int> >), void (*)(std::vector<std::string, std::allocator<std::string> >, std::vector<int, std::allocator<int> >)>::_M_invoke(std::_Any_data const&, std::vector<std::string, std::allocator<std::string> >, std::vector<int, std::allocator<int> >) (functional:2071)
==63582== 
==63582== 6 bytes in 1 blocks are still reachable in loss record 171 of 677
==63582==    at 0x4C29F73: malloc (vg_replace_malloc.c:309)
==63582==    by 0x5FF2B89: strdup (in /usr/lib64/libc-2.17.so)
==63582==    by 0x767F823: ??? (in /usr/lib64/libodbcinst.so.2.0.0)
==63582==    by 0x767FB5A: SQLGetPrivateProfileString (in /usr/lib64/libodbcinst.so.2.0.0)
==63582==    by 0x6FAECAA: getCommonDefaults (in /usr/lib64/psqlodbcw.so)
==63582==    by 0x6FB00C3: getDSNinfo (in /usr/lib64/psqlodbcw.so)
==63582==    by 0x6F7E8D7: PGAPI_Connect (in /usr/lib64/psqlodbcw.so)
==63582==    by 0x6FB1D97: SQLConnect (in /usr/lib64/psqlodbcw.so)
==63582==    by 0x4E46B3F: SQLConnect (in /usr/lib64/libodbc.so.2.0.0)
==63582==    by 0x406579: CppODBC::Connect(char const*, char const*, char const*) (cpp_odbc.cpp:100)
==63582==    by 0x408D0F: sqlexec(std::vector<std::string, std::allocator<std::string> >, std::vector<int, std::allocator<int> >) (main.cpp:202)
==63582==    by 0x40AAE6: std::_Function_handler<void (std::vector<std::string, std::allocator<std::string> >, std::vector<int, std::allocator<int> >), void (*)(std::vector<std::string, std::allocator<std::string> >, std::vector<int, std::allocator<int> >)>::_M_invoke(std::_Any_data const&, std::vector<std::string, std::allocator<std::string> >, std::vector<int, std::allocator<int> >) (functional:2071)
==63582== 
==63582== 6 bytes in 1 blocks are still reachable in loss record 172 of 677
==63582==    at 0x4C29F73: malloc (vg_replace_malloc.c:309)
==63582==    by 0x5FF2B89: strdup (in /usr/lib64/libc-2.17.so)
==63582==    by 0x767F823: ??? (in /usr/lib64/libodbcinst.so.2.0.0)
==63582==    by 0x767FB5A: SQLGetPrivateProfileString (in /usr/lib64/libodbcinst.so.2.0.0)
==63582==    by 0x6FAF4C1: getCommonDefaults (in /usr/lib64/psqlodbcw.so)
==63582==    by 0x6FB00C3: getDSNinfo (in /usr/lib64/psqlodbcw.so)
==63582==    by 0x6F7E8D7: PGAPI_Connect (in /usr/lib64/psqlodbcw.so)
==63582==    by 0x6FB1D97: SQLConnect (in /usr/lib64/psqlodbcw.so)
==63582==    by 0x4E46B3F: SQLConnect (in /usr/lib64/libodbc.so.2.0.0)
==63582==    by 0x406579: CppODBC::Connect(char const*, char const*, char const*) (cpp_odbc.cpp:100)
==63582==    by 0x408D0F: sqlexec(std::vector<std::string, std::allocator<std::string> >, std::vector<int, std::allocator<int> >) (main.cpp:202)
==63582==    by 0x40AAE6: std::_Function_handler<void (std::vector<std::string, std::allocator<std::string> >, std::vector<int, std::allocator<int> >), void (*)(std::vector<std::string, std::allocator<std::string> >, std::vector<int, std::allocator<int> >)>::_M_invoke(std::_Any_data const&, std::vector<std::string, std::allocator<std::string> >, std::vector<int, std::allocator<int> >) (functional:2071)
==63582== 
==63582== 6 bytes in 1 blocks are still reachable in loss record 173 of 677
==63582==    at 0x4C29F73: malloc (vg_replace_malloc.c:309)
==63582==    by 0x5FF2B89: strdup (in /usr/lib64/libc-2.17.so)
==63582==    by 0x767F823: ??? (in /usr/lib64/libodbcinst.so.2.0.0)
==63582==    by 0x767FB5A: SQLGetPrivateProfileString (in /usr/lib64/libodbcinst.so.2.0.0)
==63582==    by 0x6FAED29: getCommonDefaults (in /usr/lib64/psqlodbcw.so)
==63582==    by 0x6FB00C3: getDSNinfo (in /usr/lib64/psqlodbcw.so)
==63582==    by 0x6F7E8D7: PGAPI_Connect (in /usr/lib64/psqlodbcw.so)
==63582==    by 0x6FB1D97: SQLConnect (in /usr/lib64/psqlodbcw.so)
==63582==    by 0x4E46B3F: SQLConnect (in /usr/lib64/libodbc.so.2.0.0)
==63582==    by 0x406579: CppODBC::Connect(char const*, char const*, char const*) (cpp_odbc.cpp:100)
==63582==    by 0x408D0F: sqlexec(std::vector<std::string, std::allocator<std::string> >, std::vector<int, std::allocator<int> >) (main.cpp:202)
==63582==    by 0x40AAE6: std::_Function_handler<void (std::vector<std::string, std::allocator<std::string> >, std::vector<int, std::allocator<int> >), void (*)(std::vector<std::string, std::allocator<std::string> >, std::vector<int, std::allocator<int> >)>::_M_invoke(std::_Any_data const&, std::vector<std::string, std::allocator<std::string> >, std::vector<int, std::allocator<int> >) (functional:2071)
==63582== 
==63582== 6 bytes in 1 blocks are still reachable in loss record 174 of 677
==63582==    at 0x4C29F73: malloc (vg_replace_malloc.c:309)
==63582==    by 0x5FF2B89: strdup (in /usr/lib64/libc-2.17.so)
==63582==    by 0x767F823: ??? (in /usr/lib64/libodbcinst.so.2.0.0)
==63582==    by 0x767FB5A: SQLGetPrivateProfileString (in /usr/lib64/libodbcinst.so.2.0.0)
==63582==    by 0x6FAF539: getCommonDefaults (in /usr/lib64/psqlodbcw.so)
==63582==    by 0x6FB00C3: getDSNinfo (in /usr/lib64/psqlodbcw.so)
==63582==    by 0x6F7E8D7: PGAPI_Connect (in /usr/lib64/psqlodbcw.so)
==63582==    by 0x6FB1D97: SQLConnect (in /usr/lib64/psqlodbcw.so)
==63582==    by 0x4E46B3F: SQLConnect (in /usr/lib64/libodbc.so.2.0.0)
==63582==    by 0x406579: CppODBC::Connect(char const*, char const*, char const*) (cpp_odbc.cpp:100)
==63582==    by 0x408D0F: sqlexec(std::vector<std::string, std::allocator<std::string> >, std::vector<int, std::allocator<int> >) (main.cpp:202)
==63582==    by 0x40AAE6: std::_Function_handler<void (std::vector<std::string, std::allocator<std::string> >, std::vector<int, std::allocator<int> >), void (*)(std::vector<std::string, std::allocator<std::string> >, std::vector<int, std::allocator<int> >)>::_M_invoke(std::_Any_data const&, std::vector<std::string, std::allocator<std::string> >, std::vector<int, std::allocator<int> >) (functional:2071)
==63582== 
==63582== 6 bytes in 1 blocks are still reachable in loss record 175 of 677
==63582==    at 0x4C29F73: malloc (vg_replace_malloc.c:309)
==63582==    by 0x5FF2B89: strdup (in /usr/lib64/libc-2.17.so)
==63582==    by 0x767F823: ??? (in /usr/lib64/libodbcinst.so.2.0.0)
==63582==    by 0x767FB5A: SQLGetPrivateProfileString (in /usr/lib64/libodbcinst.so.2.0.0)
==63582==    by 0x6FAEDA1: getCommonDefaults (in /usr/lib64/psqlodbcw.so)
==63582==    by 0x6FB00C3: getDSNinfo (in /usr/lib64/psqlodbcw.so)
==63582==    by 0x6F7E8D7: PGAPI_Connect (in /usr/lib64/psqlodbcw.so)
==63582==    by 0x6FB1D97: SQLConnect (in /usr/lib64/psqlodbcw.so)
==63582==    by 0x4E46B3F: SQLConnect (in /usr/lib64/libodbc.so.2.0.0)
==63582==    by 0x406579: CppODBC::Connect(char const*, char const*, char const*) (cpp_odbc.cpp:100)
==63582==    by 0x408D0F: sqlexec(std::vector<std::string, std::allocator<std::string> >, std::vector<int, std::allocator<int> >) (main.cpp:202)
==63582==    by 0x40AAE6: std::_Function_handler<void (std::vector<std::string, std::allocator<std::string> >, std::vector<int, std::allocator<int> >), void (*)(std::vector<std::string, std::allocator<std::string> >, std::vector<int, std::allocator<int> >)>::_M_invoke(std::_Any_data const&, std::vector<std::string, std::allocator<std::string> >, std::vector<int, std::allocator<int> >) (functional:2071)
==63582== 
==63582== 6 bytes in 1 blocks are still reachable in loss record 176 of 677
==63582==    at 0x4C29F73: malloc (vg_replace_malloc.c:309)
==63582==    by 0x5FF2B89: strdup (in /usr/lib64/libc-2.17.so)
==63582==    by 0x767F834: ??? (in /usr/lib64/libodbcinst.so.2.0.0)
==63582==    by 0x767FB5A: SQLGetPrivateProfileString (in /usr/lib64/libodbcinst.so.2.0.0)
==63582==    by 0x6FAEDA1: getCommonDefaults (in /usr/lib64/psqlodbcw.so)
==63582==    by 0x6FB00C3: getDSNinfo (in /usr/lib64/psqlodbcw.so)
==63582==    by 0x6F7E8D7: PGAPI_Connect (in /usr/lib64/psqlodbcw.so)
==63582==    by 0x6FB1D97: SQLConnect (in /usr/lib64/psqlodbcw.so)
==63582==    by 0x4E46B3F: SQLConnect (in /usr/lib64/libodbc.so.2.0.0)
==63582==    by 0x406579: CppODBC::Connect(char const*, char const*, char const*) (cpp_odbc.cpp:100)
==63582==    by 0x408D0F: sqlexec(std::vector<std::string, std::allocator<std::string> >, std::vector<int, std::allocator<int> >) (main.cpp:202)
==63582==    by 0x40AAE6: std::_Function_handler<void (std::vector<std::string, std::allocator<std::string> >, std::vector<int, std::allocator<int> >), void (*)(std::vector<std::string, std::allocator<std::string> >, std::vector<int, std::allocator<int> >)>::_M_invoke(std::_Any_data const&, std::vector<std::string, std::allocator<std::string> >, std::vector<int, std::allocator<int> >) (functional:2071)
==63582== 
==63582== 6 bytes in 1 blocks are still reachable in loss record 177 of 677
==63582==    at 0x4C29F73: malloc (vg_replace_malloc.c:309)
==63582==    by 0x5FF2B89: strdup (in /usr/lib64/libc-2.17.so)
==63582==    by 0x767F823: ??? (in /usr/lib64/libodbcinst.so.2.0.0)
==63582==    by 0x767FB5A: SQLGetPrivateProfileString (in /usr/lib64/libodbcinst.so.2.0.0)
==63582==    by 0x6FAF5B1: getCommonDefaults (in /usr/lib64/psqlodbcw.so)
==63582==    by 0x6FB00C3: getDSNinfo (in /usr/lib64/psqlodbcw.so)
==63582==    by 0x6F7E8D7: PGAPI_Connect (in /usr/lib64/psqlodbcw.so)
==63582==    by 0x6FB1D97: SQLConnect (in /usr/lib64/psqlodbcw.so)
==63582==    by 0x4E46B3F: SQLConnect (in /usr/lib64/libodbc.so.2.0.0)
==63582==    by 0x406579: CppODBC::Connect(char const*, char const*, char const*) (cpp_odbc.cpp:100)
==63582==    by 0x408D0F: sqlexec(std::vector<std::string, std::allocator<std::string> >, std::vector<int, std::allocator<int> >) (main.cpp:202)
==63582==    by 0x40AAE6: std::_Function_handler<void (std::vector<std::string, std::allocator<std::string> >, std::vector<int, std::allocator<int> >), void (*)(std::vector<std::string, std::allocator<std::string> >, std::vector<int, std::allocator<int> >)>::_M_invoke(std::_Any_data const&, std::vector<std::string, std::allocator<std::string> >, std::vector<int, std::allocator<int> >) (functional:2071)
==63582== 
==63582== 6 bytes in 1 blocks are still reachable in loss record 178 of 677
==63582==    at 0x4C29F73: malloc (vg_replace_malloc.c:309)
==63582==    by 0x5FF2B89: strdup (in /usr/lib64/libc-2.17.so)
==63582==    by 0x767F823: ??? (in /usr/lib64/libodbcinst.so.2.0.0)
==63582==    by 0x767FB5A: SQLGetPrivateProfileString (in /usr/lib64/libodbcinst.so.2.0.0)
==63582==    by 0x6FAEE19: getCommonDefaults (in /usr/lib64/psqlodbcw.so)
==63582==    by 0x6FB00C3: getDSNinfo (in /usr/lib64/psqlodbcw.so)
==63582==    by 0x6F7E8D7: PGAPI_Connect (in /usr/lib64/psqlodbcw.so)
==63582==    by 0x6FB1D97: SQLConnect (in /usr/lib64/psqlodbcw.so)
==63582==    by 0x4E46B3F: SQLConnect (in /usr/lib64/libodbc.so.2.0.0)
==63582==    by 0x406579: CppODBC::Connect(char const*, char const*, char const*) (cpp_odbc.cpp:100)
==63582==    by 0x408D0F: sqlexec(std::vector<std::string, std::allocator<std::string> >, std::vector<int, std::allocator<int> >) (main.cpp:202)
==63582==    by 0x40AAE6: std::_Function_handler<void (std::vector<std::string, std::allocator<std::string> >, std::vector<int, std::allocator<int> >), void (*)(std::vector<std::string, std::allocator<std::string> >, std::vector<int, std::allocator<int> >)>::_M_invoke(std::_Any_data const&, std::vector<std::string, std::allocator<std::string> >, std::vector<int, std::allocator<int> >) (functional:2071)
==63582== 
==63582== 6 bytes in 1 blocks are still reachable in loss record 179 of 677
==63582==    at 0x4C29F73: malloc (vg_replace_malloc.c:309)
==63582==    by 0x5FF2B89: strdup (in /usr/lib64/libc-2.17.so)
==63582==    by 0x767F823: ??? (in /usr/lib64/libodbcinst.so.2.0.0)
==63582==    by 0x767FB5A: SQLGetPrivateProfileString (in /usr/lib64/libodbcinst.so.2.0.0)
==63582==    by 0x6FAF629: getCommonDefaults (in /usr/lib64/psqlodbcw.so)
==63582==    by 0x6FB00C3: getDSNinfo (in /usr/lib64/psqlodbcw.so)
==63582==    by 0x6F7E8D7: PGAPI_Connect (in /usr/lib64/psqlodbcw.so)
==63582==    by 0x6FB1D97: SQLConnect (in /usr/lib64/psqlodbcw.so)
==63582==    by 0x4E46B3F: SQLConnect (in /usr/lib64/libodbc.so.2.0.0)
==63582==    by 0x406579: CppODBC::Connect(char const*, char const*, char const*) (cpp_odbc.cpp:100)
==63582==    by 0x408D0F: sqlexec(std::vector<std::string, std::allocator<std::string> >, std::vector<int, std::allocator<int> >) (main.cpp:202)
==63582==    by 0x40AAE6: std::_Function_handler<void (std::vector<std::string, std::allocator<std::string> >, std::vector<int, std::allocator<int> >), void (*)(std::vector<std::string, std::allocator<std::string> >, std::vector<int, std::allocator<int> >)>::_M_invoke(std::_Any_data const&, std::vector<std::string, std::allocator<std::string> >, std::vector<int, std::allocator<int> >) (functional:2071)
==63582== 
==63582== 6 bytes in 1 blocks are still reachable in loss record 180 of 677
==63582==    at 0x4C29F73: malloc (vg_replace_malloc.c:309)
==63582==    by 0x5FF2B89: strdup (in /usr/lib64/libc-2.17.so)
==63582==    by 0x767F823: ??? (in /usr/lib64/libodbcinst.so.2.0.0)
==63582==    by 0x767FB5A: SQLGetPrivateProfileString (in /usr/lib64/libodbcinst.so.2.0.0)
==63582==    by 0x6FAEE91: getCommonDefaults (in /usr/lib64/psqlodbcw.so)
==63582==    by 0x6FB00C3: getDSNinfo (in /usr/lib64/psqlodbcw.so)
==63582==    by 0x6F7E8D7: PGAPI_Connect (in /usr/lib64/psqlodbcw.so)
==63582==    by 0x6FB1D97: SQLConnect (in /usr/lib64/psqlodbcw.so)
==63582==    by 0x4E46B3F: SQLConnect (in /usr/lib64/libodbc.so.2.0.0)
==63582==    by 0x406579: CppODBC::Connect(char const*, char const*, char const*) (cpp_odbc.cpp:100)
==63582==    by 0x408D0F: sqlexec(std::vector<std::string, std::allocator<std::string> >, std::vector<int, std::allocator<int> >) (main.cpp:202)
==63582==    by 0x40AAE6: std::_Function_handler<void (std::vector<std::string, std::allocator<std::string> >, std::vector<int, std::allocator<int> >), void (*)(std::vector<std::string, std::allocator<std::string> >, std::vector<int, std::allocator<int> >)>::_M_invoke(std::_Any_data const&, std::vector<std::string, std::allocator<std::string> >, std::vector<int, std::allocator<int> >) (functional:2071)
==63582== 
==63582== 6 bytes in 1 blocks are still reachable in loss record 181 of 677
==63582==    at 0x4C29F73: malloc (vg_replace_malloc.c:309)
==63582==    by 0x5FF2B89: strdup (in /usr/lib64/libc-2.17.so)
==63582==    by 0x767F823: ??? (in /usr/lib64/libodbcinst.so.2.0.0)
==63582==    by 0x767FB5A: SQLGetPrivateProfileString (in /usr/lib64/libodbcinst.so.2.0.0)
==63582==    by 0x6FAF6A1: getCommonDefaults (in /usr/lib64/psqlodbcw.so)
==63582==    by 0x6FB00C3: getDSNinfo (in /usr/lib64/psqlodbcw.so)
==63582==    by 0x6F7E8D7: PGAPI_Connect (in /usr/lib64/psqlodbcw.so)
==63582==    by 0x6FB1D97: SQLConnect (in /usr/lib64/psqlodbcw.so)
==63582==    by 0x4E46B3F: SQLConnect (in /usr/lib64/libodbc.so.2.0.0)
==63582==    by 0x406579: CppODBC::Connect(char const*, char const*, char const*) (cpp_odbc.cpp:100)
==63582==    by 0x408D0F: sqlexec(std::vector<std::string, std::allocator<std::string> >, std::vector<int, std::allocator<int> >) (main.cpp:202)
==63582==    by 0x40AAE6: std::_Function_handler<void (std::vector<std::string, std::allocator<std::string> >, std::vector<int, std::allocator<int> >), void (*)(std::vector<std::string, std::allocator<std::string> >, std::vector<int, std::allocator<int> >)>::_M_invoke(std::_Any_data const&, std::vector<std::string, std::allocator<std::string> >, std::vector<int, std::allocator<int> >) (functional:2071)
==63582== 
==63582== 6 bytes in 1 blocks are still reachable in loss record 182 of 677
==63582==    at 0x4C29F73: malloc (vg_replace_malloc.c:309)
==63582==    by 0x5FF2B89: strdup (in /usr/lib64/libc-2.17.so)
==63582==    by 0x767F823: ??? (in /usr/lib64/libodbcinst.so.2.0.0)
==63582==    by 0x767FB5A: SQLGetPrivateProfileString (in /usr/lib64/libodbcinst.so.2.0.0)
==63582==    by 0x6FAEF09: getCommonDefaults (in /usr/lib64/psqlodbcw.so)
==63582==    by 0x6FB00C3: getDSNinfo (in /usr/lib64/psqlodbcw.so)
==63582==    by 0x6F7E8D7: PGAPI_Connect (in /usr/lib64/psqlodbcw.so)
==63582==    by 0x6FB1D97: SQLConnect (in /usr/lib64/psqlodbcw.so)
==63582==    by 0x4E46B3F: SQLConnect (in /usr/lib64/libodbc.so.2.0.0)
==63582==    by 0x406579: CppODBC::Connect(char const*, char const*, char const*) (cpp_odbc.cpp:100)
==63582==    by 0x408D0F: sqlexec(std::vector<std::string, std::allocator<std::string> >, std::vector<int, std::allocator<int> >) (main.cpp:202)
==63582==    by 0x40AAE6: std::_Function_handler<void (std::vector<std::string, std::allocator<std::string> >, std::vector<int, std::allocator<int> >), void (*)(std::vector<std::string, std::allocator<std::string> >, std::vector<int, std::allocator<int> >)>::_M_invoke(std::_Any_data const&, std::vector<std::string, std::allocator<std::string> >, std::vector<int, std::allocator<int> >) (functional:2071)
==63582== 
==63582== 6 bytes in 1 blocks are still reachable in loss record 183 of 677
==63582==    at 0x4C29F73: malloc (vg_replace_malloc.c:309)
==63582==    by 0x5FF2B89: strdup (in /usr/lib64/libc-2.17.so)
==63582==    by 0x767F823: ??? (in /usr/lib64/libodbcinst.so.2.0.0)
==63582==    by 0x767FB5A: SQLGetPrivateProfileString (in /usr/lib64/libodbcinst.so.2.0.0)
==63582==    by 0x6FAF719: getCommonDefaults (in /usr/lib64/psqlodbcw.so)
==63582==    by 0x6FB00C3: getDSNinfo (in /usr/lib64/psqlodbcw.so)
==63582==    by 0x6F7E8D7: PGAPI_Connect (in /usr/lib64/psqlodbcw.so)
==63582==    by 0x6FB1D97: SQLConnect (in /usr/lib64/psqlodbcw.so)
==63582==    by 0x4E46B3F: SQLConnect (in /usr/lib64/libodbc.so.2.0.0)
==63582==    by 0x406579: CppODBC::Connect(char const*, char const*, char const*) (cpp_odbc.cpp:100)
==63582==    by 0x408D0F: sqlexec(std::vector<std::string, std::allocator<std::string> >, std::vector<int, std::allocator<int> >) (main.cpp:202)
==63582==    by 0x40AAE6: std::_Function_handler<void (std::vector<std::string, std::allocator<std::string> >, std::vector<int, std::allocator<int> >), void (*)(std::vector<std::string, std::allocator<std::string> >, std::vector<int, std::allocator<int> >)>::_M_invoke(std::_Any_data const&, std::vector<std::string, std::allocator<std::string> >, std::vector<int, std::allocator<int> >) (functional:2071)
==63582== 
==63582== 6 bytes in 1 blocks are still reachable in loss record 184 of 677
==63582==    at 0x4C29F73: malloc (vg_replace_malloc.c:309)
==63582==    by 0x5FF2B89: strdup (in /usr/lib64/libc-2.17.so)
==63582==    by 0x767F823: ??? (in /usr/lib64/libodbcinst.so.2.0.0)
==63582==    by 0x767FB5A: SQLGetPrivateProfileString (in /usr/lib64/libodbcinst.so.2.0.0)
==63582==    by 0x6FAF37A: getCommonDefaults (in /usr/lib64/psqlodbcw.so)
==63582==    by 0x6FB00C3: getDSNinfo (in /usr/lib64/psqlodbcw.so)
==63582==    by 0x6F7E8D7: PGAPI_Connect (in /usr/lib64/psqlodbcw.so)
==63582==    by 0x6FB1D97: SQLConnect (in /usr/lib64/psqlodbcw.so)
==63582==    by 0x4E46B3F: SQLConnect (in /usr/lib64/libodbc.so.2.0.0)
==63582==    by 0x406579: CppODBC::Connect(char const*, char const*, char const*) (cpp_odbc.cpp:100)
==63582==    by 0x408D0F: sqlexec(std::vector<std::string, std::allocator<std::string> >, std::vector<int, std::allocator<int> >) (main.cpp:202)
==63582==    by 0x40AAE6: std::_Function_handler<void (std::vector<std::string, std::allocator<std::string> >, std::vector<int, std::allocator<int> >), void (*)(std::vector<std::string, std::allocator<std::string> >, std::vector<int, std::allocator<int> >)>::_M_invoke(std::_Any_data const&, std::vector<std::string, std::allocator<std::string> >, std::vector<int, std::allocator<int> >) (functional:2071)
==63582== 
==63582== 7 bytes in 1 blocks are still reachable in loss record 185 of 677
==63582==    at 0x4C29F73: malloc (vg_replace_malloc.c:309)
==63582==    by 0x6336815: lt__malloc (in /usr/local/oushu/oushudb-5.0.0.0/lib/libltdl.so.7.3.1)
==63582==    by 0x633775C: try_dlopen (in /usr/local/oushu/oushudb-5.0.0.0/lib/libltdl.so.7.3.1)
==63582==    by 0x6337354: lt_dlopen (in /usr/local/oushu/oushudb-5.0.0.0/lib/libltdl.so.7.3.1)
==63582==    by 0x63366A6: lt_dlpreload_open (in /usr/local/oushu/oushudb-5.0.0.0/lib/libltdl.so.7.3.1)
==63582==    by 0x4E43BB0: ??? (in /usr/lib64/libodbc.so.2.0.0)
==63582==    by 0x4E46AF6: SQLConnect (in /usr/lib64/libodbc.so.2.0.0)
==63582==    by 0x406579: CppODBC::Connect(char const*, char const*, char const*) (cpp_odbc.cpp:100)
==63582==    by 0x4059D2: main (main.cpp:308)
==63582== 
==63582== 7 bytes in 1 blocks are still reachable in loss record 186 of 677
==63582==    at 0x4C29F73: malloc (vg_replace_malloc.c:309)
==63582==    by 0x5FF2B89: strdup (in /usr/lib64/libc-2.17.so)
==63582==    by 0x4E84AA4: ??? (in /usr/lib64/libodbc.so.2.0.0)
==63582==    by 0x4E84DCA: ??? (in /usr/lib64/libodbc.so.2.0.0)
==63582==    by 0x4E719F2: ??? (in /usr/lib64/libodbc.so.2.0.0)
==63582==    by 0x4E46ACA: SQLConnect (in /usr/lib64/libodbc.so.2.0.0)
==63582==    by 0x406579: CppODBC::Connect(char const*, char const*, char const*) (cpp_odbc.cpp:100)
==63582==    by 0x408D0F: sqlexec(std::vector<std::string, std::allocator<std::string> >, std::vector<int, std::allocator<int> >) (main.cpp:202)
==63582==    by 0x40AAE6: std::_Function_handler<void (std::vector<std::string, std::allocator<std::string> >, std::vector<int, std::allocator<int> >), void (*)(std::vector<std::string, std::allocator<std::string> >, std::vector<int, std::allocator<int> >)>::_M_invoke(std::_Any_data const&, std::vector<std::string, std::allocator<std::string> >, std::vector<int, std::allocator<int> >) (functional:2071)
==63582==    by 0x40C9CE: operator() (functional:2471)
==63582==    by 0x40C9CE: thread_pool::worker() (thread_pool.cpp:127)
==63582==    by 0x57FB32F: ??? (in /usr/lib64/libstdc++.so.6.0.19)
==63582==    by 0x5531EA4: start_thread (in /usr/lib64/libpthread-2.17.so)
==63582== 
==63582== 7 bytes in 1 blocks are still reachable in loss record 187 of 677
==63582==    at 0x4C29F73: malloc (vg_replace_malloc.c:309)
==63582==    by 0x5FF2B89: strdup (in /usr/lib64/libc-2.17.so)
==63582==    by 0x4E84AA4: ??? (in /usr/lib64/libodbc.so.2.0.0)
==63582==    by 0x4E84DCA: ??? (in /usr/lib64/libodbc.so.2.0.0)
==63582==    by 0x4E71A2E: ??? (in /usr/lib64/libodbc.so.2.0.0)
==63582==    by 0x4E46ACA: SQLConnect (in /usr/lib64/libodbc.so.2.0.0)
==63582==    by 0x406579: CppODBC::Connect(char const*, char const*, char const*) (cpp_odbc.cpp:100)
==63582==    by 0x408D0F: sqlexec(std::vector<std::string, std::allocator<std::string> >, std::vector<int, std::allocator<int> >) (main.cpp:202)
==63582==    by 0x40AAE6: std::_Function_handler<void (std::vector<std::string, std::allocator<std::string> >, std::vector<int, std::allocator<int> >), void (*)(std::vector<std::string, std::allocator<std::string> >, std::vector<int, std::allocator<int> >)>::_M_invoke(std::_Any_data const&, std::vector<std::string, std::allocator<std::string> >, std::vector<int, std::allocator<int> >) (functional:2071)
==63582==    by 0x40C9CE: operator() (functional:2471)
==63582==    by 0x40C9CE: thread_pool::worker() (thread_pool.cpp:127)
==63582==    by 0x57FB32F: ??? (in /usr/lib64/libstdc++.so.6.0.19)
==63582==    by 0x5531EA4: start_thread (in /usr/lib64/libpthread-2.17.so)
==63582== 
==63582== 7 bytes in 1 blocks are still reachable in loss record 188 of 677
==63582==    at 0x4C29F73: malloc (vg_replace_malloc.c:309)
==63582==    by 0x5FF2B89: strdup (in /usr/lib64/libc-2.17.so)
==63582==    by 0x767F834: ??? (in /usr/lib64/libodbcinst.so.2.0.0)
==63582==    by 0x767FB5A: SQLGetPrivateProfileString (in /usr/lib64/libodbcinst.so.2.0.0)
==63582==    by 0x6FAEF86: getCommonDefaults (in /usr/lib64/psqlodbcw.so)
==63582==    by 0x6FB00C3: getDSNinfo (in /usr/lib64/psqlodbcw.so)
==63582==    by 0x6F7E8D7: PGAPI_Connect (in /usr/lib64/psqlodbcw.so)
==63582==    by 0x6FB1D97: SQLConnect (in /usr/lib64/psqlodbcw.so)
==63582==    by 0x4E46B3F: SQLConnect (in /usr/lib64/libodbc.so.2.0.0)
==63582==    by 0x406579: CppODBC::Connect(char const*, char const*, char const*) (cpp_odbc.cpp:100)
==63582==    by 0x408D0F: sqlexec(std::vector<std::string, std::allocator<std::string> >, std::vector<int, std::allocator<int> >) (main.cpp:202)
==63582==    by 0x40AAE6: std::_Function_handler<void (std::vector<std::string, std::allocator<std::string> >, std::vector<int, std::allocator<int> >), void (*)(std::vector<std::string, std::allocator<std::string> >, std::vector<int, std::allocator<int> >)>::_M_invoke(std::_Any_data const&, std::vector<std::string, std::allocator<std::string> >, std::vector<int, std::allocator<int> >) (functional:2071)
==63582== 
==63582== 8 bytes in 1 blocks are still reachable in loss record 189 of 677
==63582==    at 0x4C2A593: operator new(unsigned long) (vg_replace_malloc.c:344)
==63582==    by 0x40E66F: allocate (new_allocator.h:104)
==63582==    by 0x40E66F: _M_allocate (stl_vector.h:168)
==63582==    by 0x40E66F: void std::vector<int, std::allocator<int> >::_M_emplace_back_aux<int const&>(int const&) (vector.tcc:404)
==63582==    by 0x405CA8: push_back (stl_vector.h:911)
==63582==    by 0x405CA8: main (main.cpp:326)
==63582== 
==63582== 8 bytes in 1 blocks are still reachable in loss record 190 of 677
==63582==    at 0x4C2A593: operator new(unsigned long) (vg_replace_malloc.c:344)
==63582==    by 0x40DABC: allocate (new_allocator.h:104)
==63582==    by 0x40DABC: _M_allocate (stl_vector.h:168)
==63582==    by 0x40DABC: std::vector<int, std::allocator<int> >::_M_default_append(unsigned long) (vector.tcc:549)
==63582==    by 0x40DF71: resize (stl_vector.h:667)
==63582==    by 0x40DF71: thread_pool::setCmd(std::vector<std::vector<std::string, std::allocator<std::string> >, std::allocator<std::vector<std::string, std::allocator<std::string> > > >, std::vector<std::vector<int, std::allocator<int> >, std::allocator<std::vector<int, std::allocator<int> > > >, std::vector<int, std::allocator<int> >) (thread_pool.cpp:92)
==63582==    by 0x405D6D: main (main.cpp:329)
==63582== 
==63582== 8 bytes in 1 blocks are still reachable in loss record 191 of 677
==63582==    at 0x4C29F73: malloc (vg_replace_malloc.c:309)
==63582==    by 0x5FF2B89: strdup (in /usr/lib64/libc-2.17.so)
==63582==    by 0x4E84AA4: ??? (in /usr/lib64/libodbc.so.2.0.0)
==63582==    by 0x4E84DF9: ??? (in /usr/lib64/libodbc.so.2.0.0)
==63582==    by 0x4E43B1C: ??? (in /usr/lib64/libodbc.so.2.0.0)
==63582==    by 0x4E46AF6: SQLConnect (in /usr/lib64/libodbc.so.2.0.0)
==63582==    by 0x406579: CppODBC::Connect(char const*, char const*, char const*) (cpp_odbc.cpp:100)
==63582==    by 0x408D0F: sqlexec(std::vector<std::string, std::allocator<std::string> >, std::vector<int, std::allocator<int> >) (main.cpp:202)
==63582==    by 0x40AAE6: std::_Function_handler<void (std::vector<std::string, std::allocator<std::string> >, std::vector<int, std::allocator<int> >), void (*)(std::vector<std::string, std::allocator<std::string> >, std::vector<int, std::allocator<int> >)>::_M_invoke(std::_Any_data const&, std::vector<std::string, std::allocator<std::string> >, std::vector<int, std::allocator<int> >) (functional:2071)
==63582==    by 0x40C9CE: operator() (functional:2471)
==63582==    by 0x40C9CE: thread_pool::worker() (thread_pool.cpp:127)
==63582==    by 0x57FB32F: ??? (in /usr/lib64/libstdc++.so.6.0.19)
==63582==    by 0x5531EA4: start_thread (in /usr/lib64/libpthread-2.17.so)
==63582== 
==63582== 8 bytes in 1 blocks are still reachable in loss record 192 of 677
==63582==    at 0x4C29F73: malloc (vg_replace_malloc.c:309)
==63582==    by 0x5FF2B89: strdup (in /usr/lib64/libc-2.17.so)
==63582==    by 0x4E84AA4: ??? (in /usr/lib64/libodbc.so.2.0.0)
==63582==    by 0x4E84DF9: ??? (in /usr/lib64/libodbc.so.2.0.0)
==63582==    by 0x4E3E35E: ??? (in /usr/lib64/libodbc.so.2.0.0)
==63582==    by 0x4063CF: CppODBC::Open() (cpp_odbc.cpp:43)
==63582==    by 0x408C69: sqlexec(std::vector<std::string, std::allocator<std::string> >, std::vector<int, std::allocator<int> >) (main.cpp:190)
==63582==    by 0x40AAE6: std::_Function_handler<void (std::vector<std::string, std::allocator<std::string> >, std::vector<int, std::allocator<int> >), void (*)(std::vector<std::string, std::allocator<std::string> >, std::vector<int, std::allocator<int> >)>::_M_invoke(std::_Any_data const&, std::vector<std::string, std::allocator<std::string> >, std::vector<int, std::allocator<int> >) (functional:2071)
==63582==    by 0x40C9CE: operator() (functional:2471)
==63582==    by 0x40C9CE: thread_pool::worker() (thread_pool.cpp:127)
==63582==    by 0x57FB32F: ??? (in /usr/lib64/libstdc++.so.6.0.19)
==63582==    by 0x5531EA4: start_thread (in /usr/lib64/libpthread-2.17.so)
==63582==    by 0x6064B0C: clone (in /usr/lib64/libc-2.17.so)
==63582== 
==63582== 8 bytes in 1 blocks are still reachable in loss record 193 of 677
==63582==    at 0x4C29F73: malloc (vg_replace_malloc.c:309)
==63582==    by 0x5FF2B89: strdup (in /usr/lib64/libc-2.17.so)
==63582==    by 0x767F834: ??? (in /usr/lib64/libodbcinst.so.2.0.0)
==63582==    by 0x767FB5A: SQLGetPrivateProfileString (in /usr/lib64/libodbcinst.so.2.0.0)
==63582==    by 0x6FB0080: getDSNinfo (in /usr/lib64/psqlodbcw.so)
==63582==    by 0x6F7E8D7: PGAPI_Connect (in /usr/lib64/psqlodbcw.so)
==63582==    by 0x6FB1D97: SQLConnect (in /usr/lib64/psqlodbcw.so)
==63582==    by 0x4E46B3F: SQLConnect (in /usr/lib64/libodbc.so.2.0.0)
==63582==    by 0x406579: CppODBC::Connect(char const*, char const*, char const*) (cpp_odbc.cpp:100)
==63582==    by 0x408D0F: sqlexec(std::vector<std::string, std::allocator<std::string> >, std::vector<int, std::allocator<int> >) (main.cpp:202)
==63582==    by 0x40AAE6: std::_Function_handler<void (std::vector<std::string, std::allocator<std::string> >, std::vector<int, std::allocator<int> >), void (*)(std::vector<std::string, std::allocator<std::string> >, std::vector<int, std::allocator<int> >)>::_M_invoke(std::_Any_data const&, std::vector<std::string, std::allocator<std::string> >, std::vector<int, std::allocator<int> >) (functional:2071)
==63582==    by 0x40C9CE: operator() (functional:2471)
==63582==    by 0x40C9CE: thread_pool::worker() (thread_pool.cpp:127)
==63582== 
==63582== 8 bytes in 1 blocks are still reachable in loss record 194 of 677
==63582==    at 0x4C29F73: malloc (vg_replace_malloc.c:309)
==63582==    by 0x5FF2B89: strdup (in /usr/lib64/libc-2.17.so)
==63582==    by 0x767F834: ??? (in /usr/lib64/libodbcinst.so.2.0.0)
==63582==    by 0x767FB5A: SQLGetPrivateProfileString (in /usr/lib64/libodbcinst.so.2.0.0)
==63582==    by 0x6FAF001: getCommonDefaults (in /usr/lib64/psqlodbcw.so)
==63582==    by 0x6FB00C3: getDSNinfo (in /usr/lib64/psqlodbcw.so)
==63582==    by 0x6F7E8D7: PGAPI_Connect (in /usr/lib64/psqlodbcw.so)
==63582==    by 0x6FB1D97: SQLConnect (in /usr/lib64/psqlodbcw.so)
==63582==    by 0x4E46B3F: SQLConnect (in /usr/lib64/libodbc.so.2.0.0)
==63582==    by 0x406579: CppODBC::Connect(char const*, char const*, char const*) (cpp_odbc.cpp:100)
==63582==    by 0x408D0F: sqlexec(std::vector<std::string, std::allocator<std::string> >, std::vector<int, std::allocator<int> >) (main.cpp:202)
==63582==    by 0x40AAE6: std::_Function_handler<void (std::vector<std::string, std::allocator<std::string> >, std::vector<int, std::allocator<int> >), void (*)(std::vector<std::string, std::allocator<std::string> >, std::vector<int, std::allocator<int> >)>::_M_invoke(std::_Any_data const&, std::vector<std::string, std::allocator<std::string> >, std::vector<int, std::allocator<int> >) (functional:2071)
==63582== 
==63582== 8 bytes in 2 blocks are still reachable in loss record 195 of 677
==63582==    at 0x4C2A593: operator new(unsigned long) (vg_replace_malloc.c:344)
==63582==    by 0x40EC8F: allocate (new_allocator.h:104)
==63582==    by 0x40EC8F: _M_allocate (stl_vector.h:168)
==63582==    by 0x40EC8F: void std::vector<int, std::allocator<int> >::_M_emplace_back_aux<int>(int&&) (vector.tcc:404)
==63582==    by 0x4081F6: emplace_back<int> (vector.tcc:101)
==63582==    by 0x4081F6: push_back (stl_vector.h:920)
==63582==    by 0x4081F6: readConfig(Data&, std::vector<std::vector<std::string, std::allocator<std::string> >, std::allocator<std::vector<std::string, std::allocator<std::string> > > >&, std::vector<std::vector<int, std::allocator<int> >, std::allocator<std::vector<int, std::allocator<int> > > >&) (main.cpp:129)
==63582==    by 0x405AB8: main (main.cpp:316)
==63582== 
==63582== 8 bytes in 2 blocks are still reachable in loss record 196 of 677
==63582==    at 0x4C2A593: operator new(unsigned long) (vg_replace_malloc.c:344)
==63582==    by 0x40DABC: allocate (new_allocator.h:104)
==63582==    by 0x40DABC: _M_allocate (stl_vector.h:168)
==63582==    by 0x40DABC: std::vector<int, std::allocator<int> >::_M_default_append(unsigned long) (vector.tcc:549)
==63582==    by 0x40DE37: resize (stl_vector.h:667)
==63582==    by 0x40DE37: thread_pool::setCmd(std::vector<std::vector<std::string, std::allocator<std::string> >, std::allocator<std::vector<std::string, std::allocator<std::string> > > >, std::vector<std::vector<int, std::allocator<int> >, std::allocator<std::vector<int, std::allocator<int> > > >, std::vector<int, std::allocator<int> >) (thread_pool.cpp:86)
==63582==    by 0x405D6D: main (main.cpp:329)
==63582== 
==63582== 9 bytes in 1 blocks are still reachable in loss record 197 of 677
==63582==    at 0x4C29F73: malloc (vg_replace_malloc.c:309)
==63582==    by 0x633690B: lt__strdup (in /usr/local/oushu/oushudb-5.0.0.0/lib/libltdl.so.7.3.1)
==63582==    by 0x6339A13: tryall_dlopen (in /usr/local/oushu/oushudb-5.0.0.0/lib/libltdl.so.7.3.1)
==63582==    by 0x6337C56: try_dlopen (in /usr/local/oushu/oushudb-5.0.0.0/lib/libltdl.so.7.3.1)
==63582==    by 0x6337354: lt_dlopen (in /usr/local/oushu/oushudb-5.0.0.0/lib/libltdl.so.7.3.1)
==63582==    by 0x63366A6: lt_dlpreload_open (in /usr/local/oushu/oushudb-5.0.0.0/lib/libltdl.so.7.3.1)
==63582==    by 0x4E43BB0: ??? (in /usr/lib64/libodbc.so.2.0.0)
==63582==    by 0x4E46AF6: SQLConnect (in /usr/lib64/libodbc.so.2.0.0)
==63582==    by 0x406579: CppODBC::Connect(char const*, char const*, char const*) (cpp_odbc.cpp:100)
==63582==    by 0x4059D2: main (main.cpp:308)
==63582== 
==63582== 9 bytes in 1 blocks are still reachable in loss record 198 of 677
==63582==    at 0x4C29F73: malloc (vg_replace_malloc.c:309)
==63582==    by 0x5FF2B89: strdup (in /usr/lib64/libc-2.17.so)
==63582==    by 0x4E84A83: ??? (in /usr/lib64/libodbc.so.2.0.0)
==63582==    by 0x4E84DCA: ??? (in /usr/lib64/libodbc.so.2.0.0)
==63582==    by 0x4E719F2: ??? (in /usr/lib64/libodbc.so.2.0.0)
==63582==    by 0x4E46ACA: SQLConnect (in /usr/lib64/libodbc.so.2.0.0)
==63582==    by 0x406579: CppODBC::Connect(char const*, char const*, char const*) (cpp_odbc.cpp:100)
==63582==    by 0x408D0F: sqlexec(std::vector<std::string, std::allocator<std::string> >, std::vector<int, std::allocator<int> >) (main.cpp:202)
==63582==    by 0x40AAE6: std::_Function_handler<void (std::vector<std::string, std::allocator<std::string> >, std::vector<int, std::allocator<int> >), void (*)(std::vector<std::string, std::allocator<std::string> >, std::vector<int, std::allocator<int> >)>::_M_invoke(std::_Any_data const&, std::vector<std::string, std::allocator<std::string> >, std::vector<int, std::allocator<int> >) (functional:2071)
==63582==    by 0x40C9CE: operator() (functional:2471)
==63582==    by 0x40C9CE: thread_pool::worker() (thread_pool.cpp:127)
==63582==    by 0x57FB32F: ??? (in /usr/lib64/libstdc++.so.6.0.19)
==63582==    by 0x5531EA4: start_thread (in /usr/lib64/libpthread-2.17.so)
==63582== 
==63582== 9 bytes in 1 blocks are still reachable in loss record 199 of 677
==63582==    at 0x4C29F73: malloc (vg_replace_malloc.c:309)
==63582==    by 0x5FF2B89: strdup (in /usr/lib64/libc-2.17.so)
==63582==    by 0x4E84A83: ??? (in /usr/lib64/libodbc.so.2.0.0)
==63582==    by 0x4E84DCA: ??? (in /usr/lib64/libodbc.so.2.0.0)
==63582==    by 0x4E71A2E: ??? (in /usr/lib64/libodbc.so.2.0.0)
==63582==    by 0x4E46ACA: SQLConnect (in /usr/lib64/libodbc.so.2.0.0)
==63582==    by 0x406579: CppODBC::Connect(char const*, char const*, char const*) (cpp_odbc.cpp:100)
==63582==    by 0x408D0F: sqlexec(std::vector<std::string, std::allocator<std::string> >, std::vector<int, std::allocator<int> >) (main.cpp:202)
==63582==    by 0x40AAE6: std::_Function_handler<void (std::vector<std::string, std::allocator<std::string> >, std::vector<int, std::allocator<int> >), void (*)(std::vector<std::string, std::allocator<std::string> >, std::vector<int, std::allocator<int> >)>::_M_invoke(std::_Any_data const&, std::vector<std::string, std::allocator<std::string> >, std::vector<int, std::allocator<int> >) (functional:2071)
==63582==    by 0x40C9CE: operator() (functional:2471)
==63582==    by 0x40C9CE: thread_pool::worker() (thread_pool.cpp:127)
==63582==    by 0x57FB32F: ??? (in /usr/lib64/libstdc++.so.6.0.19)
==63582==    by 0x5531EA4: start_thread (in /usr/lib64/libpthread-2.17.so)
==63582== 
==63582== 9 bytes in 1 blocks are still reachable in loss record 200 of 677
==63582==    at 0x4C29F73: malloc (vg_replace_malloc.c:309)
==63582==    by 0x5FF2B89: strdup (in /usr/lib64/libc-2.17.so)
==63582==    by 0x4E84AA4: ??? (in /usr/lib64/libodbc.so.2.0.0)
==63582==    by 0x4E84DF9: ??? (in /usr/lib64/libodbc.so.2.0.0)
==63582==    by 0x4E71A85: ??? (in /usr/lib64/libodbc.so.2.0.0)
==63582==    by 0x4E46ACA: SQLConnect (in /usr/lib64/libodbc.so.2.0.0)
==63582==    by 0x406579: CppODBC::Connect(char const*, char const*, char const*) (cpp_odbc.cpp:100)
==63582==    by 0x408D0F: sqlexec(std::vector<std::string, std::allocator<std::string> >, std::vector<int, std::allocator<int> >) (main.cpp:202)
==63582==    by 0x40AAE6: std::_Function_handler<void (std::vector<std::string, std::allocator<std::string> >, std::vector<int, std::allocator<int> >), void (*)(std::vector<std::string, std::allocator<std::string> >, std::vector<int, std::allocator<int> >)>::_M_invoke(std::_Any_data const&, std::vector<std::string, std::allocator<std::string> >, std::vector<int, std::allocator<int> >) (functional:2071)
==63582==    by 0x40C9CE: operator() (functional:2471)
==63582==    by 0x40C9CE: thread_pool::worker() (thread_pool.cpp:127)
==63582==    by 0x57FB32F: ??? (in /usr/lib64/libstdc++.so.6.0.19)
==63582==    by 0x5531EA4: start_thread (in /usr/lib64/libpthread-2.17.so)
==63582== 
==63582== 9 bytes in 1 blocks are still reachable in loss record 201 of 677
==63582==    at 0x4C29F73: malloc (vg_replace_malloc.c:309)
==63582==    by 0x5FF2B89: strdup (in /usr/lib64/libc-2.17.so)
==63582==    by 0x4E84A83: ??? (in /usr/lib64/libodbc.so.2.0.0)
==63582==    by 0x4E84DCA: ??? (in /usr/lib64/libodbc.so.2.0.0)
==63582==    by 0x4E467E5: ??? (in /usr/lib64/libodbc.so.2.0.0)
==63582==    by 0x4E46AE3: SQLConnect (in /usr/lib64/libodbc.so.2.0.0)
==63582==    by 0x406579: CppODBC::Connect(char const*, char const*, char const*) (cpp_odbc.cpp:100)
==63582==    by 0x408D0F: sqlexec(std::vector<std::string, std::allocator<std::string> >, std::vector<int, std::allocator<int> >) (main.cpp:202)
==63582==    by 0x40AAE6: std::_Function_handler<void (std::vector<std::string, std::allocator<std::string> >, std::vector<int, std::allocator<int> >), void (*)(std::vector<std::string, std::allocator<std::string> >, std::vector<int, std::allocator<int> >)>::_M_invoke(std::_Any_data const&, std::vector<std::string, std::allocator<std::string> >, std::vector<int, std::allocator<int> >) (functional:2071)
==63582==    by 0x40C9CE: operator() (functional:2471)
==63582==    by 0x40C9CE: thread_pool::worker() (thread_pool.cpp:127)
==63582==    by 0x57FB32F: ??? (in /usr/lib64/libstdc++.so.6.0.19)
==63582==    by 0x5531EA4: start_thread (in /usr/lib64/libpthread-2.17.so)
==63582== 
==63582== 9 bytes in 1 blocks are still reachable in loss record 202 of 677
==63582==    at 0x4C29F73: malloc (vg_replace_malloc.c:309)
==63582==    by 0x5FF2B89: strdup (in /usr/lib64/libc-2.17.so)
==63582==    by 0x4E84A83: ??? (in /usr/lib64/libodbc.so.2.0.0)
==63582==    by 0x4E84DCA: ??? (in /usr/lib64/libodbc.so.2.0.0)
==63582==    by 0x4E46818: ??? (in /usr/lib64/libodbc.so.2.0.0)
==63582==    by 0x4E46AE3: SQLConnect (in /usr/lib64/libodbc.so.2.0.0)
==63582==    by 0x406579: CppODBC::Connect(char const*, char const*, char const*) (cpp_odbc.cpp:100)
==63582==    by 0x408D0F: sqlexec(std::vector<std::string, std::allocator<std::string> >, std::vector<int, std::allocator<int> >) (main.cpp:202)
==63582==    by 0x40AAE6: std::_Function_handler<void (std::vector<std::string, std::allocator<std::string> >, std::vector<int, std::allocator<int> >), void (*)(std::vector<std::string, std::allocator<std::string> >, std::vector<int, std::allocator<int> >)>::_M_invoke(std::_Any_data const&, std::vector<std::string, std::allocator<std::string> >, std::vector<int, std::allocator<int> >) (functional:2071)
==63582==    by 0x40C9CE: operator() (functional:2471)
==63582==    by 0x40C9CE: thread_pool::worker() (thread_pool.cpp:127)
==63582==    by 0x57FB32F: ??? (in /usr/lib64/libstdc++.so.6.0.19)
==63582==    by 0x5531EA4: start_thread (in /usr/lib64/libpthread-2.17.so)
==63582== 
==63582== 9 bytes in 1 blocks are still reachable in loss record 203 of 677
==63582==    at 0x4C29F73: malloc (vg_replace_malloc.c:309)
==63582==    by 0x5FF2B89: strdup (in /usr/lib64/libc-2.17.so)
==63582==    by 0x4E84A83: ??? (in /usr/lib64/libodbc.so.2.0.0)
==63582==    by 0x4E84DCA: ??? (in /usr/lib64/libodbc.so.2.0.0)
==63582==    by 0x4E46848: ??? (in /usr/lib64/libodbc.so.2.0.0)
==63582==    by 0x4E46AE3: SQLConnect (in /usr/lib64/libodbc.so.2.0.0)
==63582==    by 0x406579: CppODBC::Connect(char const*, char const*, char const*) (cpp_odbc.cpp:100)
==63582==    by 0x408D0F: sqlexec(std::vector<std::string, std::allocator<std::string> >, std::vector<int, std::allocator<int> >) (main.cpp:202)
==63582==    by 0x40AAE6: std::_Function_handler<void (std::vector<std::string, std::allocator<std::string> >, std::vector<int, std::allocator<int> >), void (*)(std::vector<std::string, std::allocator<std::string> >, std::vector<int, std::allocator<int> >)>::_M_invoke(std::_Any_data const&, std::vector<std::string, std::allocator<std::string> >, std::vector<int, std::allocator<int> >) (functional:2071)
==63582==    by 0x40C9CE: operator() (functional:2471)
==63582==    by 0x40C9CE: thread_pool::worker() (thread_pool.cpp:127)
==63582==    by 0x57FB32F: ??? (in /usr/lib64/libstdc++.so.6.0.19)
==63582==    by 0x5531EA4: start_thread (in /usr/lib64/libpthread-2.17.so)
==63582== 
==63582== 9 bytes in 1 blocks are still reachable in loss record 204 of 677
==63582==    at 0x4C29F73: malloc (vg_replace_malloc.c:309)
==63582==    by 0x5FF2B89: strdup (in /usr/lib64/libc-2.17.so)
==63582==    by 0x767F834: ??? (in /usr/lib64/libodbcinst.so.2.0.0)
==63582==    by 0x767FB5A: SQLGetPrivateProfileString (in /usr/lib64/libodbcinst.so.2.0.0)
==63582==    by 0x6FAFDEC: getDSNinfo (in /usr/lib64/psqlodbcw.so)
==63582==    by 0x6F7E8D7: PGAPI_Connect (in /usr/lib64/psqlodbcw.so)
==63582==    by 0x6FB1D97: SQLConnect (in /usr/lib64/psqlodbcw.so)
==63582==    by 0x4E46B3F: SQLConnect (in /usr/lib64/libodbc.so.2.0.0)
==63582==    by 0x406579: CppODBC::Connect(char const*, char const*, char const*) (cpp_odbc.cpp:100)
==63582==    by 0x408D0F: sqlexec(std::vector<std::string, std::allocator<std::string> >, std::vector<int, std::allocator<int> >) (main.cpp:202)
==63582==    by 0x40AAE6: std::_Function_handler<void (std::vector<std::string, std::allocator<std::string> >, std::vector<int, std::allocator<int> >), void (*)(std::vector<std::string, std::allocator<std::string> >, std::vector<int, std::allocator<int> >)>::_M_invoke(std::_Any_data const&, std::vector<std::string, std::allocator<std::string> >, std::vector<int, std::allocator<int> >) (functional:2071)
==63582==    by 0x40C9CE: operator() (functional:2471)
==63582==    by 0x40C9CE: thread_pool::worker() (thread_pool.cpp:127)
==63582== 
==63582== 9 bytes in 1 blocks are still reachable in loss record 205 of 677
==63582==    at 0x4C29F73: malloc (vg_replace_malloc.c:309)
==63582==    by 0x5FF2B89: strdup (in /usr/lib64/libc-2.17.so)
==63582==    by 0x767F834: ??? (in /usr/lib64/libodbcinst.so.2.0.0)
==63582==    by 0x767FB5A: SQLGetPrivateProfileString (in /usr/lib64/libodbcinst.so.2.0.0)
==63582==    by 0x6FAFC84: getDSNinfo (in /usr/lib64/psqlodbcw.so)
==63582==    by 0x6F7E8D7: PGAPI_Connect (in /usr/lib64/psqlodbcw.so)
==63582==    by 0x6FB1D97: SQLConnect (in /usr/lib64/psqlodbcw.so)
==63582==    by 0x4E46B3F: SQLConnect (in /usr/lib64/libodbc.so.2.0.0)
==63582==    by 0x406579: CppODBC::Connect(char const*, char const*, char const*) (cpp_odbc.cpp:100)
==63582==    by 0x408D0F: sqlexec(std::vector<std::string, std::allocator<std::string> >, std::vector<int, std::allocator<int> >) (main.cpp:202)
==63582==    by 0x40AAE6: std::_Function_handler<void (std::vector<std::string, std::allocator<std::string> >, std::vector<int, std::allocator<int> >), void (*)(std::vector<std::string, std::allocator<std::string> >, std::vector<int, std::allocator<int> >)>::_M_invoke(std::_Any_data const&, std::vector<std::string, std::allocator<std::string> >, std::vector<int, std::allocator<int> >) (functional:2071)
==63582==    by 0x40C9CE: operator() (functional:2471)
==63582==    by 0x40C9CE: thread_pool::worker() (thread_pool.cpp:127)
==63582== 
==63582== 9 bytes in 1 blocks are still reachable in loss record 206 of 677
==63582==    at 0x4C29F73: malloc (vg_replace_malloc.c:309)
==63582==    by 0x5FF2B89: strdup (in /usr/lib64/libc-2.17.so)
==63582==    by 0x767F89F: ??? (in /usr/lib64/libodbcinst.so.2.0.0)
==63582==    by 0x767FB5A: SQLGetPrivateProfileString (in /usr/lib64/libodbcinst.so.2.0.0)
==63582==    by 0x6FAFC84: getDSNinfo (in /usr/lib64/psqlodbcw.so)
==63582==    by 0x6F7E8D7: PGAPI_Connect (in /usr/lib64/psqlodbcw.so)
==63582==    by 0x6FB1D97: SQLConnect (in /usr/lib64/psqlodbcw.so)
==63582==    by 0x4E46B3F: SQLConnect (in /usr/lib64/libodbc.so.2.0.0)
==63582==    by 0x406579: CppODBC::Connect(char const*, char const*, char const*) (cpp_odbc.cpp:100)
==63582==    by 0x408D0F: sqlexec(std::vector<std::string, std::allocator<std::string> >, std::vector<int, std::allocator<int> >) (main.cpp:202)
==63582==    by 0x40AAE6: std::_Function_handler<void (std::vector<std::string, std::allocator<std::string> >, std::vector<int, std::allocator<int> >), void (*)(std::vector<std::string, std::allocator<std::string> >, std::vector<int, std::allocator<int> >)>::_M_invoke(std::_Any_data const&, std::vector<std::string, std::allocator<std::string> >, std::vector<int, std::allocator<int> >) (functional:2071)
==63582==    by 0x40C9CE: operator() (functional:2471)
==63582==    by 0x40C9CE: thread_pool::worker() (thread_pool.cpp:127)
==63582== 
==63582== 9 bytes in 1 blocks are still reachable in loss record 207 of 677
==63582==    at 0x4C29F73: malloc (vg_replace_malloc.c:309)
==63582==    by 0x5FF2B89: strdup (in /usr/lib64/libc-2.17.so)
==63582==    by 0x767F834: ??? (in /usr/lib64/libodbcinst.so.2.0.0)
==63582==    by 0x767FB5A: SQLGetPrivateProfileString (in /usr/lib64/libodbcinst.so.2.0.0)
==63582==    by 0x6FB0231: getDSNinfo (in /usr/lib64/psqlodbcw.so)
==63582==    by 0x6F7E8D7: PGAPI_Connect (in /usr/lib64/psqlodbcw.so)
==63582==    by 0x6FB1D97: SQLConnect (in /usr/lib64/psqlodbcw.so)
==63582==    by 0x4E46B3F: SQLConnect (in /usr/lib64/libodbc.so.2.0.0)
==63582==    by 0x406579: CppODBC::Connect(char const*, char const*, char const*) (cpp_odbc.cpp:100)
==63582==    by 0x408D0F: sqlexec(std::vector<std::string, std::allocator<std::string> >, std::vector<int, std::allocator<int> >) (main.cpp:202)
==63582==    by 0x40AAE6: std::_Function_handler<void (std::vector<std::string, std::allocator<std::string> >, std::vector<int, std::allocator<int> >), void (*)(std::vector<std::string, std::allocator<std::string> >, std::vector<int, std::allocator<int> >)>::_M_invoke(std::_Any_data const&, std::vector<std::string, std::allocator<std::string> >, std::vector<int, std::allocator<int> >) (functional:2071)
==63582==    by 0x40C9CE: operator() (functional:2471)
==63582==    by 0x40C9CE: thread_pool::worker() (thread_pool.cpp:127)
==63582== 
==63582== 9 bytes in 1 blocks are still reachable in loss record 208 of 677
==63582==    at 0x4C29F73: malloc (vg_replace_malloc.c:309)
==63582==    by 0x5FF2B89: strdup (in /usr/lib64/libc-2.17.so)
==63582==    by 0x767F834: ??? (in /usr/lib64/libodbcinst.so.2.0.0)
==63582==    by 0x767FB5A: SQLGetPrivateProfileString (in /usr/lib64/libodbcinst.so.2.0.0)
==63582==    by 0x6FAFA1A: getDSNinfo (in /usr/lib64/psqlodbcw.so)
==63582==    by 0x6F7E8D7: PGAPI_Connect (in /usr/lib64/psqlodbcw.so)
==63582==    by 0x6FB1D97: SQLConnect (in /usr/lib64/psqlodbcw.so)
==63582==    by 0x4E46B3F: SQLConnect (in /usr/lib64/libodbc.so.2.0.0)
==63582==    by 0x406579: CppODBC::Connect(char const*, char const*, char const*) (cpp_odbc.cpp:100)
==63582==    by 0x408D0F: sqlexec(std::vector<std::string, std::allocator<std::string> >, std::vector<int, std::allocator<int> >) (main.cpp:202)
==63582==    by 0x40AAE6: std::_Function_handler<void (std::vector<std::string, std::allocator<std::string> >, std::vector<int, std::allocator<int> >), void (*)(std::vector<std::string, std::allocator<std::string> >, std::vector<int, std::allocator<int> >)>::_M_invoke(std::_Any_data const&, std::vector<std::string, std::allocator<std::string> >, std::vector<int, std::allocator<int> >) (functional:2071)
==63582==    by 0x40C9CE: operator() (functional:2471)
==63582==    by 0x40C9CE: thread_pool::worker() (thread_pool.cpp:127)
==63582== 
==63582== 9 bytes in 1 blocks are still reachable in loss record 209 of 677
==63582==    at 0x4C29F73: malloc (vg_replace_malloc.c:309)
==63582==    by 0x5FF2B89: strdup (in /usr/lib64/libc-2.17.so)
==63582==    by 0x767F834: ??? (in /usr/lib64/libodbcinst.so.2.0.0)
==63582==    by 0x767FB5A: SQLGetPrivateProfileString (in /usr/lib64/libodbcinst.so.2.0.0)
==63582==    by 0x6FB02A1: getDSNinfo (in /usr/lib64/psqlodbcw.so)
==63582==    by 0x6F7E8D7: PGAPI_Connect (in /usr/lib64/psqlodbcw.so)
==63582==    by 0x6FB1D97: SQLConnect (in /usr/lib64/psqlodbcw.so)
==63582==    by 0x4E46B3F: SQLConnect (in /usr/lib64/libodbc.so.2.0.0)
==63582==    by 0x406579: CppODBC::Connect(char const*, char const*, char const*) (cpp_odbc.cpp:100)
==63582==    by 0x408D0F: sqlexec(std::vector<std::string, std::allocator<std::string> >, std::vector<int, std::allocator<int> >) (main.cpp:202)
==63582==    by 0x40AAE6: std::_Function_handler<void (std::vector<std::string, std::allocator<std::string> >, std::vector<int, std::allocator<int> >), void (*)(std::vector<std::string, std::allocator<std::string> >, std::vector<int, std::allocator<int> >)>::_M_invoke(std::_Any_data const&, std::vector<std::string, std::allocator<std::string> >, std::vector<int, std::allocator<int> >) (functional:2071)
==63582==    by 0x40C9CE: operator() (functional:2471)
==63582==    by 0x40C9CE: thread_pool::worker() (thread_pool.cpp:127)
==63582== 
==63582== 10 bytes in 1 blocks are still reachable in loss record 210 of 677
==63582==    at 0x4C29F73: malloc (vg_replace_malloc.c:309)
==63582==    by 0x6336815: lt__malloc (in /usr/local/oushu/oushudb-5.0.0.0/lib/libltdl.so.7.3.1)
==63582==    by 0x633775C: try_dlopen (in /usr/local/oushu/oushudb-5.0.0.0/lib/libltdl.so.7.3.1)
==63582==    by 0x6337354: lt_dlopen (in /usr/local/oushu/oushudb-5.0.0.0/lib/libltdl.so.7.3.1)
==63582==    by 0x4E4353F: ??? (in /usr/lib64/libodbc.so.2.0.0)
==63582==    by 0x4E43BE4: ??? (in /usr/lib64/libodbc.so.2.0.0)
==63582==    by 0x4E46AF6: SQLConnect (in /usr/lib64/libodbc.so.2.0.0)
==63582==    by 0x406579: CppODBC::Connect(char const*, char const*, char const*) (cpp_odbc.cpp:100)
==63582==    by 0x4059D2: main (main.cpp:308)
==63582== 
==63582== 10 bytes in 1 blocks are still reachable in loss record 211 of 677
==63582==    at 0x4C29F73: malloc (vg_replace_malloc.c:309)
==63582==    by 0x5FF2B89: strdup (in /usr/lib64/libc-2.17.so)
==63582==    by 0x4E84AA4: ??? (in /usr/lib64/libodbc.so.2.0.0)
==63582==    by 0x4E84DF9: ??? (in /usr/lib64/libodbc.so.2.0.0)
==63582==    by 0x4E442F1: ??? (in /usr/lib64/libodbc.so.2.0.0)
==63582==    by 0x4E46AF6: SQLConnect (in /usr/lib64/libodbc.so.2.0.0)
==63582==    by 0x406579: CppODBC::Connect(char const*, char const*, char const*) (cpp_odbc.cpp:100)
==63582==    by 0x408D0F: sqlexec(std::vector<std::string, std::allocator<std::string> >, std::vector<int, std::allocator<int> >) (main.cpp:202)
==63582==    by 0x40AAE6: std::_Function_handler<void (std::vector<std::string, std::allocator<std::string> >, std::vector<int, std::allocator<int> >), void (*)(std::vector<std::string, std::allocator<std::string> >, std::vector<int, std::allocator<int> >)>::_M_invoke(std::_Any_data const&, std::vector<std::string, std::allocator<std::string> >, std::vector<int, std::allocator<int> >) (functional:2071)
==63582==    by 0x40C9CE: operator() (functional:2471)
==63582==    by 0x40C9CE: thread_pool::worker() (thread_pool.cpp:127)
==63582==    by 0x57FB32F: ??? (in /usr/lib64/libstdc++.so.6.0.19)
==63582==    by 0x5531EA4: start_thread (in /usr/lib64/libpthread-2.17.so)
==63582== 
==63582== 10 bytes in 1 blocks are still reachable in loss record 212 of 677
==63582==    at 0x4C29F73: malloc (vg_replace_malloc.c:309)
==63582==    by 0x5FF2B89: strdup (in /usr/lib64/libc-2.17.so)
==63582==    by 0x4E84AA4: ??? (in /usr/lib64/libodbc.so.2.0.0)
==63582==    by 0x4E84DF9: ??? (in /usr/lib64/libodbc.so.2.0.0)
==63582==    by 0x4E4398D: ??? (in /usr/lib64/libodbc.so.2.0.0)
==63582==    by 0x4E46AF6: SQLConnect (in /usr/lib64/libodbc.so.2.0.0)
==63582==    by 0x406579: CppODBC::Connect(char const*, char const*, char const*) (cpp_odbc.cpp:100)
==63582==    by 0x408D0F: sqlexec(std::vector<std::string, std::allocator<std::string> >, std::vector<int, std::allocator<int> >) (main.cpp:202)
==63582==    by 0x40AAE6: std::_Function_handler<void (std::vector<std::string, std::allocator<std::string> >, std::vector<int, std::allocator<int> >), void (*)(std::vector<std::string, std::allocator<std::string> >, std::vector<int, std::allocator<int> >)>::_M_invoke(std::_Any_data const&, std::vector<std::string, std::allocator<std::string> >, std::vector<int, std::allocator<int> >) (functional:2071)
==63582==    by 0x40C9CE: operator() (functional:2471)
==63582==    by 0x40C9CE: thread_pool::worker() (thread_pool.cpp:127)
==63582==    by 0x57FB32F: ??? (in /usr/lib64/libstdc++.so.6.0.19)
==63582==    by 0x5531EA4: start_thread (in /usr/lib64/libpthread-2.17.so)
==63582== 
==63582== 10 bytes in 1 blocks are still reachable in loss record 213 of 677
==63582==    at 0x4C29F73: malloc (vg_replace_malloc.c:309)
==63582==    by 0x5FF2B89: strdup (in /usr/lib64/libc-2.17.so)
==63582==    by 0x4E84AA4: ??? (in /usr/lib64/libodbc.so.2.0.0)
==63582==    by 0x4E84DF9: ??? (in /usr/lib64/libodbc.so.2.0.0)
==63582==    by 0x4E43AA0: ??? (in /usr/lib64/libodbc.so.2.0.0)
==63582==    by 0x4E46AF6: SQLConnect (in /usr/lib64/libodbc.so.2.0.0)
==63582==    by 0x406579: CppODBC::Connect(char const*, char const*, char const*) (cpp_odbc.cpp:100)
==63582==    by 0x408D0F: sqlexec(std::vector<std::string, std::allocator<std::string> >, std::vector<int, std::allocator<int> >) (main.cpp:202)
==63582==    by 0x40AAE6: std::_Function_handler<void (std::vector<std::string, std::allocator<std::string> >, std::vector<int, std::allocator<int> >), void (*)(std::vector<std::string, std::allocator<std::string> >, std::vector<int, std::allocator<int> >)>::_M_invoke(std::_Any_data const&, std::vector<std::string, std::allocator<std::string> >, std::vector<int, std::allocator<int> >) (functional:2071)
==63582==    by 0x40C9CE: operator() (functional:2471)
==63582==    by 0x40C9CE: thread_pool::worker() (thread_pool.cpp:127)
==63582==    by 0x57FB32F: ??? (in /usr/lib64/libstdc++.so.6.0.19)
==63582==    by 0x5531EA4: start_thread (in /usr/lib64/libpthread-2.17.so)
==63582== 
==63582== 10 bytes in 1 blocks are still reachable in loss record 214 of 677
==63582==    at 0x4C29F73: malloc (vg_replace_malloc.c:309)
==63582==    by 0x5FF2B89: strdup (in /usr/lib64/libc-2.17.so)
==63582==    by 0x4E84AA4: ??? (in /usr/lib64/libodbc.so.2.0.0)
==63582==    by 0x4E84DCA: ??? (in /usr/lib64/libodbc.so.2.0.0)
==63582==    by 0x4E467E5: ??? (in /usr/lib64/libodbc.so.2.0.0)
==63582==    by 0x4E46AE3: SQLConnect (in /usr/lib64/libodbc.so.2.0.0)
==63582==    by 0x406579: CppODBC::Connect(char const*, char const*, char const*) (cpp_odbc.cpp:100)
==63582==    by 0x408D0F: sqlexec(std::vector<std::string, std::allocator<std::string> >, std::vector<int, std::allocator<int> >) (main.cpp:202)
==63582==    by 0x40AAE6: std::_Function_handler<void (std::vector<std::string, std::allocator<std::string> >, std::vector<int, std::allocator<int> >), void (*)(std::vector<std::string, std::allocator<std::string> >, std::vector<int, std::allocator<int> >)>::_M_invoke(std::_Any_data const&, std::vector<std::string, std::allocator<std::string> >, std::vector<int, std::allocator<int> >) (functional:2071)
==63582==    by 0x40C9CE: operator() (functional:2471)
==63582==    by 0x40C9CE: thread_pool::worker() (thread_pool.cpp:127)
==63582==    by 0x57FB32F: ??? (in /usr/lib64/libstdc++.so.6.0.19)
==63582==    by 0x5531EA4: start_thread (in /usr/lib64/libpthread-2.17.so)
==63582== 
==63582== 10 bytes in 1 blocks are still reachable in loss record 215 of 677
==63582==    at 0x4C29F73: malloc (vg_replace_malloc.c:309)
==63582==    by 0x5FF2B89: strdup (in /usr/lib64/libc-2.17.so)
==63582==    by 0x4E84AA4: ??? (in /usr/lib64/libodbc.so.2.0.0)
==63582==    by 0x4E84DF9: ??? (in /usr/lib64/libodbc.so.2.0.0)
==63582==    by 0x4E46765: ??? (in /usr/lib64/libodbc.so.2.0.0)
==63582==    by 0x4E46AE3: SQLConnect (in /usr/lib64/libodbc.so.2.0.0)
==63582==    by 0x406579: CppODBC::Connect(char const*, char const*, char const*) (cpp_odbc.cpp:100)
==63582==    by 0x408D0F: sqlexec(std::vector<std::string, std::allocator<std::string> >, std::vector<int, std::allocator<int> >) (main.cpp:202)
==63582==    by 0x40AAE6: std::_Function_handler<void (std::vector<std::string, std::allocator<std::string> >, std::vector<int, std::allocator<int> >), void (*)(std::vector<std::string, std::allocator<std::string> >, std::vector<int, std::allocator<int> >)>::_M_invoke(std::_Any_data const&, std::vector<std::string, std::allocator<std::string> >, std::vector<int, std::allocator<int> >) (functional:2071)
==63582==    by 0x40C9CE: operator() (functional:2471)
==63582==    by 0x40C9CE: thread_pool::worker() (thread_pool.cpp:127)
==63582==    by 0x57FB32F: ??? (in /usr/lib64/libstdc++.so.6.0.19)
==63582==    by 0x5531EA4: start_thread (in /usr/lib64/libpthread-2.17.so)
==63582== 
==63582== 10 bytes in 1 blocks are still reachable in loss record 216 of 677
==63582==    at 0x4C29F73: malloc (vg_replace_malloc.c:309)
==63582==    by 0x5FF2B89: strdup (in /usr/lib64/libc-2.17.so)
==63582==    by 0x767F813: ??? (in /usr/lib64/libodbcinst.so.2.0.0)
==63582==    by 0x767FB5A: SQLGetPrivateProfileString (in /usr/lib64/libodbcinst.so.2.0.0)
==63582==    by 0x6FAFFE5: getDSNinfo (in /usr/lib64/psqlodbcw.so)
==63582==    by 0x6F7E8D7: PGAPI_Connect (in /usr/lib64/psqlodbcw.so)
==63582==    by 0x6FB1D97: SQLConnect (in /usr/lib64/psqlodbcw.so)
==63582==    by 0x4E46B3F: SQLConnect (in /usr/lib64/libodbc.so.2.0.0)
==63582==    by 0x406579: CppODBC::Connect(char const*, char const*, char const*) (cpp_odbc.cpp:100)
==63582==    by 0x408D0F: sqlexec(std::vector<std::string, std::allocator<std::string> >, std::vector<int, std::allocator<int> >) (main.cpp:202)
==63582==    by 0x40AAE6: std::_Function_handler<void (std::vector<std::string, std::allocator<std::string> >, std::vector<int, std::allocator<int> >), void (*)(std::vector<std::string, std::allocator<std::string> >, std::vector<int, std::allocator<int> >)>::_M_invoke(std::_Any_data const&, std::vector<std::string, std::allocator<std::string> >, std::vector<int, std::allocator<int> >) (functional:2071)
==63582==    by 0x40C9CE: operator() (functional:2471)
==63582==    by 0x40C9CE: thread_pool::worker() (thread_pool.cpp:127)
==63582== 
==63582== 10 bytes in 1 blocks are still reachable in loss record 217 of 677
==63582==    at 0x4C29F73: malloc (vg_replace_malloc.c:309)
==63582==    by 0x5FF2B89: strdup (in /usr/lib64/libc-2.17.so)
==63582==    by 0x767F813: ??? (in /usr/lib64/libodbcinst.so.2.0.0)
==63582==    by 0x767FB5A: SQLGetPrivateProfileString (in /usr/lib64/libodbcinst.so.2.0.0)
==63582==    by 0x6FB0319: getDSNinfo (in /usr/lib64/psqlodbcw.so)
==63582==    by 0x6F7E8D7: PGAPI_Connect (in /usr/lib64/psqlodbcw.so)
==63582==    by 0x6FB1D97: SQLConnect (in /usr/lib64/psqlodbcw.so)
==63582==    by 0x4E46B3F: SQLConnect (in /usr/lib64/libodbc.so.2.0.0)
==63582==    by 0x406579: CppODBC::Connect(char const*, char const*, char const*) (cpp_odbc.cpp:100)
==63582==    by 0x408D0F: sqlexec(std::vector<std::string, std::allocator<std::string> >, std::vector<int, std::allocator<int> >) (main.cpp:202)
==63582==    by 0x40AAE6: std::_Function_handler<void (std::vector<std::string, std::allocator<std::string> >, std::vector<int, std::allocator<int> >), void (*)(std::vector<std::string, std::allocator<std::string> >, std::vector<int, std::allocator<int> >)>::_M_invoke(std::_Any_data const&, std::vector<std::string, std::allocator<std::string> >, std::vector<int, std::allocator<int> >) (functional:2071)
==63582==    by 0x40C9CE: operator() (functional:2471)
==63582==    by 0x40C9CE: thread_pool::worker() (thread_pool.cpp:127)
==63582== 
==63582== 10 bytes in 1 blocks are still reachable in loss record 218 of 677
==63582==    at 0x4C29F73: malloc (vg_replace_malloc.c:309)
==63582==    by 0x5FF2B89: strdup (in /usr/lib64/libc-2.17.so)
==63582==    by 0x767F813: ??? (in /usr/lib64/libodbcinst.so.2.0.0)
==63582==    by 0x767FB5A: SQLGetPrivateProfileString (in /usr/lib64/libodbcinst.so.2.0.0)
==63582==    by 0x6FAFB21: getDSNinfo (in /usr/lib64/psqlodbcw.so)
==63582==    by 0x6F7E8D7: PGAPI_Connect (in /usr/lib64/psqlodbcw.so)
==63582==    by 0x6FB1D97: SQLConnect (in /usr/lib64/psqlodbcw.so)
==63582==    by 0x4E46B3F: SQLConnect (in /usr/lib64/libodbc.so.2.0.0)
==63582==    by 0x406579: CppODBC::Connect(char const*, char const*, char const*) (cpp_odbc.cpp:100)
==63582==    by 0x408D0F: sqlexec(std::vector<std::string, std::allocator<std::string> >, std::vector<int, std::allocator<int> >) (main.cpp:202)
==63582==    by 0x40AAE6: std::_Function_handler<void (std::vector<std::string, std::allocator<std::string> >, std::vector<int, std::allocator<int> >), void (*)(std::vector<std::string, std::allocator<std::string> >, std::vector<int, std::allocator<int> >)>::_M_invoke(std::_Any_data const&, std::vector<std::string, std::allocator<std::string> >, std::vector<int, std::allocator<int> >) (functional:2071)
==63582==    by 0x40C9CE: operator() (functional:2471)
==63582==    by 0x40C9CE: thread_pool::worker() (thread_pool.cpp:127)
==63582== 
==63582== 10 bytes in 1 blocks are still reachable in loss record 219 of 677
==63582==    at 0x4C29F73: malloc (vg_replace_malloc.c:309)
==63582==    by 0x5FF2B89: strdup (in /usr/lib64/libc-2.17.so)
==63582==    by 0x767F813: ??? (in /usr/lib64/libodbcinst.so.2.0.0)
==63582==    by 0x767FB5A: SQLGetPrivateProfileString (in /usr/lib64/libodbcinst.so.2.0.0)
==63582==    by 0x6FAFDEC: getDSNinfo (in /usr/lib64/psqlodbcw.so)
==63582==    by 0x6F7E8D7: PGAPI_Connect (in /usr/lib64/psqlodbcw.so)
==63582==    by 0x6FB1D97: SQLConnect (in /usr/lib64/psqlodbcw.so)
==63582==    by 0x4E46B3F: SQLConnect (in /usr/lib64/libodbc.so.2.0.0)
==63582==    by 0x406579: CppODBC::Connect(char const*, char const*, char const*) (cpp_odbc.cpp:100)
==63582==    by 0x408D0F: sqlexec(std::vector<std::string, std::allocator<std::string> >, std::vector<int, std::allocator<int> >) (main.cpp:202)
==63582==    by 0x40AAE6: std::_Function_handler<void (std::vector<std::string, std::allocator<std::string> >, std::vector<int, std::allocator<int> >), void (*)(std::vector<std::string, std::allocator<std::string> >, std::vector<int, std::allocator<int> >)>::_M_invoke(std::_Any_data const&, std::vector<std::string, std::allocator<std::string> >, std::vector<int, std::allocator<int> >) (functional:2071)
==63582==    by 0x40C9CE: operator() (functional:2471)
==63582==    by 0x40C9CE: thread_pool::worker() (thread_pool.cpp:127)
==63582== 
==63582== 10 bytes in 1 blocks are still reachable in loss record 220 of 677
==63582==    at 0x4C29F73: malloc (vg_replace_malloc.c:309)
==63582==    by 0x5FF2B89: strdup (in /usr/lib64/libc-2.17.so)
==63582==    by 0x767F813: ??? (in /usr/lib64/libodbcinst.so.2.0.0)
==63582==    by 0x767FB5A: SQLGetPrivateProfileString (in /usr/lib64/libodbcinst.so.2.0.0)
==63582==    by 0x6FB038A: getDSNinfo (in /usr/lib64/psqlodbcw.so)
==63582==    by 0x6F7E8D7: PGAPI_Connect (in /usr/lib64/psqlodbcw.so)
==63582==    by 0x6FB1D97: SQLConnect (in /usr/lib64/psqlodbcw.so)
==63582==    by 0x4E46B3F: SQLConnect (in /usr/lib64/libodbc.so.2.0.0)
==63582==    by 0x406579: CppODBC::Connect(char const*, char const*, char const*) (cpp_odbc.cpp:100)
==63582==    by 0x408D0F: sqlexec(std::vector<std::string, std::allocator<std::string> >, std::vector<int, std::allocator<int> >) (main.cpp:202)
==63582==    by 0x40AAE6: std::_Function_handler<void (std::vector<std::string, std::allocator<std::string> >, std::vector<int, std::allocator<int> >), void (*)(std::vector<std::string, std::allocator<std::string> >, std::vector<int, std::allocator<int> >)>::_M_invoke(std::_Any_data const&, std::vector<std::string, std::allocator<std::string> >, std::vector<int, std::allocator<int> >) (functional:2071)
==63582==    by 0x40C9CE: operator() (functional:2471)
==63582==    by 0x40C9CE: thread_pool::worker() (thread_pool.cpp:127)
==63582== 
==63582== 10 bytes in 1 blocks are still reachable in loss record 221 of 677
==63582==    at 0x4C29F73: malloc (vg_replace_malloc.c:309)
==63582==    by 0x5FF2B89: strdup (in /usr/lib64/libc-2.17.so)
==63582==    by 0x767F813: ??? (in /usr/lib64/libodbcinst.so.2.0.0)
==63582==    by 0x767FB5A: SQLGetPrivateProfileString (in /usr/lib64/libodbcinst.so.2.0.0)
==63582==    by 0x6FAFE89: getDSNinfo (in /usr/lib64/psqlodbcw.so)
==63582==    by 0x6F7E8D7: PGAPI_Connect (in /usr/lib64/psqlodbcw.so)
==63582==    by 0x6FB1D97: SQLConnect (in /usr/lib64/psqlodbcw.so)
==63582==    by 0x4E46B3F: SQLConnect (in /usr/lib64/libodbc.so.2.0.0)
==63582==    by 0x406579: CppODBC::Connect(char const*, char const*, char const*) (cpp_odbc.cpp:100)
==63582==    by 0x408D0F: sqlexec(std::vector<std::string, std::allocator<std::string> >, std::vector<int, std::allocator<int> >) (main.cpp:202)
==63582==    by 0x40AAE6: std::_Function_handler<void (std::vector<std::string, std::allocator<std::string> >, std::vector<int, std::allocator<int> >), void (*)(std::vector<std::string, std::allocator<std::string> >, std::vector<int, std::allocator<int> >)>::_M_invoke(std::_Any_data const&, std::vector<std::string, std::allocator<std::string> >, std::vector<int, std::allocator<int> >) (functional:2071)
==63582==    by 0x40C9CE: operator() (functional:2471)
==63582==    by 0x40C9CE: thread_pool::worker() (thread_pool.cpp:127)
==63582== 
==63582== 10 bytes in 1 blocks are still reachable in loss record 222 of 677
==63582==    at 0x4C29F73: malloc (vg_replace_malloc.c:309)
==63582==    by 0x5FF2B89: strdup (in /usr/lib64/libc-2.17.so)
==63582==    by 0x767F813: ??? (in /usr/lib64/libodbcinst.so.2.0.0)
==63582==    by 0x767FB5A: SQLGetPrivateProfileString (in /usr/lib64/libodbcinst.so.2.0.0)
==63582==    by 0x6FAFBA1: getDSNinfo (in /usr/lib64/psqlodbcw.so)
==63582==    by 0x6F7E8D7: PGAPI_Connect (in /usr/lib64/psqlodbcw.so)
==63582==    by 0x6FB1D97: SQLConnect (in /usr/lib64/psqlodbcw.so)
==63582==    by 0x4E46B3F: SQLConnect (in /usr/lib64/libodbc.so.2.0.0)
==63582==    by 0x406579: CppODBC::Connect(char const*, char const*, char const*) (cpp_odbc.cpp:100)
==63582==    by 0x408D0F: sqlexec(std::vector<std::string, std::allocator<std::string> >, std::vector<int, std::allocator<int> >) (main.cpp:202)
==63582==    by 0x40AAE6: std::_Function_handler<void (std::vector<std::string, std::allocator<std::string> >, std::vector<int, std::allocator<int> >), void (*)(std::vector<std::string, std::allocator<std::string> >, std::vector<int, std::allocator<int> >)>::_M_invoke(std::_Any_data const&, std::vector<std::string, std::allocator<std::string> >, std::vector<int, std::allocator<int> >) (functional:2071)
==63582==    by 0x40C9CE: operator() (functional:2471)
==63582==    by 0x40C9CE: thread_pool::worker() (thread_pool.cpp:127)
==63582== 
==63582== 10 bytes in 1 blocks are still reachable in loss record 223 of 677
==63582==    at 0x4C29F73: malloc (vg_replace_malloc.c:309)
==63582==    by 0x5FF2B89: strdup (in /usr/lib64/libc-2.17.so)
==63582==    by 0x767F813: ??? (in /usr/lib64/libodbcinst.so.2.0.0)
==63582==    by 0x767FB5A: SQLGetPrivateProfileString (in /usr/lib64/libodbcinst.so.2.0.0)
==63582==    by 0x6FAFEDA: getDSNinfo (in /usr/lib64/psqlodbcw.so)
==63582==    by 0x6F7E8D7: PGAPI_Connect (in /usr/lib64/psqlodbcw.so)
==63582==    by 0x6FB1D97: SQLConnect (in /usr/lib64/psqlodbcw.so)
==63582==    by 0x4E46B3F: SQLConnect (in /usr/lib64/libodbc.so.2.0.0)
==63582==    by 0x406579: CppODBC::Connect(char const*, char const*, char const*) (cpp_odbc.cpp:100)
==63582==    by 0x408D0F: sqlexec(std::vector<std::string, std::allocator<std::string> >, std::vector<int, std::allocator<int> >) (main.cpp:202)
==63582==    by 0x40AAE6: std::_Function_handler<void (std::vector<std::string, std::allocator<std::string> >, std::vector<int, std::allocator<int> >), void (*)(std::vector<std::string, std::allocator<std::string> >, std::vector<int, std::allocator<int> >)>::_M_invoke(std::_Any_data const&, std::vector<std::string, std::allocator<std::string> >, std::vector<int, std::allocator<int> >) (functional:2071)
==63582==    by 0x40C9CE: operator() (functional:2471)
==63582==    by 0x40C9CE: thread_pool::worker() (thread_pool.cpp:127)
==63582== 
==63582== 10 bytes in 1 blocks are still reachable in loss record 224 of 677
==63582==    at 0x4C29F73: malloc (vg_replace_malloc.c:309)
==63582==    by 0x5FF2B89: strdup (in /usr/lib64/libc-2.17.so)
==63582==    by 0x767F813: ??? (in /usr/lib64/libodbcinst.so.2.0.0)
==63582==    by 0x767FB5A: SQLGetPrivateProfileString (in /usr/lib64/libodbcinst.so.2.0.0)
==63582==    by 0x6FB03CD: getDSNinfo (in /usr/lib64/psqlodbcw.so)
==63582==    by 0x6F7E8D7: PGAPI_Connect (in /usr/lib64/psqlodbcw.so)
==63582==    by 0x6FB1D97: SQLConnect (in /usr/lib64/psqlodbcw.so)
==63582==    by 0x4E46B3F: SQLConnect (in /usr/lib64/libodbc.so.2.0.0)
==63582==    by 0x406579: CppODBC::Connect(char const*, char const*, char const*) (cpp_odbc.cpp:100)
==63582==    by 0x408D0F: sqlexec(std::vector<std::string, std::allocator<std::string> >, std::vector<int, std::allocator<int> >) (main.cpp:202)
==63582==    by 0x40AAE6: std::_Function_handler<void (std::vector<std::string, std::allocator<std::string> >, std::vector<int, std::allocator<int> >), void (*)(std::vector<std::string, std::allocator<std::string> >, std::vector<int, std::allocator<int> >)>::_M_invoke(std::_Any_data const&, std::vector<std::string, std::allocator<std::string> >, std::vector<int, std::allocator<int> >) (functional:2071)
==63582==    by 0x40C9CE: operator() (functional:2471)
==63582==    by 0x40C9CE: thread_pool::worker() (thread_pool.cpp:127)
==63582== 
==63582== 10 bytes in 1 blocks are still reachable in loss record 225 of 677
==63582==    at 0x4C29F73: malloc (vg_replace_malloc.c:309)
==63582==    by 0x5FF2B89: strdup (in /usr/lib64/libc-2.17.so)
==63582==    by 0x767F813: ??? (in /usr/lib64/libodbcinst.so.2.0.0)
==63582==    by 0x767FB5A: SQLGetPrivateProfileString (in /usr/lib64/libodbcinst.so.2.0.0)
==63582==    by 0x6FAFF35: getDSNinfo (in /usr/lib64/psqlodbcw.so)
==63582==    by 0x6F7E8D7: PGAPI_Connect (in /usr/lib64/psqlodbcw.so)
==63582==    by 0x6FB1D97: SQLConnect (in /usr/lib64/psqlodbcw.so)
==63582==    by 0x4E46B3F: SQLConnect (in /usr/lib64/libodbc.so.2.0.0)
==63582==    by 0x406579: CppODBC::Connect(char const*, char const*, char const*) (cpp_odbc.cpp:100)
==63582==    by 0x408D0F: sqlexec(std::vector<std::string, std::allocator<std::string> >, std::vector<int, std::allocator<int> >) (main.cpp:202)
==63582==    by 0x40AAE6: std::_Function_handler<void (std::vector<std::string, std::allocator<std::string> >, std::vector<int, std::allocator<int> >), void (*)(std::vector<std::string, std::allocator<std::string> >, std::vector<int, std::allocator<int> >)>::_M_invoke(std::_Any_data const&, std::vector<std::string, std::allocator<std::string> >, std::vector<int, std::allocator<int> >) (functional:2071)
==63582==    by 0x40C9CE: operator() (functional:2471)
==63582==    by 0x40C9CE: thread_pool::worker() (thread_pool.cpp:127)
==63582== 
==63582== 10 bytes in 1 blocks are still reachable in loss record 226 of 677
==63582==    at 0x4C29F73: malloc (vg_replace_malloc.c:309)
==63582==    by 0x5FF2B89: strdup (in /usr/lib64/libc-2.17.so)
==63582==    by 0x767F813: ??? (in /usr/lib64/libodbcinst.so.2.0.0)
==63582==    by 0x767FB5A: SQLGetPrivateProfileString (in /usr/lib64/libodbcinst.so.2.0.0)
==63582==    by 0x6FB0425: getDSNinfo (in /usr/lib64/psqlodbcw.so)
==63582==    by 0x6F7E8D7: PGAPI_Connect (in /usr/lib64/psqlodbcw.so)
==63582==    by 0x6FB1D97: SQLConnect (in /usr/lib64/psqlodbcw.so)
==63582==    by 0x4E46B3F: SQLConnect (in /usr/lib64/libodbc.so.2.0.0)
==63582==    by 0x406579: CppODBC::Connect(char const*, char const*, char const*) (cpp_odbc.cpp:100)
==63582==    by 0x408D0F: sqlexec(std::vector<std::string, std::allocator<std::string> >, std::vector<int, std::allocator<int> >) (main.cpp:202)
==63582==    by 0x40AAE6: std::_Function_handler<void (std::vector<std::string, std::allocator<std::string> >, std::vector<int, std::allocator<int> >), void (*)(std::vector<std::string, std::allocator<std::string> >, std::vector<int, std::allocator<int> >)>::_M_invoke(std::_Any_data const&, std::vector<std::string, std::allocator<std::string> >, std::vector<int, std::allocator<int> >) (functional:2071)
==63582==    by 0x40C9CE: operator() (functional:2471)
==63582==    by 0x40C9CE: thread_pool::worker() (thread_pool.cpp:127)
==63582== 
==63582== 10 bytes in 1 blocks are still reachable in loss record 227 of 677
==63582==    at 0x4C29F73: malloc (vg_replace_malloc.c:309)
==63582==    by 0x5FF2B89: strdup (in /usr/lib64/libc-2.17.so)
==63582==    by 0x767F813: ??? (in /usr/lib64/libodbcinst.so.2.0.0)
==63582==    by 0x767FB5A: SQLGetPrivateProfileString (in /usr/lib64/libodbcinst.so.2.0.0)
==63582==    by 0x6FAFF8D: getDSNinfo (in /usr/lib64/psqlodbcw.so)
==63582==    by 0x6F7E8D7: PGAPI_Connect (in /usr/lib64/psqlodbcw.so)
==63582==    by 0x6FB1D97: SQLConnect (in /usr/lib64/psqlodbcw.so)
==63582==    by 0x4E46B3F: SQLConnect (in /usr/lib64/libodbc.so.2.0.0)
==63582==    by 0x406579: CppODBC::Connect(char const*, char const*, char const*) (cpp_odbc.cpp:100)
==63582==    by 0x408D0F: sqlexec(std::vector<std::string, std::allocator<std::string> >, std::vector<int, std::allocator<int> >) (main.cpp:202)
==63582==    by 0x40AAE6: std::_Function_handler<void (std::vector<std::string, std::allocator<std::string> >, std::vector<int, std::allocator<int> >), void (*)(std::vector<std::string, std::allocator<std::string> >, std::vector<int, std::allocator<int> >)>::_M_invoke(std::_Any_data const&, std::vector<std::string, std::allocator<std::string> >, std::vector<int, std::allocator<int> >) (functional:2071)
==63582==    by 0x40C9CE: operator() (functional:2471)
==63582==    by 0x40C9CE: thread_pool::worker() (thread_pool.cpp:127)
==63582== 
==63582== 10 bytes in 1 blocks are still reachable in loss record 228 of 677
==63582==    at 0x4C29F73: malloc (vg_replace_malloc.c:309)
==63582==    by 0x5FF2B89: strdup (in /usr/lib64/libc-2.17.so)
==63582==    by 0x767F813: ??? (in /usr/lib64/libodbcinst.so.2.0.0)
==63582==    by 0x767FB5A: SQLGetPrivateProfileString (in /usr/lib64/libodbcinst.so.2.0.0)
==63582==    by 0x6FB047D: getDSNinfo (in /usr/lib64/psqlodbcw.so)
==63582==    by 0x6F7E8D7: PGAPI_Connect (in /usr/lib64/psqlodbcw.so)
==63582==    by 0x6FB1D97: SQLConnect (in /usr/lib64/psqlodbcw.so)
==63582==    by 0x4E46B3F: SQLConnect (in /usr/lib64/libodbc.so.2.0.0)
==63582==    by 0x406579: CppODBC::Connect(char const*, char const*, char const*) (cpp_odbc.cpp:100)
==63582==    by 0x408D0F: sqlexec(std::vector<std::string, std::allocator<std::string> >, std::vector<int, std::allocator<int> >) (main.cpp:202)
==63582==    by 0x40AAE6: std::_Function_handler<void (std::vector<std::string, std::allocator<std::string> >, std::vector<int, std::allocator<int> >), void (*)(std::vector<std::string, std::allocator<std::string> >, std::vector<int, std::allocator<int> >)>::_M_invoke(std::_Any_data const&, std::vector<std::string, std::allocator<std::string> >, std::vector<int, std::allocator<int> >) (functional:2071)
==63582==    by 0x40C9CE: operator() (functional:2471)
==63582==    by 0x40C9CE: thread_pool::worker() (thread_pool.cpp:127)
==63582== 
==63582== 10 bytes in 1 blocks are still reachable in loss record 229 of 677
==63582==    at 0x4C29F73: malloc (vg_replace_malloc.c:309)
==63582==    by 0x5FF2B89: strdup (in /usr/lib64/libc-2.17.so)
==63582==    by 0x767F813: ??? (in /usr/lib64/libodbcinst.so.2.0.0)
==63582==    by 0x767FB5A: SQLGetPrivateProfileString (in /usr/lib64/libodbcinst.so.2.0.0)
==63582==    by 0x6FAFBE6: getDSNinfo (in /usr/lib64/psqlodbcw.so)
==63582==    by 0x6F7E8D7: PGAPI_Connect (in /usr/lib64/psqlodbcw.so)
==63582==    by 0x6FB1D97: SQLConnect (in /usr/lib64/psqlodbcw.so)
==63582==    by 0x4E46B3F: SQLConnect (in /usr/lib64/libodbc.so.2.0.0)
==63582==    by 0x406579: CppODBC::Connect(char const*, char const*, char const*) (cpp_odbc.cpp:100)
==63582==    by 0x408D0F: sqlexec(std::vector<std::string, std::allocator<std::string> >, std::vector<int, std::allocator<int> >) (main.cpp:202)
==63582==    by 0x40AAE6: std::_Function_handler<void (std::vector<std::string, std::allocator<std::string> >, std::vector<int, std::allocator<int> >), void (*)(std::vector<std::string, std::allocator<std::string> >, std::vector<int, std::allocator<int> >)>::_M_invoke(std::_Any_data const&, std::vector<std::string, std::allocator<std::string> >, std::vector<int, std::allocator<int> >) (functional:2071)
==63582==    by 0x40C9CE: operator() (functional:2471)
==63582==    by 0x40C9CE: thread_pool::worker() (thread_pool.cpp:127)
==63582== 
==63582== 10 bytes in 1 blocks are still reachable in loss record 230 of 677
==63582==    at 0x4C29F73: malloc (vg_replace_malloc.c:309)
==63582==    by 0x5FF2B89: strdup (in /usr/lib64/libc-2.17.so)
==63582==    by 0x767F813: ??? (in /usr/lib64/libodbcinst.so.2.0.0)
==63582==    by 0x767FB5A: SQLGetPrivateProfileString (in /usr/lib64/libodbcinst.so.2.0.0)
==63582==    by 0x6FB01B9: getDSNinfo (in /usr/lib64/psqlodbcw.so)
==63582==    by 0x6F7E8D7: PGAPI_Connect (in /usr/lib64/psqlodbcw.so)
==63582==    by 0x6FB1D97: SQLConnect (in /usr/lib64/psqlodbcw.so)
==63582==    by 0x4E46B3F: SQLConnect (in /usr/lib64/libodbc.so.2.0.0)
==63582==    by 0x406579: CppODBC::Connect(char const*, char const*, char const*) (cpp_odbc.cpp:100)
==63582==    by 0x408D0F: sqlexec(std::vector<std::string, std::allocator<std::string> >, std::vector<int, std::allocator<int> >) (main.cpp:202)
==63582==    by 0x40AAE6: std::_Function_handler<void (std::vector<std::string, std::allocator<std::string> >, std::vector<int, std::allocator<int> >), void (*)(std::vector<std::string, std::allocator<std::string> >, std::vector<int, std::allocator<int> >)>::_M_invoke(std::_Any_data const&, std::vector<std::string, std::allocator<std::string> >, std::vector<int, std::allocator<int> >) (functional:2071)
==63582==    by 0x40C9CE: operator() (functional:2471)
==63582==    by 0x40C9CE: thread_pool::worker() (thread_pool.cpp:127)
==63582== 
==63582== 10 bytes in 1 blocks are still reachable in loss record 231 of 677
==63582==    at 0x4C29F73: malloc (vg_replace_malloc.c:309)
==63582==    by 0x5FF2B89: strdup (in /usr/lib64/libc-2.17.so)
==63582==    by 0x767F813: ??? (in /usr/lib64/libodbcinst.so.2.0.0)
==63582==    by 0x767FB5A: SQLGetPrivateProfileString (in /usr/lib64/libodbcinst.so.2.0.0)
==63582==    by 0x6FAF9A1: getDSNinfo (in /usr/lib64/psqlodbcw.so)
==63582==    by 0x6F7E8D7: PGAPI_Connect (in /usr/lib64/psqlodbcw.so)
==63582==    by 0x6FB1D97: SQLConnect (in /usr/lib64/psqlodbcw.so)
==63582==    by 0x4E46B3F: SQLConnect (in /usr/lib64/libodbc.so.2.0.0)
==63582==    by 0x406579: CppODBC::Connect(char const*, char const*, char const*) (cpp_odbc.cpp:100)
==63582==    by 0x408D0F: sqlexec(std::vector<std::string, std::allocator<std::string> >, std::vector<int, std::allocator<int> >) (main.cpp:202)
==63582==    by 0x40AAE6: std::_Function_handler<void (std::vector<std::string, std::allocator<std::string> >, std::vector<int, std::allocator<int> >), void (*)(std::vector<std::string, std::allocator<std::string> >, std::vector<int, std::allocator<int> >)>::_M_invoke(std::_Any_data const&, std::vector<std::string, std::allocator<std::string> >, std::vector<int, std::allocator<int> >) (functional:2071)
==63582==    by 0x40C9CE: operator() (functional:2471)
==63582==    by 0x40C9CE: thread_pool::worker() (thread_pool.cpp:127)
==63582== 
==63582== 10 bytes in 1 blocks are still reachable in loss record 232 of 677
==63582==    at 0x4C29F73: malloc (vg_replace_malloc.c:309)
==63582==    by 0x5FF2B89: strdup (in /usr/lib64/libc-2.17.so)
==63582==    by 0x767F89F: ??? (in /usr/lib64/libodbcinst.so.2.0.0)
==63582==    by 0x767FB5A: SQLGetPrivateProfileString (in /usr/lib64/libodbcinst.so.2.0.0)
==63582==    by 0x6FAF9A1: getDSNinfo (in /usr/lib64/psqlodbcw.so)
==63582==    by 0x6F7E8D7: PGAPI_Connect (in /usr/lib64/psqlodbcw.so)
==63582==    by 0x6FB1D97: SQLConnect (in /usr/lib64/psqlodbcw.so)
==63582==    by 0x4E46B3F: SQLConnect (in /usr/lib64/libodbc.so.2.0.0)
==63582==    by 0x406579: CppODBC::Connect(char const*, char const*, char const*) (cpp_odbc.cpp:100)
==63582==    by 0x408D0F: sqlexec(std::vector<std::string, std::allocator<std::string> >, std::vector<int, std::allocator<int> >) (main.cpp:202)
==63582==    by 0x40AAE6: std::_Function_handler<void (std::vector<std::string, std::allocator<std::string> >, std::vector<int, std::allocator<int> >), void (*)(std::vector<std::string, std::allocator<std::string> >, std::vector<int, std::allocator<int> >)>::_M_invoke(std::_Any_data const&, std::vector<std::string, std::allocator<std::string> >, std::vector<int, std::allocator<int> >) (functional:2071)
==63582==    by 0x40C9CE: operator() (functional:2471)
==63582==    by 0x40C9CE: thread_pool::worker() (thread_pool.cpp:127)
==63582== 
==63582== 10 bytes in 1 blocks are still reachable in loss record 233 of 677
==63582==    at 0x4C29F73: malloc (vg_replace_malloc.c:309)
==63582==    by 0x5FF2B89: strdup (in /usr/lib64/libc-2.17.so)
==63582==    by 0x767F813: ??? (in /usr/lib64/libodbcinst.so.2.0.0)
==63582==    by 0x767FB5A: SQLGetPrivateProfileString (in /usr/lib64/libodbcinst.so.2.0.0)
==63582==    by 0x6FAFC84: getDSNinfo (in /usr/lib64/psqlodbcw.so)
==63582==    by 0x6F7E8D7: PGAPI_Connect (in /usr/lib64/psqlodbcw.so)
==63582==    by 0x6FB1D97: SQLConnect (in /usr/lib64/psqlodbcw.so)
==63582==    by 0x4E46B3F: SQLConnect (in /usr/lib64/libodbc.so.2.0.0)
==63582==    by 0x406579: CppODBC::Connect(char const*, char const*, char const*) (cpp_odbc.cpp:100)
==63582==    by 0x408D0F: sqlexec(std::vector<std::string, std::allocator<std::string> >, std::vector<int, std::allocator<int> >) (main.cpp:202)
==63582==    by 0x40AAE6: std::_Function_handler<void (std::vector<std::string, std::allocator<std::string> >, std::vector<int, std::allocator<int> >), void (*)(std::vector<std::string, std::allocator<std::string> >, std::vector<int, std::allocator<int> >)>::_M_invoke(std::_Any_data const&, std::vector<std::string, std::allocator<std::string> >, std::vector<int, std::allocator<int> >) (functional:2071)
==63582==    by 0x40C9CE: operator() (functional:2471)
==63582==    by 0x40C9CE: thread_pool::worker() (thread_pool.cpp:127)
==63582== 
==63582== 10 bytes in 1 blocks are still reachable in loss record 234 of 677
==63582==    at 0x4C29F73: malloc (vg_replace_malloc.c:309)
==63582==    by 0x5FF2B89: strdup (in /usr/lib64/libc-2.17.so)
==63582==    by 0x767F813: ??? (in /usr/lib64/libodbcinst.so.2.0.0)
==63582==    by 0x767FB5A: SQLGetPrivateProfileString (in /usr/lib64/libodbcinst.so.2.0.0)
==63582==    by 0x6FB0231: getDSNinfo (in /usr/lib64/psqlodbcw.so)
==63582==    by 0x6F7E8D7: PGAPI_Connect (in /usr/lib64/psqlodbcw.so)
==63582==    by 0x6FB1D97: SQLConnect (in /usr/lib64/psqlodbcw.so)
==63582==    by 0x4E46B3F: SQLConnect (in /usr/lib64/libodbc.so.2.0.0)
==63582==    by 0x406579: CppODBC::Connect(char const*, char const*, char const*) (cpp_odbc.cpp:100)
==63582==    by 0x408D0F: sqlexec(std::vector<std::string, std::allocator<std::string> >, std::vector<int, std::allocator<int> >) (main.cpp:202)
==63582==    by 0x40AAE6: std::_Function_handler<void (std::vector<std::string, std::allocator<std::string> >, std::vector<int, std::allocator<int> >), void (*)(std::vector<std::string, std::allocator<std::string> >, std::vector<int, std::allocator<int> >)>::_M_invoke(std::_Any_data const&, std::vector<std::string, std::allocator<std::string> >, std::vector<int, std::allocator<int> >) (functional:2071)
==63582==    by 0x40C9CE: operator() (functional:2471)
==63582==    by 0x40C9CE: thread_pool::worker() (thread_pool.cpp:127)
==63582== 
==63582== 10 bytes in 1 blocks are still reachable in loss record 235 of 677
==63582==    at 0x4C29F73: malloc (vg_replace_malloc.c:309)
==63582==    by 0x5FF2B89: strdup (in /usr/lib64/libc-2.17.so)
==63582==    by 0x767F813: ??? (in /usr/lib64/libodbcinst.so.2.0.0)
==63582==    by 0x767FB5A: SQLGetPrivateProfileString (in /usr/lib64/libodbcinst.so.2.0.0)
==63582==    by 0x6FAFA1A: getDSNinfo (in /usr/lib64/psqlodbcw.so)
==63582==    by 0x6F7E8D7: PGAPI_Connect (in /usr/lib64/psqlodbcw.so)
==63582==    by 0x6FB1D97: SQLConnect (in /usr/lib64/psqlodbcw.so)
==63582==    by 0x4E46B3F: SQLConnect (in /usr/lib64/libodbc.so.2.0.0)
==63582==    by 0x406579: CppODBC::Connect(char const*, char const*, char const*) (cpp_odbc.cpp:100)
==63582==    by 0x408D0F: sqlexec(std::vector<std::string, std::allocator<std::string> >, std::vector<int, std::allocator<int> >) (main.cpp:202)
==63582==    by 0x40AAE6: std::_Function_handler<void (std::vector<std::string, std::allocator<std::string> >, std::vector<int, std::allocator<int> >), void (*)(std::vector<std::string, std::allocator<std::string> >, std::vector<int, std::allocator<int> >)>::_M_invoke(std::_Any_data const&, std::vector<std::string, std::allocator<std::string> >, std::vector<int, std::allocator<int> >) (functional:2071)
==63582==    by 0x40C9CE: operator() (functional:2471)
==63582==    by 0x40C9CE: thread_pool::worker() (thread_pool.cpp:127)
==63582== 
==63582== 10 bytes in 1 blocks are still reachable in loss record 236 of 677
==63582==    at 0x4C29F73: malloc (vg_replace_malloc.c:309)
==63582==    by 0x5FF2B89: strdup (in /usr/lib64/libc-2.17.so)
==63582==    by 0x767F813: ??? (in /usr/lib64/libodbcinst.so.2.0.0)
==63582==    by 0x767FB5A: SQLGetPrivateProfileString (in /usr/lib64/libodbcinst.so.2.0.0)
==63582==    by 0x6FAFCF9: getDSNinfo (in /usr/lib64/psqlodbcw.so)
==63582==    by 0x6F7E8D7: PGAPI_Connect (in /usr/lib64/psqlodbcw.so)
==63582==    by 0x6FB1D97: SQLConnect (in /usr/lib64/psqlodbcw.so)
==63582==    by 0x4E46B3F: SQLConnect (in /usr/lib64/libodbc.so.2.0.0)
==63582==    by 0x406579: CppODBC::Connect(char const*, char const*, char const*) (cpp_odbc.cpp:100)
==63582==    by 0x408D0F: sqlexec(std::vector<std::string, std::allocator<std::string> >, std::vector<int, std::allocator<int> >) (main.cpp:202)
==63582==    by 0x40AAE6: std::_Function_handler<void (std::vector<std::string, std::allocator<std::string> >, std::vector<int, std::allocator<int> >), void (*)(std::vector<std::string, std::allocator<std::string> >, std::vector<int, std::allocator<int> >)>::_M_invoke(std::_Any_data const&, std::vector<std::string, std::allocator<std::string> >, std::vector<int, std::allocator<int> >) (functional:2071)
==63582==    by 0x40C9CE: operator() (functional:2471)
==63582==    by 0x40C9CE: thread_pool::worker() (thread_pool.cpp:127)
==63582== 
==63582== 10 bytes in 1 blocks are still reachable in loss record 237 of 677
==63582==    at 0x4C29F73: malloc (vg_replace_malloc.c:309)
==63582==    by 0x5FF2B89: strdup (in /usr/lib64/libc-2.17.so)
==63582==    by 0x767F813: ??? (in /usr/lib64/libodbcinst.so.2.0.0)
==63582==    by 0x767FB5A: SQLGetPrivateProfileString (in /usr/lib64/libodbcinst.so.2.0.0)
==63582==    by 0x6FB02A1: getDSNinfo (in /usr/lib64/psqlodbcw.so)
==63582==    by 0x6F7E8D7: PGAPI_Connect (in /usr/lib64/psqlodbcw.so)
==63582==    by 0x6FB1D97: SQLConnect (in /usr/lib64/psqlodbcw.so)
==63582==    by 0x4E46B3F: SQLConnect (in /usr/lib64/libodbc.so.2.0.0)
==63582==    by 0x406579: CppODBC::Connect(char const*, char const*, char const*) (cpp_odbc.cpp:100)
==63582==    by 0x408D0F: sqlexec(std::vector<std::string, std::allocator<std::string> >, std::vector<int, std::allocator<int> >) (main.cpp:202)
==63582==    by 0x40AAE6: std::_Function_handler<void (std::vector<std::string, std::allocator<std::string> >, std::vector<int, std::allocator<int> >), void (*)(std::vector<std::string, std::allocator<std::string> >, std::vector<int, std::allocator<int> >)>::_M_invoke(std::_Any_data const&, std::vector<std::string, std::allocator<std::string> >, std::vector<int, std::allocator<int> >) (functional:2071)
==63582==    by 0x40C9CE: operator() (functional:2471)
==63582==    by 0x40C9CE: thread_pool::worker() (thread_pool.cpp:127)
==63582== 
==63582== 10 bytes in 1 blocks are still reachable in loss record 238 of 677
==63582==    at 0x4C29F73: malloc (vg_replace_malloc.c:309)
==63582==    by 0x5FF2B89: strdup (in /usr/lib64/libc-2.17.so)
==63582==    by 0x767F813: ??? (in /usr/lib64/libodbcinst.so.2.0.0)
==63582==    by 0x767FB5A: SQLGetPrivateProfileString (in /usr/lib64/libodbcinst.so.2.0.0)
==63582==    by 0x6FAFAA9: getDSNinfo (in /usr/lib64/psqlodbcw.so)
==63582==    by 0x6F7E8D7: PGAPI_Connect (in /usr/lib64/psqlodbcw.so)
==63582==    by 0x6FB1D97: SQLConnect (in /usr/lib64/psqlodbcw.so)
==63582==    by 0x4E46B3F: SQLConnect (in /usr/lib64/libodbc.so.2.0.0)
==63582==    by 0x406579: CppODBC::Connect(char const*, char const*, char const*) (cpp_odbc.cpp:100)
==63582==    by 0x408D0F: sqlexec(std::vector<std::string, std::allocator<std::string> >, std::vector<int, std::allocator<int> >) (main.cpp:202)
==63582==    by 0x40AAE6: std::_Function_handler<void (std::vector<std::string, std::allocator<std::string> >, std::vector<int, std::allocator<int> >), void (*)(std::vector<std::string, std::allocator<std::string> >, std::vector<int, std::allocator<int> >)>::_M_invoke(std::_Any_data const&, std::vector<std::string, std::allocator<std::string> >, std::vector<int, std::allocator<int> >) (functional:2071)
==63582==    by 0x40C9CE: operator() (functional:2471)
==63582==    by 0x40C9CE: thread_pool::worker() (thread_pool.cpp:127)
==63582== 
==63582== 10 bytes in 1 blocks are still reachable in loss record 239 of 677
==63582==    at 0x4C29F73: malloc (vg_replace_malloc.c:309)
==63582==    by 0x5FF2B89: strdup (in /usr/lib64/libc-2.17.so)
==63582==    by 0x767F813: ??? (in /usr/lib64/libodbcinst.so.2.0.0)
==63582==    by 0x767FB5A: SQLGetPrivateProfileString (in /usr/lib64/libodbcinst.so.2.0.0)
==63582==    by 0x6FB04D5: getDSNinfo (in /usr/lib64/psqlodbcw.so)
==63582==    by 0x6F7E8D7: PGAPI_Connect (in /usr/lib64/psqlodbcw.so)
==63582==    by 0x6FB1D97: SQLConnect (in /usr/lib64/psqlodbcw.so)
==63582==    by 0x4E46B3F: SQLConnect (in /usr/lib64/libodbc.so.2.0.0)
==63582==    by 0x406579: CppODBC::Connect(char const*, char const*, char const*) (cpp_odbc.cpp:100)
==63582==    by 0x408D0F: sqlexec(std::vector<std::string, std::allocator<std::string> >, std::vector<int, std::allocator<int> >) (main.cpp:202)
==63582==    by 0x40AAE6: std::_Function_handler<void (std::vector<std::string, std::allocator<std::string> >, std::vector<int, std::allocator<int> >), void (*)(std::vector<std::string, std::allocator<std::string> >, std::vector<int, std::allocator<int> >)>::_M_invoke(std::_Any_data const&, std::vector<std::string, std::allocator<std::string> >, std::vector<int, std::allocator<int> >) (functional:2071)
==63582==    by 0x40C9CE: operator() (functional:2471)
==63582==    by 0x40C9CE: thread_pool::worker() (thread_pool.cpp:127)
==63582== 
==63582== 10 bytes in 1 blocks are still reachable in loss record 240 of 677
==63582==    at 0x4C29F73: malloc (vg_replace_malloc.c:309)
==63582==    by 0x5FF2B89: strdup (in /usr/lib64/libc-2.17.so)
==63582==    by 0x767F813: ??? (in /usr/lib64/libodbcinst.so.2.0.0)
==63582==    by 0x767FB5A: SQLGetPrivateProfileString (in /usr/lib64/libodbcinst.so.2.0.0)
==63582==    by 0x6FB003D: getDSNinfo (in /usr/lib64/psqlodbcw.so)
==63582==    by 0x6F7E8D7: PGAPI_Connect (in /usr/lib64/psqlodbcw.so)
==63582==    by 0x6FB1D97: SQLConnect (in /usr/lib64/psqlodbcw.so)
==63582==    by 0x4E46B3F: SQLConnect (in /usr/lib64/libodbc.so.2.0.0)
==63582==    by 0x406579: CppODBC::Connect(char const*, char const*, char const*) (cpp_odbc.cpp:100)
==63582==    by 0x408D0F: sqlexec(std::vector<std::string, std::allocator<std::string> >, std::vector<int, std::allocator<int> >) (main.cpp:202)
==63582==    by 0x40AAE6: std::_Function_handler<void (std::vector<std::string, std::allocator<std::string> >, std::vector<int, std::allocator<int> >), void (*)(std::vector<std::string, std::allocator<std::string> >, std::vector<int, std::allocator<int> >)>::_M_invoke(std::_Any_data const&, std::vector<std::string, std::allocator<std::string> >, std::vector<int, std::allocator<int> >) (functional:2071)
==63582==    by 0x40C9CE: operator() (functional:2471)
==63582==    by 0x40C9CE: thread_pool::worker() (thread_pool.cpp:127)
==63582== 
==63582== 10 bytes in 1 blocks are still reachable in loss record 241 of 677
==63582==    at 0x4C29F73: malloc (vg_replace_malloc.c:309)
==63582==    by 0x5FF2B89: strdup (in /usr/lib64/libc-2.17.so)
==63582==    by 0x767F813: ??? (in /usr/lib64/libodbcinst.so.2.0.0)
==63582==    by 0x767FB5A: SQLGetPrivateProfileString (in /usr/lib64/libodbcinst.so.2.0.0)
==63582==    by 0x6FB0080: getDSNinfo (in /usr/lib64/psqlodbcw.so)
==63582==    by 0x6F7E8D7: PGAPI_Connect (in /usr/lib64/psqlodbcw.so)
==63582==    by 0x6FB1D97: SQLConnect (in /usr/lib64/psqlodbcw.so)
==63582==    by 0x4E46B3F: SQLConnect (in /usr/lib64/libodbc.so.2.0.0)
==63582==    by 0x406579: CppODBC::Connect(char const*, char const*, char const*) (cpp_odbc.cpp:100)
==63582==    by 0x408D0F: sqlexec(std::vector<std::string, std::allocator<std::string> >, std::vector<int, std::allocator<int> >) (main.cpp:202)
==63582==    by 0x40AAE6: std::_Function_handler<void (std::vector<std::string, std::allocator<std::string> >, std::vector<int, std::allocator<int> >), void (*)(std::vector<std::string, std::allocator<std::string> >, std::vector<int, std::allocator<int> >)>::_M_invoke(std::_Any_data const&, std::vector<std::string, std::allocator<std::string> >, std::vector<int, std::allocator<int> >) (functional:2071)
==63582==    by 0x40C9CE: operator() (functional:2471)
==63582==    by 0x40C9CE: thread_pool::worker() (thread_pool.cpp:127)
==63582== 
==63582== 10 bytes in 1 blocks are still reachable in loss record 242 of 677
==63582==    at 0x4C29F73: malloc (vg_replace_malloc.c:309)
==63582==    by 0x5FF2B89: strdup (in /usr/lib64/libc-2.17.so)
==63582==    by 0x767F813: ??? (in /usr/lib64/libodbcinst.so.2.0.0)
==63582==    by 0x767FB5A: SQLGetPrivateProfileString (in /usr/lib64/libodbcinst.so.2.0.0)
==63582==    by 0x6FB00A6: getDSNinfo (in /usr/lib64/psqlodbcw.so)
==63582==    by 0x6F7E8D7: PGAPI_Connect (in /usr/lib64/psqlodbcw.so)
==63582==    by 0x6FB1D97: SQLConnect (in /usr/lib64/psqlodbcw.so)
==63582==    by 0x4E46B3F: SQLConnect (in /usr/lib64/libodbc.so.2.0.0)
==63582==    by 0x406579: CppODBC::Connect(char const*, char const*, char const*) (cpp_odbc.cpp:100)
==63582==    by 0x408D0F: sqlexec(std::vector<std::string, std::allocator<std::string> >, std::vector<int, std::allocator<int> >) (main.cpp:202)
==63582==    by 0x40AAE6: std::_Function_handler<void (std::vector<std::string, std::allocator<std::string> >, std::vector<int, std::allocator<int> >), void (*)(std::vector<std::string, std::allocator<std::string> >, std::vector<int, std::allocator<int> >)>::_M_invoke(std::_Any_data const&, std::vector<std::string, std::allocator<std::string> >, std::vector<int, std::allocator<int> >) (functional:2071)
==63582==    by 0x40C9CE: operator() (functional:2471)
==63582==    by 0x40C9CE: thread_pool::worker() (thread_pool.cpp:127)
==63582== 
==63582== 10 bytes in 1 blocks are still reachable in loss record 243 of 677
==63582==    at 0x4C29F73: malloc (vg_replace_malloc.c:309)
==63582==    by 0x5FF2B89: strdup (in /usr/lib64/libc-2.17.so)
==63582==    by 0x767F813: ??? (in /usr/lib64/libodbcinst.so.2.0.0)
==63582==    by 0x767FB5A: SQLGetPrivateProfileString (in /usr/lib64/libodbcinst.so.2.0.0)
==63582==    by 0x6FAEB98: getCommonDefaults (in /usr/lib64/psqlodbcw.so)
==63582==    by 0x6FB00C3: getDSNinfo (in /usr/lib64/psqlodbcw.so)
==63582==    by 0x6F7E8D7: PGAPI_Connect (in /usr/lib64/psqlodbcw.so)
==63582==    by 0x6FB1D97: SQLConnect (in /usr/lib64/psqlodbcw.so)
==63582==    by 0x4E46B3F: SQLConnect (in /usr/lib64/libodbc.so.2.0.0)
==63582==    by 0x406579: CppODBC::Connect(char const*, char const*, char const*) (cpp_odbc.cpp:100)
==63582==    by 0x408D0F: sqlexec(std::vector<std::string, std::allocator<std::string> >, std::vector<int, std::allocator<int> >) (main.cpp:202)
==63582==    by 0x40AAE6: std::_Function_handler<void (std::vector<std::string, std::allocator<std::string> >, std::vector<int, std::allocator<int> >), void (*)(std::vector<std::string, std::allocator<std::string> >, std::vector<int, std::allocator<int> >)>::_M_invoke(std::_Any_data const&, std::vector<std::string, std::allocator<std::string> >, std::vector<int, std::allocator<int> >) (functional:2071)
==63582== 
==63582== 10 bytes in 1 blocks are still reachable in loss record 244 of 677
==63582==    at 0x4C29F73: malloc (vg_replace_malloc.c:309)
==63582==    by 0x5FF2B89: strdup (in /usr/lib64/libc-2.17.so)
==63582==    by 0x767F813: ??? (in /usr/lib64/libodbcinst.so.2.0.0)
==63582==    by 0x767FB5A: SQLGetPrivateProfileString (in /usr/lib64/libodbcinst.so.2.0.0)
==63582==    by 0x6FAEF86: getCommonDefaults (in /usr/lib64/psqlodbcw.so)
==63582==    by 0x6FB00C3: getDSNinfo (in /usr/lib64/psqlodbcw.so)
==63582==    by 0x6F7E8D7: PGAPI_Connect (in /usr/lib64/psqlodbcw.so)
==63582==    by 0x6FB1D97: SQLConnect (in /usr/lib64/psqlodbcw.so)
==63582==    by 0x4E46B3F: SQLConnect (in /usr/lib64/libodbc.so.2.0.0)
==63582==    by 0x406579: CppODBC::Connect(char const*, char const*, char const*) (cpp_odbc.cpp:100)
==63582==    by 0x408D0F: sqlexec(std::vector<std::string, std::allocator<std::string> >, std::vector<int, std::allocator<int> >) (main.cpp:202)
==63582==    by 0x40AAE6: std::_Function_handler<void (std::vector<std::string, std::allocator<std::string> >, std::vector<int, std::allocator<int> >), void (*)(std::vector<std::string, std::allocator<std::string> >, std::vector<int, std::allocator<int> >)>::_M_invoke(std::_Any_data const&, std::vector<std::string, std::allocator<std::string> >, std::vector<int, std::allocator<int> >) (functional:2071)
==63582== 
==63582== 10 bytes in 1 blocks are still reachable in loss record 245 of 677
==63582==    at 0x4C29F73: malloc (vg_replace_malloc.c:309)
==63582==    by 0x5FF2B89: strdup (in /usr/lib64/libc-2.17.so)
==63582==    by 0x767F813: ??? (in /usr/lib64/libodbcinst.so.2.0.0)
==63582==    by 0x767FB5A: SQLGetPrivateProfileString (in /usr/lib64/libodbcinst.so.2.0.0)
==63582==    by 0x6FAF0A3: getCommonDefaults (in /usr/lib64/psqlodbcw.so)
==63582==    by 0x6FB00C3: getDSNinfo (in /usr/lib64/psqlodbcw.so)
==63582==    by 0x6F7E8D7: PGAPI_Connect (in /usr/lib64/psqlodbcw.so)
==63582==    by 0x6FB1D97: SQLConnect (in /usr/lib64/psqlodbcw.so)
==63582==    by 0x4E46B3F: SQLConnect (in /usr/lib64/libodbc.so.2.0.0)
==63582==    by 0x406579: CppODBC::Connect(char const*, char const*, char const*) (cpp_odbc.cpp:100)
==63582==    by 0x408D0F: sqlexec(std::vector<std::string, std::allocator<std::string> >, std::vector<int, std::allocator<int> >) (main.cpp:202)
==63582==    by 0x40AAE6: std::_Function_handler<void (std::vector<std::string, std::allocator<std::string> >, std::vector<int, std::allocator<int> >), void (*)(std::vector<std::string, std::allocator<std::string> >, std::vector<int, std::allocator<int> >)>::_M_invoke(std::_Any_data const&, std::vector<std::string, std::allocator<std::string> >, std::vector<int, std::allocator<int> >) (functional:2071)
==63582== 
==63582== 10 bytes in 1 blocks are still reachable in loss record 246 of 677
==63582==    at 0x4C29F73: malloc (vg_replace_malloc.c:309)
==63582==    by 0x5FF2B89: strdup (in /usr/lib64/libc-2.17.so)
==63582==    by 0x767F813: ??? (in /usr/lib64/libodbcinst.so.2.0.0)
==63582==    by 0x767FB5A: SQLGetPrivateProfileString (in /usr/lib64/libodbcinst.so.2.0.0)
==63582==    by 0x6FAF001: getCommonDefaults (in /usr/lib64/psqlodbcw.so)
==63582==    by 0x6FB00C3: getDSNinfo (in /usr/lib64/psqlodbcw.so)
==63582==    by 0x6F7E8D7: PGAPI_Connect (in /usr/lib64/psqlodbcw.so)
==63582==    by 0x6FB1D97: SQLConnect (in /usr/lib64/psqlodbcw.so)
==63582==    by 0x4E46B3F: SQLConnect (in /usr/lib64/libodbc.so.2.0.0)
==63582==    by 0x406579: CppODBC::Connect(char const*, char const*, char const*) (cpp_odbc.cpp:100)
==63582==    by 0x408D0F: sqlexec(std::vector<std::string, std::allocator<std::string> >, std::vector<int, std::allocator<int> >) (main.cpp:202)
==63582==    by 0x40AAE6: std::_Function_handler<void (std::vector<std::string, std::allocator<std::string> >, std::vector<int, std::allocator<int> >), void (*)(std::vector<std::string, std::allocator<std::string> >, std::vector<int, std::allocator<int> >)>::_M_invoke(std::_Any_data const&, std::vector<std::string, std::allocator<std::string> >, std::vector<int, std::allocator<int> >) (functional:2071)
==63582== 
==63582== 10 bytes in 1 blocks are still reachable in loss record 247 of 677
==63582==    at 0x4C29F73: malloc (vg_replace_malloc.c:309)
==63582==    by 0x5FF2B89: strdup (in /usr/lib64/libc-2.17.so)
==63582==    by 0x767F813: ??? (in /usr/lib64/libodbcinst.so.2.0.0)
==63582==    by 0x767FB5A: SQLGetPrivateProfileString (in /usr/lib64/libodbcinst.so.2.0.0)
==63582==    by 0x6FAEC74: getCommonDefaults (in /usr/lib64/psqlodbcw.so)
==63582==    by 0x6FB00C3: getDSNinfo (in /usr/lib64/psqlodbcw.so)
==63582==    by 0x6F7E8D7: PGAPI_Connect (in /usr/lib64/psqlodbcw.so)
==63582==    by 0x6FB1D97: SQLConnect (in /usr/lib64/psqlodbcw.so)
==63582==    by 0x4E46B3F: SQLConnect (in /usr/lib64/libodbc.so.2.0.0)
==63582==    by 0x406579: CppODBC::Connect(char const*, char const*, char const*) (cpp_odbc.cpp:100)
==63582==    by 0x408D0F: sqlexec(std::vector<std::string, std::allocator<std::string> >, std::vector<int, std::allocator<int> >) (main.cpp:202)
==63582==    by 0x40AAE6: std::_Function_handler<void (std::vector<std::string, std::allocator<std::string> >, std::vector<int, std::allocator<int> >), void (*)(std::vector<std::string, std::allocator<std::string> >, std::vector<int, std::allocator<int> >)>::_M_invoke(std::_Any_data const&, std::vector<std::string, std::allocator<std::string> >, std::vector<int, std::allocator<int> >) (functional:2071)
==63582== 
==63582== 10 bytes in 1 blocks are still reachable in loss record 248 of 677
==63582==    at 0x4C29F73: malloc (vg_replace_malloc.c:309)
==63582==    by 0x5FF2B89: strdup (in /usr/lib64/libc-2.17.so)
==63582==    by 0x767F834: ??? (in /usr/lib64/libodbcinst.so.2.0.0)
==63582==    by 0x767FB5A: SQLGetPrivateProfileString (in /usr/lib64/libodbcinst.so.2.0.0)
==63582==    by 0x6FAEC74: getCommonDefaults (in /usr/lib64/psqlodbcw.so)
==63582==    by 0x6FB00C3: getDSNinfo (in /usr/lib64/psqlodbcw.so)
==63582==    by 0x6F7E8D7: PGAPI_Connect (in /usr/lib64/psqlodbcw.so)
==63582==    by 0x6FB1D97: SQLConnect (in /usr/lib64/psqlodbcw.so)
==63582==    by 0x4E46B3F: SQLConnect (in /usr/lib64/libodbc.so.2.0.0)
==63582==    by 0x406579: CppODBC::Connect(char const*, char const*, char const*) (cpp_odbc.cpp:100)
==63582==    by 0x408D0F: sqlexec(std::vector<std::string, std::allocator<std::string> >, std::vector<int, std::allocator<int> >) (main.cpp:202)
==63582==    by 0x40AAE6: std::_Function_handler<void (std::vector<std::string, std::allocator<std::string> >, std::vector<int, std::allocator<int> >), void (*)(std::vector<std::string, std::allocator<std::string> >, std::vector<int, std::allocator<int> >)>::_M_invoke(std::_Any_data const&, std::vector<std::string, std::allocator<std::string> >, std::vector<int, std::allocator<int> >) (functional:2071)
==63582== 
==63582== 10 bytes in 1 blocks are still reachable in loss record 249 of 677
==63582==    at 0x4C29F73: malloc (vg_replace_malloc.c:309)
==63582==    by 0x5FF2B89: strdup (in /usr/lib64/libc-2.17.so)
==63582==    by 0x767F813: ??? (in /usr/lib64/libodbcinst.so.2.0.0)
==63582==    by 0x767FB5A: SQLGetPrivateProfileString (in /usr/lib64/libodbcinst.so.2.0.0)
==63582==    by 0x6FAECAA: getCommonDefaults (in /usr/lib64/psqlodbcw.so)
==63582==    by 0x6FB00C3: getDSNinfo (in /usr/lib64/psqlodbcw.so)
==63582==    by 0x6F7E8D7: PGAPI_Connect (in /usr/lib64/psqlodbcw.so)
==63582==    by 0x6FB1D97: SQLConnect (in /usr/lib64/psqlodbcw.so)
==63582==    by 0x4E46B3F: SQLConnect (in /usr/lib64/libodbc.so.2.0.0)
==63582==    by 0x406579: CppODBC::Connect(char const*, char const*, char const*) (cpp_odbc.cpp:100)
==63582==    by 0x408D0F: sqlexec(std::vector<std::string, std::allocator<std::string> >, std::vector<int, std::allocator<int> >) (main.cpp:202)
==63582==    by 0x40AAE6: std::_Function_handler<void (std::vector<std::string, std::allocator<std::string> >, std::vector<int, std::allocator<int> >), void (*)(std::vector<std::string, std::allocator<std::string> >, std::vector<int, std::allocator<int> >)>::_M_invoke(std::_Any_data const&, std::vector<std::string, std::allocator<std::string> >, std::vector<int, std::allocator<int> >) (functional:2071)
==63582== 
==63582== 10 bytes in 1 blocks are still reachable in loss record 250 of 677
==63582==    at 0x4C29F73: malloc (vg_replace_malloc.c:309)
==63582==    by 0x5FF2B89: strdup (in /usr/lib64/libc-2.17.so)
==63582==    by 0x767F813: ??? (in /usr/lib64/libodbcinst.so.2.0.0)
==63582==    by 0x767FB5A: SQLGetPrivateProfileString (in /usr/lib64/libodbcinst.so.2.0.0)
==63582==    by 0x6FAF4C1: getCommonDefaults (in /usr/lib64/psqlodbcw.so)
==63582==    by 0x6FB00C3: getDSNinfo (in /usr/lib64/psqlodbcw.so)
==63582==    by 0x6F7E8D7: PGAPI_Connect (in /usr/lib64/psqlodbcw.so)
==63582==    by 0x6FB1D97: SQLConnect (in /usr/lib64/psqlodbcw.so)
==63582==    by 0x4E46B3F: SQLConnect (in /usr/lib64/libodbc.so.2.0.0)
==63582==    by 0x406579: CppODBC::Connect(char const*, char const*, char const*) (cpp_odbc.cpp:100)
==63582==    by 0x408D0F: sqlexec(std::vector<std::string, std::allocator<std::string> >, std::vector<int, std::allocator<int> >) (main.cpp:202)
==63582==    by 0x40AAE6: std::_Function_handler<void (std::vector<std::string, std::allocator<std::string> >, std::vector<int, std::allocator<int> >), void (*)(std::vector<std::string, std::allocator<std::string> >, std::vector<int, std::allocator<int> >)>::_M_invoke(std::_Any_data const&, std::vector<std::string, std::allocator<std::string> >, std::vector<int, std::allocator<int> >) (functional:2071)
==63582== 
==63582== 10 bytes in 1 blocks are still reachable in loss record 251 of 677
==63582==    at 0x4C29F73: malloc (vg_replace_malloc.c:309)
==63582==    by 0x5FF2B89: strdup (in /usr/lib64/libc-2.17.so)
==63582==    by 0x767F813: ??? (in /usr/lib64/libodbcinst.so.2.0.0)
==63582==    by 0x767FB5A: SQLGetPrivateProfileString (in /usr/lib64/libodbcinst.so.2.0.0)
==63582==    by 0x6FAED29: getCommonDefaults (in /usr/lib64/psqlodbcw.so)
==63582==    by 0x6FB00C3: getDSNinfo (in /usr/lib64/psqlodbcw.so)
==63582==    by 0x6F7E8D7: PGAPI_Connect (in /usr/lib64/psqlodbcw.so)
==63582==    by 0x6FB1D97: SQLConnect (in /usr/lib64/psqlodbcw.so)
==63582==    by 0x4E46B3F: SQLConnect (in /usr/lib64/libodbc.so.2.0.0)
==63582==    by 0x406579: CppODBC::Connect(char const*, char const*, char const*) (cpp_odbc.cpp:100)
==63582==    by 0x408D0F: sqlexec(std::vector<std::string, std::allocator<std::string> >, std::vector<int, std::allocator<int> >) (main.cpp:202)
==63582==    by 0x40AAE6: std::_Function_handler<void (std::vector<std::string, std::allocator<std::string> >, std::vector<int, std::allocator<int> >), void (*)(std::vector<std::string, std::allocator<std::string> >, std::vector<int, std::allocator<int> >)>::_M_invoke(std::_Any_data const&, std::vector<std::string, std::allocator<std::string> >, std::vector<int, std::allocator<int> >) (functional:2071)
==63582== 
==63582== 10 bytes in 1 blocks are still reachable in loss record 252 of 677
==63582==    at 0x4C29F73: malloc (vg_replace_malloc.c:309)
==63582==    by 0x5FF2B89: strdup (in /usr/lib64/libc-2.17.so)
==63582==    by 0x767F813: ??? (in /usr/lib64/libodbcinst.so.2.0.0)
==63582==    by 0x767FB5A: SQLGetPrivateProfileString (in /usr/lib64/libodbcinst.so.2.0.0)
==63582==    by 0x6FAF539: getCommonDefaults (in /usr/lib64/psqlodbcw.so)
==63582==    by 0x6FB00C3: getDSNinfo (in /usr/lib64/psqlodbcw.so)
==63582==    by 0x6F7E8D7: PGAPI_Connect (in /usr/lib64/psqlodbcw.so)
==63582==    by 0x6FB1D97: SQLConnect (in /usr/lib64/psqlodbcw.so)
==63582==    by 0x4E46B3F: SQLConnect (in /usr/lib64/libodbc.so.2.0.0)
==63582==    by 0x406579: CppODBC::Connect(char const*, char const*, char const*) (cpp_odbc.cpp:100)
==63582==    by 0x408D0F: sqlexec(std::vector<std::string, std::allocator<std::string> >, std::vector<int, std::allocator<int> >) (main.cpp:202)
==63582==    by 0x40AAE6: std::_Function_handler<void (std::vector<std::string, std::allocator<std::string> >, std::vector<int, std::allocator<int> >), void (*)(std::vector<std::string, std::allocator<std::string> >, std::vector<int, std::allocator<int> >)>::_M_invoke(std::_Any_data const&, std::vector<std::string, std::allocator<std::string> >, std::vector<int, std::allocator<int> >) (functional:2071)
==63582== 
==63582== 10 bytes in 1 blocks are still reachable in loss record 253 of 677
==63582==    at 0x4C29F73: malloc (vg_replace_malloc.c:309)
==63582==    by 0x5FF2B89: strdup (in /usr/lib64/libc-2.17.so)
==63582==    by 0x767F813: ??? (in /usr/lib64/libodbcinst.so.2.0.0)
==63582==    by 0x767FB5A: SQLGetPrivateProfileString (in /usr/lib64/libodbcinst.so.2.0.0)
==63582==    by 0x6FAEDA1: getCommonDefaults (in /usr/lib64/psqlodbcw.so)
==63582==    by 0x6FB00C3: getDSNinfo (in /usr/lib64/psqlodbcw.so)
==63582==    by 0x6F7E8D7: PGAPI_Connect (in /usr/lib64/psqlodbcw.so)
==63582==    by 0x6FB1D97: SQLConnect (in /usr/lib64/psqlodbcw.so)
==63582==    by 0x4E46B3F: SQLConnect (in /usr/lib64/libodbc.so.2.0.0)
==63582==    by 0x406579: CppODBC::Connect(char const*, char const*, char const*) (cpp_odbc.cpp:100)
==63582==    by 0x408D0F: sqlexec(std::vector<std::string, std::allocator<std::string> >, std::vector<int, std::allocator<int> >) (main.cpp:202)
==63582==    by 0x40AAE6: std::_Function_handler<void (std::vector<std::string, std::allocator<std::string> >, std::vector<int, std::allocator<int> >), void (*)(std::vector<std::string, std::allocator<std::string> >, std::vector<int, std::allocator<int> >)>::_M_invoke(std::_Any_data const&, std::vector<std::string, std::allocator<std::string> >, std::vector<int, std::allocator<int> >) (functional:2071)
==63582== 
==63582== 10 bytes in 1 blocks are still reachable in loss record 254 of 677
==63582==    at 0x4C29F73: malloc (vg_replace_malloc.c:309)
==63582==    by 0x5FF2B89: strdup (in /usr/lib64/libc-2.17.so)
==63582==    by 0x767F813: ??? (in /usr/lib64/libodbcinst.so.2.0.0)
==63582==    by 0x767FB5A: SQLGetPrivateProfileString (in /usr/lib64/libodbcinst.so.2.0.0)
==63582==    by 0x6FAF5B1: getCommonDefaults (in /usr/lib64/psqlodbcw.so)
==63582==    by 0x6FB00C3: getDSNinfo (in /usr/lib64/psqlodbcw.so)
==63582==    by 0x6F7E8D7: PGAPI_Connect (in /usr/lib64/psqlodbcw.so)
==63582==    by 0x6FB1D97: SQLConnect (in /usr/lib64/psqlodbcw.so)
==63582==    by 0x4E46B3F: SQLConnect (in /usr/lib64/libodbc.so.2.0.0)
==63582==    by 0x406579: CppODBC::Connect(char const*, char const*, char const*) (cpp_odbc.cpp:100)
==63582==    by 0x408D0F: sqlexec(std::vector<std::string, std::allocator<std::string> >, std::vector<int, std::allocator<int> >) (main.cpp:202)
==63582==    by 0x40AAE6: std::_Function_handler<void (std::vector<std::string, std::allocator<std::string> >, std::vector<int, std::allocator<int> >), void (*)(std::vector<std::string, std::allocator<std::string> >, std::vector<int, std::allocator<int> >)>::_M_invoke(std::_Any_data const&, std::vector<std::string, std::allocator<std::string> >, std::vector<int, std::allocator<int> >) (functional:2071)
==63582== 
==63582== 10 bytes in 1 blocks are still reachable in loss record 255 of 677
==63582==    at 0x4C29F73: malloc (vg_replace_malloc.c:309)
==63582==    by 0x5FF2B89: strdup (in /usr/lib64/libc-2.17.so)
==63582==    by 0x767F813: ??? (in /usr/lib64/libodbcinst.so.2.0.0)
==63582==    by 0x767FB5A: SQLGetPrivateProfileString (in /usr/lib64/libodbcinst.so.2.0.0)
==63582==    by 0x6FAEE19: getCommonDefaults (in /usr/lib64/psqlodbcw.so)
==63582==    by 0x6FB00C3: getDSNinfo (in /usr/lib64/psqlodbcw.so)
==63582==    by 0x6F7E8D7: PGAPI_Connect (in /usr/lib64/psqlodbcw.so)
==63582==    by 0x6FB1D97: SQLConnect (in /usr/lib64/psqlodbcw.so)
==63582==    by 0x4E46B3F: SQLConnect (in /usr/lib64/libodbc.so.2.0.0)
==63582==    by 0x406579: CppODBC::Connect(char const*, char const*, char const*) (cpp_odbc.cpp:100)
==63582==    by 0x408D0F: sqlexec(std::vector<std::string, std::allocator<std::string> >, std::vector<int, std::allocator<int> >) (main.cpp:202)
==63582==    by 0x40AAE6: std::_Function_handler<void (std::vector<std::string, std::allocator<std::string> >, std::vector<int, std::allocator<int> >), void (*)(std::vector<std::string, std::allocator<std::string> >, std::vector<int, std::allocator<int> >)>::_M_invoke(std::_Any_data const&, std::vector<std::string, std::allocator<std::string> >, std::vector<int, std::allocator<int> >) (functional:2071)
==63582== 
==63582== 10 bytes in 1 blocks are still reachable in loss record 256 of 677
==63582==    at 0x4C29F73: malloc (vg_replace_malloc.c:309)
==63582==    by 0x5FF2B89: strdup (in /usr/lib64/libc-2.17.so)
==63582==    by 0x767F813: ??? (in /usr/lib64/libodbcinst.so.2.0.0)
==63582==    by 0x767FB5A: SQLGetPrivateProfileString (in /usr/lib64/libodbcinst.so.2.0.0)
==63582==    by 0x6FAF629: getCommonDefaults (in /usr/lib64/psqlodbcw.so)
==63582==    by 0x6FB00C3: getDSNinfo (in /usr/lib64/psqlodbcw.so)
==63582==    by 0x6F7E8D7: PGAPI_Connect (in /usr/lib64/psqlodbcw.so)
==63582==    by 0x6FB1D97: SQLConnect (in /usr/lib64/psqlodbcw.so)
==63582==    by 0x4E46B3F: SQLConnect (in /usr/lib64/libodbc.so.2.0.0)
==63582==    by 0x406579: CppODBC::Connect(char const*, char const*, char const*) (cpp_odbc.cpp:100)
==63582==    by 0x408D0F: sqlexec(std::vector<std::string, std::allocator<std::string> >, std::vector<int, std::allocator<int> >) (main.cpp:202)
==63582==    by 0x40AAE6: std::_Function_handler<void (std::vector<std::string, std::allocator<std::string> >, std::vector<int, std::allocator<int> >), void (*)(std::vector<std::string, std::allocator<std::string> >, std::vector<int, std::allocator<int> >)>::_M_invoke(std::_Any_data const&, std::vector<std::string, std::allocator<std::string> >, std::vector<int, std::allocator<int> >) (functional:2071)
==63582== 
==63582== 10 bytes in 1 blocks are still reachable in loss record 257 of 677
==63582==    at 0x4C29F73: malloc (vg_replace_malloc.c:309)
==63582==    by 0x5FF2B89: strdup (in /usr/lib64/libc-2.17.so)
==63582==    by 0x767F813: ??? (in /usr/lib64/libodbcinst.so.2.0.0)
==63582==    by 0x767FB5A: SQLGetPrivateProfileString (in /usr/lib64/libodbcinst.so.2.0.0)
==63582==    by 0x6FAEE91: getCommonDefaults (in /usr/lib64/psqlodbcw.so)
==63582==    by 0x6FB00C3: getDSNinfo (in /usr/lib64/psqlodbcw.so)
==63582==    by 0x6F7E8D7: PGAPI_Connect (in /usr/lib64/psqlodbcw.so)
==63582==    by 0x6FB1D97: SQLConnect (in /usr/lib64/psqlodbcw.so)
==63582==    by 0x4E46B3F: SQLConnect (in /usr/lib64/libodbc.so.2.0.0)
==63582==    by 0x406579: CppODBC::Connect(char const*, char const*, char const*) (cpp_odbc.cpp:100)
==63582==    by 0x408D0F: sqlexec(std::vector<std::string, std::allocator<std::string> >, std::vector<int, std::allocator<int> >) (main.cpp:202)
==63582==    by 0x40AAE6: std::_Function_handler<void (std::vector<std::string, std::allocator<std::string> >, std::vector<int, std::allocator<int> >), void (*)(std::vector<std::string, std::allocator<std::string> >, std::vector<int, std::allocator<int> >)>::_M_invoke(std::_Any_data const&, std::vector<std::string, std::allocator<std::string> >, std::vector<int, std::allocator<int> >) (functional:2071)
==63582== 
==63582== 10 bytes in 1 blocks are still reachable in loss record 258 of 677
==63582==    at 0x4C29F73: malloc (vg_replace_malloc.c:309)
==63582==    by 0x5FF2B89: strdup (in /usr/lib64/libc-2.17.so)
==63582==    by 0x767F813: ??? (in /usr/lib64/libodbcinst.so.2.0.0)
==63582==    by 0x767FB5A: SQLGetPrivateProfileString (in /usr/lib64/libodbcinst.so.2.0.0)
==63582==    by 0x6FAF6A1: getCommonDefaults (in /usr/lib64/psqlodbcw.so)
==63582==    by 0x6FB00C3: getDSNinfo (in /usr/lib64/psqlodbcw.so)
==63582==    by 0x6F7E8D7: PGAPI_Connect (in /usr/lib64/psqlodbcw.so)
==63582==    by 0x6FB1D97: SQLConnect (in /usr/lib64/psqlodbcw.so)
==63582==    by 0x4E46B3F: SQLConnect (in /usr/lib64/libodbc.so.2.0.0)
==63582==    by 0x406579: CppODBC::Connect(char const*, char const*, char const*) (cpp_odbc.cpp:100)
==63582==    by 0x408D0F: sqlexec(std::vector<std::string, std::allocator<std::string> >, std::vector<int, std::allocator<int> >) (main.cpp:202)
==63582==    by 0x40AAE6: std::_Function_handler<void (std::vector<std::string, std::allocator<std::string> >, std::vector<int, std::allocator<int> >), void (*)(std::vector<std::string, std::allocator<std::string> >, std::vector<int, std::allocator<int> >)>::_M_invoke(std::_Any_data const&, std::vector<std::string, std::allocator<std::string> >, std::vector<int, std::allocator<int> >) (functional:2071)
==63582== 
==63582== 10 bytes in 1 blocks are still reachable in loss record 259 of 677
==63582==    at 0x4C29F73: malloc (vg_replace_malloc.c:309)
==63582==    by 0x5FF2B89: strdup (in /usr/lib64/libc-2.17.so)
==63582==    by 0x767F813: ??? (in /usr/lib64/libodbcinst.so.2.0.0)
==63582==    by 0x767FB5A: SQLGetPrivateProfileString (in /usr/lib64/libodbcinst.so.2.0.0)
==63582==    by 0x6FAEF09: getCommonDefaults (in /usr/lib64/psqlodbcw.so)
==63582==    by 0x6FB00C3: getDSNinfo (in /usr/lib64/psqlodbcw.so)
==63582==    by 0x6F7E8D7: PGAPI_Connect (in /usr/lib64/psqlodbcw.so)
==63582==    by 0x6FB1D97: SQLConnect (in /usr/lib64/psqlodbcw.so)
==63582==    by 0x4E46B3F: SQLConnect (in /usr/lib64/libodbc.so.2.0.0)
==63582==    by 0x406579: CppODBC::Connect(char const*, char const*, char const*) (cpp_odbc.cpp:100)
==63582==    by 0x408D0F: sqlexec(std::vector<std::string, std::allocator<std::string> >, std::vector<int, std::allocator<int> >) (main.cpp:202)
==63582==    by 0x40AAE6: std::_Function_handler<void (std::vector<std::string, std::allocator<std::string> >, std::vector<int, std::allocator<int> >), void (*)(std::vector<std::string, std::allocator<std::string> >, std::vector<int, std::allocator<int> >)>::_M_invoke(std::_Any_data const&, std::vector<std::string, std::allocator<std::string> >, std::vector<int, std::allocator<int> >) (functional:2071)
==63582== 
==63582== 10 bytes in 1 blocks are still reachable in loss record 260 of 677
==63582==    at 0x4C29F73: malloc (vg_replace_malloc.c:309)
==63582==    by 0x5FF2B89: strdup (in /usr/lib64/libc-2.17.so)
==63582==    by 0x767F813: ??? (in /usr/lib64/libodbcinst.so.2.0.0)
==63582==    by 0x767FB5A: SQLGetPrivateProfileString (in /usr/lib64/libodbcinst.so.2.0.0)
==63582==    by 0x6FAF719: getCommonDefaults (in /usr/lib64/psqlodbcw.so)
==63582==    by 0x6FB00C3: getDSNinfo (in /usr/lib64/psqlodbcw.so)
==63582==    by 0x6F7E8D7: PGAPI_Connect (in /usr/lib64/psqlodbcw.so)
==63582==    by 0x6FB1D97: SQLConnect (in /usr/lib64/psqlodbcw.so)
==63582==    by 0x4E46B3F: SQLConnect (in /usr/lib64/libodbc.so.2.0.0)
==63582==    by 0x406579: CppODBC::Connect(char const*, char const*, char const*) (cpp_odbc.cpp:100)
==63582==    by 0x408D0F: sqlexec(std::vector<std::string, std::allocator<std::string> >, std::vector<int, std::allocator<int> >) (main.cpp:202)
==63582==    by 0x40AAE6: std::_Function_handler<void (std::vector<std::string, std::allocator<std::string> >, std::vector<int, std::allocator<int> >), void (*)(std::vector<std::string, std::allocator<std::string> >, std::vector<int, std::allocator<int> >)>::_M_invoke(std::_Any_data const&, std::vector<std::string, std::allocator<std::string> >, std::vector<int, std::allocator<int> >) (functional:2071)
==63582== 
==63582== 10 bytes in 1 blocks are still reachable in loss record 261 of 677
==63582==    at 0x4C29F73: malloc (vg_replace_malloc.c:309)
==63582==    by 0x5FF2B89: strdup (in /usr/lib64/libc-2.17.so)
==63582==    by 0x767F813: ??? (in /usr/lib64/libodbcinst.so.2.0.0)
==63582==    by 0x767FB5A: SQLGetPrivateProfileString (in /usr/lib64/libodbcinst.so.2.0.0)
==63582==    by 0x6FAF37A: getCommonDefaults (in /usr/lib64/psqlodbcw.so)
==63582==    by 0x6FB00C3: getDSNinfo (in /usr/lib64/psqlodbcw.so)
==63582==    by 0x6F7E8D7: PGAPI_Connect (in /usr/lib64/psqlodbcw.so)
==63582==    by 0x6FB1D97: SQLConnect (in /usr/lib64/psqlodbcw.so)
==63582==    by 0x4E46B3F: SQLConnect (in /usr/lib64/libodbc.so.2.0.0)
==63582==    by 0x406579: CppODBC::Connect(char const*, char const*, char const*) (cpp_odbc.cpp:100)
==63582==    by 0x408D0F: sqlexec(std::vector<std::string, std::allocator<std::string> >, std::vector<int, std::allocator<int> >) (main.cpp:202)
==63582==    by 0x40AAE6: std::_Function_handler<void (std::vector<std::string, std::allocator<std::string> >, std::vector<int, std::allocator<int> >), void (*)(std::vector<std::string, std::allocator<std::string> >, std::vector<int, std::allocator<int> >)>::_M_invoke(std::_Any_data const&, std::vector<std::string, std::allocator<std::string> >, std::vector<int, std::allocator<int> >) (functional:2071)
==63582== 
==63582== 11 bytes in 1 blocks are still reachable in loss record 262 of 677
==63582==    at 0x4C29F73: malloc (vg_replace_malloc.c:309)
==63582==    by 0x5FF2B89: strdup (in /usr/lib64/libc-2.17.so)
==63582==    by 0x4E84A93: ??? (in /usr/lib64/libodbc.so.2.0.0)
==63582==    by 0x4E84DF9: ??? (in /usr/lib64/libodbc.so.2.0.0)
==63582==    by 0x4E442F1: ??? (in /usr/lib64/libodbc.so.2.0.0)
==63582==    by 0x4E46AF6: SQLConnect (in /usr/lib64/libodbc.so.2.0.0)
==63582==    by 0x406579: CppODBC::Connect(char const*, char const*, char const*) (cpp_odbc.cpp:100)
==63582==    by 0x408D0F: sqlexec(std::vector<std::string, std::allocator<std::string> >, std::vector<int, std::allocator<int> >) (main.cpp:202)
==63582==    by 0x40AAE6: std::_Function_handler<void (std::vector<std::string, std::allocator<std::string> >, std::vector<int, std::allocator<int> >), void (*)(std::vector<std::string, std::allocator<std::string> >, std::vector<int, std::allocator<int> >)>::_M_invoke(std::_Any_data const&, std::vector<std::string, std::allocator<std::string> >, std::vector<int, std::allocator<int> >) (functional:2071)
==63582==    by 0x40C9CE: operator() (functional:2471)
==63582==    by 0x40C9CE: thread_pool::worker() (thread_pool.cpp:127)
==63582==    by 0x57FB32F: ??? (in /usr/lib64/libstdc++.so.6.0.19)
==63582==    by 0x5531EA4: start_thread (in /usr/lib64/libpthread-2.17.so)
==63582== 
==63582== 11 bytes in 1 blocks are still reachable in loss record 263 of 677
==63582==    at 0x4C29F73: malloc (vg_replace_malloc.c:309)
==63582==    by 0x5FF2B89: strdup (in /usr/lib64/libc-2.17.so)
==63582==    by 0x4E84A93: ??? (in /usr/lib64/libodbc.so.2.0.0)
==63582==    by 0x4E84DF9: ??? (in /usr/lib64/libodbc.so.2.0.0)
==63582==    by 0x4E439E4: ??? (in /usr/lib64/libodbc.so.2.0.0)
==63582==    by 0x4E46AF6: SQLConnect (in /usr/lib64/libodbc.so.2.0.0)
==63582==    by 0x406579: CppODBC::Connect(char const*, char const*, char const*) (cpp_odbc.cpp:100)
==63582==    by 0x408D0F: sqlexec(std::vector<std::string, std::allocator<std::string> >, std::vector<int, std::allocator<int> >) (main.cpp:202)
==63582==    by 0x40AAE6: std::_Function_handler<void (std::vector<std::string, std::allocator<std::string> >, std::vector<int, std::allocator<int> >), void (*)(std::vector<std::string, std::allocator<std::string> >, std::vector<int, std::allocator<int> >)>::_M_invoke(std::_Any_data const&, std::vector<std::string, std::allocator<std::string> >, std::vector<int, std::allocator<int> >) (functional:2071)
==63582==    by 0x40C9CE: operator() (functional:2471)
==63582==    by 0x40C9CE: thread_pool::worker() (thread_pool.cpp:127)
==63582==    by 0x57FB32F: ??? (in /usr/lib64/libstdc++.so.6.0.19)
==63582==    by 0x5531EA4: start_thread (in /usr/lib64/libpthread-2.17.so)
==63582== 
==63582== 11 bytes in 1 blocks are still reachable in loss record 264 of 677
==63582==    at 0x4C29F73: malloc (vg_replace_malloc.c:309)
==63582==    by 0x5FF2B89: strdup (in /usr/lib64/libc-2.17.so)
==63582==    by 0x4E84A93: ??? (in /usr/lib64/libodbc.so.2.0.0)
==63582==    by 0x4E84DF9: ??? (in /usr/lib64/libodbc.so.2.0.0)
==63582==    by 0x4E43A20: ??? (in /usr/lib64/libodbc.so.2.0.0)
==63582==    by 0x4E46AF6: SQLConnect (in /usr/lib64/libodbc.so.2.0.0)
==63582==    by 0x406579: CppODBC::Connect(char const*, char const*, char const*) (cpp_odbc.cpp:100)
==63582==    by 0x408D0F: sqlexec(std::vector<std::string, std::allocator<std::string> >, std::vector<int, std::allocator<int> >) (main.cpp:202)
==63582==    by 0x40AAE6: std::_Function_handler<void (std::vector<std::string, std::allocator<std::string> >, std::vector<int, std::allocator<int> >), void (*)(std::vector<std::string, std::allocator<std::string> >, std::vector<int, std::allocator<int> >)>::_M_invoke(std::_Any_data const&, std::vector<std::string, std::allocator<std::string> >, std::vector<int, std::allocator<int> >) (functional:2071)
==63582==    by 0x40C9CE: operator() (functional:2471)
==63582==    by 0x40C9CE: thread_pool::worker() (thread_pool.cpp:127)
==63582==    by 0x57FB32F: ??? (in /usr/lib64/libstdc++.so.6.0.19)
==63582==    by 0x5531EA4: start_thread (in /usr/lib64/libpthread-2.17.so)
==63582== 
==63582== 11 bytes in 1 blocks are still reachable in loss record 265 of 677
==63582==    at 0x4C29F73: malloc (vg_replace_malloc.c:309)
==63582==    by 0x5FF2B89: strdup (in /usr/lib64/libc-2.17.so)
==63582==    by 0x4E84A93: ??? (in /usr/lib64/libodbc.so.2.0.0)
==63582==    by 0x4E84DF9: ??? (in /usr/lib64/libodbc.so.2.0.0)
==63582==    by 0x4E43A5C: ??? (in /usr/lib64/libodbc.so.2.0.0)
==63582==    by 0x4E46AF6: SQLConnect (in /usr/lib64/libodbc.so.2.0.0)
==63582==    by 0x406579: CppODBC::Connect(char const*, char const*, char const*) (cpp_odbc.cpp:100)
==63582==    by 0x408D0F: sqlexec(std::vector<std::string, std::allocator<std::string> >, std::vector<int, std::allocator<int> >) (main.cpp:202)
==63582==    by 0x40AAE6: std::_Function_handler<void (std::vector<std::string, std::allocator<std::string> >, std::vector<int, std::allocator<int> >), void (*)(std::vector<std::string, std::allocator<std::string> >, std::vector<int, std::allocator<int> >)>::_M_invoke(std::_Any_data const&, std::vector<std::string, std::allocator<std::string> >, std::vector<int, std::allocator<int> >) (functional:2071)
==63582==    by 0x40C9CE: operator() (functional:2471)
==63582==    by 0x40C9CE: thread_pool::worker() (thread_pool.cpp:127)
==63582==    by 0x57FB32F: ??? (in /usr/lib64/libstdc++.so.6.0.19)
==63582==    by 0x5531EA4: start_thread (in /usr/lib64/libpthread-2.17.so)
==63582== 
==63582== 11 bytes in 1 blocks are still reachable in loss record 266 of 677
==63582==    at 0x4C29F73: malloc (vg_replace_malloc.c:309)
==63582==    by 0x5FF2B89: strdup (in /usr/lib64/libc-2.17.so)
==63582==    by 0x4E84A93: ??? (in /usr/lib64/libodbc.so.2.0.0)
==63582==    by 0x4E84DF9: ??? (in /usr/lib64/libodbc.so.2.0.0)
==63582==    by 0x4E43AA0: ??? (in /usr/lib64/libodbc.so.2.0.0)
==63582==    by 0x4E46AF6: SQLConnect (in /usr/lib64/libodbc.so.2.0.0)
==63582==    by 0x406579: CppODBC::Connect(char const*, char const*, char const*) (cpp_odbc.cpp:100)
==63582==    by 0x408D0F: sqlexec(std::vector<std::string, std::allocator<std::string> >, std::vector<int, std::allocator<int> >) (main.cpp:202)
==63582==    by 0x40AAE6: std::_Function_handler<void (std::vector<std::string, std::allocator<std::string> >, std::vector<int, std::allocator<int> >), void (*)(std::vector<std::string, std::allocator<std::string> >, std::vector<int, std::allocator<int> >)>::_M_invoke(std::_Any_data const&, std::vector<std::string, std::allocator<std::string> >, std::vector<int, std::allocator<int> >) (functional:2071)
==63582==    by 0x40C9CE: operator() (functional:2471)
==63582==    by 0x40C9CE: thread_pool::worker() (thread_pool.cpp:127)
==63582==    by 0x57FB32F: ??? (in /usr/lib64/libstdc++.so.6.0.19)
==63582==    by 0x5531EA4: start_thread (in /usr/lib64/libpthread-2.17.so)
==63582== 
==63582== 11 bytes in 1 blocks are still reachable in loss record 267 of 677
==63582==    at 0x4C29F73: malloc (vg_replace_malloc.c:309)
==63582==    by 0x5FF2B89: strdup (in /usr/lib64/libc-2.17.so)
==63582==    by 0x4E84A93: ??? (in /usr/lib64/libodbc.so.2.0.0)
==63582==    by 0x4E84DF9: ??? (in /usr/lib64/libodbc.so.2.0.0)
==63582==    by 0x4E43ADC: ??? (in /usr/lib64/libodbc.so.2.0.0)
==63582==    by 0x4E46AF6: SQLConnect (in /usr/lib64/libodbc.so.2.0.0)
==63582==    by 0x406579: CppODBC::Connect(char const*, char const*, char const*) (cpp_odbc.cpp:100)
==63582==    by 0x408D0F: sqlexec(std::vector<std::string, std::allocator<std::string> >, std::vector<int, std::allocator<int> >) (main.cpp:202)
==63582==    by 0x40AAE6: std::_Function_handler<void (std::vector<std::string, std::allocator<std::string> >, std::vector<int, std::allocator<int> >), void (*)(std::vector<std::string, std::allocator<std::string> >, std::vector<int, std::allocator<int> >)>::_M_invoke(std::_Any_data const&, std::vector<std::string, std::allocator<std::string> >, std::vector<int, std::allocator<int> >) (functional:2071)
==63582==    by 0x40C9CE: operator() (functional:2471)
==63582==    by 0x40C9CE: thread_pool::worker() (thread_pool.cpp:127)
==63582==    by 0x57FB32F: ??? (in /usr/lib64/libstdc++.so.6.0.19)
==63582==    by 0x5531EA4: start_thread (in /usr/lib64/libpthread-2.17.so)
==63582== 
==63582== 11 bytes in 1 blocks are still reachable in loss record 268 of 677
==63582==    at 0x4C29F73: malloc (vg_replace_malloc.c:309)
==63582==    by 0x5FF2B89: strdup (in /usr/lib64/libc-2.17.so)
==63582==    by 0x4E84A93: ??? (in /usr/lib64/libodbc.so.2.0.0)
==63582==    by 0x4E84DF9: ??? (in /usr/lib64/libodbc.so.2.0.0)
==63582==    by 0x4E43B1C: ??? (in /usr/lib64/libodbc.so.2.0.0)
==63582==    by 0x4E46AF6: SQLConnect (in /usr/lib64/libodbc.so.2.0.0)
==63582==    by 0x406579: CppODBC::Connect(char const*, char const*, char const*) (cpp_odbc.cpp:100)
==63582==    by 0x408D0F: sqlexec(std::vector<std::string, std::allocator<std::string> >, std::vector<int, std::allocator<int> >) (main.cpp:202)
==63582==    by 0x40AAE6: std::_Function_handler<void (std::vector<std::string, std::allocator<std::string> >, std::vector<int, std::allocator<int> >), void (*)(std::vector<std::string, std::allocator<std::string> >, std::vector<int, std::allocator<int> >)>::_M_invoke(std::_Any_data const&, std::vector<std::string, std::allocator<std::string> >, std::vector<int, std::allocator<int> >) (functional:2071)
==63582==    by 0x40C9CE: operator() (functional:2471)
==63582==    by 0x40C9CE: thread_pool::worker() (thread_pool.cpp:127)
==63582==    by 0x57FB32F: ??? (in /usr/lib64/libstdc++.so.6.0.19)
==63582==    by 0x5531EA4: start_thread (in /usr/lib64/libpthread-2.17.so)
==63582== 
==63582== 11 bytes in 1 blocks are still reachable in loss record 269 of 677
==63582==    at 0x4C29F73: malloc (vg_replace_malloc.c:309)
==63582==    by 0x5FF2B89: strdup (in /usr/lib64/libc-2.17.so)
==63582==    by 0x4E84A93: ??? (in /usr/lib64/libodbc.so.2.0.0)
==63582==    by 0x4E84DF9: ??? (in /usr/lib64/libodbc.so.2.0.0)
==63582==    by 0x4E43B60: ??? (in /usr/lib64/libodbc.so.2.0.0)
==63582==    by 0x4E46AF6: SQLConnect (in /usr/lib64/libodbc.so.2.0.0)
==63582==    by 0x406579: CppODBC::Connect(char const*, char const*, char const*) (cpp_odbc.cpp:100)
==63582==    by 0x408D0F: sqlexec(std::vector<std::string, std::allocator<std::string> >, std::vector<int, std::allocator<int> >) (main.cpp:202)
==63582==    by 0x40AAE6: std::_Function_handler<void (std::vector<std::string, std::allocator<std::string> >, std::vector<int, std::allocator<int> >), void (*)(std::vector<std::string, std::allocator<std::string> >, std::vector<int, std::allocator<int> >)>::_M_invoke(std::_Any_data const&, std::vector<std::string, std::allocator<std::string> >, std::vector<int, std::allocator<int> >) (functional:2071)
==63582==    by 0x40C9CE: operator() (functional:2471)
==63582==    by 0x40C9CE: thread_pool::worker() (thread_pool.cpp:127)
==63582==    by 0x57FB32F: ??? (in /usr/lib64/libstdc++.so.6.0.19)
==63582==    by 0x5531EA4: start_thread (in /usr/lib64/libpthread-2.17.so)
==63582== 
==63582== 11 bytes in 1 blocks are still reachable in loss record 270 of 677
==63582==    at 0x4C29F73: malloc (vg_replace_malloc.c:309)
==63582==    by 0x5FF2B89: strdup (in /usr/lib64/libc-2.17.so)
==63582==    by 0x4E84A93: ??? (in /usr/lib64/libodbc.so.2.0.0)
==63582==    by 0x4E84DF9: ??? (in /usr/lib64/libodbc.so.2.0.0)
==63582==    by 0x4E43B9B: ??? (in /usr/lib64/libodbc.so.2.0.0)
==63582==    by 0x4E46AF6: SQLConnect (in /usr/lib64/libodbc.so.2.0.0)
==63582==    by 0x406579: CppODBC::Connect(char const*, char const*, char const*) (cpp_odbc.cpp:100)
==63582==    by 0x408D0F: sqlexec(std::vector<std::string, std::allocator<std::string> >, std::vector<int, std::allocator<int> >) (main.cpp:202)
==63582==    by 0x40AAE6: std::_Function_handler<void (std::vector<std::string, std::allocator<std::string> >, std::vector<int, std::allocator<int> >), void (*)(std::vector<std::string, std::allocator<std::string> >, std::vector<int, std::allocator<int> >)>::_M_invoke(std::_Any_data const&, std::vector<std::string, std::allocator<std::string> >, std::vector<int, std::allocator<int> >) (functional:2071)
==63582==    by 0x40C9CE: operator() (functional:2471)
==63582==    by 0x40C9CE: thread_pool::worker() (thread_pool.cpp:127)
==63582==    by 0x57FB32F: ??? (in /usr/lib64/libstdc++.so.6.0.19)
==63582==    by 0x5531EA4: start_thread (in /usr/lib64/libpthread-2.17.so)
==63582== 
==63582== 11 bytes in 1 blocks are still reachable in loss record 271 of 677
==63582==    at 0x4C29F73: malloc (vg_replace_malloc.c:309)
==63582==    by 0x5FF2B89: strdup (in /usr/lib64/libc-2.17.so)
==63582==    by 0x4E84B0F: ??? (in /usr/lib64/libodbc.so.2.0.0)
==63582==    by 0x4E84DCA: ??? (in /usr/lib64/libodbc.so.2.0.0)
==63582==    by 0x4E71A2E: ??? (in /usr/lib64/libodbc.so.2.0.0)
==63582==    by 0x4E46ACA: SQLConnect (in /usr/lib64/libodbc.so.2.0.0)
==63582==    by 0x406579: CppODBC::Connect(char const*, char const*, char const*) (cpp_odbc.cpp:100)
==63582==    by 0x408D0F: sqlexec(std::vector<std::string, std::allocator<std::string> >, std::vector<int, std::allocator<int> >) (main.cpp:202)
==63582==    by 0x40AAE6: std::_Function_handler<void (std::vector<std::string, std::allocator<std::string> >, std::vector<int, std::allocator<int> >), void (*)(std::vector<std::string, std::allocator<std::string> >, std::vector<int, std::allocator<int> >)>::_M_invoke(std::_Any_data const&, std::vector<std::string, std::allocator<std::string> >, std::vector<int, std::allocator<int> >) (functional:2071)
==63582==    by 0x40C9CE: operator() (functional:2471)
==63582==    by 0x40C9CE: thread_pool::worker() (thread_pool.cpp:127)
==63582==    by 0x57FB32F: ??? (in /usr/lib64/libstdc++.so.6.0.19)
==63582==    by 0x5531EA4: start_thread (in /usr/lib64/libpthread-2.17.so)
==63582== 
==63582== 11 bytes in 1 blocks are still reachable in loss record 272 of 677
==63582==    at 0x4C29F73: malloc (vg_replace_malloc.c:309)
==63582==    by 0x5FF2B89: strdup (in /usr/lib64/libc-2.17.so)
==63582==    by 0x4E84A93: ??? (in /usr/lib64/libodbc.so.2.0.0)
==63582==    by 0x4E84DF9: ??? (in /usr/lib64/libodbc.so.2.0.0)
==63582==    by 0x4E71A85: ??? (in /usr/lib64/libodbc.so.2.0.0)
==63582==    by 0x4E46ACA: SQLConnect (in /usr/lib64/libodbc.so.2.0.0)
==63582==    by 0x406579: CppODBC::Connect(char const*, char const*, char const*) (cpp_odbc.cpp:100)
==63582==    by 0x408D0F: sqlexec(std::vector<std::string, std::allocator<std::string> >, std::vector<int, std::allocator<int> >) (main.cpp:202)
==63582==    by 0x40AAE6: std::_Function_handler<void (std::vector<std::string, std::allocator<std::string> >, std::vector<int, std::allocator<int> >), void (*)(std::vector<std::string, std::allocator<std::string> >, std::vector<int, std::allocator<int> >)>::_M_invoke(std::_Any_data const&, std::vector<std::string, std::allocator<std::string> >, std::vector<int, std::allocator<int> >) (functional:2071)
==63582==    by 0x40C9CE: operator() (functional:2471)
==63582==    by 0x40C9CE: thread_pool::worker() (thread_pool.cpp:127)
==63582==    by 0x57FB32F: ??? (in /usr/lib64/libstdc++.so.6.0.19)
==63582==    by 0x5531EA4: start_thread (in /usr/lib64/libpthread-2.17.so)
==63582== 
==63582== 11 bytes in 1 blocks are still reachable in loss record 273 of 677
==63582==    at 0x4C29F73: malloc (vg_replace_malloc.c:309)
==63582==    by 0x5FF2B89: strdup (in /usr/lib64/libc-2.17.so)
==63582==    by 0x4E84AA4: ??? (in /usr/lib64/libodbc.so.2.0.0)
==63582==    by 0x4E84DCA: ??? (in /usr/lib64/libodbc.so.2.0.0)
==63582==    by 0x4E46818: ??? (in /usr/lib64/libodbc.so.2.0.0)
==63582==    by 0x4E46AE3: SQLConnect (in /usr/lib64/libodbc.so.2.0.0)
==63582==    by 0x406579: CppODBC::Connect(char const*, char const*, char const*) (cpp_odbc.cpp:100)
==63582==    by 0x408D0F: sqlexec(std::vector<std::string, std::allocator<std::string> >, std::vector<int, std::allocator<int> >) (main.cpp:202)
==63582==    by 0x40AAE6: std::_Function_handler<void (std::vector<std::string, std::allocator<std::string> >, std::vector<int, std::allocator<int> >), void (*)(std::vector<std::string, std::allocator<std::string> >, std::vector<int, std::allocator<int> >)>::_M_invoke(std::_Any_data const&, std::vector<std::string, std::allocator<std::string> >, std::vector<int, std::allocator<int> >) (functional:2071)
==63582==    by 0x40C9CE: operator() (functional:2471)
==63582==    by 0x40C9CE: thread_pool::worker() (thread_pool.cpp:127)
==63582==    by 0x57FB32F: ??? (in /usr/lib64/libstdc++.so.6.0.19)
==63582==    by 0x5531EA4: start_thread (in /usr/lib64/libpthread-2.17.so)
==63582== 
==63582== 11 bytes in 1 blocks are still reachable in loss record 274 of 677
==63582==    at 0x4C29F73: malloc (vg_replace_malloc.c:309)
==63582==    by 0x5FF2B89: strdup (in /usr/lib64/libc-2.17.so)
==63582==    by 0x4E84AA4: ??? (in /usr/lib64/libodbc.so.2.0.0)
==63582==    by 0x4E84DCA: ??? (in /usr/lib64/libodbc.so.2.0.0)
==63582==    by 0x4E46848: ??? (in /usr/lib64/libodbc.so.2.0.0)
==63582==    by 0x4E46AE3: SQLConnect (in /usr/lib64/libodbc.so.2.0.0)
==63582==    by 0x406579: CppODBC::Connect(char const*, char const*, char const*) (cpp_odbc.cpp:100)
==63582==    by 0x408D0F: sqlexec(std::vector<std::string, std::allocator<std::string> >, std::vector<int, std::allocator<int> >) (main.cpp:202)
==63582==    by 0x40AAE6: std::_Function_handler<void (std::vector<std::string, std::allocator<std::string> >, std::vector<int, std::allocator<int> >), void (*)(std::vector<std::string, std::allocator<std::string> >, std::vector<int, std::allocator<int> >)>::_M_invoke(std::_Any_data const&, std::vector<std::string, std::allocator<std::string> >, std::vector<int, std::allocator<int> >) (functional:2071)
==63582==    by 0x40C9CE: operator() (functional:2471)
==63582==    by 0x40C9CE: thread_pool::worker() (thread_pool.cpp:127)
==63582==    by 0x57FB32F: ??? (in /usr/lib64/libstdc++.so.6.0.19)
==63582==    by 0x5531EA4: start_thread (in /usr/lib64/libpthread-2.17.so)
==63582== 
==63582== 11 bytes in 1 blocks are still reachable in loss record 275 of 677
==63582==    at 0x4C29F73: malloc (vg_replace_malloc.c:309)
==63582==    by 0x5FF2B89: strdup (in /usr/lib64/libc-2.17.so)
==63582==    by 0x4E84A93: ??? (in /usr/lib64/libodbc.so.2.0.0)
==63582==    by 0x4E84DF9: ??? (in /usr/lib64/libodbc.so.2.0.0)
==63582==    by 0x4E46765: ??? (in /usr/lib64/libodbc.so.2.0.0)
==63582==    by 0x4E46AE3: SQLConnect (in /usr/lib64/libodbc.so.2.0.0)
==63582==    by 0x406579: CppODBC::Connect(char const*, char const*, char const*) (cpp_odbc.cpp:100)
==63582==    by 0x408D0F: sqlexec(std::vector<std::string, std::allocator<std::string> >, std::vector<int, std::allocator<int> >) (main.cpp:202)
==63582==    by 0x40AAE6: std::_Function_handler<void (std::vector<std::string, std::allocator<std::string> >, std::vector<int, std::allocator<int> >), void (*)(std::vector<std::string, std::allocator<std::string> >, std::vector<int, std::allocator<int> >)>::_M_invoke(std::_Any_data const&, std::vector<std::string, std::allocator<std::string> >, std::vector<int, std::allocator<int> >) (functional:2071)
==63582==    by 0x40C9CE: operator() (functional:2471)
==63582==    by 0x40C9CE: thread_pool::worker() (thread_pool.cpp:127)
==63582==    by 0x57FB32F: ??? (in /usr/lib64/libstdc++.so.6.0.19)
==63582==    by 0x5531EA4: start_thread (in /usr/lib64/libpthread-2.17.so)
==63582== 
==63582== 11 bytes in 1 blocks are still reachable in loss record 276 of 677
==63582==    at 0x4C29F73: malloc (vg_replace_malloc.c:309)
==63582==    by 0x5FF2B89: strdup (in /usr/lib64/libc-2.17.so)
==63582==    by 0x767F834: ??? (in /usr/lib64/libodbcinst.so.2.0.0)
==63582==    by 0x767FB5A: SQLGetPrivateProfileString (in /usr/lib64/libodbcinst.so.2.0.0)
==63582==    by 0x6FAF9A1: getDSNinfo (in /usr/lib64/psqlodbcw.so)
==63582==    by 0x6F7E8D7: PGAPI_Connect (in /usr/lib64/psqlodbcw.so)
==63582==    by 0x6FB1D97: SQLConnect (in /usr/lib64/psqlodbcw.so)
==63582==    by 0x4E46B3F: SQLConnect (in /usr/lib64/libodbc.so.2.0.0)
==63582==    by 0x406579: CppODBC::Connect(char const*, char const*, char const*) (cpp_odbc.cpp:100)
==63582==    by 0x408D0F: sqlexec(std::vector<std::string, std::allocator<std::string> >, std::vector<int, std::allocator<int> >) (main.cpp:202)
==63582==    by 0x40AAE6: std::_Function_handler<void (std::vector<std::string, std::allocator<std::string> >, std::vector<int, std::allocator<int> >), void (*)(std::vector<std::string, std::allocator<std::string> >, std::vector<int, std::allocator<int> >)>::_M_invoke(std::_Any_data const&, std::vector<std::string, std::allocator<std::string> >, std::vector<int, std::allocator<int> >) (functional:2071)
==63582==    by 0x40C9CE: operator() (functional:2471)
==63582==    by 0x40C9CE: thread_pool::worker() (thread_pool.cpp:127)
==63582== 
==63582== 12 bytes in 1 blocks are still reachable in loss record 277 of 677
==63582==    at 0x4C29F73: malloc (vg_replace_malloc.c:309)
==63582==    by 0x5FF2B89: strdup (in /usr/lib64/libc-2.17.so)
==63582==    by 0x4E84AA4: ??? (in /usr/lib64/libodbc.so.2.0.0)
==63582==    by 0x4E84DF9: ??? (in /usr/lib64/libodbc.so.2.0.0)
==63582==    by 0x4E43A5C: ??? (in /usr/lib64/libodbc.so.2.0.0)
==63582==    by 0x4E46AF6: SQLConnect (in /usr/lib64/libodbc.so.2.0.0)
==63582==    by 0x406579: CppODBC::Connect(char const*, char const*, char const*) (cpp_odbc.cpp:100)
==63582==    by 0x408D0F: sqlexec(std::vector<std::string, std::allocator<std::string> >, std::vector<int, std::allocator<int> >) (main.cpp:202)
==63582==    by 0x40AAE6: std::_Function_handler<void (std::vector<std::string, std::allocator<std::string> >, std::vector<int, std::allocator<int> >), void (*)(std::vector<std::string, std::allocator<std::string> >, std::vector<int, std::allocator<int> >)>::_M_invoke(std::_Any_data const&, std::vector<std::string, std::allocator<std::string> >, std::vector<int, std::allocator<int> >) (functional:2071)
==63582==    by 0x40C9CE: operator() (functional:2471)
==63582==    by 0x40C9CE: thread_pool::worker() (thread_pool.cpp:127)
==63582==    by 0x57FB32F: ??? (in /usr/lib64/libstdc++.so.6.0.19)
==63582==    by 0x5531EA4: start_thread (in /usr/lib64/libpthread-2.17.so)
==63582== 
==63582== 12 bytes in 1 blocks are still reachable in loss record 278 of 677
==63582==    at 0x4C29F73: malloc (vg_replace_malloc.c:309)
==63582==    by 0x5FF2B89: strdup (in /usr/lib64/libc-2.17.so)
==63582==    by 0x4E84AA4: ??? (in /usr/lib64/libodbc.so.2.0.0)
==63582==    by 0x4E84DF9: ??? (in /usr/lib64/libodbc.so.2.0.0)
==63582==    by 0x4E43B60: ??? (in /usr/lib64/libodbc.so.2.0.0)
==63582==    by 0x4E46AF6: SQLConnect (in /usr/lib64/libodbc.so.2.0.0)
==63582==    by 0x406579: CppODBC::Connect(char const*, char const*, char const*) (cpp_odbc.cpp:100)
==63582==    by 0x408D0F: sqlexec(std::vector<std::string, std::allocator<std::string> >, std::vector<int, std::allocator<int> >) (main.cpp:202)
==63582==    by 0x40AAE6: std::_Function_handler<void (std::vector<std::string, std::allocator<std::string> >, std::vector<int, std::allocator<int> >), void (*)(std::vector<std::string, std::allocator<std::string> >, std::vector<int, std::allocator<int> >)>::_M_invoke(std::_Any_data const&, std::vector<std::string, std::allocator<std::string> >, std::vector<int, std::allocator<int> >) (functional:2071)
==63582==    by 0x40C9CE: operator() (functional:2471)
==63582==    by 0x40C9CE: thread_pool::worker() (thread_pool.cpp:127)
==63582==    by 0x57FB32F: ??? (in /usr/lib64/libstdc++.so.6.0.19)
==63582==    by 0x5531EA4: start_thread (in /usr/lib64/libpthread-2.17.so)
==63582== 
==63582== 12 bytes in 1 blocks are still reachable in loss record 279 of 677
==63582==    at 0x4C29F73: malloc (vg_replace_malloc.c:309)
==63582==    by 0x5FF2B89: strdup (in /usr/lib64/libc-2.17.so)
==63582==    by 0x4E84B0F: ??? (in /usr/lib64/libodbc.so.2.0.0)
==63582==    by 0x4E84DF9: ??? (in /usr/lib64/libodbc.so.2.0.0)
==63582==    by 0x4E43B9B: ??? (in /usr/lib64/libodbc.so.2.0.0)
==63582==    by 0x4E46AF6: SQLConnect (in /usr/lib64/libodbc.so.2.0.0)
==63582==    by 0x406579: CppODBC::Connect(char const*, char const*, char const*) (cpp_odbc.cpp:100)
==63582==    by 0x408D0F: sqlexec(std::vector<std::string, std::allocator<std::string> >, std::vector<int, std::allocator<int> >) (main.cpp:202)
==63582==    by 0x40AAE6: std::_Function_handler<void (std::vector<std::string, std::allocator<std::string> >, std::vector<int, std::allocator<int> >), void (*)(std::vector<std::string, std::allocator<std::string> >, std::vector<int, std::allocator<int> >)>::_M_invoke(std::_Any_data const&, std::vector<std::string, std::allocator<std::string> >, std::vector<int, std::allocator<int> >) (functional:2071)
==63582==    by 0x40C9CE: operator() (functional:2471)
==63582==    by 0x40C9CE: thread_pool::worker() (thread_pool.cpp:127)
==63582==    by 0x57FB32F: ??? (in /usr/lib64/libstdc++.so.6.0.19)
==63582==    by 0x5531EA4: start_thread (in /usr/lib64/libpthread-2.17.so)
==63582== 
==63582== 12 bytes in 1 blocks are still reachable in loss record 280 of 677
==63582==    at 0x4C29F73: malloc (vg_replace_malloc.c:309)
==63582==    by 0x5FF2B89: strdup (in /usr/lib64/libc-2.17.so)
==63582==    by 0x4E84ABA: ??? (in /usr/lib64/libodbc.so.2.0.0)
==63582==    by 0x4E84DF9: ??? (in /usr/lib64/libodbc.so.2.0.0)
==63582==    by 0x4E43B9B: ??? (in /usr/lib64/libodbc.so.2.0.0)
==63582==    by 0x4E46AF6: SQLConnect (in /usr/lib64/libodbc.so.2.0.0)
==63582==    by 0x406579: CppODBC::Connect(char const*, char const*, char const*) (cpp_odbc.cpp:100)
==63582==    by 0x408D0F: sqlexec(std::vector<std::string, std::allocator<std::string> >, std::vector<int, std::allocator<int> >) (main.cpp:202)
==63582==    by 0x40AAE6: std::_Function_handler<void (std::vector<std::string, std::allocator<std::string> >, std::vector<int, std::allocator<int> >), void (*)(std::vector<std::string, std::allocator<std::string> >, std::vector<int, std::allocator<int> >)>::_M_invoke(std::_Any_data const&, std::vector<std::string, std::allocator<std::string> >, std::vector<int, std::allocator<int> >) (functional:2071)
==63582==    by 0x40C9CE: operator() (functional:2471)
==63582==    by 0x40C9CE: thread_pool::worker() (thread_pool.cpp:127)
==63582==    by 0x57FB32F: ??? (in /usr/lib64/libstdc++.so.6.0.19)
==63582==    by 0x5531EA4: start_thread (in /usr/lib64/libpthread-2.17.so)
==63582== 
==63582== 12 bytes in 1 blocks are still reachable in loss record 281 of 677
==63582==    at 0x4C29F73: malloc (vg_replace_malloc.c:309)
==63582==    by 0x5FF2B89: strdup (in /usr/lib64/libc-2.17.so)
==63582==    by 0x767F834: ??? (in /usr/lib64/libodbcinst.so.2.0.0)
==63582==    by 0x767FB5A: SQLGetPrivateProfileString (in /usr/lib64/libodbcinst.so.2.0.0)
==63582==    by 0x6FB01B9: getDSNinfo (in /usr/lib64/psqlodbcw.so)
==63582==    by 0x6F7E8D7: PGAPI_Connect (in /usr/lib64/psqlodbcw.so)
==63582==    by 0x6FB1D97: SQLConnect (in /usr/lib64/psqlodbcw.so)
==63582==    by 0x4E46B3F: SQLConnect (in /usr/lib64/libodbc.so.2.0.0)
==63582==    by 0x406579: CppODBC::Connect(char const*, char const*, char const*) (cpp_odbc.cpp:100)
==63582==    by 0x408D0F: sqlexec(std::vector<std::string, std::allocator<std::string> >, std::vector<int, std::allocator<int> >) (main.cpp:202)
==63582==    by 0x40AAE6: std::_Function_handler<void (std::vector<std::string, std::allocator<std::string> >, std::vector<int, std::allocator<int> >), void (*)(std::vector<std::string, std::allocator<std::string> >, std::vector<int, std::allocator<int> >)>::_M_invoke(std::_Any_data const&, std::vector<std::string, std::allocator<std::string> >, std::vector<int, std::allocator<int> >) (functional:2071)
==63582==    by 0x40C9CE: operator() (functional:2471)
==63582==    by 0x40C9CE: thread_pool::worker() (thread_pool.cpp:127)
==63582== 
==63582== 12 bytes in 1 blocks are still reachable in loss record 282 of 677
==63582==    at 0x4C29F73: malloc (vg_replace_malloc.c:309)
==63582==    by 0x5FF2B89: strdup (in /usr/lib64/libc-2.17.so)
==63582==    by 0x767F834: ??? (in /usr/lib64/libodbcinst.so.2.0.0)
==63582==    by 0x767FB5A: SQLGetPrivateProfileString (in /usr/lib64/libodbcinst.so.2.0.0)
==63582==    by 0x6FAF4C1: getCommonDefaults (in /usr/lib64/psqlodbcw.so)
==63582==    by 0x6FB00C3: getDSNinfo (in /usr/lib64/psqlodbcw.so)
==63582==    by 0x6F7E8D7: PGAPI_Connect (in /usr/lib64/psqlodbcw.so)
==63582==    by 0x6FB1D97: SQLConnect (in /usr/lib64/psqlodbcw.so)
==63582==    by 0x4E46B3F: SQLConnect (in /usr/lib64/libodbc.so.2.0.0)
==63582==    by 0x406579: CppODBC::Connect(char const*, char const*, char const*) (cpp_odbc.cpp:100)
==63582==    by 0x408D0F: sqlexec(std::vector<std::string, std::allocator<std::string> >, std::vector<int, std::allocator<int> >) (main.cpp:202)
==63582==    by 0x40AAE6: std::_Function_handler<void (std::vector<std::string, std::allocator<std::string> >, std::vector<int, std::allocator<int> >), void (*)(std::vector<std::string, std::allocator<std::string> >, std::vector<int, std::allocator<int> >)>::_M_invoke(std::_Any_data const&, std::vector<std::string, std::allocator<std::string> >, std::vector<int, std::allocator<int> >) (functional:2071)
==63582== 
==63582== 12 bytes in 1 blocks are still reachable in loss record 283 of 677
==63582==    at 0x4C29F73: malloc (vg_replace_malloc.c:309)
==63582==    by 0x5FF2B89: strdup (in /usr/lib64/libc-2.17.so)
==63582==    by 0x767F834: ??? (in /usr/lib64/libodbcinst.so.2.0.0)
==63582==    by 0x767FB5A: SQLGetPrivateProfileString (in /usr/lib64/libodbcinst.so.2.0.0)
==63582==    by 0x6FAF719: getCommonDefaults (in /usr/lib64/psqlodbcw.so)
==63582==    by 0x6FB00C3: getDSNinfo (in /usr/lib64/psqlodbcw.so)
==63582==    by 0x6F7E8D7: PGAPI_Connect (in /usr/lib64/psqlodbcw.so)
==63582==    by 0x6FB1D97: SQLConnect (in /usr/lib64/psqlodbcw.so)
==63582==    by 0x4E46B3F: SQLConnect (in /usr/lib64/libodbc.so.2.0.0)
==63582==    by 0x406579: CppODBC::Connect(char const*, char const*, char const*) (cpp_odbc.cpp:100)
==63582==    by 0x408D0F: sqlexec(std::vector<std::string, std::allocator<std::string> >, std::vector<int, std::allocator<int> >) (main.cpp:202)
==63582==    by 0x40AAE6: std::_Function_handler<void (std::vector<std::string, std::allocator<std::string> >, std::vector<int, std::allocator<int> >), void (*)(std::vector<std::string, std::allocator<std::string> >, std::vector<int, std::allocator<int> >)>::_M_invoke(std::_Any_data const&, std::vector<std::string, std::allocator<std::string> >, std::vector<int, std::allocator<int> >) (functional:2071)
==63582== 
==63582== 13 bytes in 1 blocks are still reachable in loss record 284 of 677
==63582==    at 0x4C29F73: malloc (vg_replace_malloc.c:309)
==63582==    by 0x5FF2B89: strdup (in /usr/lib64/libc-2.17.so)
==63582==    by 0x4E84A83: ??? (in /usr/lib64/libodbc.so.2.0.0)
==63582==    by 0x4E84DF9: ??? (in /usr/lib64/libodbc.so.2.0.0)
==63582==    by 0x4E442F1: ??? (in /usr/lib64/libodbc.so.2.0.0)
==63582==    by 0x4E46AF6: SQLConnect (in /usr/lib64/libodbc.so.2.0.0)
==63582==    by 0x406579: CppODBC::Connect(char const*, char const*, char const*) (cpp_odbc.cpp:100)
==63582==    by 0x408D0F: sqlexec(std::vector<std::string, std::allocator<std::string> >, std::vector<int, std::allocator<int> >) (main.cpp:202)
==63582==    by 0x40AAE6: std::_Function_handler<void (std::vector<std::string, std::allocator<std::string> >, std::vector<int, std::allocator<int> >), void (*)(std::vector<std::string, std::allocator<std::string> >, std::vector<int, std::allocator<int> >)>::_M_invoke(std::_Any_data const&, std::vector<std::string, std::allocator<std::string> >, std::vector<int, std::allocator<int> >) (functional:2071)
==63582==    by 0x40C9CE: operator() (functional:2471)
==63582==    by 0x40C9CE: thread_pool::worker() (thread_pool.cpp:127)
==63582==    by 0x57FB32F: ??? (in /usr/lib64/libstdc++.so.6.0.19)
==63582==    by 0x5531EA4: start_thread (in /usr/lib64/libpthread-2.17.so)
==63582== 
==63582== 13 bytes in 1 blocks are still reachable in loss record 285 of 677
==63582==    at 0x4C29F73: malloc (vg_replace_malloc.c:309)
==63582==    by 0x5FF2B89: strdup (in /usr/lib64/libc-2.17.so)
==63582==    by 0x4E84A83: ??? (in /usr/lib64/libodbc.so.2.0.0)
==63582==    by 0x4E84DF9: ??? (in /usr/lib64/libodbc.so.2.0.0)
==63582==    by 0x4E4398D: ??? (in /usr/lib64/libodbc.so.2.0.0)
==63582==    by 0x4E46AF6: SQLConnect (in /usr/lib64/libodbc.so.2.0.0)
==63582==    by 0x406579: CppODBC::Connect(char const*, char const*, char const*) (cpp_odbc.cpp:100)
==63582==    by 0x408D0F: sqlexec(std::vector<std::string, std::allocator<std::string> >, std::vector<int, std::allocator<int> >) (main.cpp:202)
==63582==    by 0x40AAE6: std::_Function_handler<void (std::vector<std::string, std::allocator<std::string> >, std::vector<int, std::allocator<int> >), void (*)(std::vector<std::string, std::allocator<std::string> >, std::vector<int, std::allocator<int> >)>::_M_invoke(std::_Any_data const&, std::vector<std::string, std::allocator<std::string> >, std::vector<int, std::allocator<int> >) (functional:2071)
==63582==    by 0x40C9CE: operator() (functional:2471)
==63582==    by 0x40C9CE: thread_pool::worker() (thread_pool.cpp:127)
==63582==    by 0x57FB32F: ??? (in /usr/lib64/libstdc++.so.6.0.19)
==63582==    by 0x5531EA4: start_thread (in /usr/lib64/libpthread-2.17.so)
==63582== 
==63582== 13 bytes in 1 blocks are still reachable in loss record 286 of 677
==63582==    at 0x4C29F73: malloc (vg_replace_malloc.c:309)
==63582==    by 0x5FF2B89: strdup (in /usr/lib64/libc-2.17.so)
==63582==    by 0x4E84A83: ??? (in /usr/lib64/libodbc.so.2.0.0)
==63582==    by 0x4E84DF9: ??? (in /usr/lib64/libodbc.so.2.0.0)
==63582==    by 0x4E439E4: ??? (in /usr/lib64/libodbc.so.2.0.0)
==63582==    by 0x4E46AF6: SQLConnect (in /usr/lib64/libodbc.so.2.0.0)
==63582==    by 0x406579: CppODBC::Connect(char const*, char const*, char const*) (cpp_odbc.cpp:100)
==63582==    by 0x408D0F: sqlexec(std::vector<std::string, std::allocator<std::string> >, std::vector<int, std::allocator<int> >) (main.cpp:202)
==63582==    by 0x40AAE6: std::_Function_handler<void (std::vector<std::string, std::allocator<std::string> >, std::vector<int, std::allocator<int> >), void (*)(std::vector<std::string, std::allocator<std::string> >, std::vector<int, std::allocator<int> >)>::_M_invoke(std::_Any_data const&, std::vector<std::string, std::allocator<std::string> >, std::vector<int, std::allocator<int> >) (functional:2071)
==63582==    by 0x40C9CE: operator() (functional:2471)
==63582==    by 0x40C9CE: thread_pool::worker() (thread_pool.cpp:127)
==63582==    by 0x57FB32F: ??? (in /usr/lib64/libstdc++.so.6.0.19)
==63582==    by 0x5531EA4: start_thread (in /usr/lib64/libpthread-2.17.so)
==63582== 
==63582== 13 bytes in 1 blocks are still reachable in loss record 287 of 677
==63582==    at 0x4C29F73: malloc (vg_replace_malloc.c:309)
==63582==    by 0x5FF2B89: strdup (in /usr/lib64/libc-2.17.so)
==63582==    by 0x4E84A83: ??? (in /usr/lib64/libodbc.so.2.0.0)
==63582==    by 0x4E84DF9: ??? (in /usr/lib64/libodbc.so.2.0.0)
==63582==    by 0x4E43A20: ??? (in /usr/lib64/libodbc.so.2.0.0)
==63582==    by 0x4E46AF6: SQLConnect (in /usr/lib64/libodbc.so.2.0.0)
==63582==    by 0x406579: CppODBC::Connect(char const*, char const*, char const*) (cpp_odbc.cpp:100)
==63582==    by 0x408D0F: sqlexec(std::vector<std::string, std::allocator<std::string> >, std::vector<int, std::allocator<int> >) (main.cpp:202)
==63582==    by 0x40AAE6: std::_Function_handler<void (std::vector<std::string, std::allocator<std::string> >, std::vector<int, std::allocator<int> >), void (*)(std::vector<std::string, std::allocator<std::string> >, std::vector<int, std::allocator<int> >)>::_M_invoke(std::_Any_data const&, std::vector<std::string, std::allocator<std::string> >, std::vector<int, std::allocator<int> >) (functional:2071)
==63582==    by 0x40C9CE: operator() (functional:2471)
==63582==    by 0x40C9CE: thread_pool::worker() (thread_pool.cpp:127)
==63582==    by 0x57FB32F: ??? (in /usr/lib64/libstdc++.so.6.0.19)
==63582==    by 0x5531EA4: start_thread (in /usr/lib64/libpthread-2.17.so)
==63582== 
==63582== 13 bytes in 1 blocks are still reachable in loss record 288 of 677
==63582==    at 0x4C29F73: malloc (vg_replace_malloc.c:309)
==63582==    by 0x5FF2B89: strdup (in /usr/lib64/libc-2.17.so)
==63582==    by 0x4E84A83: ??? (in /usr/lib64/libodbc.so.2.0.0)
==63582==    by 0x4E84DF9: ??? (in /usr/lib64/libodbc.so.2.0.0)
==63582==    by 0x4E43A5C: ??? (in /usr/lib64/libodbc.so.2.0.0)
==63582==    by 0x4E46AF6: SQLConnect (in /usr/lib64/libodbc.so.2.0.0)
==63582==    by 0x406579: CppODBC::Connect(char const*, char const*, char const*) (cpp_odbc.cpp:100)
==63582==    by 0x408D0F: sqlexec(std::vector<std::string, std::allocator<std::string> >, std::vector<int, std::allocator<int> >) (main.cpp:202)
==63582==    by 0x40AAE6: std::_Function_handler<void (std::vector<std::string, std::allocator<std::string> >, std::vector<int, std::allocator<int> >), void (*)(std::vector<std::string, std::allocator<std::string> >, std::vector<int, std::allocator<int> >)>::_M_invoke(std::_Any_data const&, std::vector<std::string, std::allocator<std::string> >, std::vector<int, std::allocator<int> >) (functional:2071)
==63582==    by 0x40C9CE: operator() (functional:2471)
==63582==    by 0x40C9CE: thread_pool::worker() (thread_pool.cpp:127)
==63582==    by 0x57FB32F: ??? (in /usr/lib64/libstdc++.so.6.0.19)
==63582==    by 0x5531EA4: start_thread (in /usr/lib64/libpthread-2.17.so)
==63582== 
==63582== 13 bytes in 1 blocks are still reachable in loss record 289 of 677
==63582==    at 0x4C29F73: malloc (vg_replace_malloc.c:309)
==63582==    by 0x5FF2B89: strdup (in /usr/lib64/libc-2.17.so)
==63582==    by 0x4E84A83: ??? (in /usr/lib64/libodbc.so.2.0.0)
==63582==    by 0x4E84DF9: ??? (in /usr/lib64/libodbc.so.2.0.0)
==63582==    by 0x4E43AA0: ??? (in /usr/lib64/libodbc.so.2.0.0)
==63582==    by 0x4E46AF6: SQLConnect (in /usr/lib64/libodbc.so.2.0.0)
==63582==    by 0x406579: CppODBC::Connect(char const*, char const*, char const*) (cpp_odbc.cpp:100)
==63582==    by 0x408D0F: sqlexec(std::vector<std::string, std::allocator<std::string> >, std::vector<int, std::allocator<int> >) (main.cpp:202)
==63582==    by 0x40AAE6: std::_Function_handler<void (std::vector<std::string, std::allocator<std::string> >, std::vector<int, std::allocator<int> >), void (*)(std::vector<std::string, std::allocator<std::string> >, std::vector<int, std::allocator<int> >)>::_M_invoke(std::_Any_data const&, std::vector<std::string, std::allocator<std::string> >, std::vector<int, std::allocator<int> >) (functional:2071)
==63582==    by 0x40C9CE: operator() (functional:2471)
==63582==    by 0x40C9CE: thread_pool::worker() (thread_pool.cpp:127)
==63582==    by 0x57FB32F: ??? (in /usr/lib64/libstdc++.so.6.0.19)
==63582==    by 0x5531EA4: start_thread (in /usr/lib64/libpthread-2.17.so)
==63582== 
==63582== 13 bytes in 1 blocks are still reachable in loss record 290 of 677
==63582==    at 0x4C29F73: malloc (vg_replace_malloc.c:309)
==63582==    by 0x5FF2B89: strdup (in /usr/lib64/libc-2.17.so)
==63582==    by 0x4E84A83: ??? (in /usr/lib64/libodbc.so.2.0.0)
==63582==    by 0x4E84DF9: ??? (in /usr/lib64/libodbc.so.2.0.0)
==63582==    by 0x4E43ADC: ??? (in /usr/lib64/libodbc.so.2.0.0)
==63582==    by 0x4E46AF6: SQLConnect (in /usr/lib64/libodbc.so.2.0.0)
==63582==    by 0x406579: CppODBC::Connect(char const*, char const*, char const*) (cpp_odbc.cpp:100)
==63582==    by 0x408D0F: sqlexec(std::vector<std::string, std::allocator<std::string> >, std::vector<int, std::allocator<int> >) (main.cpp:202)
==63582==    by 0x40AAE6: std::_Function_handler<void (std::vector<std::string, std::allocator<std::string> >, std::vector<int, std::allocator<int> >), void (*)(std::vector<std::string, std::allocator<std::string> >, std::vector<int, std::allocator<int> >)>::_M_invoke(std::_Any_data const&, std::vector<std::string, std::allocator<std::string> >, std::vector<int, std::allocator<int> >) (functional:2071)
==63582==    by 0x40C9CE: operator() (functional:2471)
==63582==    by 0x40C9CE: thread_pool::worker() (thread_pool.cpp:127)
==63582==    by 0x57FB32F: ??? (in /usr/lib64/libstdc++.so.6.0.19)
==63582==    by 0x5531EA4: start_thread (in /usr/lib64/libpthread-2.17.so)
==63582== 
==63582== 13 bytes in 1 blocks are still reachable in loss record 291 of 677
==63582==    at 0x4C29F73: malloc (vg_replace_malloc.c:309)
==63582==    by 0x5FF2B89: strdup (in /usr/lib64/libc-2.17.so)
==63582==    by 0x4E84AA4: ??? (in /usr/lib64/libodbc.so.2.0.0)
==63582==    by 0x4E84DF9: ??? (in /usr/lib64/libodbc.so.2.0.0)
==63582==    by 0x4E43ADC: ??? (in /usr/lib64/libodbc.so.2.0.0)
==63582==    by 0x4E46AF6: SQLConnect (in /usr/lib64/libodbc.so.2.0.0)
==63582==    by 0x406579: CppODBC::Connect(char const*, char const*, char const*) (cpp_odbc.cpp:100)
==63582==    by 0x408D0F: sqlexec(std::vector<std::string, std::allocator<std::string> >, std::vector<int, std::allocator<int> >) (main.cpp:202)
==63582==    by 0x40AAE6: std::_Function_handler<void (std::vector<std::string, std::allocator<std::string> >, std::vector<int, std::allocator<int> >), void (*)(std::vector<std::string, std::allocator<std::string> >, std::vector<int, std::allocator<int> >)>::_M_invoke(std::_Any_data const&, std::vector<std::string, std::allocator<std::string> >, std::vector<int, std::allocator<int> >) (functional:2071)
==63582==    by 0x40C9CE: operator() (functional:2471)
==63582==    by 0x40C9CE: thread_pool::worker() (thread_pool.cpp:127)
==63582==    by 0x57FB32F: ??? (in /usr/lib64/libstdc++.so.6.0.19)
==63582==    by 0x5531EA4: start_thread (in /usr/lib64/libpthread-2.17.so)
==63582== 
==63582== 13 bytes in 1 blocks are still reachable in loss record 292 of 677
==63582==    at 0x4C29F73: malloc (vg_replace_malloc.c:309)
==63582==    by 0x5FF2B89: strdup (in /usr/lib64/libc-2.17.so)
==63582==    by 0x4E84A83: ??? (in /usr/lib64/libodbc.so.2.0.0)
==63582==    by 0x4E84DF9: ??? (in /usr/lib64/libodbc.so.2.0.0)
==63582==    by 0x4E43B1C: ??? (in /usr/lib64/libodbc.so.2.0.0)
==63582==    by 0x4E46AF6: SQLConnect (in /usr/lib64/libodbc.so.2.0.0)
==63582==    by 0x406579: CppODBC::Connect(char const*, char const*, char const*) (cpp_odbc.cpp:100)
==63582==    by 0x408D0F: sqlexec(std::vector<std::string, std::allocator<std::string> >, std::vector<int, std::allocator<int> >) (main.cpp:202)
==63582==    by 0x40AAE6: std::_Function_handler<void (std::vector<std::string, std::allocator<std::string> >, std::vector<int, std::allocator<int> >), void (*)(std::vector<std::string, std::allocator<std::string> >, std::vector<int, std::allocator<int> >)>::_M_invoke(std::_Any_data const&, std::vector<std::string, std::allocator<std::string> >, std::vector<int, std::allocator<int> >) (functional:2071)
==63582==    by 0x40C9CE: operator() (functional:2471)
==63582==    by 0x40C9CE: thread_pool::worker() (thread_pool.cpp:127)
==63582==    by 0x57FB32F: ??? (in /usr/lib64/libstdc++.so.6.0.19)
==63582==    by 0x5531EA4: start_thread (in /usr/lib64/libpthread-2.17.so)
==63582== 
==63582== 13 bytes in 1 blocks are still reachable in loss record 293 of 677
==63582==    at 0x4C29F73: malloc (vg_replace_malloc.c:309)
==63582==    by 0x5FF2B89: strdup (in /usr/lib64/libc-2.17.so)
==63582==    by 0x4E84A83: ??? (in /usr/lib64/libodbc.so.2.0.0)
==63582==    by 0x4E84DF9: ??? (in /usr/lib64/libodbc.so.2.0.0)
==63582==    by 0x4E43B60: ??? (in /usr/lib64/libodbc.so.2.0.0)
==63582==    by 0x4E46AF6: SQLConnect (in /usr/lib64/libodbc.so.2.0.0)
==63582==    by 0x406579: CppODBC::Connect(char const*, char const*, char const*) (cpp_odbc.cpp:100)
==63582==    by 0x408D0F: sqlexec(std::vector<std::string, std::allocator<std::string> >, std::vector<int, std::allocator<int> >) (main.cpp:202)
==63582==    by 0x40AAE6: std::_Function_handler<void (std::vector<std::string, std::allocator<std::string> >, std::vector<int, std::allocator<int> >), void (*)(std::vector<std::string, std::allocator<std::string> >, std::vector<int, std::allocator<int> >)>::_M_invoke(std::_Any_data const&, std::vector<std::string, std::allocator<std::string> >, std::vector<int, std::allocator<int> >) (functional:2071)
==63582==    by 0x40C9CE: operator() (functional:2471)
==63582==    by 0x40C9CE: thread_pool::worker() (thread_pool.cpp:127)
==63582==    by 0x57FB32F: ??? (in /usr/lib64/libstdc++.so.6.0.19)
==63582==    by 0x5531EA4: start_thread (in /usr/lib64/libpthread-2.17.so)
==63582== 
==63582== 13 bytes in 1 blocks are still reachable in loss record 294 of 677
==63582==    at 0x4C29F73: malloc (vg_replace_malloc.c:309)
==63582==    by 0x5FF2B89: strdup (in /usr/lib64/libc-2.17.so)
==63582==    by 0x4E84A83: ??? (in /usr/lib64/libodbc.so.2.0.0)
==63582==    by 0x4E84DF9: ??? (in /usr/lib64/libodbc.so.2.0.0)
==63582==    by 0x4E43B9B: ??? (in /usr/lib64/libodbc.so.2.0.0)
==63582==    by 0x4E46AF6: SQLConnect (in /usr/lib64/libodbc.so.2.0.0)
==63582==    by 0x406579: CppODBC::Connect(char const*, char const*, char const*) (cpp_odbc.cpp:100)
==63582==    by 0x408D0F: sqlexec(std::vector<std::string, std::allocator<std::string> >, std::vector<int, std::allocator<int> >) (main.cpp:202)
==63582==    by 0x40AAE6: std::_Function_handler<void (std::vector<std::string, std::allocator<std::string> >, std::vector<int, std::allocator<int> >), void (*)(std::vector<std::string, std::allocator<std::string> >, std::vector<int, std::allocator<int> >)>::_M_invoke(std::_Any_data const&, std::vector<std::string, std::allocator<std::string> >, std::vector<int, std::allocator<int> >) (functional:2071)
==63582==    by 0x40C9CE: operator() (functional:2471)
==63582==    by 0x40C9CE: thread_pool::worker() (thread_pool.cpp:127)
==63582==    by 0x57FB32F: ??? (in /usr/lib64/libstdc++.so.6.0.19)
==63582==    by 0x5531EA4: start_thread (in /usr/lib64/libpthread-2.17.so)
==63582== 
==63582== 13 bytes in 1 blocks are still reachable in loss record 295 of 677
==63582==    at 0x4C29F73: malloc (vg_replace_malloc.c:309)
==63582==    by 0x5FF2B89: strdup (in /usr/lib64/libc-2.17.so)
==63582==    by 0x4E84A83: ??? (in /usr/lib64/libodbc.so.2.0.0)
==63582==    by 0x4E84DF9: ??? (in /usr/lib64/libodbc.so.2.0.0)
==63582==    by 0x4E3E35E: ??? (in /usr/lib64/libodbc.so.2.0.0)
==63582==    by 0x4063CF: CppODBC::Open() (cpp_odbc.cpp:43)
==63582==    by 0x408C69: sqlexec(std::vector<std::string, std::allocator<std::string> >, std::vector<int, std::allocator<int> >) (main.cpp:190)
==63582==    by 0x40AAE6: std::_Function_handler<void (std::vector<std::string, std::allocator<std::string> >, std::vector<int, std::allocator<int> >), void (*)(std::vector<std::string, std::allocator<std::string> >, std::vector<int, std::allocator<int> >)>::_M_invoke(std::_Any_data const&, std::vector<std::string, std::allocator<std::string> >, std::vector<int, std::allocator<int> >) (functional:2071)
==63582==    by 0x40C9CE: operator() (functional:2471)
==63582==    by 0x40C9CE: thread_pool::worker() (thread_pool.cpp:127)
==63582==    by 0x57FB32F: ??? (in /usr/lib64/libstdc++.so.6.0.19)
==63582==    by 0x5531EA4: start_thread (in /usr/lib64/libpthread-2.17.so)
==63582==    by 0x6064B0C: clone (in /usr/lib64/libc-2.17.so)
==63582== 
==63582== 13 bytes in 1 blocks are still reachable in loss record 296 of 677
==63582==    at 0x4C29F73: malloc (vg_replace_malloc.c:309)
==63582==    by 0x5FF2B89: strdup (in /usr/lib64/libc-2.17.so)
==63582==    by 0x4E84A83: ??? (in /usr/lib64/libodbc.so.2.0.0)
==63582==    by 0x4E84DF9: ??? (in /usr/lib64/libodbc.so.2.0.0)
==63582==    by 0x4E71D75: ??? (in /usr/lib64/libodbc.so.2.0.0)
==63582==    by 0x4E3E39C: ??? (in /usr/lib64/libodbc.so.2.0.0)
==63582==    by 0x4063CF: CppODBC::Open() (cpp_odbc.cpp:43)
==63582==    by 0x408C69: sqlexec(std::vector<std::string, std::allocator<std::string> >, std::vector<int, std::allocator<int> >) (main.cpp:190)
==63582==    by 0x40AAE6: std::_Function_handler<void (std::vector<std::string, std::allocator<std::string> >, std::vector<int, std::allocator<int> >), void (*)(std::vector<std::string, std::allocator<std::string> >, std::vector<int, std::allocator<int> >)>::_M_invoke(std::_Any_data const&, std::vector<std::string, std::allocator<std::string> >, std::vector<int, std::allocator<int> >) (functional:2071)
==63582==    by 0x40C9CE: operator() (functional:2471)
==63582==    by 0x40C9CE: thread_pool::worker() (thread_pool.cpp:127)
==63582==    by 0x57FB32F: ??? (in /usr/lib64/libstdc++.so.6.0.19)
==63582==    by 0x5531EA4: start_thread (in /usr/lib64/libpthread-2.17.so)
==63582== 
==63582== 13 bytes in 1 blocks are still reachable in loss record 297 of 677
==63582==    at 0x4C29F73: malloc (vg_replace_malloc.c:309)
==63582==    by 0x5FF2B89: strdup (in /usr/lib64/libc-2.17.so)
==63582==    by 0x4E84A83: ??? (in /usr/lib64/libodbc.so.2.0.0)
==63582==    by 0x4E84DF9: ??? (in /usr/lib64/libodbc.so.2.0.0)
==63582==    by 0x4E71A85: ??? (in /usr/lib64/libodbc.so.2.0.0)
==63582==    by 0x4E46ACA: SQLConnect (in /usr/lib64/libodbc.so.2.0.0)
==63582==    by 0x406579: CppODBC::Connect(char const*, char const*, char const*) (cpp_odbc.cpp:100)
==63582==    by 0x408D0F: sqlexec(std::vector<std::string, std::allocator<std::string> >, std::vector<int, std::allocator<int> >) (main.cpp:202)
==63582==    by 0x40AAE6: std::_Function_handler<void (std::vector<std::string, std::allocator<std::string> >, std::vector<int, std::allocator<int> >), void (*)(std::vector<std::string, std::allocator<std::string> >, std::vector<int, std::allocator<int> >)>::_M_invoke(std::_Any_data const&, std::vector<std::string, std::allocator<std::string> >, std::vector<int, std::allocator<int> >) (functional:2071)
==63582==    by 0x40C9CE: operator() (functional:2471)
==63582==    by 0x40C9CE: thread_pool::worker() (thread_pool.cpp:127)
==63582==    by 0x57FB32F: ??? (in /usr/lib64/libstdc++.so.6.0.19)
==63582==    by 0x5531EA4: start_thread (in /usr/lib64/libpthread-2.17.so)
==63582== 
==63582== 13 bytes in 1 blocks are still reachable in loss record 298 of 677
==63582==    at 0x4C29F73: malloc (vg_replace_malloc.c:309)
==63582==    by 0x5FF2B89: strdup (in /usr/lib64/libc-2.17.so)
==63582==    by 0x4E84A83: ??? (in /usr/lib64/libodbc.so.2.0.0)
==63582==    by 0x4E84DF9: ??? (in /usr/lib64/libodbc.so.2.0.0)
==63582==    by 0x4E46765: ??? (in /usr/lib64/libodbc.so.2.0.0)
==63582==    by 0x4E46AE3: SQLConnect (in /usr/lib64/libodbc.so.2.0.0)
==63582==    by 0x406579: CppODBC::Connect(char const*, char const*, char const*) (cpp_odbc.cpp:100)
==63582==    by 0x408D0F: sqlexec(std::vector<std::string, std::allocator<std::string> >, std::vector<int, std::allocator<int> >) (main.cpp:202)
==63582==    by 0x40AAE6: std::_Function_handler<void (std::vector<std::string, std::allocator<std::string> >, std::vector<int, std::allocator<int> >), void (*)(std::vector<std::string, std::allocator<std::string> >, std::vector<int, std::allocator<int> >)>::_M_invoke(std::_Any_data const&, std::vector<std::string, std::allocator<std::string> >, std::vector<int, std::allocator<int> >) (functional:2071)
==63582==    by 0x40C9CE: operator() (functional:2471)
==63582==    by 0x40C9CE: thread_pool::worker() (thread_pool.cpp:127)
==63582==    by 0x57FB32F: ??? (in /usr/lib64/libstdc++.so.6.0.19)
==63582==    by 0x5531EA4: start_thread (in /usr/lib64/libpthread-2.17.so)
==63582== 
==63582== 13 bytes in 1 blocks are still reachable in loss record 299 of 677
==63582==    at 0x4C29F73: malloc (vg_replace_malloc.c:309)
==63582==    by 0x5FF2B89: strdup (in /usr/lib64/libc-2.17.so)
==63582==    by 0x767F834: ??? (in /usr/lib64/libodbcinst.so.2.0.0)
==63582==    by 0x767FB5A: SQLGetPrivateProfileString (in /usr/lib64/libodbcinst.so.2.0.0)
==63582==    by 0x6FB038A: getDSNinfo (in /usr/lib64/psqlodbcw.so)
==63582==    by 0x6F7E8D7: PGAPI_Connect (in /usr/lib64/psqlodbcw.so)
==63582==    by 0x6FB1D97: SQLConnect (in /usr/lib64/psqlodbcw.so)
==63582==    by 0x4E46B3F: SQLConnect (in /usr/lib64/libodbc.so.2.0.0)
==63582==    by 0x406579: CppODBC::Connect(char const*, char const*, char const*) (cpp_odbc.cpp:100)
==63582==    by 0x408D0F: sqlexec(std::vector<std::string, std::allocator<std::string> >, std::vector<int, std::allocator<int> >) (main.cpp:202)
==63582==    by 0x40AAE6: std::_Function_handler<void (std::vector<std::string, std::allocator<std::string> >, std::vector<int, std::allocator<int> >), void (*)(std::vector<std::string, std::allocator<std::string> >, std::vector<int, std::allocator<int> >)>::_M_invoke(std::_Any_data const&, std::vector<std::string, std::allocator<std::string> >, std::vector<int, std::allocator<int> >) (functional:2071)
==63582==    by 0x40C9CE: operator() (functional:2471)
==63582==    by 0x40C9CE: thread_pool::worker() (thread_pool.cpp:127)
==63582== 
==63582== 13 bytes in 1 blocks are still reachable in loss record 300 of 677
==63582==    at 0x4C29F73: malloc (vg_replace_malloc.c:309)
==63582==    by 0x5FF2B89: strdup (in /usr/lib64/libc-2.17.so)
==63582==    by 0x767F834: ??? (in /usr/lib64/libodbcinst.so.2.0.0)
==63582==    by 0x767FB5A: SQLGetPrivateProfileString (in /usr/lib64/libodbcinst.so.2.0.0)
==63582==    by 0x6FAFF35: getDSNinfo (in /usr/lib64/psqlodbcw.so)
==63582==    by 0x6F7E8D7: PGAPI_Connect (in /usr/lib64/psqlodbcw.so)
==63582==    by 0x6FB1D97: SQLConnect (in /usr/lib64/psqlodbcw.so)
==63582==    by 0x4E46B3F: SQLConnect (in /usr/lib64/libodbc.so.2.0.0)
==63582==    by 0x406579: CppODBC::Connect(char const*, char const*, char const*) (cpp_odbc.cpp:100)
==63582==    by 0x408D0F: sqlexec(std::vector<std::string, std::allocator<std::string> >, std::vector<int, std::allocator<int> >) (main.cpp:202)
==63582==    by 0x40AAE6: std::_Function_handler<void (std::vector<std::string, std::allocator<std::string> >, std::vector<int, std::allocator<int> >), void (*)(std::vector<std::string, std::allocator<std::string> >, std::vector<int, std::allocator<int> >)>::_M_invoke(std::_Any_data const&, std::vector<std::string, std::allocator<std::string> >, std::vector<int, std::allocator<int> >) (functional:2071)
==63582==    by 0x40C9CE: operator() (functional:2471)
==63582==    by 0x40C9CE: thread_pool::worker() (thread_pool.cpp:127)
==63582== 
==63582== 13 bytes in 1 blocks are still reachable in loss record 301 of 677
==63582==    at 0x4C29F73: malloc (vg_replace_malloc.c:309)
==63582==    by 0x5FF2B89: strdup (in /usr/lib64/libc-2.17.so)
==63582==    by 0x767F834: ??? (in /usr/lib64/libodbcinst.so.2.0.0)
==63582==    by 0x767FB5A: SQLGetPrivateProfileString (in /usr/lib64/libodbcinst.so.2.0.0)
==63582==    by 0x6FB0425: getDSNinfo (in /usr/lib64/psqlodbcw.so)
==63582==    by 0x6F7E8D7: PGAPI_Connect (in /usr/lib64/psqlodbcw.so)
==63582==    by 0x6FB1D97: SQLConnect (in /usr/lib64/psqlodbcw.so)
==63582==    by 0x4E46B3F: SQLConnect (in /usr/lib64/libodbc.so.2.0.0)
==63582==    by 0x406579: CppODBC::Connect(char const*, char const*, char const*) (cpp_odbc.cpp:100)
==63582==    by 0x408D0F: sqlexec(std::vector<std::string, std::allocator<std::string> >, std::vector<int, std::allocator<int> >) (main.cpp:202)
==63582==    by 0x40AAE6: std::_Function_handler<void (std::vector<std::string, std::allocator<std::string> >, std::vector<int, std::allocator<int> >), void (*)(std::vector<std::string, std::allocator<std::string> >, std::vector<int, std::allocator<int> >)>::_M_invoke(std::_Any_data const&, std::vector<std::string, std::allocator<std::string> >, std::vector<int, std::allocator<int> >) (functional:2071)
==63582==    by 0x40C9CE: operator() (functional:2471)
==63582==    by 0x40C9CE: thread_pool::worker() (thread_pool.cpp:127)
==63582== 
==63582== 13 bytes in 1 blocks are still reachable in loss record 302 of 677
==63582==    at 0x4C29F73: malloc (vg_replace_malloc.c:309)
==63582==    by 0x5FF2B89: strdup (in /usr/lib64/libc-2.17.so)
==63582==    by 0x767F834: ??? (in /usr/lib64/libodbcinst.so.2.0.0)
==63582==    by 0x767FB5A: SQLGetPrivateProfileString (in /usr/lib64/libodbcinst.so.2.0.0)
==63582==    by 0x6FAED29: getCommonDefaults (in /usr/lib64/psqlodbcw.so)
==63582==    by 0x6FB00C3: getDSNinfo (in /usr/lib64/psqlodbcw.so)
==63582==    by 0x6F7E8D7: PGAPI_Connect (in /usr/lib64/psqlodbcw.so)
==63582==    by 0x6FB1D97: SQLConnect (in /usr/lib64/psqlodbcw.so)
==63582==    by 0x4E46B3F: SQLConnect (in /usr/lib64/libodbc.so.2.0.0)
==63582==    by 0x406579: CppODBC::Connect(char const*, char const*, char const*) (cpp_odbc.cpp:100)
==63582==    by 0x408D0F: sqlexec(std::vector<std::string, std::allocator<std::string> >, std::vector<int, std::allocator<int> >) (main.cpp:202)
==63582==    by 0x40AAE6: std::_Function_handler<void (std::vector<std::string, std::allocator<std::string> >, std::vector<int, std::allocator<int> >), void (*)(std::vector<std::string, std::allocator<std::string> >, std::vector<int, std::allocator<int> >)>::_M_invoke(std::_Any_data const&, std::vector<std::string, std::allocator<std::string> >, std::vector<int, std::allocator<int> >) (functional:2071)
==63582== 
==63582== 14 bytes in 1 blocks are still reachable in loss record 303 of 677
==63582==    at 0x4C29F73: malloc (vg_replace_malloc.c:309)
==63582==    by 0x5FF2B89: strdup (in /usr/lib64/libc-2.17.so)
==63582==    by 0x4E84AA4: ??? (in /usr/lib64/libodbc.so.2.0.0)
==63582==    by 0x4E84DF9: ??? (in /usr/lib64/libodbc.so.2.0.0)
==63582==    by 0x4E43B9B: ??? (in /usr/lib64/libodbc.so.2.0.0)
==63582==    by 0x4E46AF6: SQLConnect (in /usr/lib64/libodbc.so.2.0.0)
==63582==    by 0x406579: CppODBC::Connect(char const*, char const*, char const*) (cpp_odbc.cpp:100)
==63582==    by 0x408D0F: sqlexec(std::vector<std::string, std::allocator<std::string> >, std::vector<int, std::allocator<int> >) (main.cpp:202)
==63582==    by 0x40AAE6: std::_Function_handler<void (std::vector<std::string, std::allocator<std::string> >, std::vector<int, std::allocator<int> >), void (*)(std::vector<std::string, std::allocator<std::string> >, std::vector<int, std::allocator<int> >)>::_M_invoke(std::_Any_data const&, std::vector<std::string, std::allocator<std::string> >, std::vector<int, std::allocator<int> >) (functional:2071)
==63582==    by 0x40C9CE: operator() (functional:2471)
==63582==    by 0x40C9CE: thread_pool::worker() (thread_pool.cpp:127)
==63582==    by 0x57FB32F: ??? (in /usr/lib64/libstdc++.so.6.0.19)
==63582==    by 0x5531EA4: start_thread (in /usr/lib64/libpthread-2.17.so)
==63582== 
==63582== 14 bytes in 1 blocks are still reachable in loss record 304 of 677
==63582==    at 0x4C29F73: malloc (vg_replace_malloc.c:309)
==63582==    by 0x5FF2B89: strdup (in /usr/lib64/libc-2.17.so)
==63582==    by 0x767F834: ??? (in /usr/lib64/libodbcinst.so.2.0.0)
==63582==    by 0x767FB5A: SQLGetPrivateProfileString (in /usr/lib64/libodbcinst.so.2.0.0)
==63582==    by 0x6FB0319: getDSNinfo (in /usr/lib64/psqlodbcw.so)
==63582==    by 0x6F7E8D7: PGAPI_Connect (in /usr/lib64/psqlodbcw.so)
==63582==    by 0x6FB1D97: SQLConnect (in /usr/lib64/psqlodbcw.so)
==63582==    by 0x4E46B3F: SQLConnect (in /usr/lib64/libodbc.so.2.0.0)
==63582==    by 0x406579: CppODBC::Connect(char const*, char const*, char const*) (cpp_odbc.cpp:100)
==63582==    by 0x408D0F: sqlexec(std::vector<std::string, std::allocator<std::string> >, std::vector<int, std::allocator<int> >) (main.cpp:202)
==63582==    by 0x40AAE6: std::_Function_handler<void (std::vector<std::string, std::allocator<std::string> >, std::vector<int, std::allocator<int> >), void (*)(std::vector<std::string, std::allocator<std::string> >, std::vector<int, std::allocator<int> >)>::_M_invoke(std::_Any_data const&, std::vector<std::string, std::allocator<std::string> >, std::vector<int, std::allocator<int> >) (functional:2071)
==63582==    by 0x40C9CE: operator() (functional:2471)
==63582==    by 0x40C9CE: thread_pool::worker() (thread_pool.cpp:127)
==63582== 
==63582== 14 bytes in 1 blocks are still reachable in loss record 305 of 677
==63582==    at 0x4C29F73: malloc (vg_replace_malloc.c:309)
==63582==    by 0x5FF2B89: strdup (in /usr/lib64/libc-2.17.so)
==63582==    by 0x767F834: ??? (in /usr/lib64/libodbcinst.so.2.0.0)
==63582==    by 0x767FB5A: SQLGetPrivateProfileString (in /usr/lib64/libodbcinst.so.2.0.0)
==63582==    by 0x6FAFAA9: getDSNinfo (in /usr/lib64/psqlodbcw.so)
==63582==    by 0x6F7E8D7: PGAPI_Connect (in /usr/lib64/psqlodbcw.so)
==63582==    by 0x6FB1D97: SQLConnect (in /usr/lib64/psqlodbcw.so)
==63582==    by 0x4E46B3F: SQLConnect (in /usr/lib64/libodbc.so.2.0.0)
==63582==    by 0x406579: CppODBC::Connect(char const*, char const*, char const*) (cpp_odbc.cpp:100)
==63582==    by 0x408D0F: sqlexec(std::vector<std::string, std::allocator<std::string> >, std::vector<int, std::allocator<int> >) (main.cpp:202)
==63582==    by 0x40AAE6: std::_Function_handler<void (std::vector<std::string, std::allocator<std::string> >, std::vector<int, std::allocator<int> >), void (*)(std::vector<std::string, std::allocator<std::string> >, std::vector<int, std::allocator<int> >)>::_M_invoke(std::_Any_data const&, std::vector<std::string, std::allocator<std::string> >, std::vector<int, std::allocator<int> >) (functional:2071)
==63582==    by 0x40C9CE: operator() (functional:2471)
==63582==    by 0x40C9CE: thread_pool::worker() (thread_pool.cpp:127)
==63582== 
==63582== 14 bytes in 1 blocks are still reachable in loss record 306 of 677
==63582==    at 0x4C29F73: malloc (vg_replace_malloc.c:309)
==63582==    by 0x5FF2B89: strdup (in /usr/lib64/libc-2.17.so)
==63582==    by 0x767F834: ??? (in /usr/lib64/libodbcinst.so.2.0.0)
==63582==    by 0x767FB5A: SQLGetPrivateProfileString (in /usr/lib64/libodbcinst.so.2.0.0)
==63582==    by 0x6FB003D: getDSNinfo (in /usr/lib64/psqlodbcw.so)
==63582==    by 0x6F7E8D7: PGAPI_Connect (in /usr/lib64/psqlodbcw.so)
==63582==    by 0x6FB1D97: SQLConnect (in /usr/lib64/psqlodbcw.so)
==63582==    by 0x4E46B3F: SQLConnect (in /usr/lib64/libodbc.so.2.0.0)
==63582==    by 0x406579: CppODBC::Connect(char const*, char const*, char const*) (cpp_odbc.cpp:100)
==63582==    by 0x408D0F: sqlexec(std::vector<std::string, std::allocator<std::string> >, std::vector<int, std::allocator<int> >) (main.cpp:202)
==63582==    by 0x40AAE6: std::_Function_handler<void (std::vector<std::string, std::allocator<std::string> >, std::vector<int, std::allocator<int> >), void (*)(std::vector<std::string, std::allocator<std::string> >, std::vector<int, std::allocator<int> >)>::_M_invoke(std::_Any_data const&, std::vector<std::string, std::allocator<std::string> >, std::vector<int, std::allocator<int> >) (functional:2071)
==63582==    by 0x40C9CE: operator() (functional:2471)
==63582==    by 0x40C9CE: thread_pool::worker() (thread_pool.cpp:127)
==63582== 
==63582== 15 bytes in 1 blocks are still reachable in loss record 307 of 677
==63582==    at 0x4C29F73: malloc (vg_replace_malloc.c:309)
==63582==    by 0x5FF2B89: strdup (in /usr/lib64/libc-2.17.so)
==63582==    by 0x4E84AA4: ??? (in /usr/lib64/libodbc.so.2.0.0)
==63582==    by 0x4E84DF9: ??? (in /usr/lib64/libodbc.so.2.0.0)
==63582==    by 0x4E439E4: ??? (in /usr/lib64/libodbc.so.2.0.0)
==63582==    by 0x4E46AF6: SQLConnect (in /usr/lib64/libodbc.so.2.0.0)
==63582==    by 0x406579: CppODBC::Connect(char const*, char const*, char const*) (cpp_odbc.cpp:100)
==63582==    by 0x408D0F: sqlexec(std::vector<std::string, std::allocator<std::string> >, std::vector<int, std::allocator<int> >) (main.cpp:202)
==63582==    by 0x40AAE6: std::_Function_handler<void (std::vector<std::string, std::allocator<std::string> >, std::vector<int, std::allocator<int> >), void (*)(std::vector<std::string, std::allocator<std::string> >, std::vector<int, std::allocator<int> >)>::_M_invoke(std::_Any_data const&, std::vector<std::string, std::allocator<std::string> >, std::vector<int, std::allocator<int> >) (functional:2071)
==63582==    by 0x40C9CE: operator() (functional:2471)
==63582==    by 0x40C9CE: thread_pool::worker() (thread_pool.cpp:127)
==63582==    by 0x57FB32F: ??? (in /usr/lib64/libstdc++.so.6.0.19)
==63582==    by 0x5531EA4: start_thread (in /usr/lib64/libpthread-2.17.so)
==63582== 
==63582== 15 bytes in 1 blocks are still reachable in loss record 308 of 677
==63582==    at 0x4C29F73: malloc (vg_replace_malloc.c:309)
==63582==    by 0x5FF2B89: strdup (in /usr/lib64/libc-2.17.so)
==63582==    by 0x767F834: ??? (in /usr/lib64/libodbcinst.so.2.0.0)
==63582==    by 0x767FB5A: SQLGetPrivateProfileString (in /usr/lib64/libodbcinst.so.2.0.0)
==63582==    by 0x6FAFE89: getDSNinfo (in /usr/lib64/psqlodbcw.so)
==63582==    by 0x6F7E8D7: PGAPI_Connect (in /usr/lib64/psqlodbcw.so)
==63582==    by 0x6FB1D97: SQLConnect (in /usr/lib64/psqlodbcw.so)
==63582==    by 0x4E46B3F: SQLConnect (in /usr/lib64/libodbc.so.2.0.0)
==63582==    by 0x406579: CppODBC::Connect(char const*, char const*, char const*) (cpp_odbc.cpp:100)
==63582==    by 0x408D0F: sqlexec(std::vector<std::string, std::allocator<std::string> >, std::vector<int, std::allocator<int> >) (main.cpp:202)
==63582==    by 0x40AAE6: std::_Function_handler<void (std::vector<std::string, std::allocator<std::string> >, std::vector<int, std::allocator<int> >), void (*)(std::vector<std::string, std::allocator<std::string> >, std::vector<int, std::allocator<int> >)>::_M_invoke(std::_Any_data const&, std::vector<std::string, std::allocator<std::string> >, std::vector<int, std::allocator<int> >) (functional:2071)
==63582==    by 0x40C9CE: operator() (functional:2471)
==63582==    by 0x40C9CE: thread_pool::worker() (thread_pool.cpp:127)
==63582== 
==63582== 15 bytes in 1 blocks are still reachable in loss record 309 of 677
==63582==    at 0x4C29F73: malloc (vg_replace_malloc.c:309)
==63582==    by 0x5FF2B89: strdup (in /usr/lib64/libc-2.17.so)
==63582==    by 0x767F834: ??? (in /usr/lib64/libodbcinst.so.2.0.0)
==63582==    by 0x767FB5A: SQLGetPrivateProfileString (in /usr/lib64/libodbcinst.so.2.0.0)
==63582==    by 0x6FAF629: getCommonDefaults (in /usr/lib64/psqlodbcw.so)
==63582==    by 0x6FB00C3: getDSNinfo (in /usr/lib64/psqlodbcw.so)
==63582==    by 0x6F7E8D7: PGAPI_Connect (in /usr/lib64/psqlodbcw.so)
==63582==    by 0x6FB1D97: SQLConnect (in /usr/lib64/psqlodbcw.so)
==63582==    by 0x4E46B3F: SQLConnect (in /usr/lib64/libodbc.so.2.0.0)
==63582==    by 0x406579: CppODBC::Connect(char const*, char const*, char const*) (cpp_odbc.cpp:100)
==63582==    by 0x408D0F: sqlexec(std::vector<std::string, std::allocator<std::string> >, std::vector<int, std::allocator<int> >) (main.cpp:202)
==63582==    by 0x40AAE6: std::_Function_handler<void (std::vector<std::string, std::allocator<std::string> >, std::vector<int, std::allocator<int> >), void (*)(std::vector<std::string, std::allocator<std::string> >, std::vector<int, std::allocator<int> >)>::_M_invoke(std::_Any_data const&, std::vector<std::string, std::allocator<std::string> >, std::vector<int, std::allocator<int> >) (functional:2071)
==63582== 
==63582== 16 bytes in 1 blocks are still reachable in loss record 310 of 677
==63582==    at 0x4C29F73: malloc (vg_replace_malloc.c:309)
==63582==    by 0x633A27D: lt__slist_box (in /usr/local/oushu/oushudb-5.0.0.0/lib/libltdl.so.7.3.1)
==63582==    by 0x633696B: lt_dlloader_add (in /usr/local/oushu/oushudb-5.0.0.0/lib/libltdl.so.7.3.1)
==63582==    by 0x6336D8E: lt_dlinit (in /usr/local/oushu/oushudb-5.0.0.0/lib/libltdl.so.7.3.1)
==63582==    by 0x4E43BB0: ??? (in /usr/lib64/libodbc.so.2.0.0)
==63582==    by 0x4E46AF6: SQLConnect (in /usr/lib64/libodbc.so.2.0.0)
==63582==    by 0x406579: CppODBC::Connect(char const*, char const*, char const*) (cpp_odbc.cpp:100)
==63582==    by 0x4059D2: main (main.cpp:308)
==63582== 
==63582== 16 bytes in 1 blocks are still reachable in loss record 311 of 677
==63582==    at 0x4C29F73: malloc (vg_replace_malloc.c:309)
==63582==    by 0x633684B: lt__zalloc (in /usr/local/oushu/oushudb-5.0.0.0/lib/libltdl.so.7.3.1)
==63582==    by 0x63365CB: lt_dlpreload (in /usr/local/oushu/oushudb-5.0.0.0/lib/libltdl.so.7.3.1)
==63582==    by 0x6336DD5: lt_dlinit (in /usr/local/oushu/oushudb-5.0.0.0/lib/libltdl.so.7.3.1)
==63582==    by 0x4E43BB0: ??? (in /usr/lib64/libodbc.so.2.0.0)
==63582==    by 0x4E46AF6: SQLConnect (in /usr/lib64/libodbc.so.2.0.0)
==63582==    by 0x406579: CppODBC::Connect(char const*, char const*, char const*) (cpp_odbc.cpp:100)
==63582==    by 0x4059D2: main (main.cpp:308)
==63582== 
==63582== 16 bytes in 1 blocks are still reachable in loss record 312 of 677
==63582==    at 0x4C29F73: malloc (vg_replace_malloc.c:309)
==63582==    by 0x633A27D: lt__slist_box (in /usr/local/oushu/oushudb-5.0.0.0/lib/libltdl.so.7.3.1)
==63582==    by 0x633696B: lt_dlloader_add (in /usr/local/oushu/oushudb-5.0.0.0/lib/libltdl.so.7.3.1)
==63582==    by 0x6336E38: loader_init_callback (in /usr/local/oushu/oushudb-5.0.0.0/lib/libltdl.so.7.3.1)
==63582==    by 0x63366B2: lt_dlpreload_open (in /usr/local/oushu/oushudb-5.0.0.0/lib/libltdl.so.7.3.1)
==63582==    by 0x4E43BB0: ??? (in /usr/lib64/libodbc.so.2.0.0)
==63582==    by 0x4E46AF6: SQLConnect (in /usr/lib64/libodbc.so.2.0.0)
==63582==    by 0x406579: CppODBC::Connect(char const*, char const*, char const*) (cpp_odbc.cpp:100)
==63582==    by 0x4059D2: main (main.cpp:308)
==63582== 
==63582== 16 bytes in 1 blocks are still reachable in loss record 313 of 677
==63582==    at 0x4C29F73: malloc (vg_replace_malloc.c:309)
==63582==    by 0x5FF2B89: strdup (in /usr/lib64/libc-2.17.so)
==63582==    by 0x767F834: ??? (in /usr/lib64/libodbcinst.so.2.0.0)
==63582==    by 0x767FB5A: SQLGetPrivateProfileString (in /usr/lib64/libodbcinst.so.2.0.0)
==63582==    by 0x6FAEE19: getCommonDefaults (in /usr/lib64/psqlodbcw.so)
==63582==    by 0x6FB00C3: getDSNinfo (in /usr/lib64/psqlodbcw.so)
==63582==    by 0x6F7E8D7: PGAPI_Connect (in /usr/lib64/psqlodbcw.so)
==63582==    by 0x6FB1D97: SQLConnect (in /usr/lib64/psqlodbcw.so)
==63582==    by 0x4E46B3F: SQLConnect (in /usr/lib64/libodbc.so.2.0.0)
==63582==    by 0x406579: CppODBC::Connect(char const*, char const*, char const*) (cpp_odbc.cpp:100)
==63582==    by 0x408D0F: sqlexec(std::vector<std::string, std::allocator<std::string> >, std::vector<int, std::allocator<int> >) (main.cpp:202)
==63582==    by 0x40AAE6: std::_Function_handler<void (std::vector<std::string, std::allocator<std::string> >, std::vector<int, std::allocator<int> >), void (*)(std::vector<std::string, std::allocator<std::string> >, std::vector<int, std::allocator<int> >)>::_M_invoke(std::_Any_data const&, std::vector<std::string, std::allocator<std::string> >, std::vector<int, std::allocator<int> >) (functional:2071)
==63582== 
==63582== 16 bytes in 2 blocks are still reachable in loss record 314 of 677
==63582==    at 0x4C2A593: operator new(unsigned long) (vg_replace_malloc.c:344)
==63582==    by 0x40E7B7: allocate (new_allocator.h:104)
==63582==    by 0x40E7B7: _M_allocate (stl_vector.h:168)
==63582==    by 0x40E7B7: void std::vector<std::string, std::allocator<std::string> >::_M_emplace_back_aux<std::string>(std::string&&) (vector.tcc:404)
==63582==    by 0x407F1F: push_back (stl_vector.h:920)
==63582==    by 0x407F1F: readConfig(Data&, std::vector<std::vector<std::string, std::allocator<std::string> >, std::allocator<std::vector<std::string, std::allocator<std::string> > > >&, std::vector<std::vector<int, std::allocator<int> >, std::allocator<std::vector<int, std::allocator<int> > > >&) (main.cpp:114)
==63582==    by 0x405AB8: main (main.cpp:316)
==63582== 
==63582== 16 bytes in 2 blocks are still reachable in loss record 315 of 677
==63582==    at 0x4C2A593: operator new(unsigned long) (vg_replace_malloc.c:344)
==63582==    by 0x40D8EC: allocate (new_allocator.h:104)
==63582==    by 0x40D8EC: _M_allocate (stl_vector.h:168)
==63582==    by 0x40D8EC: std::vector<std::string, std::allocator<std::string> >::_M_default_append(unsigned long) (vector.tcc:549)
==63582==    by 0x40DE4A: resize (stl_vector.h:667)
==63582==    by 0x40DE4A: thread_pool::setCmd(std::vector<std::vector<std::string, std::allocator<std::string> >, std::allocator<std::vector<std::string, std::allocator<std::string> > > >, std::vector<std::vector<int, std::allocator<int> >, std::allocator<std::vector<int, std::allocator<int> > > >, std::vector<int, std::allocator<int> >) (thread_pool.cpp:85)
==63582==    by 0x405D6D: main (main.cpp:329)
==63582== 
==63582== 17 bytes in 1 blocks are still reachable in loss record 316 of 677
==63582==    at 0x4C29F73: malloc (vg_replace_malloc.c:309)
==63582==    by 0x5FF2B89: strdup (in /usr/lib64/libc-2.17.so)
==63582==    by 0x767F834: ??? (in /usr/lib64/libodbcinst.so.2.0.0)
==63582==    by 0x767FB5A: SQLGetPrivateProfileString (in /usr/lib64/libodbcinst.so.2.0.0)
==63582==    by 0x6FAFB21: getDSNinfo (in /usr/lib64/psqlodbcw.so)
==63582==    by 0x6F7E8D7: PGAPI_Connect (in /usr/lib64/psqlodbcw.so)
==63582==    by 0x6FB1D97: SQLConnect (in /usr/lib64/psqlodbcw.so)
==63582==    by 0x4E46B3F: SQLConnect (in /usr/lib64/libodbc.so.2.0.0)
==63582==    by 0x406579: CppODBC::Connect(char const*, char const*, char const*) (cpp_odbc.cpp:100)
==63582==    by 0x408D0F: sqlexec(std::vector<std::string, std::allocator<std::string> >, std::vector<int, std::allocator<int> >) (main.cpp:202)
==63582==    by 0x40AAE6: std::_Function_handler<void (std::vector<std::string, std::allocator<std::string> >, std::vector<int, std::allocator<int> >), void (*)(std::vector<std::string, std::allocator<std::string> >, std::vector<int, std::allocator<int> >)>::_M_invoke(std::_Any_data const&, std::vector<std::string, std::allocator<std::string> >, std::vector<int, std::allocator<int> >) (functional:2071)
==63582==    by 0x40C9CE: operator() (functional:2471)
==63582==    by 0x40C9CE: thread_pool::worker() (thread_pool.cpp:127)
==63582== 
==63582== 17 bytes in 1 blocks are still reachable in loss record 317 of 677
==63582==    at 0x4C29F73: malloc (vg_replace_malloc.c:309)
==63582==    by 0x5FF2B89: strdup (in /usr/lib64/libc-2.17.so)
==63582==    by 0x767F834: ??? (in /usr/lib64/libodbcinst.so.2.0.0)
==63582==    by 0x767FB5A: SQLGetPrivateProfileString (in /usr/lib64/libodbcinst.so.2.0.0)
==63582==    by 0x6FB03CD: getDSNinfo (in /usr/lib64/psqlodbcw.so)
==63582==    by 0x6F7E8D7: PGAPI_Connect (in /usr/lib64/psqlodbcw.so)
==63582==    by 0x6FB1D97: SQLConnect (in /usr/lib64/psqlodbcw.so)
==63582==    by 0x4E46B3F: SQLConnect (in /usr/lib64/libodbc.so.2.0.0)
==63582==    by 0x406579: CppODBC::Connect(char const*, char const*, char const*) (cpp_odbc.cpp:100)
==63582==    by 0x408D0F: sqlexec(std::vector<std::string, std::allocator<std::string> >, std::vector<int, std::allocator<int> >) (main.cpp:202)
==63582==    by 0x40AAE6: std::_Function_handler<void (std::vector<std::string, std::allocator<std::string> >, std::vector<int, std::allocator<int> >), void (*)(std::vector<std::string, std::allocator<std::string> >, std::vector<int, std::allocator<int> >)>::_M_invoke(std::_Any_data const&, std::vector<std::string, std::allocator<std::string> >, std::vector<int, std::allocator<int> >) (functional:2071)
==63582==    by 0x40C9CE: operator() (functional:2471)
==63582==    by 0x40C9CE: thread_pool::worker() (thread_pool.cpp:127)
==63582== 
==63582== 17 bytes in 1 blocks are still reachable in loss record 318 of 677
==63582==    at 0x4C29F73: malloc (vg_replace_malloc.c:309)
==63582==    by 0x5FF2B89: strdup (in /usr/lib64/libc-2.17.so)
==63582==    by 0x767F834: ??? (in /usr/lib64/libodbcinst.so.2.0.0)
==63582==    by 0x767FB5A: SQLGetPrivateProfileString (in /usr/lib64/libodbcinst.so.2.0.0)
==63582==    by 0x6FAF5B1: getCommonDefaults (in /usr/lib64/psqlodbcw.so)
==63582==    by 0x6FB00C3: getDSNinfo (in /usr/lib64/psqlodbcw.so)
==63582==    by 0x6F7E8D7: PGAPI_Connect (in /usr/lib64/psqlodbcw.so)
==63582==    by 0x6FB1D97: SQLConnect (in /usr/lib64/psqlodbcw.so)
==63582==    by 0x4E46B3F: SQLConnect (in /usr/lib64/libodbc.so.2.0.0)
==63582==    by 0x406579: CppODBC::Connect(char const*, char const*, char const*) (cpp_odbc.cpp:100)
==63582==    by 0x408D0F: sqlexec(std::vector<std::string, std::allocator<std::string> >, std::vector<int, std::allocator<int> >) (main.cpp:202)
==63582==    by 0x40AAE6: std::_Function_handler<void (std::vector<std::string, std::allocator<std::string> >, std::vector<int, std::allocator<int> >), void (*)(std::vector<std::string, std::allocator<std::string> >, std::vector<int, std::allocator<int> >)>::_M_invoke(std::_Any_data const&, std::vector<std::string, std::allocator<std::string> >, std::vector<int, std::allocator<int> >) (functional:2071)
==63582== 
==63582== 18 bytes in 1 blocks are still reachable in loss record 319 of 677
==63582==    at 0x4C29F73: malloc (vg_replace_malloc.c:309)
==63582==    by 0x5FF2B89: strdup (in /usr/lib64/libc-2.17.so)
==63582==    by 0x767F834: ??? (in /usr/lib64/libodbcinst.so.2.0.0)
==63582==    by 0x767FB5A: SQLGetPrivateProfileString (in /usr/lib64/libodbcinst.so.2.0.0)
==63582==    by 0x6FAFBA1: getDSNinfo (in /usr/lib64/psqlodbcw.so)
==63582==    by 0x6F7E8D7: PGAPI_Connect (in /usr/lib64/psqlodbcw.so)
==63582==    by 0x6FB1D97: SQLConnect (in /usr/lib64/psqlodbcw.so)
==63582==    by 0x4E46B3F: SQLConnect (in /usr/lib64/libodbc.so.2.0.0)
==63582==    by 0x406579: CppODBC::Connect(char const*, char const*, char const*) (cpp_odbc.cpp:100)
==63582==    by 0x408D0F: sqlexec(std::vector<std::string, std::allocator<std::string> >, std::vector<int, std::allocator<int> >) (main.cpp:202)
==63582==    by 0x40AAE6: std::_Function_handler<void (std::vector<std::string, std::allocator<std::string> >, std::vector<int, std::allocator<int> >), void (*)(std::vector<std::string, std::allocator<std::string> >, std::vector<int, std::allocator<int> >)>::_M_invoke(std::_Any_data const&, std::vector<std::string, std::allocator<std::string> >, std::vector<int, std::allocator<int> >) (functional:2071)
==63582==    by 0x40C9CE: operator() (functional:2471)
==63582==    by 0x40C9CE: thread_pool::worker() (thread_pool.cpp:127)
==63582== 
==63582== 18 bytes in 1 blocks are still reachable in loss record 320 of 677
==63582==    at 0x4C29F73: malloc (vg_replace_malloc.c:309)
==63582==    by 0x5FF2B89: strdup (in /usr/lib64/libc-2.17.so)
==63582==    by 0x767F834: ??? (in /usr/lib64/libodbcinst.so.2.0.0)
==63582==    by 0x767FB5A: SQLGetPrivateProfileString (in /usr/lib64/libodbcinst.so.2.0.0)
==63582==    by 0x6FAFEDA: getDSNinfo (in /usr/lib64/psqlodbcw.so)
==63582==    by 0x6F7E8D7: PGAPI_Connect (in /usr/lib64/psqlodbcw.so)
==63582==    by 0x6FB1D97: SQLConnect (in /usr/lib64/psqlodbcw.so)
==63582==    by 0x4E46B3F: SQLConnect (in /usr/lib64/libodbc.so.2.0.0)
==63582==    by 0x406579: CppODBC::Connect(char const*, char const*, char const*) (cpp_odbc.cpp:100)
==63582==    by 0x408D0F: sqlexec(std::vector<std::string, std::allocator<std::string> >, std::vector<int, std::allocator<int> >) (main.cpp:202)
==63582==    by 0x40AAE6: std::_Function_handler<void (std::vector<std::string, std::allocator<std::string> >, std::vector<int, std::allocator<int> >), void (*)(std::vector<std::string, std::allocator<std::string> >, std::vector<int, std::allocator<int> >)>::_M_invoke(std::_Any_data const&, std::vector<std::string, std::allocator<std::string> >, std::vector<int, std::allocator<int> >) (functional:2071)
==63582==    by 0x40C9CE: operator() (functional:2471)
==63582==    by 0x40C9CE: thread_pool::worker() (thread_pool.cpp:127)
==63582== 
==63582== 18 bytes in 1 blocks are still reachable in loss record 321 of 677
==63582==    at 0x4C29F73: malloc (vg_replace_malloc.c:309)
==63582==    by 0x5FF2B89: strdup (in /usr/lib64/libc-2.17.so)
==63582==    by 0x767F823: ??? (in /usr/lib64/libodbcinst.so.2.0.0)
==63582==    by 0x767FB5A: SQLGetPrivateProfileString (in /usr/lib64/libodbcinst.so.2.0.0)
==63582==    by 0x6FAFBE6: getDSNinfo (in /usr/lib64/psqlodbcw.so)
==63582==    by 0x6F7E8D7: PGAPI_Connect (in /usr/lib64/psqlodbcw.so)
==63582==    by 0x6FB1D97: SQLConnect (in /usr/lib64/psqlodbcw.so)
==63582==    by 0x4E46B3F: SQLConnect (in /usr/lib64/libodbc.so.2.0.0)
==63582==    by 0x406579: CppODBC::Connect(char const*, char const*, char const*) (cpp_odbc.cpp:100)
==63582==    by 0x408D0F: sqlexec(std::vector<std::string, std::allocator<std::string> >, std::vector<int, std::allocator<int> >) (main.cpp:202)
==63582==    by 0x40AAE6: std::_Function_handler<void (std::vector<std::string, std::allocator<std::string> >, std::vector<int, std::allocator<int> >), void (*)(std::vector<std::string, std::allocator<std::string> >, std::vector<int, std::allocator<int> >)>::_M_invoke(std::_Any_data const&, std::vector<std::string, std::allocator<std::string> >, std::vector<int, std::allocator<int> >) (functional:2071)
==63582==    by 0x40C9CE: operator() (functional:2471)
==63582==    by 0x40C9CE: thread_pool::worker() (thread_pool.cpp:127)
==63582== 
==63582== 18 bytes in 1 blocks are still reachable in loss record 322 of 677
==63582==    at 0x4C29F73: malloc (vg_replace_malloc.c:309)
==63582==    by 0x5FF2B89: strdup (in /usr/lib64/libc-2.17.so)
==63582==    by 0x767F834: ??? (in /usr/lib64/libodbcinst.so.2.0.0)
==63582==    by 0x767FB5A: SQLGetPrivateProfileString (in /usr/lib64/libodbcinst.so.2.0.0)
==63582==    by 0x6FAF6A1: getCommonDefaults (in /usr/lib64/psqlodbcw.so)
==63582==    by 0x6FB00C3: getDSNinfo (in /usr/lib64/psqlodbcw.so)
==63582==    by 0x6F7E8D7: PGAPI_Connect (in /usr/lib64/psqlodbcw.so)
==63582==    by 0x6FB1D97: SQLConnect (in /usr/lib64/psqlodbcw.so)
==63582==    by 0x4E46B3F: SQLConnect (in /usr/lib64/libodbc.so.2.0.0)
==63582==    by 0x406579: CppODBC::Connect(char const*, char const*, char const*) (cpp_odbc.cpp:100)
==63582==    by 0x408D0F: sqlexec(std::vector<std::string, std::allocator<std::string> >, std::vector<int, std::allocator<int> >) (main.cpp:202)
==63582==    by 0x40AAE6: std::_Function_handler<void (std::vector<std::string, std::allocator<std::string> >, std::vector<int, std::allocator<int> >), void (*)(std::vector<std::string, std::allocator<std::string> >, std::vector<int, std::allocator<int> >)>::_M_invoke(std::_Any_data const&, std::vector<std::string, std::allocator<std::string> >, std::vector<int, std::allocator<int> >) (functional:2071)
==63582== 
==63582== 19 bytes in 1 blocks are still reachable in loss record 323 of 677
==63582==    at 0x4C29F73: malloc (vg_replace_malloc.c:309)
==63582==    by 0x5FF2B89: strdup (in /usr/lib64/libc-2.17.so)
==63582==    by 0x6FAF3DE: getCommonDefaults (in /usr/lib64/psqlodbcw.so)
==63582==    by 0x400F9C2: _dl_init (in /usr/lib64/ld-2.17.so)
==63582==    by 0x401459D: dl_open_worker (in /usr/lib64/ld-2.17.so)
==63582==    by 0x400F7D3: _dl_catch_error (in /usr/lib64/ld-2.17.so)
==63582==    by 0x4013B8A: _dl_open (in /usr/lib64/ld-2.17.so)
==63582==    by 0x653EFAA: dlopen_doit (in /usr/lib64/libdl-2.17.so)
==63582==    by 0x400F7D3: _dl_catch_error (in /usr/lib64/ld-2.17.so)
==63582==    by 0x653F5AC: _dlerror_run (in /usr/lib64/libdl-2.17.so)
==63582==    by 0x653F040: dlopen@@GLIBC_2.2.5 (in /usr/lib64/libdl-2.17.so)
==63582==    by 0x633A534: vm_open (in /usr/local/oushu/oushudb-5.0.0.0/lib/libltdl.so.7.3.1)
==63582== 
==63582== 19 bytes in 1 blocks are still reachable in loss record 324 of 677
==63582==    at 0x4C29F73: malloc (vg_replace_malloc.c:309)
==63582==    by 0x5FF2B89: strdup (in /usr/lib64/libc-2.17.so)
==63582==    by 0x767F89F: ??? (in /usr/lib64/libodbcinst.so.2.0.0)
==63582==    by 0x767FB5A: SQLGetPrivateProfileString (in /usr/lib64/libodbcinst.so.2.0.0)
==63582==    by 0x6FB01B9: getDSNinfo (in /usr/lib64/psqlodbcw.so)
==63582==    by 0x6F7E8D7: PGAPI_Connect (in /usr/lib64/psqlodbcw.so)
==63582==    by 0x6FB1D97: SQLConnect (in /usr/lib64/psqlodbcw.so)
==63582==    by 0x4E46B3F: SQLConnect (in /usr/lib64/libodbc.so.2.0.0)
==63582==    by 0x406579: CppODBC::Connect(char const*, char const*, char const*) (cpp_odbc.cpp:100)
==63582==    by 0x408D0F: sqlexec(std::vector<std::string, std::allocator<std::string> >, std::vector<int, std::allocator<int> >) (main.cpp:202)
==63582==    by 0x40AAE6: std::_Function_handler<void (std::vector<std::string, std::allocator<std::string> >, std::vector<int, std::allocator<int> >), void (*)(std::vector<std::string, std::allocator<std::string> >, std::vector<int, std::allocator<int> >)>::_M_invoke(std::_Any_data const&, std::vector<std::string, std::allocator<std::string> >, std::vector<int, std::allocator<int> >) (functional:2071)
==63582==    by 0x40C9CE: operator() (functional:2471)
==63582==    by 0x40C9CE: thread_pool::worker() (thread_pool.cpp:127)
==63582== 
==63582== 19 bytes in 1 blocks are still reachable in loss record 325 of 677
==63582==    at 0x4C29F73: malloc (vg_replace_malloc.c:309)
==63582==    by 0x5FF2B89: strdup (in /usr/lib64/libc-2.17.so)
==63582==    by 0x767F834: ??? (in /usr/lib64/libodbcinst.so.2.0.0)
==63582==    by 0x767FB5A: SQLGetPrivateProfileString (in /usr/lib64/libodbcinst.so.2.0.0)
==63582==    by 0x6FAEE91: getCommonDefaults (in /usr/lib64/psqlodbcw.so)
==63582==    by 0x6FB00C3: getDSNinfo (in /usr/lib64/psqlodbcw.so)
==63582==    by 0x6F7E8D7: PGAPI_Connect (in /usr/lib64/psqlodbcw.so)
==63582==    by 0x6FB1D97: SQLConnect (in /usr/lib64/psqlodbcw.so)
==63582==    by 0x4E46B3F: SQLConnect (in /usr/lib64/libodbc.so.2.0.0)
==63582==    by 0x406579: CppODBC::Connect(char const*, char const*, char const*) (cpp_odbc.cpp:100)
==63582==    by 0x408D0F: sqlexec(std::vector<std::string, std::allocator<std::string> >, std::vector<int, std::allocator<int> >) (main.cpp:202)
==63582==    by 0x40AAE6: std::_Function_handler<void (std::vector<std::string, std::allocator<std::string> >, std::vector<int, std::allocator<int> >), void (*)(std::vector<std::string, std::allocator<std::string> >, std::vector<int, std::allocator<int> >)>::_M_invoke(std::_Any_data const&, std::vector<std::string, std::allocator<std::string> >, std::vector<int, std::allocator<int> >) (functional:2071)
==63582== 
==63582== 20 bytes in 1 blocks are still reachable in loss record 326 of 677
==63582==    at 0x4C29F73: malloc (vg_replace_malloc.c:309)
==63582==    by 0x5FF2B89: strdup (in /usr/lib64/libc-2.17.so)
==63582==    by 0x4E84AA4: ??? (in /usr/lib64/libodbc.so.2.0.0)
==63582==    by 0x4E84DF9: ??? (in /usr/lib64/libodbc.so.2.0.0)
==63582==    by 0x4E43A20: ??? (in /usr/lib64/libodbc.so.2.0.0)
==63582==    by 0x4E46AF6: SQLConnect (in /usr/lib64/libodbc.so.2.0.0)
==63582==    by 0x406579: CppODBC::Connect(char const*, char const*, char const*) (cpp_odbc.cpp:100)
==63582==    by 0x408D0F: sqlexec(std::vector<std::string, std::allocator<std::string> >, std::vector<int, std::allocator<int> >) (main.cpp:202)
==63582==    by 0x40AAE6: std::_Function_handler<void (std::vector<std::string, std::allocator<std::string> >, std::vector<int, std::allocator<int> >), void (*)(std::vector<std::string, std::allocator<std::string> >, std::vector<int, std::allocator<int> >)>::_M_invoke(std::_Any_data const&, std::vector<std::string, std::allocator<std::string> >, std::vector<int, std::allocator<int> >) (functional:2071)
==63582==    by 0x40C9CE: operator() (functional:2471)
==63582==    by 0x40C9CE: thread_pool::worker() (thread_pool.cpp:127)
==63582==    by 0x57FB32F: ??? (in /usr/lib64/libstdc++.so.6.0.19)
==63582==    by 0x5531EA4: start_thread (in /usr/lib64/libpthread-2.17.so)
==63582== 
==63582== 20 bytes in 1 blocks are still reachable in loss record 327 of 677
==63582==    at 0x4C29F73: malloc (vg_replace_malloc.c:309)
==63582==    by 0x5FF2B89: strdup (in /usr/lib64/libc-2.17.so)
==63582==    by 0x767F834: ??? (in /usr/lib64/libodbcinst.so.2.0.0)
==63582==    by 0x767FB5A: SQLGetPrivateProfileString (in /usr/lib64/libodbcinst.so.2.0.0)
==63582==    by 0x6FB04D5: getDSNinfo (in /usr/lib64/psqlodbcw.so)
==63582==    by 0x6F7E8D7: PGAPI_Connect (in /usr/lib64/psqlodbcw.so)
==63582==    by 0x6FB1D97: SQLConnect (in /usr/lib64/psqlodbcw.so)
==63582==    by 0x4E46B3F: SQLConnect (in /usr/lib64/libodbc.so.2.0.0)
==63582==    by 0x406579: CppODBC::Connect(char const*, char const*, char const*) (cpp_odbc.cpp:100)
==63582==    by 0x408D0F: sqlexec(std::vector<std::string, std::allocator<std::string> >, std::vector<int, std::allocator<int> >) (main.cpp:202)
==63582==    by 0x40AAE6: std::_Function_handler<void (std::vector<std::string, std::allocator<std::string> >, std::vector<int, std::allocator<int> >), void (*)(std::vector<std::string, std::allocator<std::string> >, std::vector<int, std::allocator<int> >)>::_M_invoke(std::_Any_data const&, std::vector<std::string, std::allocator<std::string> >, std::vector<int, std::allocator<int> >) (functional:2071)
==63582==    by 0x40C9CE: operator() (functional:2471)
==63582==    by 0x40C9CE: thread_pool::worker() (thread_pool.cpp:127)
==63582== 
==63582== 21 bytes in 1 blocks are still reachable in loss record 328 of 677
==63582==    at 0x4C29F73: malloc (vg_replace_malloc.c:309)
==63582==    by 0x5FF2B89: strdup (in /usr/lib64/libc-2.17.so)
==63582==    by 0x767F834: ??? (in /usr/lib64/libodbcinst.so.2.0.0)
==63582==    by 0x767FB5A: SQLGetPrivateProfileString (in /usr/lib64/libodbcinst.so.2.0.0)
==63582==    by 0x6FAFFE5: getDSNinfo (in /usr/lib64/psqlodbcw.so)
==63582==    by 0x6F7E8D7: PGAPI_Connect (in /usr/lib64/psqlodbcw.so)
==63582==    by 0x6FB1D97: SQLConnect (in /usr/lib64/psqlodbcw.so)
==63582==    by 0x4E46B3F: SQLConnect (in /usr/lib64/libodbc.so.2.0.0)
==63582==    by 0x406579: CppODBC::Connect(char const*, char const*, char const*) (cpp_odbc.cpp:100)
==63582==    by 0x408D0F: sqlexec(std::vector<std::string, std::allocator<std::string> >, std::vector<int, std::allocator<int> >) (main.cpp:202)
==63582==    by 0x40AAE6: std::_Function_handler<void (std::vector<std::string, std::allocator<std::string> >, std::vector<int, std::allocator<int> >), void (*)(std::vector<std::string, std::allocator<std::string> >, std::vector<int, std::allocator<int> >)>::_M_invoke(std::_Any_data const&, std::vector<std::string, std::allocator<std::string> >, std::vector<int, std::allocator<int> >) (functional:2071)
==63582==    by 0x40C9CE: operator() (functional:2471)
==63582==    by 0x40C9CE: thread_pool::worker() (thread_pool.cpp:127)
==63582== 
==63582== 21 bytes in 1 blocks are still reachable in loss record 329 of 677
==63582==    at 0x4C29F73: malloc (vg_replace_malloc.c:309)
==63582==    by 0x5FF2B89: strdup (in /usr/lib64/libc-2.17.so)
==63582==    by 0x767F834: ??? (in /usr/lib64/libodbcinst.so.2.0.0)
==63582==    by 0x767FB5A: SQLGetPrivateProfileString (in /usr/lib64/libodbcinst.so.2.0.0)
==63582==    by 0x6FB047D: getDSNinfo (in /usr/lib64/psqlodbcw.so)
==63582==    by 0x6F7E8D7: PGAPI_Connect (in /usr/lib64/psqlodbcw.so)
==63582==    by 0x6FB1D97: SQLConnect (in /usr/lib64/psqlodbcw.so)
==63582==    by 0x4E46B3F: SQLConnect (in /usr/lib64/libodbc.so.2.0.0)
==63582==    by 0x406579: CppODBC::Connect(char const*, char const*, char const*) (cpp_odbc.cpp:100)
==63582==    by 0x408D0F: sqlexec(std::vector<std::string, std::allocator<std::string> >, std::vector<int, std::allocator<int> >) (main.cpp:202)
==63582==    by 0x40AAE6: std::_Function_handler<void (std::vector<std::string, std::allocator<std::string> >, std::vector<int, std::allocator<int> >), void (*)(std::vector<std::string, std::allocator<std::string> >, std::vector<int, std::allocator<int> >)>::_M_invoke(std::_Any_data const&, std::vector<std::string, std::allocator<std::string> >, std::vector<int, std::allocator<int> >) (functional:2071)
==63582==    by 0x40C9CE: operator() (functional:2471)
==63582==    by 0x40C9CE: thread_pool::worker() (thread_pool.cpp:127)
==63582== 
==63582== 22 bytes in 1 blocks are still reachable in loss record 330 of 677
==63582==    at 0x4C29F73: malloc (vg_replace_malloc.c:309)
==63582==    by 0x5FF2B89: strdup (in /usr/lib64/libc-2.17.so)
==63582==    by 0x767F834: ??? (in /usr/lib64/libodbcinst.so.2.0.0)
==63582==    by 0x767FB5A: SQLGetPrivateProfileString (in /usr/lib64/libodbcinst.so.2.0.0)
==63582==    by 0x6FAEF09: getCommonDefaults (in /usr/lib64/psqlodbcw.so)
==63582==    by 0x6FB00C3: getDSNinfo (in /usr/lib64/psqlodbcw.so)
==63582==    by 0x6F7E8D7: PGAPI_Connect (in /usr/lib64/psqlodbcw.so)
==63582==    by 0x6FB1D97: SQLConnect (in /usr/lib64/psqlodbcw.so)
==63582==    by 0x4E46B3F: SQLConnect (in /usr/lib64/libodbc.so.2.0.0)
==63582==    by 0x406579: CppODBC::Connect(char const*, char const*, char const*) (cpp_odbc.cpp:100)
==63582==    by 0x408D0F: sqlexec(std::vector<std::string, std::allocator<std::string> >, std::vector<int, std::allocator<int> >) (main.cpp:202)
==63582==    by 0x40AAE6: std::_Function_handler<void (std::vector<std::string, std::allocator<std::string> >, std::vector<int, std::allocator<int> >), void (*)(std::vector<std::string, std::allocator<std::string> >, std::vector<int, std::allocator<int> >)>::_M_invoke(std::_Any_data const&, std::vector<std::string, std::allocator<std::string> >, std::vector<int, std::allocator<int> >) (functional:2071)
==63582== 
==63582== 22 bytes in 1 blocks are still reachable in loss record 331 of 677
==63582==    at 0x4C29F73: malloc (vg_replace_malloc.c:309)
==63582==    by 0x5FF2B89: strdup (in /usr/lib64/libc-2.17.so)
==63582==    by 0x767F834: ??? (in /usr/lib64/libodbcinst.so.2.0.0)
==63582==    by 0x767FB5A: SQLGetPrivateProfileString (in /usr/lib64/libodbcinst.so.2.0.0)
==63582==    by 0x6FAF37A: getCommonDefaults (in /usr/lib64/psqlodbcw.so)
==63582==    by 0x6FB00C3: getDSNinfo (in /usr/lib64/psqlodbcw.so)
==63582==    by 0x6F7E8D7: PGAPI_Connect (in /usr/lib64/psqlodbcw.so)
==63582==    by 0x6FB1D97: SQLConnect (in /usr/lib64/psqlodbcw.so)
==63582==    by 0x4E46B3F: SQLConnect (in /usr/lib64/libodbc.so.2.0.0)
==63582==    by 0x406579: CppODBC::Connect(char const*, char const*, char const*) (cpp_odbc.cpp:100)
==63582==    by 0x408D0F: sqlexec(std::vector<std::string, std::allocator<std::string> >, std::vector<int, std::allocator<int> >) (main.cpp:202)
==63582==    by 0x40AAE6: std::_Function_handler<void (std::vector<std::string, std::allocator<std::string> >, std::vector<int, std::allocator<int> >), void (*)(std::vector<std::string, std::allocator<std::string> >, std::vector<int, std::allocator<int> >)>::_M_invoke(std::_Any_data const&, std::vector<std::string, std::allocator<std::string> >, std::vector<int, std::allocator<int> >) (functional:2071)
==63582== 
==63582== 24 bytes in 1 blocks are still reachable in loss record 332 of 677
==63582==    at 0x4C29F73: malloc (vg_replace_malloc.c:309)
==63582==    by 0x633690B: lt__strdup (in /usr/local/oushu/oushudb-5.0.0.0/lib/libltdl.so.7.3.1)
==63582==    by 0x6339A13: tryall_dlopen (in /usr/local/oushu/oushudb-5.0.0.0/lib/libltdl.so.7.3.1)
==63582==    by 0x63378BA: try_dlopen (in /usr/local/oushu/oushudb-5.0.0.0/lib/libltdl.so.7.3.1)
==63582==    by 0x6337354: lt_dlopen (in /usr/local/oushu/oushudb-5.0.0.0/lib/libltdl.so.7.3.1)
==63582==    by 0x4E4353F: ??? (in /usr/lib64/libodbc.so.2.0.0)
==63582==    by 0x4E43BE4: ??? (in /usr/lib64/libodbc.so.2.0.0)
==63582==    by 0x4E46AF6: SQLConnect (in /usr/lib64/libodbc.so.2.0.0)
==63582==    by 0x406579: CppODBC::Connect(char const*, char const*, char const*) (cpp_odbc.cpp:100)
==63582==    by 0x4059D2: main (main.cpp:308)
==63582== 
==63582== 24 bytes in 1 blocks are still reachable in loss record 333 of 677
==63582==    at 0x4C29F73: malloc (vg_replace_malloc.c:309)
==63582==    by 0x400760C: expand_dynamic_string_token (in /usr/lib64/ld-2.17.so)
==63582==    by 0x40085CC: _dl_map_object (in /usr/lib64/ld-2.17.so)
==63582==    by 0x40142A3: dl_open_worker (in /usr/lib64/ld-2.17.so)
==63582==    by 0x400F7D3: _dl_catch_error (in /usr/lib64/ld-2.17.so)
==63582==    by 0x4013B8A: _dl_open (in /usr/lib64/ld-2.17.so)
==63582==    by 0x653EFAA: dlopen_doit (in /usr/lib64/libdl-2.17.so)
==63582==    by 0x400F7D3: _dl_catch_error (in /usr/lib64/ld-2.17.so)
==63582==    by 0x653F5AC: _dlerror_run (in /usr/lib64/libdl-2.17.so)
==63582==    by 0x653F040: dlopen@@GLIBC_2.2.5 (in /usr/lib64/libdl-2.17.so)
==63582==    by 0x633A534: vm_open (in /usr/local/oushu/oushudb-5.0.0.0/lib/libltdl.so.7.3.1)
==63582==    by 0x6339A87: tryall_dlopen (in /usr/local/oushu/oushudb-5.0.0.0/lib/libltdl.so.7.3.1)
==63582== 
==63582== 24 bytes in 1 blocks are still reachable in loss record 334 of 677
==63582==    at 0x4C29F73: malloc (vg_replace_malloc.c:309)
==63582==    by 0x400B493: _dl_new_object (in /usr/lib64/ld-2.17.so)
==63582==    by 0x4006023: _dl_map_object_from_fd (in /usr/lib64/ld-2.17.so)
==63582==    by 0x4008669: _dl_map_object (in /usr/lib64/ld-2.17.so)
==63582==    by 0x40142A3: dl_open_worker (in /usr/lib64/ld-2.17.so)
==63582==    by 0x400F7D3: _dl_catch_error (in /usr/lib64/ld-2.17.so)
==63582==    by 0x4013B8A: _dl_open (in /usr/lib64/ld-2.17.so)
==63582==    by 0x653EFAA: dlopen_doit (in /usr/lib64/libdl-2.17.so)
==63582==    by 0x400F7D3: _dl_catch_error (in /usr/lib64/ld-2.17.so)
==63582==    by 0x653F5AC: _dlerror_run (in /usr/lib64/libdl-2.17.so)
==63582==    by 0x653F040: dlopen@@GLIBC_2.2.5 (in /usr/lib64/libdl-2.17.so)
==63582==    by 0x633A534: vm_open (in /usr/local/oushu/oushudb-5.0.0.0/lib/libltdl.so.7.3.1)
==63582== 
==63582== 24 bytes in 1 blocks are still reachable in loss record 335 of 677
==63582==    at 0x4C29F73: malloc (vg_replace_malloc.c:309)
==63582==    by 0x5FF2B89: strdup (in /usr/lib64/libc-2.17.so)
==63582==    by 0x4E44102: ??? (in /usr/lib64/libodbc.so.2.0.0)
==63582==    by 0x4E46AF6: SQLConnect (in /usr/lib64/libodbc.so.2.0.0)
==63582==    by 0x406579: CppODBC::Connect(char const*, char const*, char const*) (cpp_odbc.cpp:100)
==63582==    by 0x4059D2: main (main.cpp:308)
==63582== 
==63582== 24 bytes in 1 blocks are still reachable in loss record 336 of 677
==63582==    at 0x4C29F73: malloc (vg_replace_malloc.c:309)
==63582==    by 0x5FF2B89: strdup (in /usr/lib64/libc-2.17.so)
==63582==    by 0x4E84B0F: ??? (in /usr/lib64/libodbc.so.2.0.0)
==63582==    by 0x4E84DF9: ??? (in /usr/lib64/libodbc.so.2.0.0)
==63582==    by 0x4E71A85: ??? (in /usr/lib64/libodbc.so.2.0.0)
==63582==    by 0x4E46ACA: SQLConnect (in /usr/lib64/libodbc.so.2.0.0)
==63582==    by 0x406579: CppODBC::Connect(char const*, char const*, char const*) (cpp_odbc.cpp:100)
==63582==    by 0x408D0F: sqlexec(std::vector<std::string, std::allocator<std::string> >, std::vector<int, std::allocator<int> >) (main.cpp:202)
==63582==    by 0x40AAE6: std::_Function_handler<void (std::vector<std::string, std::allocator<std::string> >, std::vector<int, std::allocator<int> >), void (*)(std::vector<std::string, std::allocator<std::string> >, std::vector<int, std::allocator<int> >)>::_M_invoke(std::_Any_data const&, std::vector<std::string, std::allocator<std::string> >, std::vector<int, std::allocator<int> >) (functional:2071)
==63582==    by 0x40C9CE: operator() (functional:2471)
==63582==    by 0x40C9CE: thread_pool::worker() (thread_pool.cpp:127)
==63582==    by 0x57FB32F: ??? (in /usr/lib64/libstdc++.so.6.0.19)
==63582==    by 0x5531EA4: start_thread (in /usr/lib64/libpthread-2.17.so)
==63582== 
==63582== 28 bytes in 1 blocks are still reachable in loss record 337 of 677
==63582==    at 0x4C2A593: operator new(unsigned long) (vg_replace_malloc.c:344)
==63582==    by 0x5803CD8: std::string::_Rep::_S_create(unsigned long, unsigned long, std::allocator<char> const&) (in /usr/lib64/libstdc++.so.6.0.19)
==63582==    by 0x5805560: char* std::string::_S_construct<char const*>(char const*, char const*, std::allocator<char> const&, std::forward_iterator_tag) (in /usr/lib64/libstdc++.so.6.0.19)
==63582==    by 0x5805997: std::basic_string<char, std::char_traits<char>, std::allocator<char> >::basic_string(char const*, std::allocator<char> const&) (in /usr/lib64/libstdc++.so.6.0.19)
==63582==    by 0x50B47CC: ??? (in /usr/lib64/libyaml-cpp.so.0.5.1)
==63582==    by 0x400F9C2: _dl_init (in /usr/lib64/ld-2.17.so)
==63582==    by 0x4001179: ??? (in /usr/lib64/ld-2.17.so)
==63582==    by 0x1: ???
==63582==    by 0x1FFF0001C6: ???
==63582==    by 0x1FFF0001CD: ???
==63582== 
==63582== 28 bytes in 1 blocks are still reachable in loss record 338 of 677
==63582==    at 0x4C2A593: operator new(unsigned long) (vg_replace_malloc.c:344)
==63582==    by 0x5803CD8: std::string::_Rep::_S_create(unsigned long, unsigned long, std::allocator<char> const&) (in /usr/lib64/libstdc++.so.6.0.19)
==63582==    by 0x5805560: char* std::string::_S_construct<char const*>(char const*, char const*, std::allocator<char> const&, std::forward_iterator_tag) (in /usr/lib64/libstdc++.so.6.0.19)
==63582==    by 0x5805997: std::basic_string<char, std::char_traits<char>, std::allocator<char> >::basic_string(char const*, std::allocator<char> const&) (in /usr/lib64/libstdc++.so.6.0.19)
==63582==    by 0x50B4824: ??? (in /usr/lib64/libyaml-cpp.so.0.5.1)
==63582==    by 0x400F9C2: _dl_init (in /usr/lib64/ld-2.17.so)
==63582==    by 0x4001179: ??? (in /usr/lib64/ld-2.17.so)
==63582==    by 0x1: ???
==63582==    by 0x1FFF0001C6: ???
==63582==    by 0x1FFF0001CD: ???
==63582== 
==63582== 28 bytes in 1 blocks are still reachable in loss record 339 of 677
==63582==    at 0x4C2A593: operator new(unsigned long) (vg_replace_malloc.c:344)
==63582==    by 0x5803CD8: std::string::_Rep::_S_create(unsigned long, unsigned long, std::allocator<char> const&) (in /usr/lib64/libstdc++.so.6.0.19)
==63582==    by 0x5805560: char* std::string::_S_construct<char const*>(char const*, char const*, std::allocator<char> const&, std::forward_iterator_tag) (in /usr/lib64/libstdc++.so.6.0.19)
==63582==    by 0x5805997: std::basic_string<char, std::char_traits<char>, std::allocator<char> >::basic_string(char const*, std::allocator<char> const&) (in /usr/lib64/libstdc++.so.6.0.19)
==63582==    by 0x50B4AEC: ??? (in /usr/lib64/libyaml-cpp.so.0.5.1)
==63582==    by 0x400F9C2: _dl_init (in /usr/lib64/ld-2.17.so)
==63582==    by 0x4001179: ??? (in /usr/lib64/ld-2.17.so)
==63582==    by 0x1: ???
==63582==    by 0x1FFF0001C6: ???
==63582==    by 0x1FFF0001CD: ???
==63582== 
==63582== 28 bytes in 1 blocks are still reachable in loss record 340 of 677
==63582==    at 0x4C2A593: operator new(unsigned long) (vg_replace_malloc.c:344)
==63582==    by 0x5803CD8: std::string::_Rep::_S_create(unsigned long, unsigned long, std::allocator<char> const&) (in /usr/lib64/libstdc++.so.6.0.19)
==63582==    by 0x5805560: char* std::string::_S_construct<char const*>(char const*, char const*, std::allocator<char> const&, std::forward_iterator_tag) (in /usr/lib64/libstdc++.so.6.0.19)
==63582==    by 0x5805997: std::basic_string<char, std::char_traits<char>, std::allocator<char> >::basic_string(char const*, std::allocator<char> const&) (in /usr/lib64/libstdc++.so.6.0.19)
==63582==    by 0x50B4B44: ??? (in /usr/lib64/libyaml-cpp.so.0.5.1)
==63582==    by 0x400F9C2: _dl_init (in /usr/lib64/ld-2.17.so)
==63582==    by 0x4001179: ??? (in /usr/lib64/ld-2.17.so)
==63582==    by 0x1: ???
==63582==    by 0x1FFF0001C6: ???
==63582==    by 0x1FFF0001CD: ???
==63582== 
==63582== 28 bytes in 1 blocks are still reachable in loss record 341 of 677
==63582==    at 0x4C2A593: operator new(unsigned long) (vg_replace_malloc.c:344)
==63582==    by 0x5803CD8: std::string::_Rep::_S_create(unsigned long, unsigned long, std::allocator<char> const&) (in /usr/lib64/libstdc++.so.6.0.19)
==63582==    by 0x5805560: char* std::string::_S_construct<char const*>(char const*, char const*, std::allocator<char> const&, std::forward_iterator_tag) (in /usr/lib64/libstdc++.so.6.0.19)
==63582==    by 0x5805997: std::basic_string<char, std::char_traits<char>, std::allocator<char> >::basic_string(char const*, std::allocator<char> const&) (in /usr/lib64/libstdc++.so.6.0.19)
==63582==    by 0x50B4E0C: ??? (in /usr/lib64/libyaml-cpp.so.0.5.1)
==63582==    by 0x400F9C2: _dl_init (in /usr/lib64/ld-2.17.so)
==63582==    by 0x4001179: ??? (in /usr/lib64/ld-2.17.so)
==63582==    by 0x1: ???
==63582==    by 0x1FFF0001C6: ???
==63582==    by 0x1FFF0001CD: ???
==63582== 
==63582== 28 bytes in 1 blocks are still reachable in loss record 342 of 677
==63582==    at 0x4C2A593: operator new(unsigned long) (vg_replace_malloc.c:344)
==63582==    by 0x5803CD8: std::string::_Rep::_S_create(unsigned long, unsigned long, std::allocator<char> const&) (in /usr/lib64/libstdc++.so.6.0.19)
==63582==    by 0x5805560: char* std::string::_S_construct<char const*>(char const*, char const*, std::allocator<char> const&, std::forward_iterator_tag) (in /usr/lib64/libstdc++.so.6.0.19)
==63582==    by 0x5805997: std::basic_string<char, std::char_traits<char>, std::allocator<char> >::basic_string(char const*, std::allocator<char> const&) (in /usr/lib64/libstdc++.so.6.0.19)
==63582==    by 0x50B4E64: ??? (in /usr/lib64/libyaml-cpp.so.0.5.1)
==63582==    by 0x400F9C2: _dl_init (in /usr/lib64/ld-2.17.so)
==63582==    by 0x4001179: ??? (in /usr/lib64/ld-2.17.so)
==63582==    by 0x1: ???
==63582==    by 0x1FFF0001C6: ???
==63582==    by 0x1FFF0001CD: ???
==63582== 
==63582== 28 bytes in 1 blocks are still reachable in loss record 343 of 677
==63582==    at 0x4C2A593: operator new(unsigned long) (vg_replace_malloc.c:344)
==63582==    by 0x5803CD8: std::string::_Rep::_S_create(unsigned long, unsigned long, std::allocator<char> const&) (in /usr/lib64/libstdc++.so.6.0.19)
==63582==    by 0x5805560: char* std::string::_S_construct<char const*>(char const*, char const*, std::allocator<char> const&, std::forward_iterator_tag) (in /usr/lib64/libstdc++.so.6.0.19)
==63582==    by 0x5805997: std::basic_string<char, std::char_traits<char>, std::allocator<char> >::basic_string(char const*, std::allocator<char> const&) (in /usr/lib64/libstdc++.so.6.0.19)
==63582==    by 0x50B51BC: ??? (in /usr/lib64/libyaml-cpp.so.0.5.1)
==63582==    by 0x400F9C2: _dl_init (in /usr/lib64/ld-2.17.so)
==63582==    by 0x4001179: ??? (in /usr/lib64/ld-2.17.so)
==63582==    by 0x1: ???
==63582==    by 0x1FFF0001C6: ???
==63582==    by 0x1FFF0001CD: ???
==63582== 
==63582== 28 bytes in 1 blocks are still reachable in loss record 344 of 677
==63582==    at 0x4C2A593: operator new(unsigned long) (vg_replace_malloc.c:344)
==63582==    by 0x5803CD8: std::string::_Rep::_S_create(unsigned long, unsigned long, std::allocator<char> const&) (in /usr/lib64/libstdc++.so.6.0.19)
==63582==    by 0x5805560: char* std::string::_S_construct<char const*>(char const*, char const*, std::allocator<char> const&, std::forward_iterator_tag) (in /usr/lib64/libstdc++.so.6.0.19)
==63582==    by 0x5805997: std::basic_string<char, std::char_traits<char>, std::allocator<char> >::basic_string(char const*, std::allocator<char> const&) (in /usr/lib64/libstdc++.so.6.0.19)
==63582==    by 0x50B5214: ??? (in /usr/lib64/libyaml-cpp.so.0.5.1)
==63582==    by 0x400F9C2: _dl_init (in /usr/lib64/ld-2.17.so)
==63582==    by 0x4001179: ??? (in /usr/lib64/ld-2.17.so)
==63582==    by 0x1: ???
==63582==    by 0x1FFF0001C6: ???
==63582==    by 0x1FFF0001CD: ???
==63582== 
==63582== 28 bytes in 1 blocks are still reachable in loss record 345 of 677
==63582==    at 0x4C2A593: operator new(unsigned long) (vg_replace_malloc.c:344)
==63582==    by 0x5803CD8: std::string::_Rep::_S_create(unsigned long, unsigned long, std::allocator<char> const&) (in /usr/lib64/libstdc++.so.6.0.19)
==63582==    by 0x5805560: char* std::string::_S_construct<char const*>(char const*, char const*, std::allocator<char> const&, std::forward_iterator_tag) (in /usr/lib64/libstdc++.so.6.0.19)
==63582==    by 0x5805997: std::basic_string<char, std::char_traits<char>, std::allocator<char> >::basic_string(char const*, std::allocator<char> const&) (in /usr/lib64/libstdc++.so.6.0.19)
==63582==    by 0x50B54DC: ??? (in /usr/lib64/libyaml-cpp.so.0.5.1)
==63582==    by 0x400F9C2: _dl_init (in /usr/lib64/ld-2.17.so)
==63582==    by 0x4001179: ??? (in /usr/lib64/ld-2.17.so)
==63582==    by 0x1: ???
==63582==    by 0x1FFF0001C6: ???
==63582==    by 0x1FFF0001CD: ???
==63582== 
==63582== 28 bytes in 1 blocks are still reachable in loss record 346 of 677
==63582==    at 0x4C2A593: operator new(unsigned long) (vg_replace_malloc.c:344)
==63582==    by 0x5803CD8: std::string::_Rep::_S_create(unsigned long, unsigned long, std::allocator<char> const&) (in /usr/lib64/libstdc++.so.6.0.19)
==63582==    by 0x5805560: char* std::string::_S_construct<char const*>(char const*, char const*, std::allocator<char> const&, std::forward_iterator_tag) (in /usr/lib64/libstdc++.so.6.0.19)
==63582==    by 0x5805997: std::basic_string<char, std::char_traits<char>, std::allocator<char> >::basic_string(char const*, std::allocator<char> const&) (in /usr/lib64/libstdc++.so.6.0.19)
==63582==    by 0x50B5534: ??? (in /usr/lib64/libyaml-cpp.so.0.5.1)
==63582==    by 0x400F9C2: _dl_init (in /usr/lib64/ld-2.17.so)
==63582==    by 0x4001179: ??? (in /usr/lib64/ld-2.17.so)
==63582==    by 0x1: ???
==63582==    by 0x1FFF0001C6: ???
==63582==    by 0x1FFF0001CD: ???
==63582== 
==63582== 28 bytes in 1 blocks are still reachable in loss record 347 of 677
==63582==    at 0x4C2A593: operator new(unsigned long) (vg_replace_malloc.c:344)
==63582==    by 0x5803CD8: std::string::_Rep::_S_create(unsigned long, unsigned long, std::allocator<char> const&) (in /usr/lib64/libstdc++.so.6.0.19)
==63582==    by 0x5805560: char* std::string::_S_construct<char const*>(char const*, char const*, std::allocator<char> const&, std::forward_iterator_tag) (in /usr/lib64/libstdc++.so.6.0.19)
==63582==    by 0x5805997: std::basic_string<char, std::char_traits<char>, std::allocator<char> >::basic_string(char const*, std::allocator<char> const&) (in /usr/lib64/libstdc++.so.6.0.19)
==63582==    by 0x50B594C: ??? (in /usr/lib64/libyaml-cpp.so.0.5.1)
==63582==    by 0x400F9C2: _dl_init (in /usr/lib64/ld-2.17.so)
==63582==    by 0x4001179: ??? (in /usr/lib64/ld-2.17.so)
==63582==    by 0x1: ???
==63582==    by 0x1FFF0001C6: ???
==63582==    by 0x1FFF0001CD: ???
==63582== 
==63582== 28 bytes in 1 blocks are still reachable in loss record 348 of 677
==63582==    at 0x4C2A593: operator new(unsigned long) (vg_replace_malloc.c:344)
==63582==    by 0x5803CD8: std::string::_Rep::_S_create(unsigned long, unsigned long, std::allocator<char> const&) (in /usr/lib64/libstdc++.so.6.0.19)
==63582==    by 0x5805560: char* std::string::_S_construct<char const*>(char const*, char const*, std::allocator<char> const&, std::forward_iterator_tag) (in /usr/lib64/libstdc++.so.6.0.19)
==63582==    by 0x5805997: std::basic_string<char, std::char_traits<char>, std::allocator<char> >::basic_string(char const*, std::allocator<char> const&) (in /usr/lib64/libstdc++.so.6.0.19)
==63582==    by 0x50B59A4: ??? (in /usr/lib64/libyaml-cpp.so.0.5.1)
==63582==    by 0x400F9C2: _dl_init (in /usr/lib64/ld-2.17.so)
==63582==    by 0x4001179: ??? (in /usr/lib64/ld-2.17.so)
==63582==    by 0x1: ???
==63582==    by 0x1FFF0001C6: ???
==63582==    by 0x1FFF0001CD: ???
==63582== 
==63582== 28 bytes in 1 blocks are still reachable in loss record 349 of 677
==63582==    at 0x4C2A593: operator new(unsigned long) (vg_replace_malloc.c:344)
==63582==    by 0x5803CD8: std::string::_Rep::_S_create(unsigned long, unsigned long, std::allocator<char> const&) (in /usr/lib64/libstdc++.so.6.0.19)
==63582==    by 0x5805560: char* std::string::_S_construct<char const*>(char const*, char const*, std::allocator<char> const&, std::forward_iterator_tag) (in /usr/lib64/libstdc++.so.6.0.19)
==63582==    by 0x5805997: std::basic_string<char, std::char_traits<char>, std::allocator<char> >::basic_string(char const*, std::allocator<char> const&) (in /usr/lib64/libstdc++.so.6.0.19)
==63582==    by 0x50B5C9C: ??? (in /usr/lib64/libyaml-cpp.so.0.5.1)
==63582==    by 0x400F9C2: _dl_init (in /usr/lib64/ld-2.17.so)
==63582==    by 0x4001179: ??? (in /usr/lib64/ld-2.17.so)
==63582==    by 0x1: ???
==63582==    by 0x1FFF0001C6: ???
==63582==    by 0x1FFF0001CD: ???
==63582== 
==63582== 28 bytes in 1 blocks are still reachable in loss record 350 of 677
==63582==    at 0x4C2A593: operator new(unsigned long) (vg_replace_malloc.c:344)
==63582==    by 0x5803CD8: std::string::_Rep::_S_create(unsigned long, unsigned long, std::allocator<char> const&) (in /usr/lib64/libstdc++.so.6.0.19)
==63582==    by 0x5805560: char* std::string::_S_construct<char const*>(char const*, char const*, std::allocator<char> const&, std::forward_iterator_tag) (in /usr/lib64/libstdc++.so.6.0.19)
==63582==    by 0x5805997: std::basic_string<char, std::char_traits<char>, std::allocator<char> >::basic_string(char const*, std::allocator<char> const&) (in /usr/lib64/libstdc++.so.6.0.19)
==63582==    by 0x50B5CF4: ??? (in /usr/lib64/libyaml-cpp.so.0.5.1)
==63582==    by 0x400F9C2: _dl_init (in /usr/lib64/ld-2.17.so)
==63582==    by 0x4001179: ??? (in /usr/lib64/ld-2.17.so)
==63582==    by 0x1: ???
==63582==    by 0x1FFF0001C6: ???
==63582==    by 0x1FFF0001CD: ???
==63582== 
==63582== 28 bytes in 1 blocks are still reachable in loss record 351 of 677
==63582==    at 0x4C2A593: operator new(unsigned long) (vg_replace_malloc.c:344)
==63582==    by 0x5803CD8: std::string::_Rep::_S_create(unsigned long, unsigned long, std::allocator<char> const&) (in /usr/lib64/libstdc++.so.6.0.19)
==63582==    by 0x5805560: char* std::string::_S_construct<char const*>(char const*, char const*, std::allocator<char> const&, std::forward_iterator_tag) (in /usr/lib64/libstdc++.so.6.0.19)
==63582==    by 0x5805997: std::basic_string<char, std::char_traits<char>, std::allocator<char> >::basic_string(char const*, std::allocator<char> const&) (in /usr/lib64/libstdc++.so.6.0.19)
==63582==    by 0x50B5FBC: ??? (in /usr/lib64/libyaml-cpp.so.0.5.1)
==63582==    by 0x400F9C2: _dl_init (in /usr/lib64/ld-2.17.so)
==63582==    by 0x4001179: ??? (in /usr/lib64/ld-2.17.so)
==63582==    by 0x1: ???
==63582==    by 0x1FFF0001C6: ???
==63582==    by 0x1FFF0001CD: ???
==63582== 
==63582== 28 bytes in 1 blocks are still reachable in loss record 352 of 677
==63582==    at 0x4C2A593: operator new(unsigned long) (vg_replace_malloc.c:344)
==63582==    by 0x5803CD8: std::string::_Rep::_S_create(unsigned long, unsigned long, std::allocator<char> const&) (in /usr/lib64/libstdc++.so.6.0.19)
==63582==    by 0x5805560: char* std::string::_S_construct<char const*>(char const*, char const*, std::allocator<char> const&, std::forward_iterator_tag) (in /usr/lib64/libstdc++.so.6.0.19)
==63582==    by 0x5805997: std::basic_string<char, std::char_traits<char>, std::allocator<char> >::basic_string(char const*, std::allocator<char> const&) (in /usr/lib64/libstdc++.so.6.0.19)
==63582==    by 0x50B6014: ??? (in /usr/lib64/libyaml-cpp.so.0.5.1)
==63582==    by 0x400F9C2: _dl_init (in /usr/lib64/ld-2.17.so)
==63582==    by 0x4001179: ??? (in /usr/lib64/ld-2.17.so)
==63582==    by 0x1: ???
==63582==    by 0x1FFF0001C6: ???
==63582==    by 0x1FFF0001CD: ???
==63582== 
==63582== 28 bytes in 1 blocks are still reachable in loss record 353 of 677
==63582==    at 0x4C29F73: malloc (vg_replace_malloc.c:309)
==63582==    by 0x5FF2B89: strdup (in /usr/lib64/libc-2.17.so)
==63582==    by 0x6FABAA3: ??? (in /usr/lib64/psqlodbcw.so)
==63582==    by 0x6FB0392: getDSNinfo (in /usr/lib64/psqlodbcw.so)
==63582==    by 0x6F7E8D7: PGAPI_Connect (in /usr/lib64/psqlodbcw.so)
==63582==    by 0x6FB1D97: SQLConnect (in /usr/lib64/psqlodbcw.so)
==63582==    by 0x4E46B3F: SQLConnect (in /usr/lib64/libodbc.so.2.0.0)
==63582==    by 0x406579: CppODBC::Connect(char const*, char const*, char const*) (cpp_odbc.cpp:100)
==63582==    by 0x4059D2: main (main.cpp:308)
==63582== 
==63582== 28 bytes in 1 blocks are still reachable in loss record 354 of 677
==63582==    at 0x4C29F73: malloc (vg_replace_malloc.c:309)
==63582==    by 0x5FF2B89: strdup (in /usr/lib64/libc-2.17.so)
==63582==    by 0x767F89F: ??? (in /usr/lib64/libodbcinst.so.2.0.0)
==63582==    by 0x767FB5A: SQLGetPrivateProfileString (in /usr/lib64/libodbcinst.so.2.0.0)
==63582==    by 0x6FB038A: getDSNinfo (in /usr/lib64/psqlodbcw.so)
==63582==    by 0x6F7E8D7: PGAPI_Connect (in /usr/lib64/psqlodbcw.so)
==63582==    by 0x6FB1D97: SQLConnect (in /usr/lib64/psqlodbcw.so)
==63582==    by 0x4E46B3F: SQLConnect (in /usr/lib64/libodbc.so.2.0.0)
==63582==    by 0x406579: CppODBC::Connect(char const*, char const*, char const*) (cpp_odbc.cpp:100)
==63582==    by 0x408D0F: sqlexec(std::vector<std::string, std::allocator<std::string> >, std::vector<int, std::allocator<int> >) (main.cpp:202)
==63582==    by 0x40AAE6: std::_Function_handler<void (std::vector<std::string, std::allocator<std::string> >, std::vector<int, std::allocator<int> >), void (*)(std::vector<std::string, std::allocator<std::string> >, std::vector<int, std::allocator<int> >)>::_M_invoke(std::_Any_data const&, std::vector<std::string, std::allocator<std::string> >, std::vector<int, std::allocator<int> >) (functional:2071)
==63582==    by 0x40C9CE: operator() (functional:2471)
==63582==    by 0x40C9CE: thread_pool::worker() (thread_pool.cpp:127)
==63582== 
==63582== 29 bytes in 1 blocks are still reachable in loss record 355 of 677
==63582==    at 0x4C2A593: operator new(unsigned long) (vg_replace_malloc.c:344)
==63582==    by 0x5803CD8: std::string::_Rep::_S_create(unsigned long, unsigned long, std::allocator<char> const&) (in /usr/lib64/libstdc++.so.6.0.19)
==63582==    by 0x40F000: char* std::string::_S_construct<char*>(char*, char*, std::allocator<char> const&, std::forward_iterator_tag) (basic_string.tcc:138)
==63582==    by 0x580545B: std::basic_string<char, std::char_traits<char>, std::allocator<char> >::basic_string(std::string const&, unsigned long, unsigned long) (in /usr/lib64/libstdc++.so.6.0.19)
==63582==    by 0x40717D: substr (basic_string.h:2208)
==63582==    by 0x40717D: SplitStr(std::string, char) (main.cpp:51)
==63582==    by 0x40796A: readConfig(Data&, std::vector<std::vector<std::string, std::allocator<std::string> >, std::allocator<std::vector<std::string, std::allocator<std::string> > > >&, std::vector<std::vector<int, std::allocator<int> >, std::allocator<std::vector<int, std::allocator<int> > > >&) (main.cpp:89)
==63582==    by 0x405AB8: main (main.cpp:316)
==63582== 
==63582== 30 bytes in 1 blocks are still reachable in loss record 356 of 677
==63582==    at 0x4C2A593: operator new(unsigned long) (vg_replace_malloc.c:344)
==63582==    by 0x5803CD8: std::string::_Rep::_S_create(unsigned long, unsigned long, std::allocator<char> const&) (in /usr/lib64/libstdc++.so.6.0.19)
==63582==    by 0x5805560: char* std::string::_S_construct<char const*>(char const*, char const*, std::allocator<char> const&, std::forward_iterator_tag) (in /usr/lib64/libstdc++.so.6.0.19)
==63582==    by 0x5805997: std::basic_string<char, std::char_traits<char>, std::allocator<char> >::basic_string(char const*, std::allocator<char> const&) (in /usr/lib64/libstdc++.so.6.0.19)
==63582==    by 0x50B47E2: ??? (in /usr/lib64/libyaml-cpp.so.0.5.1)
==63582==    by 0x400F9C2: _dl_init (in /usr/lib64/ld-2.17.so)
==63582==    by 0x4001179: ??? (in /usr/lib64/ld-2.17.so)
==63582==    by 0x1: ???
==63582==    by 0x1FFF0001C6: ???
==63582==    by 0x1FFF0001CD: ???
==63582== 
==63582== 30 bytes in 1 blocks are still reachable in loss record 357 of 677
==63582==    at 0x4C2A593: operator new(unsigned long) (vg_replace_malloc.c:344)
==63582==    by 0x5803CD8: std::string::_Rep::_S_create(unsigned long, unsigned long, std::allocator<char> const&) (in /usr/lib64/libstdc++.so.6.0.19)
==63582==    by 0x5805560: char* std::string::_S_construct<char const*>(char const*, char const*, std::allocator<char> const&, std::forward_iterator_tag) (in /usr/lib64/libstdc++.so.6.0.19)
==63582==    by 0x5805997: std::basic_string<char, std::char_traits<char>, std::allocator<char> >::basic_string(char const*, std::allocator<char> const&) (in /usr/lib64/libstdc++.so.6.0.19)
==63582==    by 0x50B480E: ??? (in /usr/lib64/libyaml-cpp.so.0.5.1)
==63582==    by 0x400F9C2: _dl_init (in /usr/lib64/ld-2.17.so)
==63582==    by 0x4001179: ??? (in /usr/lib64/ld-2.17.so)
==63582==    by 0x1: ???
==63582==    by 0x1FFF0001C6: ???
==63582==    by 0x1FFF0001CD: ???
==63582== 
==63582== 30 bytes in 1 blocks are still reachable in loss record 358 of 677
==63582==    at 0x4C2A593: operator new(unsigned long) (vg_replace_malloc.c:344)
==63582==    by 0x5803CD8: std::string::_Rep::_S_create(unsigned long, unsigned long, std::allocator<char> const&) (in /usr/lib64/libstdc++.so.6.0.19)
==63582==    by 0x5805560: char* std::string::_S_construct<char const*>(char const*, char const*, std::allocator<char> const&, std::forward_iterator_tag) (in /usr/lib64/libstdc++.so.6.0.19)
==63582==    by 0x5805997: std::basic_string<char, std::char_traits<char>, std::allocator<char> >::basic_string(char const*, std::allocator<char> const&) (in /usr/lib64/libstdc++.so.6.0.19)
==63582==    by 0x50B4B02: ??? (in /usr/lib64/libyaml-cpp.so.0.5.1)
==63582==    by 0x400F9C2: _dl_init (in /usr/lib64/ld-2.17.so)
==63582==    by 0x4001179: ??? (in /usr/lib64/ld-2.17.so)
==63582==    by 0x1: ???
==63582==    by 0x1FFF0001C6: ???
==63582==    by 0x1FFF0001CD: ???
==63582== 
==63582== 30 bytes in 1 blocks are still reachable in loss record 359 of 677
==63582==    at 0x4C2A593: operator new(unsigned long) (vg_replace_malloc.c:344)
==63582==    by 0x5803CD8: std::string::_Rep::_S_create(unsigned long, unsigned long, std::allocator<char> const&) (in /usr/lib64/libstdc++.so.6.0.19)
==63582==    by 0x5805560: char* std::string::_S_construct<char const*>(char const*, char const*, std::allocator<char> const&, std::forward_iterator_tag) (in /usr/lib64/libstdc++.so.6.0.19)
==63582==    by 0x5805997: std::basic_string<char, std::char_traits<char>, std::allocator<char> >::basic_string(char const*, std::allocator<char> const&) (in /usr/lib64/libstdc++.so.6.0.19)
==63582==    by 0x50B4B2E: ??? (in /usr/lib64/libyaml-cpp.so.0.5.1)
==63582==    by 0x400F9C2: _dl_init (in /usr/lib64/ld-2.17.so)
==63582==    by 0x4001179: ??? (in /usr/lib64/ld-2.17.so)
==63582==    by 0x1: ???
==63582==    by 0x1FFF0001C6: ???
==63582==    by 0x1FFF0001CD: ???
==63582== 
==63582== 30 bytes in 1 blocks are still reachable in loss record 360 of 677
==63582==    at 0x4C2A593: operator new(unsigned long) (vg_replace_malloc.c:344)
==63582==    by 0x5803CD8: std::string::_Rep::_S_create(unsigned long, unsigned long, std::allocator<char> const&) (in /usr/lib64/libstdc++.so.6.0.19)
==63582==    by 0x5805560: char* std::string::_S_construct<char const*>(char const*, char const*, std::allocator<char> const&, std::forward_iterator_tag) (in /usr/lib64/libstdc++.so.6.0.19)
==63582==    by 0x5805997: std::basic_string<char, std::char_traits<char>, std::allocator<char> >::basic_string(char const*, std::allocator<char> const&) (in /usr/lib64/libstdc++.so.6.0.19)
==63582==    by 0x50B4E22: ??? (in /usr/lib64/libyaml-cpp.so.0.5.1)
==63582==    by 0x400F9C2: _dl_init (in /usr/lib64/ld-2.17.so)
==63582==    by 0x4001179: ??? (in /usr/lib64/ld-2.17.so)
==63582==    by 0x1: ???
==63582==    by 0x1FFF0001C6: ???
==63582==    by 0x1FFF0001CD: ???
==63582== 
==63582== 30 bytes in 1 blocks are still reachable in loss record 361 of 677
==63582==    at 0x4C2A593: operator new(unsigned long) (vg_replace_malloc.c:344)
==63582==    by 0x5803CD8: std::string::_Rep::_S_create(unsigned long, unsigned long, std::allocator<char> const&) (in /usr/lib64/libstdc++.so.6.0.19)
==63582==    by 0x5805560: char* std::string::_S_construct<char const*>(char const*, char const*, std::allocator<char> const&, std::forward_iterator_tag) (in /usr/lib64/libstdc++.so.6.0.19)
==63582==    by 0x5805997: std::basic_string<char, std::char_traits<char>, std::allocator<char> >::basic_string(char const*, std::allocator<char> const&) (in /usr/lib64/libstdc++.so.6.0.19)
==63582==    by 0x50B4E4E: ??? (in /usr/lib64/libyaml-cpp.so.0.5.1)
==63582==    by 0x400F9C2: _dl_init (in /usr/lib64/ld-2.17.so)
==63582==    by 0x4001179: ??? (in /usr/lib64/ld-2.17.so)
==63582==    by 0x1: ???
==63582==    by 0x1FFF0001C6: ???
==63582==    by 0x1FFF0001CD: ???
==63582== 
==63582== 30 bytes in 1 blocks are still reachable in loss record 362 of 677
==63582==    at 0x4C2A593: operator new(unsigned long) (vg_replace_malloc.c:344)
==63582==    by 0x5803CD8: std::string::_Rep::_S_create(unsigned long, unsigned long, std::allocator<char> const&) (in /usr/lib64/libstdc++.so.6.0.19)
==63582==    by 0x5805560: char* std::string::_S_construct<char const*>(char const*, char const*, std::allocator<char> const&, std::forward_iterator_tag) (in /usr/lib64/libstdc++.so.6.0.19)
==63582==    by 0x5805997: std::basic_string<char, std::char_traits<char>, std::allocator<char> >::basic_string(char const*, std::allocator<char> const&) (in /usr/lib64/libstdc++.so.6.0.19)
==63582==    by 0x50B51D2: ??? (in /usr/lib64/libyaml-cpp.so.0.5.1)
==63582==    by 0x400F9C2: _dl_init (in /usr/lib64/ld-2.17.so)
==63582==    by 0x4001179: ??? (in /usr/lib64/ld-2.17.so)
==63582==    by 0x1: ???
==63582==    by 0x1FFF0001C6: ???
==63582==    by 0x1FFF0001CD: ???
==63582== 
==63582== 30 bytes in 1 blocks are still reachable in loss record 363 of 677
==63582==    at 0x4C2A593: operator new(unsigned long) (vg_replace_malloc.c:344)
==63582==    by 0x5803CD8: std::string::_Rep::_S_create(unsigned long, unsigned long, std::allocator<char> const&) (in /usr/lib64/libstdc++.so.6.0.19)
==63582==    by 0x5805560: char* std::string::_S_construct<char const*>(char const*, char const*, std::allocator<char> const&, std::forward_iterator_tag) (in /usr/lib64/libstdc++.so.6.0.19)
==63582==    by 0x5805997: std::basic_string<char, std::char_traits<char>, std::allocator<char> >::basic_string(char const*, std::allocator<char> const&) (in /usr/lib64/libstdc++.so.6.0.19)
==63582==    by 0x50B51FE: ??? (in /usr/lib64/libyaml-cpp.so.0.5.1)
==63582==    by 0x400F9C2: _dl_init (in /usr/lib64/ld-2.17.so)
==63582==    by 0x4001179: ??? (in /usr/lib64/ld-2.17.so)
==63582==    by 0x1: ???
==63582==    by 0x1FFF0001C6: ???
==63582==    by 0x1FFF0001CD: ???
==63582== 
==63582== 30 bytes in 1 blocks are still reachable in loss record 364 of 677
==63582==    at 0x4C2A593: operator new(unsigned long) (vg_replace_malloc.c:344)
==63582==    by 0x5803CD8: std::string::_Rep::_S_create(unsigned long, unsigned long, std::allocator<char> const&) (in /usr/lib64/libstdc++.so.6.0.19)
==63582==    by 0x5805560: char* std::string::_S_construct<char const*>(char const*, char const*, std::allocator<char> const&, std::forward_iterator_tag) (in /usr/lib64/libstdc++.so.6.0.19)
==63582==    by 0x5805997: std::basic_string<char, std::char_traits<char>, std::allocator<char> >::basic_string(char const*, std::allocator<char> const&) (in /usr/lib64/libstdc++.so.6.0.19)
==63582==    by 0x50B54F2: ??? (in /usr/lib64/libyaml-cpp.so.0.5.1)
==63582==    by 0x400F9C2: _dl_init (in /usr/lib64/ld-2.17.so)
==63582==    by 0x4001179: ??? (in /usr/lib64/ld-2.17.so)
==63582==    by 0x1: ???
==63582==    by 0x1FFF0001C6: ???
==63582==    by 0x1FFF0001CD: ???
==63582== 
==63582== 30 bytes in 1 blocks are still reachable in loss record 365 of 677
==63582==    at 0x4C2A593: operator new(unsigned long) (vg_replace_malloc.c:344)
==63582==    by 0x5803CD8: std::string::_Rep::_S_create(unsigned long, unsigned long, std::allocator<char> const&) (in /usr/lib64/libstdc++.so.6.0.19)
==63582==    by 0x5805560: char* std::string::_S_construct<char const*>(char const*, char const*, std::allocator<char> const&, std::forward_iterator_tag) (in /usr/lib64/libstdc++.so.6.0.19)
==63582==    by 0x5805997: std::basic_string<char, std::char_traits<char>, std::allocator<char> >::basic_string(char const*, std::allocator<char> const&) (in /usr/lib64/libstdc++.so.6.0.19)
==63582==    by 0x50B551E: ??? (in /usr/lib64/libyaml-cpp.so.0.5.1)
==63582==    by 0x400F9C2: _dl_init (in /usr/lib64/ld-2.17.so)
==63582==    by 0x4001179: ??? (in /usr/lib64/ld-2.17.so)
==63582==    by 0x1: ???
==63582==    by 0x1FFF0001C6: ???
==63582==    by 0x1FFF0001CD: ???
==63582== 
==63582== 30 bytes in 1 blocks are still reachable in loss record 366 of 677
==63582==    at 0x4C2A593: operator new(unsigned long) (vg_replace_malloc.c:344)
==63582==    by 0x5803CD8: std::string::_Rep::_S_create(unsigned long, unsigned long, std::allocator<char> const&) (in /usr/lib64/libstdc++.so.6.0.19)
==63582==    by 0x5805560: char* std::string::_S_construct<char const*>(char const*, char const*, std::allocator<char> const&, std::forward_iterator_tag) (in /usr/lib64/libstdc++.so.6.0.19)
==63582==    by 0x5805997: std::basic_string<char, std::char_traits<char>, std::allocator<char> >::basic_string(char const*, std::allocator<char> const&) (in /usr/lib64/libstdc++.so.6.0.19)
==63582==    by 0x50B5962: ??? (in /usr/lib64/libyaml-cpp.so.0.5.1)
==63582==    by 0x400F9C2: _dl_init (in /usr/lib64/ld-2.17.so)
==63582==    by 0x4001179: ??? (in /usr/lib64/ld-2.17.so)
==63582==    by 0x1: ???
==63582==    by 0x1FFF0001C6: ???
==63582==    by 0x1FFF0001CD: ???
==63582== 
==63582== 30 bytes in 1 blocks are still reachable in loss record 367 of 677
==63582==    at 0x4C2A593: operator new(unsigned long) (vg_replace_malloc.c:344)
==63582==    by 0x5803CD8: std::string::_Rep::_S_create(unsigned long, unsigned long, std::allocator<char> const&) (in /usr/lib64/libstdc++.so.6.0.19)
==63582==    by 0x5805560: char* std::string::_S_construct<char const*>(char const*, char const*, std::allocator<char> const&, std::forward_iterator_tag) (in /usr/lib64/libstdc++.so.6.0.19)
==63582==    by 0x5805997: std::basic_string<char, std::char_traits<char>, std::allocator<char> >::basic_string(char const*, std::allocator<char> const&) (in /usr/lib64/libstdc++.so.6.0.19)
==63582==    by 0x50B598E: ??? (in /usr/lib64/libyaml-cpp.so.0.5.1)
==63582==    by 0x400F9C2: _dl_init (in /usr/lib64/ld-2.17.so)
==63582==    by 0x4001179: ??? (in /usr/lib64/ld-2.17.so)
==63582==    by 0x1: ???
==63582==    by 0x1FFF0001C6: ???
==63582==    by 0x1FFF0001CD: ???
==63582== 
==63582== 30 bytes in 1 blocks are still reachable in loss record 368 of 677
==63582==    at 0x4C2A593: operator new(unsigned long) (vg_replace_malloc.c:344)
==63582==    by 0x5803CD8: std::string::_Rep::_S_create(unsigned long, unsigned long, std::allocator<char> const&) (in /usr/lib64/libstdc++.so.6.0.19)
==63582==    by 0x5805560: char* std::string::_S_construct<char const*>(char const*, char const*, std::allocator<char> const&, std::forward_iterator_tag) (in /usr/lib64/libstdc++.so.6.0.19)
==63582==    by 0x5805997: std::basic_string<char, std::char_traits<char>, std::allocator<char> >::basic_string(char const*, std::allocator<char> const&) (in /usr/lib64/libstdc++.so.6.0.19)
==63582==    by 0x50B5CB2: ??? (in /usr/lib64/libyaml-cpp.so.0.5.1)
==63582==    by 0x400F9C2: _dl_init (in /usr/lib64/ld-2.17.so)
==63582==    by 0x4001179: ??? (in /usr/lib64/ld-2.17.so)
==63582==    by 0x1: ???
==63582==    by 0x1FFF0001C6: ???
==63582==    by 0x1FFF0001CD: ???
==63582== 
==63582== 30 bytes in 1 blocks are still reachable in loss record 369 of 677
==63582==    at 0x4C2A593: operator new(unsigned long) (vg_replace_malloc.c:344)
==63582==    by 0x5803CD8: std::string::_Rep::_S_create(unsigned long, unsigned long, std::allocator<char> const&) (in /usr/lib64/libstdc++.so.6.0.19)
==63582==    by 0x5805560: char* std::string::_S_construct<char const*>(char const*, char const*, std::allocator<char> const&, std::forward_iterator_tag) (in /usr/lib64/libstdc++.so.6.0.19)
==63582==    by 0x5805997: std::basic_string<char, std::char_traits<char>, std::allocator<char> >::basic_string(char const*, std::allocator<char> const&) (in /usr/lib64/libstdc++.so.6.0.19)
==63582==    by 0x50B5CDE: ??? (in /usr/lib64/libyaml-cpp.so.0.5.1)
==63582==    by 0x400F9C2: _dl_init (in /usr/lib64/ld-2.17.so)
==63582==    by 0x4001179: ??? (in /usr/lib64/ld-2.17.so)
==63582==    by 0x1: ???
==63582==    by 0x1FFF0001C6: ???
==63582==    by 0x1FFF0001CD: ???
==63582== 
==63582== 30 bytes in 1 blocks are still reachable in loss record 370 of 677
==63582==    at 0x4C2A593: operator new(unsigned long) (vg_replace_malloc.c:344)
==63582==    by 0x5803CD8: std::string::_Rep::_S_create(unsigned long, unsigned long, std::allocator<char> const&) (in /usr/lib64/libstdc++.so.6.0.19)
==63582==    by 0x5805560: char* std::string::_S_construct<char const*>(char const*, char const*, std::allocator<char> const&, std::forward_iterator_tag) (in /usr/lib64/libstdc++.so.6.0.19)
==63582==    by 0x5805997: std::basic_string<char, std::char_traits<char>, std::allocator<char> >::basic_string(char const*, std::allocator<char> const&) (in /usr/lib64/libstdc++.so.6.0.19)
==63582==    by 0x50B5FD2: ??? (in /usr/lib64/libyaml-cpp.so.0.5.1)
==63582==    by 0x400F9C2: _dl_init (in /usr/lib64/ld-2.17.so)
==63582==    by 0x4001179: ??? (in /usr/lib64/ld-2.17.so)
==63582==    by 0x1: ???
==63582==    by 0x1FFF0001C6: ???
==63582==    by 0x1FFF0001CD: ???
==63582== 
==63582== 30 bytes in 1 blocks are still reachable in loss record 371 of 677
==63582==    at 0x4C2A593: operator new(unsigned long) (vg_replace_malloc.c:344)
==63582==    by 0x5803CD8: std::string::_Rep::_S_create(unsigned long, unsigned long, std::allocator<char> const&) (in /usr/lib64/libstdc++.so.6.0.19)
==63582==    by 0x5805560: char* std::string::_S_construct<char const*>(char const*, char const*, std::allocator<char> const&, std::forward_iterator_tag) (in /usr/lib64/libstdc++.so.6.0.19)
==63582==    by 0x5805997: std::basic_string<char, std::char_traits<char>, std::allocator<char> >::basic_string(char const*, std::allocator<char> const&) (in /usr/lib64/libstdc++.so.6.0.19)
==63582==    by 0x50B5FFE: ??? (in /usr/lib64/libyaml-cpp.so.0.5.1)
==63582==    by 0x400F9C2: _dl_init (in /usr/lib64/ld-2.17.so)
==63582==    by 0x4001179: ??? (in /usr/lib64/ld-2.17.so)
==63582==    by 0x1: ???
==63582==    by 0x1FFF0001C6: ???
==63582==    by 0x1FFF0001CD: ???
==63582== 
==63582== 31 bytes in 1 blocks are still reachable in loss record 372 of 677
==63582==    at 0x4C2A593: operator new(unsigned long) (vg_replace_malloc.c:344)
==63582==    by 0x5803CD8: std::string::_Rep::_S_create(unsigned long, unsigned long, std::allocator<char> const&) (in /usr/lib64/libstdc++.so.6.0.19)
==63582==    by 0x5805560: char* std::string::_S_construct<char const*>(char const*, char const*, std::allocator<char> const&, std::forward_iterator_tag) (in /usr/lib64/libstdc++.so.6.0.19)
==63582==    by 0x5805997: std::basic_string<char, std::char_traits<char>, std::allocator<char> >::basic_string(char const*, std::allocator<char> const&) (in /usr/lib64/libstdc++.so.6.0.19)
==63582==    by 0x50B47F8: ??? (in /usr/lib64/libyaml-cpp.so.0.5.1)
==63582==    by 0x400F9C2: _dl_init (in /usr/lib64/ld-2.17.so)
==63582==    by 0x4001179: ??? (in /usr/lib64/ld-2.17.so)
==63582==    by 0x1: ???
==63582==    by 0x1FFF0001C6: ???
==63582==    by 0x1FFF0001CD: ???
==63582== 
==63582== 31 bytes in 1 blocks are still reachable in loss record 373 of 677
==63582==    at 0x4C2A593: operator new(unsigned long) (vg_replace_malloc.c:344)
==63582==    by 0x5803CD8: std::string::_Rep::_S_create(unsigned long, unsigned long, std::allocator<char> const&) (in /usr/lib64/libstdc++.so.6.0.19)
==63582==    by 0x5805560: char* std::string::_S_construct<char const*>(char const*, char const*, std::allocator<char> const&, std::forward_iterator_tag) (in /usr/lib64/libstdc++.so.6.0.19)
==63582==    by 0x5805997: std::basic_string<char, std::char_traits<char>, std::allocator<char> >::basic_string(char const*, std::allocator<char> const&) (in /usr/lib64/libstdc++.so.6.0.19)
==63582==    by 0x50B483A: ??? (in /usr/lib64/libyaml-cpp.so.0.5.1)
==63582==    by 0x400F9C2: _dl_init (in /usr/lib64/ld-2.17.so)
==63582==    by 0x4001179: ??? (in /usr/lib64/ld-2.17.so)
==63582==    by 0x1: ???
==63582==    by 0x1FFF0001C6: ???
==63582==    by 0x1FFF0001CD: ???
==63582== 
==63582== 31 bytes in 1 blocks are still reachable in loss record 374 of 677
==63582==    at 0x4C2A593: operator new(unsigned long) (vg_replace_malloc.c:344)
==63582==    by 0x5803CD8: std::string::_Rep::_S_create(unsigned long, unsigned long, std::allocator<char> const&) (in /usr/lib64/libstdc++.so.6.0.19)
==63582==    by 0x5805560: char* std::string::_S_construct<char const*>(char const*, char const*, std::allocator<char> const&, std::forward_iterator_tag) (in /usr/lib64/libstdc++.so.6.0.19)
==63582==    by 0x5805997: std::basic_string<char, std::char_traits<char>, std::allocator<char> >::basic_string(char const*, std::allocator<char> const&) (in /usr/lib64/libstdc++.so.6.0.19)
==63582==    by 0x50B4B18: ??? (in /usr/lib64/libyaml-cpp.so.0.5.1)
==63582==    by 0x400F9C2: _dl_init (in /usr/lib64/ld-2.17.so)
==63582==    by 0x4001179: ??? (in /usr/lib64/ld-2.17.so)
==63582==    by 0x1: ???
==63582==    by 0x1FFF0001C6: ???
==63582==    by 0x1FFF0001CD: ???
==63582== 
==63582== 31 bytes in 1 blocks are still reachable in loss record 375 of 677
==63582==    at 0x4C2A593: operator new(unsigned long) (vg_replace_malloc.c:344)
==63582==    by 0x5803CD8: std::string::_Rep::_S_create(unsigned long, unsigned long, std::allocator<char> const&) (in /usr/lib64/libstdc++.so.6.0.19)
==63582==    by 0x5805560: char* std::string::_S_construct<char const*>(char const*, char const*, std::allocator<char> const&, std::forward_iterator_tag) (in /usr/lib64/libstdc++.so.6.0.19)
==63582==    by 0x5805997: std::basic_string<char, std::char_traits<char>, std::allocator<char> >::basic_string(char const*, std::allocator<char> const&) (in /usr/lib64/libstdc++.so.6.0.19)
==63582==    by 0x50B4B5A: ??? (in /usr/lib64/libyaml-cpp.so.0.5.1)
==63582==    by 0x400F9C2: _dl_init (in /usr/lib64/ld-2.17.so)
==63582==    by 0x4001179: ??? (in /usr/lib64/ld-2.17.so)
==63582==    by 0x1: ???
==63582==    by 0x1FFF0001C6: ???
==63582==    by 0x1FFF0001CD: ???
==63582== 
==63582== 31 bytes in 1 blocks are still reachable in loss record 376 of 677
==63582==    at 0x4C2A593: operator new(unsigned long) (vg_replace_malloc.c:344)
==63582==    by 0x5803CD8: std::string::_Rep::_S_create(unsigned long, unsigned long, std::allocator<char> const&) (in /usr/lib64/libstdc++.so.6.0.19)
==63582==    by 0x5805560: char* std::string::_S_construct<char const*>(char const*, char const*, std::allocator<char> const&, std::forward_iterator_tag) (in /usr/lib64/libstdc++.so.6.0.19)
==63582==    by 0x5805997: std::basic_string<char, std::char_traits<char>, std::allocator<char> >::basic_string(char const*, std::allocator<char> const&) (in /usr/lib64/libstdc++.so.6.0.19)
==63582==    by 0x50B4E38: ??? (in /usr/lib64/libyaml-cpp.so.0.5.1)
==63582==    by 0x400F9C2: _dl_init (in /usr/lib64/ld-2.17.so)
==63582==    by 0x4001179: ??? (in /usr/lib64/ld-2.17.so)
==63582==    by 0x1: ???
==63582==    by 0x1FFF0001C6: ???
==63582==    by 0x1FFF0001CD: ???
==63582== 
==63582== 31 bytes in 1 blocks are still reachable in loss record 377 of 677
==63582==    at 0x4C2A593: operator new(unsigned long) (vg_replace_malloc.c:344)
==63582==    by 0x5803CD8: std::string::_Rep::_S_create(unsigned long, unsigned long, std::allocator<char> const&) (in /usr/lib64/libstdc++.so.6.0.19)
==63582==    by 0x5805560: char* std::string::_S_construct<char const*>(char const*, char const*, std::allocator<char> const&, std::forward_iterator_tag) (in /usr/lib64/libstdc++.so.6.0.19)
==63582==    by 0x5805997: std::basic_string<char, std::char_traits<char>, std::allocator<char> >::basic_string(char const*, std::allocator<char> const&) (in /usr/lib64/libstdc++.so.6.0.19)
==63582==    by 0x50B4E7A: ??? (in /usr/lib64/libyaml-cpp.so.0.5.1)
==63582==    by 0x400F9C2: _dl_init (in /usr/lib64/ld-2.17.so)
==63582==    by 0x4001179: ??? (in /usr/lib64/ld-2.17.so)
==63582==    by 0x1: ???
==63582==    by 0x1FFF0001C6: ???
==63582==    by 0x1FFF0001CD: ???
==63582== 
==63582== 31 bytes in 1 blocks are still reachable in loss record 378 of 677
==63582==    at 0x4C2A593: operator new(unsigned long) (vg_replace_malloc.c:344)
==63582==    by 0x5803CD8: std::string::_Rep::_S_create(unsigned long, unsigned long, std::allocator<char> const&) (in /usr/lib64/libstdc++.so.6.0.19)
==63582==    by 0x5805560: char* std::string::_S_construct<char const*>(char const*, char const*, std::allocator<char> const&, std::forward_iterator_tag) (in /usr/lib64/libstdc++.so.6.0.19)
==63582==    by 0x5805997: std::basic_string<char, std::char_traits<char>, std::allocator<char> >::basic_string(char const*, std::allocator<char> const&) (in /usr/lib64/libstdc++.so.6.0.19)
==63582==    by 0x50B51E8: ??? (in /usr/lib64/libyaml-cpp.so.0.5.1)
==63582==    by 0x400F9C2: _dl_init (in /usr/lib64/ld-2.17.so)
==63582==    by 0x4001179: ??? (in /usr/lib64/ld-2.17.so)
==63582==    by 0x1: ???
==63582==    by 0x1FFF0001C6: ???
==63582==    by 0x1FFF0001CD: ???
==63582== 
==63582== 31 bytes in 1 blocks are still reachable in loss record 379 of 677
==63582==    at 0x4C2A593: operator new(unsigned long) (vg_replace_malloc.c:344)
==63582==    by 0x5803CD8: std::string::_Rep::_S_create(unsigned long, unsigned long, std::allocator<char> const&) (in /usr/lib64/libstdc++.so.6.0.19)
==63582==    by 0x5805560: char* std::string::_S_construct<char const*>(char const*, char const*, std::allocator<char> const&, std::forward_iterator_tag) (in /usr/lib64/libstdc++.so.6.0.19)
==63582==    by 0x5805997: std::basic_string<char, std::char_traits<char>, std::allocator<char> >::basic_string(char const*, std::allocator<char> const&) (in /usr/lib64/libstdc++.so.6.0.19)
==63582==    by 0x50B522A: ??? (in /usr/lib64/libyaml-cpp.so.0.5.1)
==63582==    by 0x400F9C2: _dl_init (in /usr/lib64/ld-2.17.so)
==63582==    by 0x4001179: ??? (in /usr/lib64/ld-2.17.so)
==63582==    by 0x1: ???
==63582==    by 0x1FFF0001C6: ???
==63582==    by 0x1FFF0001CD: ???
==63582== 
==63582== 31 bytes in 1 blocks are still reachable in loss record 380 of 677
==63582==    at 0x4C2A593: operator new(unsigned long) (vg_replace_malloc.c:344)
==63582==    by 0x5803CD8: std::string::_Rep::_S_create(unsigned long, unsigned long, std::allocator<char> const&) (in /usr/lib64/libstdc++.so.6.0.19)
==63582==    by 0x5805560: char* std::string::_S_construct<char const*>(char const*, char const*, std::allocator<char> const&, std::forward_iterator_tag) (in /usr/lib64/libstdc++.so.6.0.19)
==63582==    by 0x5805997: std::basic_string<char, std::char_traits<char>, std::allocator<char> >::basic_string(char const*, std::allocator<char> const&) (in /usr/lib64/libstdc++.so.6.0.19)
==63582==    by 0x50B5508: ??? (in /usr/lib64/libyaml-cpp.so.0.5.1)
==63582==    by 0x400F9C2: _dl_init (in /usr/lib64/ld-2.17.so)
==63582==    by 0x4001179: ??? (in /usr/lib64/ld-2.17.so)
==63582==    by 0x1: ???
==63582==    by 0x1FFF0001C6: ???
==63582==    by 0x1FFF0001CD: ???
==63582== 
==63582== 31 bytes in 1 blocks are still reachable in loss record 381 of 677
==63582==    at 0x4C2A593: operator new(unsigned long) (vg_replace_malloc.c:344)
==63582==    by 0x5803CD8: std::string::_Rep::_S_create(unsigned long, unsigned long, std::allocator<char> const&) (in /usr/lib64/libstdc++.so.6.0.19)
==63582==    by 0x5805560: char* std::string::_S_construct<char const*>(char const*, char const*, std::allocator<char> const&, std::forward_iterator_tag) (in /usr/lib64/libstdc++.so.6.0.19)
==63582==    by 0x5805997: std::basic_string<char, std::char_traits<char>, std::allocator<char> >::basic_string(char const*, std::allocator<char> const&) (in /usr/lib64/libstdc++.so.6.0.19)
==63582==    by 0x50B554A: ??? (in /usr/lib64/libyaml-cpp.so.0.5.1)
==63582==    by 0x400F9C2: _dl_init (in /usr/lib64/ld-2.17.so)
==63582==    by 0x4001179: ??? (in /usr/lib64/ld-2.17.so)
==63582==    by 0x1: ???
==63582==    by 0x1FFF0001C6: ???
==63582==    by 0x1FFF0001CD: ???
==63582== 
==63582== 31 bytes in 1 blocks are still reachable in loss record 382 of 677
==63582==    at 0x4C2A593: operator new(unsigned long) (vg_replace_malloc.c:344)
==63582==    by 0x5803CD8: std::string::_Rep::_S_create(unsigned long, unsigned long, std::allocator<char> const&) (in /usr/lib64/libstdc++.so.6.0.19)
==63582==    by 0x5805560: char* std::string::_S_construct<char const*>(char const*, char const*, std::allocator<char> const&, std::forward_iterator_tag) (in /usr/lib64/libstdc++.so.6.0.19)
==63582==    by 0x5805997: std::basic_string<char, std::char_traits<char>, std::allocator<char> >::basic_string(char const*, std::allocator<char> const&) (in /usr/lib64/libstdc++.so.6.0.19)
==63582==    by 0x50B5978: ??? (in /usr/lib64/libyaml-cpp.so.0.5.1)
==63582==    by 0x400F9C2: _dl_init (in /usr/lib64/ld-2.17.so)
==63582==    by 0x4001179: ??? (in /usr/lib64/ld-2.17.so)
==63582==    by 0x1: ???
==63582==    by 0x1FFF0001C6: ???
==63582==    by 0x1FFF0001CD: ???
==63582== 
==63582== 31 bytes in 1 blocks are still reachable in loss record 383 of 677
==63582==    at 0x4C2A593: operator new(unsigned long) (vg_replace_malloc.c:344)
==63582==    by 0x5803CD8: std::string::_Rep::_S_create(unsigned long, unsigned long, std::allocator<char> const&) (in /usr/lib64/libstdc++.so.6.0.19)
==63582==    by 0x5805560: char* std::string::_S_construct<char const*>(char const*, char const*, std::allocator<char> const&, std::forward_iterator_tag) (in /usr/lib64/libstdc++.so.6.0.19)
==63582==    by 0x5805997: std::basic_string<char, std::char_traits<char>, std::allocator<char> >::basic_string(char const*, std::allocator<char> const&) (in /usr/lib64/libstdc++.so.6.0.19)
==63582==    by 0x50B59BA: ??? (in /usr/lib64/libyaml-cpp.so.0.5.1)
==63582==    by 0x400F9C2: _dl_init (in /usr/lib64/ld-2.17.so)
==63582==    by 0x4001179: ??? (in /usr/lib64/ld-2.17.so)
==63582==    by 0x1: ???
==63582==    by 0x1FFF0001C6: ???
==63582==    by 0x1FFF0001CD: ???
==63582== 
==63582== 31 bytes in 1 blocks are still reachable in loss record 384 of 677
==63582==    at 0x4C2A593: operator new(unsigned long) (vg_replace_malloc.c:344)
==63582==    by 0x5803CD8: std::string::_Rep::_S_create(unsigned long, unsigned long, std::allocator<char> const&) (in /usr/lib64/libstdc++.so.6.0.19)
==63582==    by 0x5805560: char* std::string::_S_construct<char const*>(char const*, char const*, std::allocator<char> const&, std::forward_iterator_tag) (in /usr/lib64/libstdc++.so.6.0.19)
==63582==    by 0x5805997: std::basic_string<char, std::char_traits<char>, std::allocator<char> >::basic_string(char const*, std::allocator<char> const&) (in /usr/lib64/libstdc++.so.6.0.19)
==63582==    by 0x50B5CC8: ??? (in /usr/lib64/libyaml-cpp.so.0.5.1)
==63582==    by 0x400F9C2: _dl_init (in /usr/lib64/ld-2.17.so)
==63582==    by 0x4001179: ??? (in /usr/lib64/ld-2.17.so)
==63582==    by 0x1: ???
==63582==    by 0x1FFF0001C6: ???
==63582==    by 0x1FFF0001CD: ???
==63582== 
==63582== 31 bytes in 1 blocks are still reachable in loss record 385 of 677
==63582==    at 0x4C2A593: operator new(unsigned long) (vg_replace_malloc.c:344)
==63582==    by 0x5803CD8: std::string::_Rep::_S_create(unsigned long, unsigned long, std::allocator<char> const&) (in /usr/lib64/libstdc++.so.6.0.19)
==63582==    by 0x5805560: char* std::string::_S_construct<char const*>(char const*, char const*, std::allocator<char> const&, std::forward_iterator_tag) (in /usr/lib64/libstdc++.so.6.0.19)
==63582==    by 0x5805997: std::basic_string<char, std::char_traits<char>, std::allocator<char> >::basic_string(char const*, std::allocator<char> const&) (in /usr/lib64/libstdc++.so.6.0.19)
==63582==    by 0x50B5D0A: ??? (in /usr/lib64/libyaml-cpp.so.0.5.1)
==63582==    by 0x400F9C2: _dl_init (in /usr/lib64/ld-2.17.so)
==63582==    by 0x4001179: ??? (in /usr/lib64/ld-2.17.so)
==63582==    by 0x1: ???
==63582==    by 0x1FFF0001C6: ???
==63582==    by 0x1FFF0001CD: ???
==63582== 
==63582== 31 bytes in 1 blocks are still reachable in loss record 386 of 677
==63582==    at 0x4C2A593: operator new(unsigned long) (vg_replace_malloc.c:344)
==63582==    by 0x5803CD8: std::string::_Rep::_S_create(unsigned long, unsigned long, std::allocator<char> const&) (in /usr/lib64/libstdc++.so.6.0.19)
==63582==    by 0x5805560: char* std::string::_S_construct<char const*>(char const*, char const*, std::allocator<char> const&, std::forward_iterator_tag) (in /usr/lib64/libstdc++.so.6.0.19)
==63582==    by 0x5805997: std::basic_string<char, std::char_traits<char>, std::allocator<char> >::basic_string(char const*, std::allocator<char> const&) (in /usr/lib64/libstdc++.so.6.0.19)
==63582==    by 0x50B5FE8: ??? (in /usr/lib64/libyaml-cpp.so.0.5.1)
==63582==    by 0x400F9C2: _dl_init (in /usr/lib64/ld-2.17.so)
==63582==    by 0x4001179: ??? (in /usr/lib64/ld-2.17.so)
==63582==    by 0x1: ???
==63582==    by 0x1FFF0001C6: ???
==63582==    by 0x1FFF0001CD: ???
==63582== 
==63582== 31 bytes in 1 blocks are still reachable in loss record 387 of 677
==63582==    at 0x4C2A593: operator new(unsigned long) (vg_replace_malloc.c:344)
==63582==    by 0x5803CD8: std::string::_Rep::_S_create(unsigned long, unsigned long, std::allocator<char> const&) (in /usr/lib64/libstdc++.so.6.0.19)
==63582==    by 0x5805560: char* std::string::_S_construct<char const*>(char const*, char const*, std::allocator<char> const&, std::forward_iterator_tag) (in /usr/lib64/libstdc++.so.6.0.19)
==63582==    by 0x5805997: std::basic_string<char, std::char_traits<char>, std::allocator<char> >::basic_string(char const*, std::allocator<char> const&) (in /usr/lib64/libstdc++.so.6.0.19)
==63582==    by 0x50B602A: ??? (in /usr/lib64/libyaml-cpp.so.0.5.1)
==63582==    by 0x400F9C2: _dl_init (in /usr/lib64/ld-2.17.so)
==63582==    by 0x4001179: ??? (in /usr/lib64/ld-2.17.so)
==63582==    by 0x1: ???
==63582==    by 0x1FFF0001C6: ???
==63582==    by 0x1FFF0001CD: ???
==63582== 
==63582== 32 bytes in 1 blocks are still reachable in loss record 388 of 677
==63582==    at 0x4C2A593: operator new(unsigned long) (vg_replace_malloc.c:344)
==63582==    by 0x5803CD8: std::string::_Rep::_S_create(unsigned long, unsigned long, std::allocator<char> const&) (in /usr/lib64/libstdc++.so.6.0.19)
==63582==    by 0x5805560: char* std::string::_S_construct<char const*>(char const*, char const*, std::allocator<char> const&, std::forward_iterator_tag) (in /usr/lib64/libstdc++.so.6.0.19)
==63582==    by 0x5805997: std::basic_string<char, std::char_traits<char>, std::allocator<char> >::basic_string(char const*, std::allocator<char> const&) (in /usr/lib64/libstdc++.so.6.0.19)
==63582==    by 0x50B46C4: ??? (in /usr/lib64/libyaml-cpp.so.0.5.1)
==63582==    by 0x400F9C2: _dl_init (in /usr/lib64/ld-2.17.so)
==63582==    by 0x4001179: ??? (in /usr/lib64/ld-2.17.so)
==63582==    by 0x1: ???
==63582==    by 0x1FFF0001C6: ???
==63582==    by 0x1FFF0001CD: ???
==63582== 
==63582== 32 bytes in 1 blocks are still reachable in loss record 389 of 677
==63582==    at 0x4C2A593: operator new(unsigned long) (vg_replace_malloc.c:344)
==63582==    by 0x5803CD8: std::string::_Rep::_S_create(unsigned long, unsigned long, std::allocator<char> const&) (in /usr/lib64/libstdc++.so.6.0.19)
==63582==    by 0x5805560: char* std::string::_S_construct<char const*>(char const*, char const*, std::allocator<char> const&, std::forward_iterator_tag) (in /usr/lib64/libstdc++.so.6.0.19)
==63582==    by 0x5805997: std::basic_string<char, std::char_traits<char>, std::allocator<char> >::basic_string(char const*, std::allocator<char> const&) (in /usr/lib64/libstdc++.so.6.0.19)
==63582==    by 0x50B49E4: ??? (in /usr/lib64/libyaml-cpp.so.0.5.1)
==63582==    by 0x400F9C2: _dl_init (in /usr/lib64/ld-2.17.so)
==63582==    by 0x4001179: ??? (in /usr/lib64/ld-2.17.so)
==63582==    by 0x1: ???
==63582==    by 0x1FFF0001C6: ???
==63582==    by 0x1FFF0001CD: ???
==63582== 
==63582== 32 bytes in 1 blocks are still reachable in loss record 390 of 677
==63582==    at 0x4C2A593: operator new(unsigned long) (vg_replace_malloc.c:344)
==63582==    by 0x5803CD8: std::string::_Rep::_S_create(unsigned long, unsigned long, std::allocator<char> const&) (in /usr/lib64/libstdc++.so.6.0.19)
==63582==    by 0x5805560: char* std::string::_S_construct<char const*>(char const*, char const*, std::allocator<char> const&, std::forward_iterator_tag) (in /usr/lib64/libstdc++.so.6.0.19)
==63582==    by 0x5805997: std::basic_string<char, std::char_traits<char>, std::allocator<char> >::basic_string(char const*, std::allocator<char> const&) (in /usr/lib64/libstdc++.so.6.0.19)
==63582==    by 0x50B4D04: ??? (in /usr/lib64/libyaml-cpp.so.0.5.1)
==63582==    by 0x400F9C2: _dl_init (in /usr/lib64/ld-2.17.so)
==63582==    by 0x4001179: ??? (in /usr/lib64/ld-2.17.so)
==63582==    by 0x1: ???
==63582==    by 0x1FFF0001C6: ???
==63582==    by 0x1FFF0001CD: ???
==63582== 
==63582== 32 bytes in 1 blocks are still reachable in loss record 391 of 677
==63582==    at 0x4C2A593: operator new(unsigned long) (vg_replace_malloc.c:344)
==63582==    by 0x5803CD8: std::string::_Rep::_S_create(unsigned long, unsigned long, std::allocator<char> const&) (in /usr/lib64/libstdc++.so.6.0.19)
==63582==    by 0x5805560: char* std::string::_S_construct<char const*>(char const*, char const*, std::allocator<char> const&, std::forward_iterator_tag) (in /usr/lib64/libstdc++.so.6.0.19)
==63582==    by 0x5805997: std::basic_string<char, std::char_traits<char>, std::allocator<char> >::basic_string(char const*, std::allocator<char> const&) (in /usr/lib64/libstdc++.so.6.0.19)
==63582==    by 0x50B50B4: ??? (in /usr/lib64/libyaml-cpp.so.0.5.1)
==63582==    by 0x400F9C2: _dl_init (in /usr/lib64/ld-2.17.so)
==63582==    by 0x4001179: ??? (in /usr/lib64/ld-2.17.so)
==63582==    by 0x1: ???
==63582==    by 0x1FFF0001C6: ???
==63582==    by 0x1FFF0001CD: ???
==63582== 
==63582== 32 bytes in 1 blocks are still reachable in loss record 392 of 677
==63582==    at 0x4C2A593: operator new(unsigned long) (vg_replace_malloc.c:344)
==63582==    by 0x5803CD8: std::string::_Rep::_S_create(unsigned long, unsigned long, std::allocator<char> const&) (in /usr/lib64/libstdc++.so.6.0.19)
==63582==    by 0x5805560: char* std::string::_S_construct<char const*>(char const*, char const*, std::allocator<char> const&, std::forward_iterator_tag) (in /usr/lib64/libstdc++.so.6.0.19)
==63582==    by 0x5805997: std::basic_string<char, std::char_traits<char>, std::allocator<char> >::basic_string(char const*, std::allocator<char> const&) (in /usr/lib64/libstdc++.so.6.0.19)
==63582==    by 0x50B53D4: ??? (in /usr/lib64/libyaml-cpp.so.0.5.1)
==63582==    by 0x400F9C2: _dl_init (in /usr/lib64/ld-2.17.so)
==63582==    by 0x4001179: ??? (in /usr/lib64/ld-2.17.so)
==63582==    by 0x1: ???
==63582==    by 0x1FFF0001C6: ???
==63582==    by 0x1FFF0001CD: ???
==63582== 
==63582== 32 bytes in 1 blocks are still reachable in loss record 393 of 677
==63582==    at 0x4C2A593: operator new(unsigned long) (vg_replace_malloc.c:344)
==63582==    by 0x5803CD8: std::string::_Rep::_S_create(unsigned long, unsigned long, std::allocator<char> const&) (in /usr/lib64/libstdc++.so.6.0.19)
==63582==    by 0x5805560: char* std::string::_S_construct<char const*>(char const*, char const*, std::allocator<char> const&, std::forward_iterator_tag) (in /usr/lib64/libstdc++.so.6.0.19)
==63582==    by 0x5805997: std::basic_string<char, std::char_traits<char>, std::allocator<char> >::basic_string(char const*, std::allocator<char> const&) (in /usr/lib64/libstdc++.so.6.0.19)
==63582==    by 0x50B5844: ??? (in /usr/lib64/libyaml-cpp.so.0.5.1)
==63582==    by 0x400F9C2: _dl_init (in /usr/lib64/ld-2.17.so)
==63582==    by 0x4001179: ??? (in /usr/lib64/ld-2.17.so)
==63582==    by 0x1: ???
==63582==    by 0x1FFF0001C6: ???
==63582==    by 0x1FFF0001CD: ???
==63582== 
==63582== 32 bytes in 1 blocks are still reachable in loss record 394 of 677
==63582==    at 0x4C2A593: operator new(unsigned long) (vg_replace_malloc.c:344)
==63582==    by 0x5803CD8: std::string::_Rep::_S_create(unsigned long, unsigned long, std::allocator<char> const&) (in /usr/lib64/libstdc++.so.6.0.19)
==63582==    by 0x5805560: char* std::string::_S_construct<char const*>(char const*, char const*, std::allocator<char> const&, std::forward_iterator_tag) (in /usr/lib64/libstdc++.so.6.0.19)
==63582==    by 0x5805997: std::basic_string<char, std::char_traits<char>, std::allocator<char> >::basic_string(char const*, std::allocator<char> const&) (in /usr/lib64/libstdc++.so.6.0.19)
==63582==    by 0x50B5B94: ??? (in /usr/lib64/libyaml-cpp.so.0.5.1)
==63582==    by 0x400F9C2: _dl_init (in /usr/lib64/ld-2.17.so)
==63582==    by 0x4001179: ??? (in /usr/lib64/ld-2.17.so)
==63582==    by 0x1: ???
==63582==    by 0x1FFF0001C6: ???
==63582==    by 0x1FFF0001CD: ???
==63582== 
==63582== 32 bytes in 1 blocks are still reachable in loss record 395 of 677
==63582==    at 0x4C2A593: operator new(unsigned long) (vg_replace_malloc.c:344)
==63582==    by 0x5803CD8: std::string::_Rep::_S_create(unsigned long, unsigned long, std::allocator<char> const&) (in /usr/lib64/libstdc++.so.6.0.19)
==63582==    by 0x5805560: char* std::string::_S_construct<char const*>(char const*, char const*, std::allocator<char> const&, std::forward_iterator_tag) (in /usr/lib64/libstdc++.so.6.0.19)
==63582==    by 0x5805997: std::basic_string<char, std::char_traits<char>, std::allocator<char> >::basic_string(char const*, std::allocator<char> const&) (in /usr/lib64/libstdc++.so.6.0.19)
==63582==    by 0x50B5EB4: ??? (in /usr/lib64/libyaml-cpp.so.0.5.1)
==63582==    by 0x400F9C2: _dl_init (in /usr/lib64/ld-2.17.so)
==63582==    by 0x4001179: ??? (in /usr/lib64/ld-2.17.so)
==63582==    by 0x1: ???
==63582==    by 0x1FFF0001C6: ???
==63582==    by 0x1FFF0001CD: ???
==63582== 
==63582== 32 bytes in 1 blocks are still reachable in loss record 396 of 677
==63582==    at 0x4C2C089: calloc (vg_replace_malloc.c:762)
==63582==    by 0x653F60F: _dlerror_run (in /usr/lib64/libdl-2.17.so)
==63582==    by 0x653F040: dlopen@@GLIBC_2.2.5 (in /usr/lib64/libdl-2.17.so)
==63582==    by 0x633A534: vm_open (in /usr/local/oushu/oushudb-5.0.0.0/lib/libltdl.so.7.3.1)
==63582==    by 0x6339A87: tryall_dlopen (in /usr/local/oushu/oushudb-5.0.0.0/lib/libltdl.so.7.3.1)
==63582==    by 0x63378BA: try_dlopen (in /usr/local/oushu/oushudb-5.0.0.0/lib/libltdl.so.7.3.1)
==63582==    by 0x6337354: lt_dlopen (in /usr/local/oushu/oushudb-5.0.0.0/lib/libltdl.so.7.3.1)
==63582==    by 0x4E4353F: ??? (in /usr/lib64/libodbc.so.2.0.0)
==63582==    by 0x4E43BE4: ??? (in /usr/lib64/libodbc.so.2.0.0)
==63582==    by 0x4E46AF6: SQLConnect (in /usr/lib64/libodbc.so.2.0.0)
==63582==    by 0x406579: CppODBC::Connect(char const*, char const*, char const*) (cpp_odbc.cpp:100)
==63582==    by 0x4059D2: main (main.cpp:308)
==63582== 
==63582== 32 bytes in 1 blocks are still reachable in loss record 397 of 677
==63582==    at 0x4C2C089: calloc (vg_replace_malloc.c:762)
==63582==    by 0x4E440DE: ??? (in /usr/lib64/libodbc.so.2.0.0)
==63582==    by 0x4E46AF6: SQLConnect (in /usr/lib64/libodbc.so.2.0.0)
==63582==    by 0x406579: CppODBC::Connect(char const*, char const*, char const*) (cpp_odbc.cpp:100)
==63582==    by 0x4059D2: main (main.cpp:308)
==63582== 
==63582== 32 bytes in 1 blocks are still reachable in loss record 398 of 677
==63582==    at 0x4C2A593: operator new(unsigned long) (vg_replace_malloc.c:344)
==63582==    by 0x50EF5C1: std::vector<YAML::RegEx, std::allocator<YAML::RegEx> >::_M_insert_aux(__gnu_cxx::__normal_iterator<YAML::RegEx*, std::vector<YAML::RegEx, std::allocator<YAML::RegEx> > >, YAML::RegEx const&) (in /usr/lib64/libyaml-cpp.so.0.5.1)
==63582==    by 0x50EA910: YAML::operator!(YAML::RegEx const&) (in /usr/lib64/libyaml-cpp.so.0.5.1)
==63582==    by 0x50E7281: YAML::Exp::PlainScalar() (in /usr/lib64/libyaml-cpp.so.0.5.1)
==63582==    by 0x50E4999: YAML::Scanner::ScanNextToken() (in /usr/lib64/libyaml-cpp.so.0.5.1)
==63582==    by 0x50E4CA4: YAML::Scanner::EnsureTokensInQueue() (in /usr/lib64/libyaml-cpp.so.0.5.1)
==63582==    by 0x50E4E18: YAML::Scanner::empty() (in /usr/lib64/libyaml-cpp.so.0.5.1)
==63582==    by 0x50C649D: YAML::Parser::ParseDirectives() (in /usr/lib64/libyaml-cpp.so.0.5.1)
==63582==    by 0x50C64E8: YAML::Parser::HandleNextDocument(YAML::EventHandler&) (in /usr/lib64/libyaml-cpp.so.0.5.1)
==63582==    by 0x50D94D3: YAML::Load(std::istream&) (in /usr/lib64/libyaml-cpp.so.0.5.1)
==63582==    by 0x50D9F09: YAML::LoadFile(std::string const&) (in /usr/lib64/libyaml-cpp.so.0.5.1)
==63582==    by 0x4072D4: readConfig(Data&, std::vector<std::vector<std::string, std::allocator<std::string> >, std::allocator<std::vector<std::string, std::allocator<std::string> > > >&, std::vector<std::vector<int, std::allocator<int> >, std::allocator<std::vector<int, std::allocator<int> > > >&) (main.cpp:69)
==63582== 
==63582== 32 bytes in 1 blocks are still reachable in loss record 399 of 677
==63582==    at 0x4C2A593: operator new(unsigned long) (vg_replace_malloc.c:344)
==63582==    by 0x5803CD8: std::string::_Rep::_S_create(unsigned long, unsigned long, std::allocator<char> const&) (in /usr/lib64/libstdc++.so.6.0.19)
==63582==    by 0x40F000: char* std::string::_S_construct<char*>(char*, char*, std::allocator<char> const&, std::forward_iterator_tag) (basic_string.tcc:138)
==63582==    by 0x580545B: std::basic_string<char, std::char_traits<char>, std::allocator<char> >::basic_string(std::string const&, unsigned long, unsigned long) (in /usr/lib64/libstdc++.so.6.0.19)
==63582==    by 0x407121: substr (basic_string.h:2208)
==63582==    by 0x407121: SplitStr(std::string, char) (main.cpp:46)
==63582==    by 0x40796A: readConfig(Data&, std::vector<std::vector<std::string, std::allocator<std::string> >, std::allocator<std::vector<std::string, std::allocator<std::string> > > >&, std::vector<std::vector<int, std::allocator<int> >, std::allocator<std::vector<int, std::allocator<int> > > >&) (main.cpp:89)
==63582==    by 0x405AB8: main (main.cpp:316)
==63582== 
==63582== 32 bytes in 1 blocks are still reachable in loss record 400 of 677
==63582==    at 0x4C2C089: calloc (vg_replace_malloc.c:762)
==63582==    by 0x653F60F: _dlerror_run (in /usr/lib64/libdl-2.17.so)
==63582==    by 0x653F117: dlsym (in /usr/lib64/libdl-2.17.so)
==63582==    by 0x633A59B: vm_sym (in /usr/local/oushu/oushudb-5.0.0.0/lib/libltdl.so.7.3.1)
==63582==    by 0x6339094: lt_dlsym (in /usr/local/oushu/oushudb-5.0.0.0/lib/libltdl.so.7.3.1)
==63582==    by 0x4E43C03: ??? (in /usr/lib64/libodbc.so.2.0.0)
==63582==    by 0x4E46AF6: SQLConnect (in /usr/lib64/libodbc.so.2.0.0)
==63582==    by 0x406579: CppODBC::Connect(char const*, char const*, char const*) (cpp_odbc.cpp:100)
==63582==    by 0x408D0F: sqlexec(std::vector<std::string, std::allocator<std::string> >, std::vector<int, std::allocator<int> >) (main.cpp:202)
==63582==    by 0x40AAE6: std::_Function_handler<void (std::vector<std::string, std::allocator<std::string> >, std::vector<int, std::allocator<int> >), void (*)(std::vector<std::string, std::allocator<std::string> >, std::vector<int, std::allocator<int> >)>::_M_invoke(std::_Any_data const&, std::vector<std::string, std::allocator<std::string> >, std::vector<int, std::allocator<int> >) (functional:2071)
==63582==    by 0x40C9CE: operator() (functional:2471)
==63582==    by 0x40C9CE: thread_pool::worker() (thread_pool.cpp:127)
==63582==    by 0x57FB32F: ??? (in /usr/lib64/libstdc++.so.6.0.19)
==63582== 
==63582== 34 bytes in 1 blocks are still reachable in loss record 401 of 677
==63582==    at 0x4C2A593: operator new(unsigned long) (vg_replace_malloc.c:344)
==63582==    by 0x5803CD8: std::string::_Rep::_S_create(unsigned long, unsigned long, std::allocator<char> const&) (in /usr/lib64/libstdc++.so.6.0.19)
==63582==    by 0x5805560: char* std::string::_S_construct<char const*>(char const*, char const*, std::allocator<char> const&, std::forward_iterator_tag) (in /usr/lib64/libstdc++.so.6.0.19)
==63582==    by 0x5805997: std::basic_string<char, std::char_traits<char>, std::allocator<char> >::basic_string(char const*, std::allocator<char> const&) (in /usr/lib64/libstdc++.so.6.0.19)
==63582==    by 0x50B4698: ??? (in /usr/lib64/libyaml-cpp.so.0.5.1)
==63582==    by 0x400F9C2: _dl_init (in /usr/lib64/ld-2.17.so)
==63582==    by 0x4001179: ??? (in /usr/lib64/ld-2.17.so)
==63582==    by 0x1: ???
==63582==    by 0x1FFF0001C6: ???
==63582==    by 0x1FFF0001CD: ???
==63582== 
==63582== 34 bytes in 1 blocks are still reachable in loss record 402 of 677
==63582==    at 0x4C2A593: operator new(unsigned long) (vg_replace_malloc.c:344)
==63582==    by 0x5803CD8: std::string::_Rep::_S_create(unsigned long, unsigned long, std::allocator<char> const&) (in /usr/lib64/libstdc++.so.6.0.19)
==63582==    by 0x5805560: char* std::string::_S_construct<char const*>(char const*, char const*, std::allocator<char> const&, std::forward_iterator_tag) (in /usr/lib64/libstdc++.so.6.0.19)
==63582==    by 0x5805997: std::basic_string<char, std::char_traits<char>, std::allocator<char> >::basic_string(char const*, std::allocator<char> const&) (in /usr/lib64/libstdc++.so.6.0.19)
==63582==    by 0x50B46AE: ??? (in /usr/lib64/libyaml-cpp.so.0.5.1)
==63582==    by 0x400F9C2: _dl_init (in /usr/lib64/ld-2.17.so)
==63582==    by 0x4001179: ??? (in /usr/lib64/ld-2.17.so)
==63582==    by 0x1: ???
==63582==    by 0x1FFF0001C6: ???
==63582==    by 0x1FFF0001CD: ???
==63582== 
==63582== 34 bytes in 1 blocks are still reachable in loss record 403 of 677
==63582==    at 0x4C2A593: operator new(unsigned long) (vg_replace_malloc.c:344)
==63582==    by 0x5803CD8: std::string::_Rep::_S_create(unsigned long, unsigned long, std::allocator<char> const&) (in /usr/lib64/libstdc++.so.6.0.19)
==63582==    by 0x5805560: char* std::string::_S_construct<char const*>(char const*, char const*, std::allocator<char> const&, std::forward_iterator_tag) (in /usr/lib64/libstdc++.so.6.0.19)
==63582==    by 0x5805997: std::basic_string<char, std::char_traits<char>, std::allocator<char> >::basic_string(char const*, std::allocator<char> const&) (in /usr/lib64/libstdc++.so.6.0.19)
==63582==    by 0x50B49B8: ??? (in /usr/lib64/libyaml-cpp.so.0.5.1)
==63582==    by 0x400F9C2: _dl_init (in /usr/lib64/ld-2.17.so)
==63582==    by 0x4001179: ??? (in /usr/lib64/ld-2.17.so)
==63582==    by 0x1: ???
==63582==    by 0x1FFF0001C6: ???
==63582==    by 0x1FFF0001CD: ???
==63582== 
==63582== 34 bytes in 1 blocks are still reachable in loss record 404 of 677
==63582==    at 0x4C2A593: operator new(unsigned long) (vg_replace_malloc.c:344)
==63582==    by 0x5803CD8: std::string::_Rep::_S_create(unsigned long, unsigned long, std::allocator<char> const&) (in /usr/lib64/libstdc++.so.6.0.19)
==63582==    by 0x5805560: char* std::string::_S_construct<char const*>(char const*, char const*, std::allocator<char> const&, std::forward_iterator_tag) (in /usr/lib64/libstdc++.so.6.0.19)
==63582==    by 0x5805997: std::basic_string<char, std::char_traits<char>, std::allocator<char> >::basic_string(char const*, std::allocator<char> const&) (in /usr/lib64/libstdc++.so.6.0.19)
==63582==    by 0x50B49CE: ??? (in /usr/lib64/libyaml-cpp.so.0.5.1)
==63582==    by 0x400F9C2: _dl_init (in /usr/lib64/ld-2.17.so)
==63582==    by 0x4001179: ??? (in /usr/lib64/ld-2.17.so)
==63582==    by 0x1: ???
==63582==    by 0x1FFF0001C6: ???
==63582==    by 0x1FFF0001CD: ???
==63582== 
==63582== 34 bytes in 1 blocks are still reachable in loss record 405 of 677
==63582==    at 0x4C2A593: operator new(unsigned long) (vg_replace_malloc.c:344)
==63582==    by 0x5803CD8: std::string::_Rep::_S_create(unsigned long, unsigned long, std::allocator<char> const&) (in /usr/lib64/libstdc++.so.6.0.19)
==63582==    by 0x5805560: char* std::string::_S_construct<char const*>(char const*, char const*, std::allocator<char> const&, std::forward_iterator_tag) (in /usr/lib64/libstdc++.so.6.0.19)
==63582==    by 0x5805997: std::basic_string<char, std::char_traits<char>, std::allocator<char> >::basic_string(char const*, std::allocator<char> const&) (in /usr/lib64/libstdc++.so.6.0.19)
==63582==    by 0x50B4CD8: ??? (in /usr/lib64/libyaml-cpp.so.0.5.1)
==63582==    by 0x400F9C2: _dl_init (in /usr/lib64/ld-2.17.so)
==63582==    by 0x4001179: ??? (in /usr/lib64/ld-2.17.so)
==63582==    by 0x1: ???
==63582==    by 0x1FFF0001C6: ???
==63582==    by 0x1FFF0001CD: ???
==63582== 
==63582== 34 bytes in 1 blocks are still reachable in loss record 406 of 677
==63582==    at 0x4C2A593: operator new(unsigned long) (vg_replace_malloc.c:344)
==63582==    by 0x5803CD8: std::string::_Rep::_S_create(unsigned long, unsigned long, std::allocator<char> const&) (in /usr/lib64/libstdc++.so.6.0.19)
==63582==    by 0x5805560: char* std::string::_S_construct<char const*>(char const*, char const*, std::allocator<char> const&, std::forward_iterator_tag) (in /usr/lib64/libstdc++.so.6.0.19)
==63582==    by 0x5805997: std::basic_string<char, std::char_traits<char>, std::allocator<char> >::basic_string(char const*, std::allocator<char> const&) (in /usr/lib64/libstdc++.so.6.0.19)
==63582==    by 0x50B4CEE: ??? (in /usr/lib64/libyaml-cpp.so.0.5.1)
==63582==    by 0x400F9C2: _dl_init (in /usr/lib64/ld-2.17.so)
==63582==    by 0x4001179: ??? (in /usr/lib64/ld-2.17.so)
==63582==    by 0x1: ???
==63582==    by 0x1FFF0001C6: ???
==63582==    by 0x1FFF0001CD: ???
==63582== 
==63582== 34 bytes in 1 blocks are still reachable in loss record 407 of 677
==63582==    at 0x4C2A593: operator new(unsigned long) (vg_replace_malloc.c:344)
==63582==    by 0x5803CD8: std::string::_Rep::_S_create(unsigned long, unsigned long, std::allocator<char> const&) (in /usr/lib64/libstdc++.so.6.0.19)
==63582==    by 0x5805560: char* std::string::_S_construct<char const*>(char const*, char const*, std::allocator<char> const&, std::forward_iterator_tag) (in /usr/lib64/libstdc++.so.6.0.19)
==63582==    by 0x5805997: std::basic_string<char, std::char_traits<char>, std::allocator<char> >::basic_string(char const*, std::allocator<char> const&) (in /usr/lib64/libstdc++.so.6.0.19)
==63582==    by 0x50B5088: ??? (in /usr/lib64/libyaml-cpp.so.0.5.1)
==63582==    by 0x400F9C2: _dl_init (in /usr/lib64/ld-2.17.so)
==63582==    by 0x4001179: ??? (in /usr/lib64/ld-2.17.so)
==63582==    by 0x1: ???
==63582==    by 0x1FFF0001C6: ???
==63582==    by 0x1FFF0001CD: ???
==63582== 
==63582== 34 bytes in 1 blocks are still reachable in loss record 408 of 677
==63582==    at 0x4C2A593: operator new(unsigned long) (vg_replace_malloc.c:344)
==63582==    by 0x5803CD8: std::string::_Rep::_S_create(unsigned long, unsigned long, std::allocator<char> const&) (in /usr/lib64/libstdc++.so.6.0.19)
==63582==    by 0x5805560: char* std::string::_S_construct<char const*>(char const*, char const*, std::allocator<char> const&, std::forward_iterator_tag) (in /usr/lib64/libstdc++.so.6.0.19)
==63582==    by 0x5805997: std::basic_string<char, std::char_traits<char>, std::allocator<char> >::basic_string(char const*, std::allocator<char> const&) (in /usr/lib64/libstdc++.so.6.0.19)
==63582==    by 0x50B509E: ??? (in /usr/lib64/libyaml-cpp.so.0.5.1)
==63582==    by 0x400F9C2: _dl_init (in /usr/lib64/ld-2.17.so)
==63582==    by 0x4001179: ??? (in /usr/lib64/ld-2.17.so)
==63582==    by 0x1: ???
==63582==    by 0x1FFF0001C6: ???
==63582==    by 0x1FFF0001CD: ???
==63582== 
==63582== 34 bytes in 1 blocks are still reachable in loss record 409 of 677
==63582==    at 0x4C2A593: operator new(unsigned long) (vg_replace_malloc.c:344)
==63582==    by 0x5803CD8: std::string::_Rep::_S_create(unsigned long, unsigned long, std::allocator<char> const&) (in /usr/lib64/libstdc++.so.6.0.19)
==63582==    by 0x5805560: char* std::string::_S_construct<char const*>(char const*, char const*, std::allocator<char> const&, std::forward_iterator_tag) (in /usr/lib64/libstdc++.so.6.0.19)
==63582==    by 0x5805997: std::basic_string<char, std::char_traits<char>, std::allocator<char> >::basic_string(char const*, std::allocator<char> const&) (in /usr/lib64/libstdc++.so.6.0.19)
==63582==    by 0x50B53A8: ??? (in /usr/lib64/libyaml-cpp.so.0.5.1)
==63582==    by 0x400F9C2: _dl_init (in /usr/lib64/ld-2.17.so)
==63582==    by 0x4001179: ??? (in /usr/lib64/ld-2.17.so)
==63582==    by 0x1: ???
==63582==    by 0x1FFF0001C6: ???
==63582==    by 0x1FFF0001CD: ???
==63582== 
==63582== 34 bytes in 1 blocks are still reachable in loss record 410 of 677
==63582==    at 0x4C2A593: operator new(unsigned long) (vg_replace_malloc.c:344)
==63582==    by 0x5803CD8: std::string::_Rep::_S_create(unsigned long, unsigned long, std::allocator<char> const&) (in /usr/lib64/libstdc++.so.6.0.19)
==63582==    by 0x5805560: char* std::string::_S_construct<char const*>(char const*, char const*, std::allocator<char> const&, std::forward_iterator_tag) (in /usr/lib64/libstdc++.so.6.0.19)
==63582==    by 0x5805997: std::basic_string<char, std::char_traits<char>, std::allocator<char> >::basic_string(char const*, std::allocator<char> const&) (in /usr/lib64/libstdc++.so.6.0.19)
==63582==    by 0x50B53BE: ??? (in /usr/lib64/libyaml-cpp.so.0.5.1)
==63582==    by 0x400F9C2: _dl_init (in /usr/lib64/ld-2.17.so)
==63582==    by 0x4001179: ??? (in /usr/lib64/ld-2.17.so)
==63582==    by 0x1: ???
==63582==    by 0x1FFF0001C6: ???
==63582==    by 0x1FFF0001CD: ???
==63582== 
==63582== 34 bytes in 1 blocks are still reachable in loss record 411 of 677
==63582==    at 0x4C2A593: operator new(unsigned long) (vg_replace_malloc.c:344)
==63582==    by 0x5803CD8: std::string::_Rep::_S_create(unsigned long, unsigned long, std::allocator<char> const&) (in /usr/lib64/libstdc++.so.6.0.19)
==63582==    by 0x5805560: char* std::string::_S_construct<char const*>(char const*, char const*, std::allocator<char> const&, std::forward_iterator_tag) (in /usr/lib64/libstdc++.so.6.0.19)
==63582==    by 0x5805997: std::basic_string<char, std::char_traits<char>, std::allocator<char> >::basic_string(char const*, std::allocator<char> const&) (in /usr/lib64/libstdc++.so.6.0.19)
==63582==    by 0x50B5818: ??? (in /usr/lib64/libyaml-cpp.so.0.5.1)
==63582==    by 0x400F9C2: _dl_init (in /usr/lib64/ld-2.17.so)
==63582==    by 0x4001179: ??? (in /usr/lib64/ld-2.17.so)
==63582==    by 0x1: ???
==63582==    by 0x1FFF0001C6: ???
==63582==    by 0x1FFF0001CD: ???
==63582== 
==63582== 34 bytes in 1 blocks are still reachable in loss record 412 of 677
==63582==    at 0x4C2A593: operator new(unsigned long) (vg_replace_malloc.c:344)
==63582==    by 0x5803CD8: std::string::_Rep::_S_create(unsigned long, unsigned long, std::allocator<char> const&) (in /usr/lib64/libstdc++.so.6.0.19)
==63582==    by 0x5805560: char* std::string::_S_construct<char const*>(char const*, char const*, std::allocator<char> const&, std::forward_iterator_tag) (in /usr/lib64/libstdc++.so.6.0.19)
==63582==    by 0x5805997: std::basic_string<char, std::char_traits<char>, std::allocator<char> >::basic_string(char const*, std::allocator<char> const&) (in /usr/lib64/libstdc++.so.6.0.19)
==63582==    by 0x50B582E: ??? (in /usr/lib64/libyaml-cpp.so.0.5.1)
==63582==    by 0x400F9C2: _dl_init (in /usr/lib64/ld-2.17.so)
==63582==    by 0x4001179: ??? (in /usr/lib64/ld-2.17.so)
==63582==    by 0x1: ???
==63582==    by 0x1FFF0001C6: ???
==63582==    by 0x1FFF0001CD: ???
==63582== 
==63582== 34 bytes in 1 blocks are still reachable in loss record 413 of 677
==63582==    at 0x4C2A593: operator new(unsigned long) (vg_replace_malloc.c:344)
==63582==    by 0x5803CD8: std::string::_Rep::_S_create(unsigned long, unsigned long, std::allocator<char> const&) (in /usr/lib64/libstdc++.so.6.0.19)
==63582==    by 0x5805560: char* std::string::_S_construct<char const*>(char const*, char const*, std::allocator<char> const&, std::forward_iterator_tag) (in /usr/lib64/libstdc++.so.6.0.19)
==63582==    by 0x5805997: std::basic_string<char, std::char_traits<char>, std::allocator<char> >::basic_string(char const*, std::allocator<char> const&) (in /usr/lib64/libstdc++.so.6.0.19)
==63582==    by 0x50B5B68: ??? (in /usr/lib64/libyaml-cpp.so.0.5.1)
==63582==    by 0x400F9C2: _dl_init (in /usr/lib64/ld-2.17.so)
==63582==    by 0x4001179: ??? (in /usr/lib64/ld-2.17.so)
==63582==    by 0x1: ???
==63582==    by 0x1FFF0001C6: ???
==63582==    by 0x1FFF0001CD: ???
==63582== 
==63582== 34 bytes in 1 blocks are still reachable in loss record 414 of 677
==63582==    at 0x4C2A593: operator new(unsigned long) (vg_replace_malloc.c:344)
==63582==    by 0x5803CD8: std::string::_Rep::_S_create(unsigned long, unsigned long, std::allocator<char> const&) (in /usr/lib64/libstdc++.so.6.0.19)
==63582==    by 0x5805560: char* std::string::_S_construct<char const*>(char const*, char const*, std::allocator<char> const&, std::forward_iterator_tag) (in /usr/lib64/libstdc++.so.6.0.19)
==63582==    by 0x5805997: std::basic_string<char, std::char_traits<char>, std::allocator<char> >::basic_string(char const*, std::allocator<char> const&) (in /usr/lib64/libstdc++.so.6.0.19)
==63582==    by 0x50B5B7E: ??? (in /usr/lib64/libyaml-cpp.so.0.5.1)
==63582==    by 0x400F9C2: _dl_init (in /usr/lib64/ld-2.17.so)
==63582==    by 0x4001179: ??? (in /usr/lib64/ld-2.17.so)
==63582==    by 0x1: ???
==63582==    by 0x1FFF0001C6: ???
==63582==    by 0x1FFF0001CD: ???
==63582== 
==63582== 34 bytes in 1 blocks are still reachable in loss record 415 of 677
==63582==    at 0x4C2A593: operator new(unsigned long) (vg_replace_malloc.c:344)
==63582==    by 0x5803CD8: std::string::_Rep::_S_create(unsigned long, unsigned long, std::allocator<char> const&) (in /usr/lib64/libstdc++.so.6.0.19)
==63582==    by 0x5805560: char* std::string::_S_construct<char const*>(char const*, char const*, std::allocator<char> const&, std::forward_iterator_tag) (in /usr/lib64/libstdc++.so.6.0.19)
==63582==    by 0x5805997: std::basic_string<char, std::char_traits<char>, std::allocator<char> >::basic_string(char const*, std::allocator<char> const&) (in /usr/lib64/libstdc++.so.6.0.19)
==63582==    by 0x50B5E88: ??? (in /usr/lib64/libyaml-cpp.so.0.5.1)
==63582==    by 0x400F9C2: _dl_init (in /usr/lib64/ld-2.17.so)
==63582==    by 0x4001179: ??? (in /usr/lib64/ld-2.17.so)
==63582==    by 0x1: ???
==63582==    by 0x1FFF0001C6: ???
==63582==    by 0x1FFF0001CD: ???
==63582== 
==63582== 34 bytes in 1 blocks are still reachable in loss record 416 of 677
==63582==    at 0x4C2A593: operator new(unsigned long) (vg_replace_malloc.c:344)
==63582==    by 0x5803CD8: std::string::_Rep::_S_create(unsigned long, unsigned long, std::allocator<char> const&) (in /usr/lib64/libstdc++.so.6.0.19)
==63582==    by 0x5805560: char* std::string::_S_construct<char const*>(char const*, char const*, std::allocator<char> const&, std::forward_iterator_tag) (in /usr/lib64/libstdc++.so.6.0.19)
==63582==    by 0x5805997: std::basic_string<char, std::char_traits<char>, std::allocator<char> >::basic_string(char const*, std::allocator<char> const&) (in /usr/lib64/libstdc++.so.6.0.19)
==63582==    by 0x50B5E9E: ??? (in /usr/lib64/libyaml-cpp.so.0.5.1)
==63582==    by 0x400F9C2: _dl_init (in /usr/lib64/ld-2.17.so)
==63582==    by 0x4001179: ??? (in /usr/lib64/ld-2.17.so)
==63582==    by 0x1: ???
==63582==    by 0x1FFF0001C6: ???
==63582==    by 0x1FFF0001CD: ???
==63582== 
==63582== 35 bytes in 1 blocks are still reachable in loss record 417 of 677
==63582==    at 0x4C2A593: operator new(unsigned long) (vg_replace_malloc.c:344)
==63582==    by 0x5803CD8: std::string::_Rep::_S_create(unsigned long, unsigned long, std::allocator<char> const&) (in /usr/lib64/libstdc++.so.6.0.19)
==63582==    by 0x5805560: char* std::string::_S_construct<char const*>(char const*, char const*, std::allocator<char> const&, std::forward_iterator_tag) (in /usr/lib64/libstdc++.so.6.0.19)
==63582==    by 0x5805997: std::basic_string<char, std::char_traits<char>, std::allocator<char> >::basic_string(char const*, std::allocator<char> const&) (in /usr/lib64/libstdc++.so.6.0.19)
==63582==    by 0x50B47B6: ??? (in /usr/lib64/libyaml-cpp.so.0.5.1)
==63582==    by 0x400F9C2: _dl_init (in /usr/lib64/ld-2.17.so)
==63582==    by 0x4001179: ??? (in /usr/lib64/ld-2.17.so)
==63582==    by 0x1: ???
==63582==    by 0x1FFF0001C6: ???
==63582==    by 0x1FFF0001CD: ???
==63582== 
==63582== 35 bytes in 1 blocks are still reachable in loss record 418 of 677
==63582==    at 0x4C2A593: operator new(unsigned long) (vg_replace_malloc.c:344)
==63582==    by 0x5803CD8: std::string::_Rep::_S_create(unsigned long, unsigned long, std::allocator<char> const&) (in /usr/lib64/libstdc++.so.6.0.19)
==63582==    by 0x5805560: char* std::string::_S_construct<char const*>(char const*, char const*, std::allocator<char> const&, std::forward_iterator_tag) (in /usr/lib64/libstdc++.so.6.0.19)
==63582==    by 0x5805997: std::basic_string<char, std::char_traits<char>, std::allocator<char> >::basic_string(char const*, std::allocator<char> const&) (in /usr/lib64/libstdc++.so.6.0.19)
==63582==    by 0x50B4AD6: ??? (in /usr/lib64/libyaml-cpp.so.0.5.1)
==63582==    by 0x400F9C2: _dl_init (in /usr/lib64/ld-2.17.so)
==63582==    by 0x4001179: ??? (in /usr/lib64/ld-2.17.so)
==63582==    by 0x1: ???
==63582==    by 0x1FFF0001C6: ???
==63582==    by 0x1FFF0001CD: ???
==63582== 
==63582== 35 bytes in 1 blocks are still reachable in loss record 419 of 677
==63582==    at 0x4C2A593: operator new(unsigned long) (vg_replace_malloc.c:344)
==63582==    by 0x5803CD8: std::string::_Rep::_S_create(unsigned long, unsigned long, std::allocator<char> const&) (in /usr/lib64/libstdc++.so.6.0.19)
==63582==    by 0x5805560: char* std::string::_S_construct<char const*>(char const*, char const*, std::allocator<char> const&, std::forward_iterator_tag) (in /usr/lib64/libstdc++.so.6.0.19)
==63582==    by 0x5805997: std::basic_string<char, std::char_traits<char>, std::allocator<char> >::basic_string(char const*, std::allocator<char> const&) (in /usr/lib64/libstdc++.so.6.0.19)
==63582==    by 0x50B4DF6: ??? (in /usr/lib64/libyaml-cpp.so.0.5.1)
==63582==    by 0x400F9C2: _dl_init (in /usr/lib64/ld-2.17.so)
==63582==    by 0x4001179: ??? (in /usr/lib64/ld-2.17.so)
==63582==    by 0x1: ???
==63582==    by 0x1FFF0001C6: ???
==63582==    by 0x1FFF0001CD: ???
==63582== 
==63582== 35 bytes in 1 blocks are still reachable in loss record 420 of 677
==63582==    at 0x4C2A593: operator new(unsigned long) (vg_replace_malloc.c:344)
==63582==    by 0x5803CD8: std::string::_Rep::_S_create(unsigned long, unsigned long, std::allocator<char> const&) (in /usr/lib64/libstdc++.so.6.0.19)
==63582==    by 0x5805560: char* std::string::_S_construct<char const*>(char const*, char const*, std::allocator<char> const&, std::forward_iterator_tag) (in /usr/lib64/libstdc++.so.6.0.19)
==63582==    by 0x5805997: std::basic_string<char, std::char_traits<char>, std::allocator<char> >::basic_string(char const*, std::allocator<char> const&) (in /usr/lib64/libstdc++.so.6.0.19)
==63582==    by 0x50B51A6: ??? (in /usr/lib64/libyaml-cpp.so.0.5.1)
==63582==    by 0x400F9C2: _dl_init (in /usr/lib64/ld-2.17.so)
==63582==    by 0x4001179: ??? (in /usr/lib64/ld-2.17.so)
==63582==    by 0x1: ???
==63582==    by 0x1FFF0001C6: ???
==63582==    by 0x1FFF0001CD: ???
==63582== 
==63582== 35 bytes in 1 blocks are still reachable in loss record 421 of 677
==63582==    at 0x4C2A593: operator new(unsigned long) (vg_replace_malloc.c:344)
==63582==    by 0x5803CD8: std::string::_Rep::_S_create(unsigned long, unsigned long, std::allocator<char> const&) (in /usr/lib64/libstdc++.so.6.0.19)
==63582==    by 0x5805560: char* std::string::_S_construct<char const*>(char const*, char const*, std::allocator<char> const&, std::forward_iterator_tag) (in /usr/lib64/libstdc++.so.6.0.19)
==63582==    by 0x5805997: std::basic_string<char, std::char_traits<char>, std::allocator<char> >::basic_string(char const*, std::allocator<char> const&) (in /usr/lib64/libstdc++.so.6.0.19)
==63582==    by 0x50B54C6: ??? (in /usr/lib64/libyaml-cpp.so.0.5.1)
==63582==    by 0x400F9C2: _dl_init (in /usr/lib64/ld-2.17.so)
==63582==    by 0x4001179: ??? (in /usr/lib64/ld-2.17.so)
==63582==    by 0x1: ???
==63582==    by 0x1FFF0001C6: ???
==63582==    by 0x1FFF0001CD: ???
==63582== 
==63582== 35 bytes in 1 blocks are still reachable in loss record 422 of 677
==63582==    at 0x4C2A593: operator new(unsigned long) (vg_replace_malloc.c:344)
==63582==    by 0x5803CD8: std::string::_Rep::_S_create(unsigned long, unsigned long, std::allocator<char> const&) (in /usr/lib64/libstdc++.so.6.0.19)
==63582==    by 0x5805560: char* std::string::_S_construct<char const*>(char const*, char const*, std::allocator<char> const&, std::forward_iterator_tag) (in /usr/lib64/libstdc++.so.6.0.19)
==63582==    by 0x5805997: std::basic_string<char, std::char_traits<char>, std::allocator<char> >::basic_string(char const*, std::allocator<char> const&) (in /usr/lib64/libstdc++.so.6.0.19)
==63582==    by 0x50B5936: ??? (in /usr/lib64/libyaml-cpp.so.0.5.1)
==63582==    by 0x400F9C2: _dl_init (in /usr/lib64/ld-2.17.so)
==63582==    by 0x4001179: ??? (in /usr/lib64/ld-2.17.so)
==63582==    by 0x1: ???
==63582==    by 0x1FFF0001C6: ???
==63582==    by 0x1FFF0001CD: ???
==63582== 
==63582== 35 bytes in 1 blocks are still reachable in loss record 423 of 677
==63582==    at 0x4C2A593: operator new(unsigned long) (vg_replace_malloc.c:344)
==63582==    by 0x5803CD8: std::string::_Rep::_S_create(unsigned long, unsigned long, std::allocator<char> const&) (in /usr/lib64/libstdc++.so.6.0.19)
==63582==    by 0x5805560: char* std::string::_S_construct<char const*>(char const*, char const*, std::allocator<char> const&, std::forward_iterator_tag) (in /usr/lib64/libstdc++.so.6.0.19)
==63582==    by 0x5805997: std::basic_string<char, std::char_traits<char>, std::allocator<char> >::basic_string(char const*, std::allocator<char> const&) (in /usr/lib64/libstdc++.so.6.0.19)
==63582==    by 0x50B5C86: ??? (in /usr/lib64/libyaml-cpp.so.0.5.1)
==63582==    by 0x400F9C2: _dl_init (in /usr/lib64/ld-2.17.so)
==63582==    by 0x4001179: ??? (in /usr/lib64/ld-2.17.so)
==63582==    by 0x1: ???
==63582==    by 0x1FFF0001C6: ???
==63582==    by 0x1FFF0001CD: ???
==63582== 
==63582== 35 bytes in 1 blocks are still reachable in loss record 424 of 677
==63582==    at 0x4C2A593: operator new(unsigned long) (vg_replace_malloc.c:344)
==63582==    by 0x5803CD8: std::string::_Rep::_S_create(unsigned long, unsigned long, std::allocator<char> const&) (in /usr/lib64/libstdc++.so.6.0.19)
==63582==    by 0x5805560: char* std::string::_S_construct<char const*>(char const*, char const*, std::allocator<char> const&, std::forward_iterator_tag) (in /usr/lib64/libstdc++.so.6.0.19)
==63582==    by 0x5805997: std::basic_string<char, std::char_traits<char>, std::allocator<char> >::basic_string(char const*, std::allocator<char> const&) (in /usr/lib64/libstdc++.so.6.0.19)
==63582==    by 0x50B5FA6: ??? (in /usr/lib64/libyaml-cpp.so.0.5.1)
==63582==    by 0x400F9C2: _dl_init (in /usr/lib64/ld-2.17.so)
==63582==    by 0x4001179: ??? (in /usr/lib64/ld-2.17.so)
==63582==    by 0x1: ???
==63582==    by 0x1FFF0001C6: ???
==63582==    by 0x1FFF0001CD: ???
==63582== 
==63582== 36 bytes in 1 blocks are still reachable in loss record 425 of 677
==63582==    at 0x4C2A593: operator new(unsigned long) (vg_replace_malloc.c:344)
==63582==    by 0x5803CD8: std::string::_Rep::_S_create(unsigned long, unsigned long, std::allocator<char> const&) (in /usr/lib64/libstdc++.so.6.0.19)
==63582==    by 0x5805560: char* std::string::_S_construct<char const*>(char const*, char const*, std::allocator<char> const&, std::forward_iterator_tag) (in /usr/lib64/libstdc++.so.6.0.19)
==63582==    by 0x5805997: std::basic_string<char, std::char_traits<char>, std::allocator<char> >::basic_string(char const*, std::allocator<char> const&) (in /usr/lib64/libstdc++.so.6.0.19)
==63582==    by 0x50B4732: ??? (in /usr/lib64/libyaml-cpp.so.0.5.1)
==63582==    by 0x400F9C2: _dl_init (in /usr/lib64/ld-2.17.so)
==63582==    by 0x4001179: ??? (in /usr/lib64/ld-2.17.so)
==63582==    by 0x1: ???
==63582==    by 0x1FFF0001C6: ???
==63582==    by 0x1FFF0001CD: ???
==63582== 
==63582== 36 bytes in 1 blocks are still reachable in loss record 426 of 677
==63582==    at 0x4C2A593: operator new(unsigned long) (vg_replace_malloc.c:344)
==63582==    by 0x5803CD8: std::string::_Rep::_S_create(unsigned long, unsigned long, std::allocator<char> const&) (in /usr/lib64/libstdc++.so.6.0.19)
==63582==    by 0x5805560: char* std::string::_S_construct<char const*>(char const*, char const*, std::allocator<char> const&, std::forward_iterator_tag) (in /usr/lib64/libstdc++.so.6.0.19)
==63582==    by 0x5805997: std::basic_string<char, std::char_traits<char>, std::allocator<char> >::basic_string(char const*, std::allocator<char> const&) (in /usr/lib64/libstdc++.so.6.0.19)
==63582==    by 0x50B4A52: ??? (in /usr/lib64/libyaml-cpp.so.0.5.1)
==63582==    by 0x400F9C2: _dl_init (in /usr/lib64/ld-2.17.so)
==63582==    by 0x4001179: ??? (in /usr/lib64/ld-2.17.so)
==63582==    by 0x1: ???
==63582==    by 0x1FFF0001C6: ???
==63582==    by 0x1FFF0001CD: ???
==63582== 
==63582== 36 bytes in 1 blocks are still reachable in loss record 427 of 677
==63582==    at 0x4C2A593: operator new(unsigned long) (vg_replace_malloc.c:344)
==63582==    by 0x5803CD8: std::string::_Rep::_S_create(unsigned long, unsigned long, std::allocator<char> const&) (in /usr/lib64/libstdc++.so.6.0.19)
==63582==    by 0x5805560: char* std::string::_S_construct<char const*>(char const*, char const*, std::allocator<char> const&, std::forward_iterator_tag) (in /usr/lib64/libstdc++.so.6.0.19)
==63582==    by 0x5805997: std::basic_string<char, std::char_traits<char>, std::allocator<char> >::basic_string(char const*, std::allocator<char> const&) (in /usr/lib64/libstdc++.so.6.0.19)
==63582==    by 0x50B4D72: ??? (in /usr/lib64/libyaml-cpp.so.0.5.1)
==63582==    by 0x400F9C2: _dl_init (in /usr/lib64/ld-2.17.so)
==63582==    by 0x4001179: ??? (in /usr/lib64/ld-2.17.so)
==63582==    by 0x1: ???
==63582==    by 0x1FFF0001C6: ???
==63582==    by 0x1FFF0001CD: ???
==63582== 
==63582== 36 bytes in 1 blocks are still reachable in loss record 428 of 677
==63582==    at 0x4C2A593: operator new(unsigned long) (vg_replace_malloc.c:344)
==63582==    by 0x5803CD8: std::string::_Rep::_S_create(unsigned long, unsigned long, std::allocator<char> const&) (in /usr/lib64/libstdc++.so.6.0.19)
==63582==    by 0x5805560: char* std::string::_S_construct<char const*>(char const*, char const*, std::allocator<char> const&, std::forward_iterator_tag) (in /usr/lib64/libstdc++.so.6.0.19)
==63582==    by 0x5805997: std::basic_string<char, std::char_traits<char>, std::allocator<char> >::basic_string(char const*, std::allocator<char> const&) (in /usr/lib64/libstdc++.so.6.0.19)
==63582==    by 0x50B5122: ??? (in /usr/lib64/libyaml-cpp.so.0.5.1)
==63582==    by 0x400F9C2: _dl_init (in /usr/lib64/ld-2.17.so)
==63582==    by 0x4001179: ??? (in /usr/lib64/ld-2.17.so)
==63582==    by 0x1: ???
==63582==    by 0x1FFF0001C6: ???
==63582==    by 0x1FFF0001CD: ???
==63582== 
==63582== 36 bytes in 1 blocks are still reachable in loss record 429 of 677
==63582==    at 0x4C2A593: operator new(unsigned long) (vg_replace_malloc.c:344)
==63582==    by 0x5803CD8: std::string::_Rep::_S_create(unsigned long, unsigned long, std::allocator<char> const&) (in /usr/lib64/libstdc++.so.6.0.19)
==63582==    by 0x5805560: char* std::string::_S_construct<char const*>(char const*, char const*, std::allocator<char> const&, std::forward_iterator_tag) (in /usr/lib64/libstdc++.so.6.0.19)
==63582==    by 0x5805997: std::basic_string<char, std::char_traits<char>, std::allocator<char> >::basic_string(char const*, std::allocator<char> const&) (in /usr/lib64/libstdc++.so.6.0.19)
==63582==    by 0x50B5442: ??? (in /usr/lib64/libyaml-cpp.so.0.5.1)
==63582==    by 0x400F9C2: _dl_init (in /usr/lib64/ld-2.17.so)
==63582==    by 0x4001179: ??? (in /usr/lib64/ld-2.17.so)
==63582==    by 0x1: ???
==63582==    by 0x1FFF0001C6: ???
==63582==    by 0x1FFF0001CD: ???
==63582== 
==63582== 36 bytes in 1 blocks are still reachable in loss record 430 of 677
==63582==    at 0x4C2A593: operator new(unsigned long) (vg_replace_malloc.c:344)
==63582==    by 0x5803CD8: std::string::_Rep::_S_create(unsigned long, unsigned long, std::allocator<char> const&) (in /usr/lib64/libstdc++.so.6.0.19)
==63582==    by 0x5805560: char* std::string::_S_construct<char const*>(char const*, char const*, std::allocator<char> const&, std::forward_iterator_tag) (in /usr/lib64/libstdc++.so.6.0.19)
==63582==    by 0x5805997: std::basic_string<char, std::char_traits<char>, std::allocator<char> >::basic_string(char const*, std::allocator<char> const&) (in /usr/lib64/libstdc++.so.6.0.19)
==63582==    by 0x50B58B2: ??? (in /usr/lib64/libyaml-cpp.so.0.5.1)
==63582==    by 0x400F9C2: _dl_init (in /usr/lib64/ld-2.17.so)
==63582==    by 0x4001179: ??? (in /usr/lib64/ld-2.17.so)
==63582==    by 0x1: ???
==63582==    by 0x1FFF0001C6: ???
==63582==    by 0x1FFF0001CD: ???
==63582== 
==63582== 36 bytes in 1 blocks are still reachable in loss record 431 of 677
==63582==    at 0x4C2A593: operator new(unsigned long) (vg_replace_malloc.c:344)
==63582==    by 0x5803CD8: std::string::_Rep::_S_create(unsigned long, unsigned long, std::allocator<char> const&) (in /usr/lib64/libstdc++.so.6.0.19)
==63582==    by 0x5805560: char* std::string::_S_construct<char const*>(char const*, char const*, std::allocator<char> const&, std::forward_iterator_tag) (in /usr/lib64/libstdc++.so.6.0.19)
==63582==    by 0x5805997: std::basic_string<char, std::char_traits<char>, std::allocator<char> >::basic_string(char const*, std::allocator<char> const&) (in /usr/lib64/libstdc++.so.6.0.19)
==63582==    by 0x50B5C02: ??? (in /usr/lib64/libyaml-cpp.so.0.5.1)
==63582==    by 0x400F9C2: _dl_init (in /usr/lib64/ld-2.17.so)
==63582==    by 0x4001179: ??? (in /usr/lib64/ld-2.17.so)
==63582==    by 0x1: ???
==63582==    by 0x1FFF0001C6: ???
==63582==    by 0x1FFF0001CD: ???
==63582== 
==63582== 36 bytes in 1 blocks are still reachable in loss record 432 of 677
==63582==    at 0x4C2A593: operator new(unsigned long) (vg_replace_malloc.c:344)
==63582==    by 0x5803CD8: std::string::_Rep::_S_create(unsigned long, unsigned long, std::allocator<char> const&) (in /usr/lib64/libstdc++.so.6.0.19)
==63582==    by 0x5805560: char* std::string::_S_construct<char const*>(char const*, char const*, std::allocator<char> const&, std::forward_iterator_tag) (in /usr/lib64/libstdc++.so.6.0.19)
==63582==    by 0x5805997: std::basic_string<char, std::char_traits<char>, std::allocator<char> >::basic_string(char const*, std::allocator<char> const&) (in /usr/lib64/libstdc++.so.6.0.19)
==63582==    by 0x50B5F22: ??? (in /usr/lib64/libyaml-cpp.so.0.5.1)
==63582==    by 0x400F9C2: _dl_init (in /usr/lib64/ld-2.17.so)
==63582==    by 0x4001179: ??? (in /usr/lib64/ld-2.17.so)
==63582==    by 0x1: ???
==63582==    by 0x1FFF0001C6: ???
==63582==    by 0x1FFF0001CD: ???
==63582== 
==63582== 37 bytes in 1 blocks are still reachable in loss record 433 of 677
==63582==    at 0x4C2A593: operator new(unsigned long) (vg_replace_malloc.c:344)
==63582==    by 0x5803CD8: std::string::_Rep::_S_create(unsigned long, unsigned long, std::allocator<char> const&) (in /usr/lib64/libstdc++.so.6.0.19)
==63582==    by 0x5805560: char* std::string::_S_construct<char const*>(char const*, char const*, std::allocator<char> const&, std::forward_iterator_tag) (in /usr/lib64/libstdc++.so.6.0.19)
==63582==    by 0x5805997: std::basic_string<char, std::char_traits<char>, std::allocator<char> >::basic_string(char const*, std::allocator<char> const&) (in /usr/lib64/libstdc++.so.6.0.19)
==63582==    by 0x50B4774: ??? (in /usr/lib64/libyaml-cpp.so.0.5.1)
==63582==    by 0x400F9C2: _dl_init (in /usr/lib64/ld-2.17.so)
==63582==    by 0x4001179: ??? (in /usr/lib64/ld-2.17.so)
==63582==    by 0x1: ???
==63582==    by 0x1FFF0001C6: ???
==63582==    by 0x1FFF0001CD: ???
==63582== 
==63582== 37 bytes in 1 blocks are still reachable in loss record 434 of 677
==63582==    at 0x4C2A593: operator new(unsigned long) (vg_replace_malloc.c:344)
==63582==    by 0x5803CD8: std::string::_Rep::_S_create(unsigned long, unsigned long, std::allocator<char> const&) (in /usr/lib64/libstdc++.so.6.0.19)
==63582==    by 0x5805560: char* std::string::_S_construct<char const*>(char const*, char const*, std::allocator<char> const&, std::forward_iterator_tag) (in /usr/lib64/libstdc++.so.6.0.19)
==63582==    by 0x5805997: std::basic_string<char, std::char_traits<char>, std::allocator<char> >::basic_string(char const*, std::allocator<char> const&) (in /usr/lib64/libstdc++.so.6.0.19)
==63582==    by 0x50B478A: ??? (in /usr/lib64/libyaml-cpp.so.0.5.1)
==63582==    by 0x400F9C2: _dl_init (in /usr/lib64/ld-2.17.so)
==63582==    by 0x4001179: ??? (in /usr/lib64/ld-2.17.so)
==63582==    by 0x1: ???
==63582==    by 0x1FFF0001C6: ???
==63582==    by 0x1FFF0001CD: ???
==63582== 
==63582== 37 bytes in 1 blocks are still reachable in loss record 435 of 677
==63582==    at 0x4C2A593: operator new(unsigned long) (vg_replace_malloc.c:344)
==63582==    by 0x5803CD8: std::string::_Rep::_S_create(unsigned long, unsigned long, std::allocator<char> const&) (in /usr/lib64/libstdc++.so.6.0.19)
==63582==    by 0x5805560: char* std::string::_S_construct<char const*>(char const*, char const*, std::allocator<char> const&, std::forward_iterator_tag) (in /usr/lib64/libstdc++.so.6.0.19)
==63582==    by 0x5805997: std::basic_string<char, std::char_traits<char>, std::allocator<char> >::basic_string(char const*, std::allocator<char> const&) (in /usr/lib64/libstdc++.so.6.0.19)
==63582==    by 0x50B4A94: ??? (in /usr/lib64/libyaml-cpp.so.0.5.1)
==63582==    by 0x400F9C2: _dl_init (in /usr/lib64/ld-2.17.so)
==63582==    by 0x4001179: ??? (in /usr/lib64/ld-2.17.so)
==63582==    by 0x1: ???
==63582==    by 0x1FFF0001C6: ???
==63582==    by 0x1FFF0001CD: ???
==63582== 
==63582== 37 bytes in 1 blocks are still reachable in loss record 436 of 677
==63582==    at 0x4C2A593: operator new(unsigned long) (vg_replace_malloc.c:344)
==63582==    by 0x5803CD8: std::string::_Rep::_S_create(unsigned long, unsigned long, std::allocator<char> const&) (in /usr/lib64/libstdc++.so.6.0.19)
==63582==    by 0x5805560: char* std::string::_S_construct<char const*>(char const*, char const*, std::allocator<char> const&, std::forward_iterator_tag) (in /usr/lib64/libstdc++.so.6.0.19)
==63582==    by 0x5805997: std::basic_string<char, std::char_traits<char>, std::allocator<char> >::basic_string(char const*, std::allocator<char> const&) (in /usr/lib64/libstdc++.so.6.0.19)
==63582==    by 0x50B4AAA: ??? (in /usr/lib64/libyaml-cpp.so.0.5.1)
==63582==    by 0x400F9C2: _dl_init (in /usr/lib64/ld-2.17.so)
==63582==    by 0x4001179: ??? (in /usr/lib64/ld-2.17.so)
==63582==    by 0x1: ???
==63582==    by 0x1FFF0001C6: ???
==63582==    by 0x1FFF0001CD: ???
==63582== 
==63582== 37 bytes in 1 blocks are still reachable in loss record 437 of 677
==63582==    at 0x4C2A593: operator new(unsigned long) (vg_replace_malloc.c:344)
==63582==    by 0x5803CD8: std::string::_Rep::_S_create(unsigned long, unsigned long, std::allocator<char> const&) (in /usr/lib64/libstdc++.so.6.0.19)
==63582==    by 0x5805560: char* std::string::_S_construct<char const*>(char const*, char const*, std::allocator<char> const&, std::forward_iterator_tag) (in /usr/lib64/libstdc++.so.6.0.19)
==63582==    by 0x5805997: std::basic_string<char, std::char_traits<char>, std::allocator<char> >::basic_string(char const*, std::allocator<char> const&) (in /usr/lib64/libstdc++.so.6.0.19)
==63582==    by 0x50B4DB4: ??? (in /usr/lib64/libyaml-cpp.so.0.5.1)
==63582==    by 0x400F9C2: _dl_init (in /usr/lib64/ld-2.17.so)
==63582==    by 0x4001179: ??? (in /usr/lib64/ld-2.17.so)
==63582==    by 0x1: ???
==63582==    by 0x1FFF0001C6: ???
==63582==    by 0x1FFF0001CD: ???
==63582== 
==63582== 37 bytes in 1 blocks are still reachable in loss record 438 of 677
==63582==    at 0x4C2A593: operator new(unsigned long) (vg_replace_malloc.c:344)
==63582==    by 0x5803CD8: std::string::_Rep::_S_create(unsigned long, unsigned long, std::allocator<char> const&) (in /usr/lib64/libstdc++.so.6.0.19)
==63582==    by 0x5805560: char* std::string::_S_construct<char const*>(char const*, char const*, std::allocator<char> const&, std::forward_iterator_tag) (in /usr/lib64/libstdc++.so.6.0.19)
==63582==    by 0x5805997: std::basic_string<char, std::char_traits<char>, std::allocator<char> >::basic_string(char const*, std::allocator<char> const&) (in /usr/lib64/libstdc++.so.6.0.19)
==63582==    by 0x50B4DCA: ??? (in /usr/lib64/libyaml-cpp.so.0.5.1)
==63582==    by 0x400F9C2: _dl_init (in /usr/lib64/ld-2.17.so)
==63582==    by 0x4001179: ??? (in /usr/lib64/ld-2.17.so)
==63582==    by 0x1: ???
==63582==    by 0x1FFF0001C6: ???
==63582==    by 0x1FFF0001CD: ???
==63582== 
==63582== 37 bytes in 1 blocks are still reachable in loss record 439 of 677
==63582==    at 0x4C2A593: operator new(unsigned long) (vg_replace_malloc.c:344)
==63582==    by 0x5803CD8: std::string::_Rep::_S_create(unsigned long, unsigned long, std::allocator<char> const&) (in /usr/lib64/libstdc++.so.6.0.19)
==63582==    by 0x5805560: char* std::string::_S_construct<char const*>(char const*, char const*, std::allocator<char> const&, std::forward_iterator_tag) (in /usr/lib64/libstdc++.so.6.0.19)
==63582==    by 0x5805997: std::basic_string<char, std::char_traits<char>, std::allocator<char> >::basic_string(char const*, std::allocator<char> const&) (in /usr/lib64/libstdc++.so.6.0.19)
==63582==    by 0x50B5164: ??? (in /usr/lib64/libyaml-cpp.so.0.5.1)
==63582==    by 0x400F9C2: _dl_init (in /usr/lib64/ld-2.17.so)
==63582==    by 0x4001179: ??? (in /usr/lib64/ld-2.17.so)
==63582==    by 0x1: ???
==63582==    by 0x1FFF0001C6: ???
==63582==    by 0x1FFF0001CD: ???
==63582== 
==63582== 37 bytes in 1 blocks are still reachable in loss record 440 of 677
==63582==    at 0x4C2A593: operator new(unsigned long) (vg_replace_malloc.c:344)
==63582==    by 0x5803CD8: std::string::_Rep::_S_create(unsigned long, unsigned long, std::allocator<char> const&) (in /usr/lib64/libstdc++.so.6.0.19)
==63582==    by 0x5805560: char* std::string::_S_construct<char const*>(char const*, char const*, std::allocator<char> const&, std::forward_iterator_tag) (in /usr/lib64/libstdc++.so.6.0.19)
==63582==    by 0x5805997: std::basic_string<char, std::char_traits<char>, std::allocator<char> >::basic_string(char const*, std::allocator<char> const&) (in /usr/lib64/libstdc++.so.6.0.19)
==63582==    by 0x50B517A: ??? (in /usr/lib64/libyaml-cpp.so.0.5.1)
==63582==    by 0x400F9C2: _dl_init (in /usr/lib64/ld-2.17.so)
==63582==    by 0x4001179: ??? (in /usr/lib64/ld-2.17.so)
==63582==    by 0x1: ???
==63582==    by 0x1FFF0001C6: ???
==63582==    by 0x1FFF0001CD: ???
==63582== 
==63582== 37 bytes in 1 blocks are still reachable in loss record 441 of 677
==63582==    at 0x4C2A593: operator new(unsigned long) (vg_replace_malloc.c:344)
==63582==    by 0x5803CD8: std::string::_Rep::_S_create(unsigned long, unsigned long, std::allocator<char> const&) (in /usr/lib64/libstdc++.so.6.0.19)
==63582==    by 0x5805560: char* std::string::_S_construct<char const*>(char const*, char const*, std::allocator<char> const&, std::forward_iterator_tag) (in /usr/lib64/libstdc++.so.6.0.19)
==63582==    by 0x5805997: std::basic_string<char, std::char_traits<char>, std::allocator<char> >::basic_string(char const*, std::allocator<char> const&) (in /usr/lib64/libstdc++.so.6.0.19)
==63582==    by 0x50B5484: ??? (in /usr/lib64/libyaml-cpp.so.0.5.1)
==63582==    by 0x400F9C2: _dl_init (in /usr/lib64/ld-2.17.so)
==63582==    by 0x4001179: ??? (in /usr/lib64/ld-2.17.so)
==63582==    by 0x1: ???
==63582==    by 0x1FFF0001C6: ???
==63582==    by 0x1FFF0001CD: ???
==63582== 
==63582== 37 bytes in 1 blocks are still reachable in loss record 442 of 677
==63582==    at 0x4C2A593: operator new(unsigned long) (vg_replace_malloc.c:344)
==63582==    by 0x5803CD8: std::string::_Rep::_S_create(unsigned long, unsigned long, std::allocator<char> const&) (in /usr/lib64/libstdc++.so.6.0.19)
==63582==    by 0x5805560: char* std::string::_S_construct<char const*>(char const*, char const*, std::allocator<char> const&, std::forward_iterator_tag) (in /usr/lib64/libstdc++.so.6.0.19)
==63582==    by 0x5805997: std::basic_string<char, std::char_traits<char>, std::allocator<char> >::basic_string(char const*, std::allocator<char> const&) (in /usr/lib64/libstdc++.so.6.0.19)
==63582==    by 0x50B549A: ??? (in /usr/lib64/libyaml-cpp.so.0.5.1)
==63582==    by 0x400F9C2: _dl_init (in /usr/lib64/ld-2.17.so)
==63582==    by 0x4001179: ??? (in /usr/lib64/ld-2.17.so)
==63582==    by 0x1: ???
==63582==    by 0x1FFF0001C6: ???
==63582==    by 0x1FFF0001CD: ???
==63582== 
==63582== 37 bytes in 1 blocks are still reachable in loss record 443 of 677
==63582==    at 0x4C2A593: operator new(unsigned long) (vg_replace_malloc.c:344)
==63582==    by 0x5803CD8: std::string::_Rep::_S_create(unsigned long, unsigned long, std::allocator<char> const&) (in /usr/lib64/libstdc++.so.6.0.19)
==63582==    by 0x5805560: char* std::string::_S_construct<char const*>(char const*, char const*, std::allocator<char> const&, std::forward_iterator_tag) (in /usr/lib64/libstdc++.so.6.0.19)
==63582==    by 0x5805997: std::basic_string<char, std::char_traits<char>, std::allocator<char> >::basic_string(char const*, std::allocator<char> const&) (in /usr/lib64/libstdc++.so.6.0.19)
==63582==    by 0x50B58F4: ??? (in /usr/lib64/libyaml-cpp.so.0.5.1)
==63582==    by 0x400F9C2: _dl_init (in /usr/lib64/ld-2.17.so)
==63582==    by 0x4001179: ??? (in /usr/lib64/ld-2.17.so)
==63582==    by 0x1: ???
==63582==    by 0x1FFF0001C6: ???
==63582==    by 0x1FFF0001CD: ???
==63582== 
==63582== 37 bytes in 1 blocks are still reachable in loss record 444 of 677
==63582==    at 0x4C2A593: operator new(unsigned long) (vg_replace_malloc.c:344)
==63582==    by 0x5803CD8: std::string::_Rep::_S_create(unsigned long, unsigned long, std::allocator<char> const&) (in /usr/lib64/libstdc++.so.6.0.19)
==63582==    by 0x5805560: char* std::string::_S_construct<char const*>(char const*, char const*, std::allocator<char> const&, std::forward_iterator_tag) (in /usr/lib64/libstdc++.so.6.0.19)
==63582==    by 0x5805997: std::basic_string<char, std::char_traits<char>, std::allocator<char> >::basic_string(char const*, std::allocator<char> const&) (in /usr/lib64/libstdc++.so.6.0.19)
==63582==    by 0x50B590A: ??? (in /usr/lib64/libyaml-cpp.so.0.5.1)
==63582==    by 0x400F9C2: _dl_init (in /usr/lib64/ld-2.17.so)
==63582==    by 0x4001179: ??? (in /usr/lib64/ld-2.17.so)
==63582==    by 0x1: ???
==63582==    by 0x1FFF0001C6: ???
==63582==    by 0x1FFF0001CD: ???
==63582== 
==63582== 37 bytes in 1 blocks are still reachable in loss record 445 of 677
==63582==    at 0x4C2A593: operator new(unsigned long) (vg_replace_malloc.c:344)
==63582==    by 0x5803CD8: std::string::_Rep::_S_create(unsigned long, unsigned long, std::allocator<char> const&) (in /usr/lib64/libstdc++.so.6.0.19)
==63582==    by 0x5805560: char* std::string::_S_construct<char const*>(char const*, char const*, std::allocator<char> const&, std::forward_iterator_tag) (in /usr/lib64/libstdc++.so.6.0.19)
==63582==    by 0x5805997: std::basic_string<char, std::char_traits<char>, std::allocator<char> >::basic_string(char const*, std::allocator<char> const&) (in /usr/lib64/libstdc++.so.6.0.19)
==63582==    by 0x50B5C44: ??? (in /usr/lib64/libyaml-cpp.so.0.5.1)
==63582==    by 0x400F9C2: _dl_init (in /usr/lib64/ld-2.17.so)
==63582==    by 0x4001179: ??? (in /usr/lib64/ld-2.17.so)
==63582==    by 0x1: ???
==63582==    by 0x1FFF0001C6: ???
==63582==    by 0x1FFF0001CD: ???
==63582== 
==63582== 37 bytes in 1 blocks are still reachable in loss record 446 of 677
==63582==    at 0x4C2A593: operator new(unsigned long) (vg_replace_malloc.c:344)
==63582==    by 0x5803CD8: std::string::_Rep::_S_create(unsigned long, unsigned long, std::allocator<char> const&) (in /usr/lib64/libstdc++.so.6.0.19)
==63582==    by 0x5805560: char* std::string::_S_construct<char const*>(char const*, char const*, std::allocator<char> const&, std::forward_iterator_tag) (in /usr/lib64/libstdc++.so.6.0.19)
==63582==    by 0x5805997: std::basic_string<char, std::char_traits<char>, std::allocator<char> >::basic_string(char const*, std::allocator<char> const&) (in /usr/lib64/libstdc++.so.6.0.19)
==63582==    by 0x50B5C5A: ??? (in /usr/lib64/libyaml-cpp.so.0.5.1)
==63582==    by 0x400F9C2: _dl_init (in /usr/lib64/ld-2.17.so)
==63582==    by 0x4001179: ??? (in /usr/lib64/ld-2.17.so)
==63582==    by 0x1: ???
==63582==    by 0x1FFF0001C6: ???
==63582==    by 0x1FFF0001CD: ???
==63582== 
==63582== 37 bytes in 1 blocks are still reachable in loss record 447 of 677
==63582==    at 0x4C2A593: operator new(unsigned long) (vg_replace_malloc.c:344)
==63582==    by 0x5803CD8: std::string::_Rep::_S_create(unsigned long, unsigned long, std::allocator<char> const&) (in /usr/lib64/libstdc++.so.6.0.19)
==63582==    by 0x5805560: char* std::string::_S_construct<char const*>(char const*, char const*, std::allocator<char> const&, std::forward_iterator_tag) (in /usr/lib64/libstdc++.so.6.0.19)
==63582==    by 0x5805997: std::basic_string<char, std::char_traits<char>, std::allocator<char> >::basic_string(char const*, std::allocator<char> const&) (in /usr/lib64/libstdc++.so.6.0.19)
==63582==    by 0x50B5F64: ??? (in /usr/lib64/libyaml-cpp.so.0.5.1)
==63582==    by 0x400F9C2: _dl_init (in /usr/lib64/ld-2.17.so)
==63582==    by 0x4001179: ??? (in /usr/lib64/ld-2.17.so)
==63582==    by 0x1: ???
==63582==    by 0x1FFF0001C6: ???
==63582==    by 0x1FFF0001CD: ???
==63582== 
==63582== 37 bytes in 1 blocks are still reachable in loss record 448 of 677
==63582==    at 0x4C2A593: operator new(unsigned long) (vg_replace_malloc.c:344)
==63582==    by 0x5803CD8: std::string::_Rep::_S_create(unsigned long, unsigned long, std::allocator<char> const&) (in /usr/lib64/libstdc++.so.6.0.19)
==63582==    by 0x5805560: char* std::string::_S_construct<char const*>(char const*, char const*, std::allocator<char> const&, std::forward_iterator_tag) (in /usr/lib64/libstdc++.so.6.0.19)
==63582==    by 0x5805997: std::basic_string<char, std::char_traits<char>, std::allocator<char> >::basic_string(char const*, std::allocator<char> const&) (in /usr/lib64/libstdc++.so.6.0.19)
==63582==    by 0x50B5F7A: ??? (in /usr/lib64/libyaml-cpp.so.0.5.1)
==63582==    by 0x400F9C2: _dl_init (in /usr/lib64/ld-2.17.so)
==63582==    by 0x4001179: ??? (in /usr/lib64/ld-2.17.so)
==63582==    by 0x1: ???
==63582==    by 0x1FFF0001C6: ???
==63582==    by 0x1FFF0001CD: ???
==63582== 
==63582== 38 bytes in 1 blocks are still reachable in loss record 449 of 677
==63582==    at 0x4C2A593: operator new(unsigned long) (vg_replace_malloc.c:344)
==63582==    by 0x5803CD8: std::string::_Rep::_S_create(unsigned long, unsigned long, std::allocator<char> const&) (in /usr/lib64/libstdc++.so.6.0.19)
==63582==    by 0x5805560: char* std::string::_S_construct<char const*>(char const*, char const*, std::allocator<char> const&, std::forward_iterator_tag) (in /usr/lib64/libstdc++.so.6.0.19)
==63582==    by 0x5805997: std::basic_string<char, std::char_traits<char>, std::allocator<char> >::basic_string(char const*, std::allocator<char> const&) (in /usr/lib64/libstdc++.so.6.0.19)
==63582==    by 0x50B4706: ??? (in /usr/lib64/libyaml-cpp.so.0.5.1)
==63582==    by 0x400F9C2: _dl_init (in /usr/lib64/ld-2.17.so)
==63582==    by 0x4001179: ??? (in /usr/lib64/ld-2.17.so)
==63582==    by 0x1: ???
==63582==    by 0x1FFF0001C6: ???
==63582==    by 0x1FFF0001CD: ???
==63582== 
==63582== 38 bytes in 1 blocks are still reachable in loss record 450 of 677
==63582==    at 0x4C2A593: operator new(unsigned long) (vg_replace_malloc.c:344)
==63582==    by 0x5803CD8: std::string::_Rep::_S_create(unsigned long, unsigned long, std::allocator<char> const&) (in /usr/lib64/libstdc++.so.6.0.19)
==63582==    by 0x5805560: char* std::string::_S_construct<char const*>(char const*, char const*, std::allocator<char> const&, std::forward_iterator_tag) (in /usr/lib64/libstdc++.so.6.0.19)
==63582==    by 0x5805997: std::basic_string<char, std::char_traits<char>, std::allocator<char> >::basic_string(char const*, std::allocator<char> const&) (in /usr/lib64/libstdc++.so.6.0.19)
==63582==    by 0x50B471C: ??? (in /usr/lib64/libyaml-cpp.so.0.5.1)
==63582==    by 0x400F9C2: _dl_init (in /usr/lib64/ld-2.17.so)
==63582==    by 0x4001179: ??? (in /usr/lib64/ld-2.17.so)
==63582==    by 0x1: ???
==63582==    by 0x1FFF0001C6: ???
==63582==    by 0x1FFF0001CD: ???
==63582== 
==63582== 38 bytes in 1 blocks are still reachable in loss record 451 of 677
==63582==    at 0x4C2A593: operator new(unsigned long) (vg_replace_malloc.c:344)
==63582==    by 0x5803CD8: std::string::_Rep::_S_create(unsigned long, unsigned long, std::allocator<char> const&) (in /usr/lib64/libstdc++.so.6.0.19)
==63582==    by 0x5805560: char* std::string::_S_construct<char const*>(char const*, char const*, std::allocator<char> const&, std::forward_iterator_tag) (in /usr/lib64/libstdc++.so.6.0.19)
==63582==    by 0x5805997: std::basic_string<char, std::char_traits<char>, std::allocator<char> >::basic_string(char const*, std::allocator<char> const&) (in /usr/lib64/libstdc++.so.6.0.19)
==63582==    by 0x50B4A26: ??? (in /usr/lib64/libyaml-cpp.so.0.5.1)
==63582==    by 0x400F9C2: _dl_init (in /usr/lib64/ld-2.17.so)
==63582==    by 0x4001179: ??? (in /usr/lib64/ld-2.17.so)
==63582==    by 0x1: ???
==63582==    by 0x1FFF0001C6: ???
==63582==    by 0x1FFF0001CD: ???
==63582== 
==63582== 38 bytes in 1 blocks are still reachable in loss record 452 of 677
==63582==    at 0x4C2A593: operator new(unsigned long) (vg_replace_malloc.c:344)
==63582==    by 0x5803CD8: std::string::_Rep::_S_create(unsigned long, unsigned long, std::allocator<char> const&) (in /usr/lib64/libstdc++.so.6.0.19)
==63582==    by 0x5805560: char* std::string::_S_construct<char const*>(char const*, char const*, std::allocator<char> const&, std::forward_iterator_tag) (in /usr/lib64/libstdc++.so.6.0.19)
==63582==    by 0x5805997: std::basic_string<char, std::char_traits<char>, std::allocator<char> >::basic_string(char const*, std::allocator<char> const&) (in /usr/lib64/libstdc++.so.6.0.19)
==63582==    by 0x50B4A3C: ??? (in /usr/lib64/libyaml-cpp.so.0.5.1)
==63582==    by 0x400F9C2: _dl_init (in /usr/lib64/ld-2.17.so)
==63582==    by 0x4001179: ??? (in /usr/lib64/ld-2.17.so)
==63582==    by 0x1: ???
==63582==    by 0x1FFF0001C6: ???
==63582==    by 0x1FFF0001CD: ???
==63582== 
==63582== 38 bytes in 1 blocks are still reachable in loss record 453 of 677
==63582==    at 0x4C2A593: operator new(unsigned long) (vg_replace_malloc.c:344)
==63582==    by 0x5803CD8: std::string::_Rep::_S_create(unsigned long, unsigned long, std::allocator<char> const&) (in /usr/lib64/libstdc++.so.6.0.19)
==63582==    by 0x5805560: char* std::string::_S_construct<char const*>(char const*, char const*, std::allocator<char> const&, std::forward_iterator_tag) (in /usr/lib64/libstdc++.so.6.0.19)
==63582==    by 0x5805997: std::basic_string<char, std::char_traits<char>, std::allocator<char> >::basic_string(char const*, std::allocator<char> const&) (in /usr/lib64/libstdc++.so.6.0.19)
==63582==    by 0x50B4D46: ??? (in /usr/lib64/libyaml-cpp.so.0.5.1)
==63582==    by 0x400F9C2: _dl_init (in /usr/lib64/ld-2.17.so)
==63582==    by 0x4001179: ??? (in /usr/lib64/ld-2.17.so)
==63582==    by 0x1: ???
==63582==    by 0x1FFF0001C6: ???
==63582==    by 0x1FFF0001CD: ???
==63582== 
==63582== 38 bytes in 1 blocks are still reachable in loss record 454 of 677
==63582==    at 0x4C2A593: operator new(unsigned long) (vg_replace_malloc.c:344)
==63582==    by 0x5803CD8: std::string::_Rep::_S_create(unsigned long, unsigned long, std::allocator<char> const&) (in /usr/lib64/libstdc++.so.6.0.19)
==63582==    by 0x5805560: char* std::string::_S_construct<char const*>(char const*, char const*, std::allocator<char> const&, std::forward_iterator_tag) (in /usr/lib64/libstdc++.so.6.0.19)
==63582==    by 0x5805997: std::basic_string<char, std::char_traits<char>, std::allocator<char> >::basic_string(char const*, std::allocator<char> const&) (in /usr/lib64/libstdc++.so.6.0.19)
==63582==    by 0x50B4D5C: ??? (in /usr/lib64/libyaml-cpp.so.0.5.1)
==63582==    by 0x400F9C2: _dl_init (in /usr/lib64/ld-2.17.so)
==63582==    by 0x4001179: ??? (in /usr/lib64/ld-2.17.so)
==63582==    by 0x1: ???
==63582==    by 0x1FFF0001C6: ???
==63582==    by 0x1FFF0001CD: ???
==63582== 
==63582== 38 bytes in 1 blocks are still reachable in loss record 455 of 677
==63582==    at 0x4C2A593: operator new(unsigned long) (vg_replace_malloc.c:344)
==63582==    by 0x5803CD8: std::string::_Rep::_S_create(unsigned long, unsigned long, std::allocator<char> const&) (in /usr/lib64/libstdc++.so.6.0.19)
==63582==    by 0x5805560: char* std::string::_S_construct<char const*>(char const*, char const*, std::allocator<char> const&, std::forward_iterator_tag) (in /usr/lib64/libstdc++.so.6.0.19)
==63582==    by 0x5805997: std::basic_string<char, std::char_traits<char>, std::allocator<char> >::basic_string(char const*, std::allocator<char> const&) (in /usr/lib64/libstdc++.so.6.0.19)
==63582==    by 0x50B50F6: ??? (in /usr/lib64/libyaml-cpp.so.0.5.1)
==63582==    by 0x400F9C2: _dl_init (in /usr/lib64/ld-2.17.so)
==63582==    by 0x4001179: ??? (in /usr/lib64/ld-2.17.so)
==63582==    by 0x1: ???
==63582==    by 0x1FFF0001C6: ???
==63582==    by 0x1FFF0001CD: ???
==63582== 
==63582== 38 bytes in 1 blocks are still reachable in loss record 456 of 677
==63582==    at 0x4C2A593: operator new(unsigned long) (vg_replace_malloc.c:344)
==63582==    by 0x5803CD8: std::string::_Rep::_S_create(unsigned long, unsigned long, std::allocator<char> const&) (in /usr/lib64/libstdc++.so.6.0.19)
==63582==    by 0x5805560: char* std::string::_S_construct<char const*>(char const*, char const*, std::allocator<char> const&, std::forward_iterator_tag) (in /usr/lib64/libstdc++.so.6.0.19)
==63582==    by 0x5805997: std::basic_string<char, std::char_traits<char>, std::allocator<char> >::basic_string(char const*, std::allocator<char> const&) (in /usr/lib64/libstdc++.so.6.0.19)
==63582==    by 0x50B510C: ??? (in /usr/lib64/libyaml-cpp.so.0.5.1)
==63582==    by 0x400F9C2: _dl_init (in /usr/lib64/ld-2.17.so)
==63582==    by 0x4001179: ??? (in /usr/lib64/ld-2.17.so)
==63582==    by 0x1: ???
==63582==    by 0x1FFF0001C6: ???
==63582==    by 0x1FFF0001CD: ???
==63582== 
==63582== 38 bytes in 1 blocks are still reachable in loss record 457 of 677
==63582==    at 0x4C2A593: operator new(unsigned long) (vg_replace_malloc.c:344)
==63582==    by 0x5803CD8: std::string::_Rep::_S_create(unsigned long, unsigned long, std::allocator<char> const&) (in /usr/lib64/libstdc++.so.6.0.19)
==63582==    by 0x5805560: char* std::string::_S_construct<char const*>(char const*, char const*, std::allocator<char> const&, std::forward_iterator_tag) (in /usr/lib64/libstdc++.so.6.0.19)
==63582==    by 0x5805997: std::basic_string<char, std::char_traits<char>, std::allocator<char> >::basic_string(char const*, std::allocator<char> const&) (in /usr/lib64/libstdc++.so.6.0.19)
==63582==    by 0x50B5416: ??? (in /usr/lib64/libyaml-cpp.so.0.5.1)
==63582==    by 0x400F9C2: _dl_init (in /usr/lib64/ld-2.17.so)
==63582==    by 0x4001179: ??? (in /usr/lib64/ld-2.17.so)
==63582==    by 0x1: ???
==63582==    by 0x1FFF0001C6: ???
==63582==    by 0x1FFF0001CD: ???
==63582== 
==63582== 38 bytes in 1 blocks are still reachable in loss record 458 of 677
==63582==    at 0x4C2A593: operator new(unsigned long) (vg_replace_malloc.c:344)
==63582==    by 0x5803CD8: std::string::_Rep::_S_create(unsigned long, unsigned long, std::allocator<char> const&) (in /usr/lib64/libstdc++.so.6.0.19)
==63582==    by 0x5805560: char* std::string::_S_construct<char const*>(char const*, char const*, std::allocator<char> const&, std::forward_iterator_tag) (in /usr/lib64/libstdc++.so.6.0.19)
==63582==    by 0x5805997: std::basic_string<char, std::char_traits<char>, std::allocator<char> >::basic_string(char const*, std::allocator<char> const&) (in /usr/lib64/libstdc++.so.6.0.19)
==63582==    by 0x50B542C: ??? (in /usr/lib64/libyaml-cpp.so.0.5.1)
==63582==    by 0x400F9C2: _dl_init (in /usr/lib64/ld-2.17.so)
==63582==    by 0x4001179: ??? (in /usr/lib64/ld-2.17.so)
==63582==    by 0x1: ???
==63582==    by 0x1FFF0001C6: ???
==63582==    by 0x1FFF0001CD: ???
==63582== 
==63582== 38 bytes in 1 blocks are still reachable in loss record 459 of 677
==63582==    at 0x4C2A593: operator new(unsigned long) (vg_replace_malloc.c:344)
==63582==    by 0x5803CD8: std::string::_Rep::_S_create(unsigned long, unsigned long, std::allocator<char> const&) (in /usr/lib64/libstdc++.so.6.0.19)
==63582==    by 0x5805560: char* std::string::_S_construct<char const*>(char const*, char const*, std::allocator<char> const&, std::forward_iterator_tag) (in /usr/lib64/libstdc++.so.6.0.19)
==63582==    by 0x5805997: std::basic_string<char, std::char_traits<char>, std::allocator<char> >::basic_string(char const*, std::allocator<char> const&) (in /usr/lib64/libstdc++.so.6.0.19)
==63582==    by 0x50B5886: ??? (in /usr/lib64/libyaml-cpp.so.0.5.1)
==63582==    by 0x400F9C2: _dl_init (in /usr/lib64/ld-2.17.so)
==63582==    by 0x4001179: ??? (in /usr/lib64/ld-2.17.so)
==63582==    by 0x1: ???
==63582==    by 0x1FFF0001C6: ???
==63582==    by 0x1FFF0001CD: ???
==63582== 
==63582== 38 bytes in 1 blocks are still reachable in loss record 460 of 677
==63582==    at 0x4C2A593: operator new(unsigned long) (vg_replace_malloc.c:344)
==63582==    by 0x5803CD8: std::string::_Rep::_S_create(unsigned long, unsigned long, std::allocator<char> const&) (in /usr/lib64/libstdc++.so.6.0.19)
==63582==    by 0x5805560: char* std::string::_S_construct<char const*>(char const*, char const*, std::allocator<char> const&, std::forward_iterator_tag) (in /usr/lib64/libstdc++.so.6.0.19)
==63582==    by 0x5805997: std::basic_string<char, std::char_traits<char>, std::allocator<char> >::basic_string(char const*, std::allocator<char> const&) (in /usr/lib64/libstdc++.so.6.0.19)
==63582==    by 0x50B589C: ??? (in /usr/lib64/libyaml-cpp.so.0.5.1)
==63582==    by 0x400F9C2: _dl_init (in /usr/lib64/ld-2.17.so)
==63582==    by 0x4001179: ??? (in /usr/lib64/ld-2.17.so)
==63582==    by 0x1: ???
==63582==    by 0x1FFF0001C6: ???
==63582==    by 0x1FFF0001CD: ???
==63582== 
==63582== 38 bytes in 1 blocks are still reachable in loss record 461 of 677
==63582==    at 0x4C2A593: operator new(unsigned long) (vg_replace_malloc.c:344)
==63582==    by 0x5803CD8: std::string::_Rep::_S_create(unsigned long, unsigned long, std::allocator<char> const&) (in /usr/lib64/libstdc++.so.6.0.19)
==63582==    by 0x5805560: char* std::string::_S_construct<char const*>(char const*, char const*, std::allocator<char> const&, std::forward_iterator_tag) (in /usr/lib64/libstdc++.so.6.0.19)
==63582==    by 0x5805997: std::basic_string<char, std::char_traits<char>, std::allocator<char> >::basic_string(char const*, std::allocator<char> const&) (in /usr/lib64/libstdc++.so.6.0.19)
==63582==    by 0x50B5BD6: ??? (in /usr/lib64/libyaml-cpp.so.0.5.1)
==63582==    by 0x400F9C2: _dl_init (in /usr/lib64/ld-2.17.so)
==63582==    by 0x4001179: ??? (in /usr/lib64/ld-2.17.so)
==63582==    by 0x1: ???
==63582==    by 0x1FFF0001C6: ???
==63582==    by 0x1FFF0001CD: ???
==63582== 
==63582== 38 bytes in 1 blocks are still reachable in loss record 462 of 677
==63582==    at 0x4C2A593: operator new(unsigned long) (vg_replace_malloc.c:344)
==63582==    by 0x5803CD8: std::string::_Rep::_S_create(unsigned long, unsigned long, std::allocator<char> const&) (in /usr/lib64/libstdc++.so.6.0.19)
==63582==    by 0x5805560: char* std::string::_S_construct<char const*>(char const*, char const*, std::allocator<char> const&, std::forward_iterator_tag) (in /usr/lib64/libstdc++.so.6.0.19)
==63582==    by 0x5805997: std::basic_string<char, std::char_traits<char>, std::allocator<char> >::basic_string(char const*, std::allocator<char> const&) (in /usr/lib64/libstdc++.so.6.0.19)
==63582==    by 0x50B5BEC: ??? (in /usr/lib64/libyaml-cpp.so.0.5.1)
==63582==    by 0x400F9C2: _dl_init (in /usr/lib64/ld-2.17.so)
==63582==    by 0x4001179: ??? (in /usr/lib64/ld-2.17.so)
==63582==    by 0x1: ???
==63582==    by 0x1FFF0001C6: ???
==63582==    by 0x1FFF0001CD: ???
==63582== 
==63582== 38 bytes in 1 blocks are still reachable in loss record 463 of 677
==63582==    at 0x4C2A593: operator new(unsigned long) (vg_replace_malloc.c:344)
==63582==    by 0x5803CD8: std::string::_Rep::_S_create(unsigned long, unsigned long, std::allocator<char> const&) (in /usr/lib64/libstdc++.so.6.0.19)
==63582==    by 0x5805560: char* std::string::_S_construct<char const*>(char const*, char const*, std::allocator<char> const&, std::forward_iterator_tag) (in /usr/lib64/libstdc++.so.6.0.19)
==63582==    by 0x5805997: std::basic_string<char, std::char_traits<char>, std::allocator<char> >::basic_string(char const*, std::allocator<char> const&) (in /usr/lib64/libstdc++.so.6.0.19)
==63582==    by 0x50B5EF6: ??? (in /usr/lib64/libyaml-cpp.so.0.5.1)
==63582==    by 0x400F9C2: _dl_init (in /usr/lib64/ld-2.17.so)
==63582==    by 0x4001179: ??? (in /usr/lib64/ld-2.17.so)
==63582==    by 0x1: ???
==63582==    by 0x1FFF0001C6: ???
==63582==    by 0x1FFF0001CD: ???
==63582== 
==63582== 38 bytes in 1 blocks are still reachable in loss record 464 of 677
==63582==    at 0x4C2A593: operator new(unsigned long) (vg_replace_malloc.c:344)
==63582==    by 0x5803CD8: std::string::_Rep::_S_create(unsigned long, unsigned long, std::allocator<char> const&) (in /usr/lib64/libstdc++.so.6.0.19)
==63582==    by 0x5805560: char* std::string::_S_construct<char const*>(char const*, char const*, std::allocator<char> const&, std::forward_iterator_tag) (in /usr/lib64/libstdc++.so.6.0.19)
==63582==    by 0x5805997: std::basic_string<char, std::char_traits<char>, std::allocator<char> >::basic_string(char const*, std::allocator<char> const&) (in /usr/lib64/libstdc++.so.6.0.19)
==63582==    by 0x50B5F0C: ??? (in /usr/lib64/libyaml-cpp.so.0.5.1)
==63582==    by 0x400F9C2: _dl_init (in /usr/lib64/ld-2.17.so)
==63582==    by 0x4001179: ??? (in /usr/lib64/ld-2.17.so)
==63582==    by 0x1: ???
==63582==    by 0x1FFF0001C6: ???
==63582==    by 0x1FFF0001CD: ???
==63582== 
==63582== 39 bytes in 1 blocks are still reachable in loss record 465 of 677
==63582==    at 0x4C2A593: operator new(unsigned long) (vg_replace_malloc.c:344)
==63582==    by 0x5803CD8: std::string::_Rep::_S_create(unsigned long, unsigned long, std::allocator<char> const&) (in /usr/lib64/libstdc++.so.6.0.19)
==63582==    by 0x5805560: char* std::string::_S_construct<char const*>(char const*, char const*, std::allocator<char> const&, std::forward_iterator_tag) (in /usr/lib64/libstdc++.so.6.0.19)
==63582==    by 0x5805997: std::basic_string<char, std::char_traits<char>, std::allocator<char> >::basic_string(char const*, std::allocator<char> const&) (in /usr/lib64/libstdc++.so.6.0.19)
==63582==    by 0x50B4748: ??? (in /usr/lib64/libyaml-cpp.so.0.5.1)
==63582==    by 0x400F9C2: _dl_init (in /usr/lib64/ld-2.17.so)
==63582==    by 0x4001179: ??? (in /usr/lib64/ld-2.17.so)
==63582==    by 0x1: ???
==63582==    by 0x1FFF0001C6: ???
==63582==    by 0x1FFF0001CD: ???
==63582== 
==63582== 39 bytes in 1 blocks are still reachable in loss record 466 of 677
==63582==    at 0x4C2A593: operator new(unsigned long) (vg_replace_malloc.c:344)
==63582==    by 0x5803CD8: std::string::_Rep::_S_create(unsigned long, unsigned long, std::allocator<char> const&) (in /usr/lib64/libstdc++.so.6.0.19)
==63582==    by 0x5805560: char* std::string::_S_construct<char const*>(char const*, char const*, std::allocator<char> const&, std::forward_iterator_tag) (in /usr/lib64/libstdc++.so.6.0.19)
==63582==    by 0x5805997: std::basic_string<char, std::char_traits<char>, std::allocator<char> >::basic_string(char const*, std::allocator<char> const&) (in /usr/lib64/libstdc++.so.6.0.19)
==63582==    by 0x50B475E: ??? (in /usr/lib64/libyaml-cpp.so.0.5.1)
==63582==    by 0x400F9C2: _dl_init (in /usr/lib64/ld-2.17.so)
==63582==    by 0x4001179: ??? (in /usr/lib64/ld-2.17.so)
==63582==    by 0x1: ???
==63582==    by 0x1FFF0001C6: ???
==63582==    by 0x1FFF0001CD: ???
==63582== 
==63582== 39 bytes in 1 blocks are still reachable in loss record 467 of 677
==63582==    at 0x4C2A593: operator new(unsigned long) (vg_replace_malloc.c:344)
==63582==    by 0x5803CD8: std::string::_Rep::_S_create(unsigned long, unsigned long, std::allocator<char> const&) (in /usr/lib64/libstdc++.so.6.0.19)
==63582==    by 0x5805560: char* std::string::_S_construct<char const*>(char const*, char const*, std::allocator<char> const&, std::forward_iterator_tag) (in /usr/lib64/libstdc++.so.6.0.19)
==63582==    by 0x5805997: std::basic_string<char, std::char_traits<char>, std::allocator<char> >::basic_string(char const*, std::allocator<char> const&) (in /usr/lib64/libstdc++.so.6.0.19)
==63582==    by 0x50B4A68: ??? (in /usr/lib64/libyaml-cpp.so.0.5.1)
==63582==    by 0x400F9C2: _dl_init (in /usr/lib64/ld-2.17.so)
==63582==    by 0x4001179: ??? (in /usr/lib64/ld-2.17.so)
==63582==    by 0x1: ???
==63582==    by 0x1FFF0001C6: ???
==63582==    by 0x1FFF0001CD: ???
==63582== 
==63582== 39 bytes in 1 blocks are still reachable in loss record 468 of 677
==63582==    at 0x4C2A593: operator new(unsigned long) (vg_replace_malloc.c:344)
==63582==    by 0x5803CD8: std::string::_Rep::_S_create(unsigned long, unsigned long, std::allocator<char> const&) (in /usr/lib64/libstdc++.so.6.0.19)
==63582==    by 0x5805560: char* std::string::_S_construct<char const*>(char const*, char const*, std::allocator<char> const&, std::forward_iterator_tag) (in /usr/lib64/libstdc++.so.6.0.19)
==63582==    by 0x5805997: std::basic_string<char, std::char_traits<char>, std::allocator<char> >::basic_string(char const*, std::allocator<char> const&) (in /usr/lib64/libstdc++.so.6.0.19)
==63582==    by 0x50B4A7E: ??? (in /usr/lib64/libyaml-cpp.so.0.5.1)
==63582==    by 0x400F9C2: _dl_init (in /usr/lib64/ld-2.17.so)
==63582==    by 0x4001179: ??? (in /usr/lib64/ld-2.17.so)
==63582==    by 0x1: ???
==63582==    by 0x1FFF0001C6: ???
==63582==    by 0x1FFF0001CD: ???
==63582== 
==63582== 39 bytes in 1 blocks are still reachable in loss record 469 of 677
==63582==    at 0x4C2A593: operator new(unsigned long) (vg_replace_malloc.c:344)
==63582==    by 0x5803CD8: std::string::_Rep::_S_create(unsigned long, unsigned long, std::allocator<char> const&) (in /usr/lib64/libstdc++.so.6.0.19)
==63582==    by 0x5805560: char* std::string::_S_construct<char const*>(char const*, char const*, std::allocator<char> const&, std::forward_iterator_tag) (in /usr/lib64/libstdc++.so.6.0.19)
==63582==    by 0x5805997: std::basic_string<char, std::char_traits<char>, std::allocator<char> >::basic_string(char const*, std::allocator<char> const&) (in /usr/lib64/libstdc++.so.6.0.19)
==63582==    by 0x50B4D88: ??? (in /usr/lib64/libyaml-cpp.so.0.5.1)
==63582==    by 0x400F9C2: _dl_init (in /usr/lib64/ld-2.17.so)
==63582==    by 0x4001179: ??? (in /usr/lib64/ld-2.17.so)
==63582==    by 0x1: ???
==63582==    by 0x1FFF0001C6: ???
==63582==    by 0x1FFF0001CD: ???
==63582== 
==63582== 39 bytes in 1 blocks are still reachable in loss record 470 of 677
==63582==    at 0x4C2A593: operator new(unsigned long) (vg_replace_malloc.c:344)
==63582==    by 0x5803CD8: std::string::_Rep::_S_create(unsigned long, unsigned long, std::allocator<char> const&) (in /usr/lib64/libstdc++.so.6.0.19)
==63582==    by 0x5805560: char* std::string::_S_construct<char const*>(char const*, char const*, std::allocator<char> const&, std::forward_iterator_tag) (in /usr/lib64/libstdc++.so.6.0.19)
==63582==    by 0x5805997: std::basic_string<char, std::char_traits<char>, std::allocator<char> >::basic_string(char const*, std::allocator<char> const&) (in /usr/lib64/libstdc++.so.6.0.19)
==63582==    by 0x50B4D9E: ??? (in /usr/lib64/libyaml-cpp.so.0.5.1)
==63582==    by 0x400F9C2: _dl_init (in /usr/lib64/ld-2.17.so)
==63582==    by 0x4001179: ??? (in /usr/lib64/ld-2.17.so)
==63582==    by 0x1: ???
==63582==    by 0x1FFF0001C6: ???
==63582==    by 0x1FFF0001CD: ???
==63582== 
==63582== 39 bytes in 1 blocks are still reachable in loss record 471 of 677
==63582==    at 0x4C2A593: operator new(unsigned long) (vg_replace_malloc.c:344)
==63582==    by 0x5803CD8: std::string::_Rep::_S_create(unsigned long, unsigned long, std::allocator<char> const&) (in /usr/lib64/libstdc++.so.6.0.19)
==63582==    by 0x5805560: char* std::string::_S_construct<char const*>(char const*, char const*, std::allocator<char> const&, std::forward_iterator_tag) (in /usr/lib64/libstdc++.so.6.0.19)
==63582==    by 0x5805997: std::basic_string<char, std::char_traits<char>, std::allocator<char> >::basic_string(char const*, std::allocator<char> const&) (in /usr/lib64/libstdc++.so.6.0.19)
==63582==    by 0x50B5138: ??? (in /usr/lib64/libyaml-cpp.so.0.5.1)
==63582==    by 0x400F9C2: _dl_init (in /usr/lib64/ld-2.17.so)
==63582==    by 0x4001179: ??? (in /usr/lib64/ld-2.17.so)
==63582==    by 0x1: ???
==63582==    by 0x1FFF0001C6: ???
==63582==    by 0x1FFF0001CD: ???
==63582== 
==63582== 39 bytes in 1 blocks are still reachable in loss record 472 of 677
==63582==    at 0x4C2A593: operator new(unsigned long) (vg_replace_malloc.c:344)
==63582==    by 0x5803CD8: std::string::_Rep::_S_create(unsigned long, unsigned long, std::allocator<char> const&) (in /usr/lib64/libstdc++.so.6.0.19)
==63582==    by 0x5805560: char* std::string::_S_construct<char const*>(char const*, char const*, std::allocator<char> const&, std::forward_iterator_tag) (in /usr/lib64/libstdc++.so.6.0.19)
==63582==    by 0x5805997: std::basic_string<char, std::char_traits<char>, std::allocator<char> >::basic_string(char const*, std::allocator<char> const&) (in /usr/lib64/libstdc++.so.6.0.19)
==63582==    by 0x50B514E: ??? (in /usr/lib64/libyaml-cpp.so.0.5.1)
==63582==    by 0x400F9C2: _dl_init (in /usr/lib64/ld-2.17.so)
==63582==    by 0x4001179: ??? (in /usr/lib64/ld-2.17.so)
==63582==    by 0x1: ???
==63582==    by 0x1FFF0001C6: ???
==63582==    by 0x1FFF0001CD: ???
==63582== 
==63582== 39 bytes in 1 blocks are still reachable in loss record 473 of 677
==63582==    at 0x4C2A593: operator new(unsigned long) (vg_replace_malloc.c:344)
==63582==    by 0x5803CD8: std::string::_Rep::_S_create(unsigned long, unsigned long, std::allocator<char> const&) (in /usr/lib64/libstdc++.so.6.0.19)
==63582==    by 0x5805560: char* std::string::_S_construct<char const*>(char const*, char const*, std::allocator<char> const&, std::forward_iterator_tag) (in /usr/lib64/libstdc++.so.6.0.19)
==63582==    by 0x5805997: std::basic_string<char, std::char_traits<char>, std::allocator<char> >::basic_string(char const*, std::allocator<char> const&) (in /usr/lib64/libstdc++.so.6.0.19)
==63582==    by 0x50B5458: ??? (in /usr/lib64/libyaml-cpp.so.0.5.1)
==63582==    by 0x400F9C2: _dl_init (in /usr/lib64/ld-2.17.so)
==63582==    by 0x4001179: ??? (in /usr/lib64/ld-2.17.so)
==63582==    by 0x1: ???
==63582==    by 0x1FFF0001C6: ???
==63582==    by 0x1FFF0001CD: ???
==63582== 
==63582== 39 bytes in 1 blocks are still reachable in loss record 474 of 677
==63582==    at 0x4C2A593: operator new(unsigned long) (vg_replace_malloc.c:344)
==63582==    by 0x5803CD8: std::string::_Rep::_S_create(unsigned long, unsigned long, std::allocator<char> const&) (in /usr/lib64/libstdc++.so.6.0.19)
==63582==    by 0x5805560: char* std::string::_S_construct<char const*>(char const*, char const*, std::allocator<char> const&, std::forward_iterator_tag) (in /usr/lib64/libstdc++.so.6.0.19)
==63582==    by 0x5805997: std::basic_string<char, std::char_traits<char>, std::allocator<char> >::basic_string(char const*, std::allocator<char> const&) (in /usr/lib64/libstdc++.so.6.0.19)
==63582==    by 0x50B546E: ??? (in /usr/lib64/libyaml-cpp.so.0.5.1)
==63582==    by 0x400F9C2: _dl_init (in /usr/lib64/ld-2.17.so)
==63582==    by 0x4001179: ??? (in /usr/lib64/ld-2.17.so)
==63582==    by 0x1: ???
==63582==    by 0x1FFF0001C6: ???
==63582==    by 0x1FFF0001CD: ???
==63582== 
==63582== 39 bytes in 1 blocks are still reachable in loss record 475 of 677
==63582==    at 0x4C2A593: operator new(unsigned long) (vg_replace_malloc.c:344)
==63582==    by 0x5803CD8: std::string::_Rep::_S_create(unsigned long, unsigned long, std::allocator<char> const&) (in /usr/lib64/libstdc++.so.6.0.19)
==63582==    by 0x5805560: char* std::string::_S_construct<char const*>(char const*, char const*, std::allocator<char> const&, std::forward_iterator_tag) (in /usr/lib64/libstdc++.so.6.0.19)
==63582==    by 0x5805997: std::basic_string<char, std::char_traits<char>, std::allocator<char> >::basic_string(char const*, std::allocator<char> const&) (in /usr/lib64/libstdc++.so.6.0.19)
==63582==    by 0x50B58C8: ??? (in /usr/lib64/libyaml-cpp.so.0.5.1)
==63582==    by 0x400F9C2: _dl_init (in /usr/lib64/ld-2.17.so)
==63582==    by 0x4001179: ??? (in /usr/lib64/ld-2.17.so)
==63582==    by 0x1: ???
==63582==    by 0x1FFF0001C6: ???
==63582==    by 0x1FFF0001CD: ???
==63582== 
==63582== 39 bytes in 1 blocks are still reachable in loss record 476 of 677
==63582==    at 0x4C2A593: operator new(unsigned long) (vg_replace_malloc.c:344)
==63582==    by 0x5803CD8: std::string::_Rep::_S_create(unsigned long, unsigned long, std::allocator<char> const&) (in /usr/lib64/libstdc++.so.6.0.19)
==63582==    by 0x5805560: char* std::string::_S_construct<char const*>(char const*, char const*, std::allocator<char> const&, std::forward_iterator_tag) (in /usr/lib64/libstdc++.so.6.0.19)
==63582==    by 0x5805997: std::basic_string<char, std::char_traits<char>, std::allocator<char> >::basic_string(char const*, std::allocator<char> const&) (in /usr/lib64/libstdc++.so.6.0.19)
==63582==    by 0x50B58DE: ??? (in /usr/lib64/libyaml-cpp.so.0.5.1)
==63582==    by 0x400F9C2: _dl_init (in /usr/lib64/ld-2.17.so)
==63582==    by 0x4001179: ??? (in /usr/lib64/ld-2.17.so)
==63582==    by 0x1: ???
==63582==    by 0x1FFF0001C6: ???
==63582==    by 0x1FFF0001CD: ???
==63582== 
==63582== 39 bytes in 1 blocks are still reachable in loss record 477 of 677
==63582==    at 0x4C2A593: operator new(unsigned long) (vg_replace_malloc.c:344)
==63582==    by 0x5803CD8: std::string::_Rep::_S_create(unsigned long, unsigned long, std::allocator<char> const&) (in /usr/lib64/libstdc++.so.6.0.19)
==63582==    by 0x5805560: char* std::string::_S_construct<char const*>(char const*, char const*, std::allocator<char> const&, std::forward_iterator_tag) (in /usr/lib64/libstdc++.so.6.0.19)
==63582==    by 0x5805997: std::basic_string<char, std::char_traits<char>, std::allocator<char> >::basic_string(char const*, std::allocator<char> const&) (in /usr/lib64/libstdc++.so.6.0.19)
==63582==    by 0x50B5C18: ??? (in /usr/lib64/libyaml-cpp.so.0.5.1)
==63582==    by 0x400F9C2: _dl_init (in /usr/lib64/ld-2.17.so)
==63582==    by 0x4001179: ??? (in /usr/lib64/ld-2.17.so)
==63582==    by 0x1: ???
==63582==    by 0x1FFF0001C6: ???
==63582==    by 0x1FFF0001CD: ???
==63582== 
==63582== 39 bytes in 1 blocks are still reachable in loss record 478 of 677
==63582==    at 0x4C2A593: operator new(unsigned long) (vg_replace_malloc.c:344)
==63582==    by 0x5803CD8: std::string::_Rep::_S_create(unsigned long, unsigned long, std::allocator<char> const&) (in /usr/lib64/libstdc++.so.6.0.19)
==63582==    by 0x5805560: char* std::string::_S_construct<char const*>(char const*, char const*, std::allocator<char> const&, std::forward_iterator_tag) (in /usr/lib64/libstdc++.so.6.0.19)
==63582==    by 0x5805997: std::basic_string<char, std::char_traits<char>, std::allocator<char> >::basic_string(char const*, std::allocator<char> const&) (in /usr/lib64/libstdc++.so.6.0.19)
==63582==    by 0x50B5C2E: ??? (in /usr/lib64/libyaml-cpp.so.0.5.1)
==63582==    by 0x400F9C2: _dl_init (in /usr/lib64/ld-2.17.so)
==63582==    by 0x4001179: ??? (in /usr/lib64/ld-2.17.so)
==63582==    by 0x1: ???
==63582==    by 0x1FFF0001C6: ???
==63582==    by 0x1FFF0001CD: ???
==63582== 
==63582== 39 bytes in 1 blocks are still reachable in loss record 479 of 677
==63582==    at 0x4C2A593: operator new(unsigned long) (vg_replace_malloc.c:344)
==63582==    by 0x5803CD8: std::string::_Rep::_S_create(unsigned long, unsigned long, std::allocator<char> const&) (in /usr/lib64/libstdc++.so.6.0.19)
==63582==    by 0x5805560: char* std::string::_S_construct<char const*>(char const*, char const*, std::allocator<char> const&, std::forward_iterator_tag) (in /usr/lib64/libstdc++.so.6.0.19)
==63582==    by 0x5805997: std::basic_string<char, std::char_traits<char>, std::allocator<char> >::basic_string(char const*, std::allocator<char> const&) (in /usr/lib64/libstdc++.so.6.0.19)
==63582==    by 0x50B5F38: ??? (in /usr/lib64/libyaml-cpp.so.0.5.1)
==63582==    by 0x400F9C2: _dl_init (in /usr/lib64/ld-2.17.so)
==63582==    by 0x4001179: ??? (in /usr/lib64/ld-2.17.so)
==63582==    by 0x1: ???
==63582==    by 0x1FFF0001C6: ???
==63582==    by 0x1FFF0001CD: ???
==63582== 
==63582== 39 bytes in 1 blocks are still reachable in loss record 480 of 677
==63582==    at 0x4C2A593: operator new(unsigned long) (vg_replace_malloc.c:344)
==63582==    by 0x5803CD8: std::string::_Rep::_S_create(unsigned long, unsigned long, std::allocator<char> const&) (in /usr/lib64/libstdc++.so.6.0.19)
==63582==    by 0x5805560: char* std::string::_S_construct<char const*>(char const*, char const*, std::allocator<char> const&, std::forward_iterator_tag) (in /usr/lib64/libstdc++.so.6.0.19)
==63582==    by 0x5805997: std::basic_string<char, std::char_traits<char>, std::allocator<char> >::basic_string(char const*, std::allocator<char> const&) (in /usr/lib64/libstdc++.so.6.0.19)
==63582==    by 0x50B5F4E: ??? (in /usr/lib64/libyaml-cpp.so.0.5.1)
==63582==    by 0x400F9C2: _dl_init (in /usr/lib64/ld-2.17.so)
==63582==    by 0x4001179: ??? (in /usr/lib64/ld-2.17.so)
==63582==    by 0x1: ???
==63582==    by 0x1FFF0001C6: ???
==63582==    by 0x1FFF0001CD: ???
==63582== 
==63582== 40 bytes in 1 blocks are still reachable in loss record 481 of 677
==63582==    at 0x4C2A593: operator new(unsigned long) (vg_replace_malloc.c:344)
==63582==    by 0x5803CD8: std::string::_Rep::_S_create(unsigned long, unsigned long, std::allocator<char> const&) (in /usr/lib64/libstdc++.so.6.0.19)
==63582==    by 0x5805560: char* std::string::_S_construct<char const*>(char const*, char const*, std::allocator<char> const&, std::forward_iterator_tag) (in /usr/lib64/libstdc++.so.6.0.19)
==63582==    by 0x5805997: std::basic_string<char, std::char_traits<char>, std::allocator<char> >::basic_string(char const*, std::allocator<char> const&) (in /usr/lib64/libstdc++.so.6.0.19)
==63582==    by 0x50B46DA: ??? (in /usr/lib64/libyaml-cpp.so.0.5.1)
==63582==    by 0x400F9C2: _dl_init (in /usr/lib64/ld-2.17.so)
==63582==    by 0x4001179: ??? (in /usr/lib64/ld-2.17.so)
==63582==    by 0x1: ???
==63582==    by 0x1FFF0001C6: ???
==63582==    by 0x1FFF0001CD: ???
==63582== 
==63582== 40 bytes in 1 blocks are still reachable in loss record 482 of 677
==63582==    at 0x4C2A593: operator new(unsigned long) (vg_replace_malloc.c:344)
==63582==    by 0x5803CD8: std::string::_Rep::_S_create(unsigned long, unsigned long, std::allocator<char> const&) (in /usr/lib64/libstdc++.so.6.0.19)
==63582==    by 0x5805560: char* std::string::_S_construct<char const*>(char const*, char const*, std::allocator<char> const&, std::forward_iterator_tag) (in /usr/lib64/libstdc++.so.6.0.19)
==63582==    by 0x5805997: std::basic_string<char, std::char_traits<char>, std::allocator<char> >::basic_string(char const*, std::allocator<char> const&) (in /usr/lib64/libstdc++.so.6.0.19)
==63582==    by 0x50B46F0: ??? (in /usr/lib64/libyaml-cpp.so.0.5.1)
==63582==    by 0x400F9C2: _dl_init (in /usr/lib64/ld-2.17.so)
==63582==    by 0x4001179: ??? (in /usr/lib64/ld-2.17.so)
==63582==    by 0x1: ???
==63582==    by 0x1FFF0001C6: ???
==63582==    by 0x1FFF0001CD: ???
==63582== 
==63582== 40 bytes in 1 blocks are still reachable in loss record 483 of 677
==63582==    at 0x4C2A593: operator new(unsigned long) (vg_replace_malloc.c:344)
==63582==    by 0x5803CD8: std::string::_Rep::_S_create(unsigned long, unsigned long, std::allocator<char> const&) (in /usr/lib64/libstdc++.so.6.0.19)
==63582==    by 0x5805560: char* std::string::_S_construct<char const*>(char const*, char const*, std::allocator<char> const&, std::forward_iterator_tag) (in /usr/lib64/libstdc++.so.6.0.19)
==63582==    by 0x5805997: std::basic_string<char, std::char_traits<char>, std::allocator<char> >::basic_string(char const*, std::allocator<char> const&) (in /usr/lib64/libstdc++.so.6.0.19)
==63582==    by 0x50B49FA: ??? (in /usr/lib64/libyaml-cpp.so.0.5.1)
==63582==    by 0x400F9C2: _dl_init (in /usr/lib64/ld-2.17.so)
==63582==    by 0x4001179: ??? (in /usr/lib64/ld-2.17.so)
==63582==    by 0x1: ???
==63582==    by 0x1FFF0001C6: ???
==63582==    by 0x1FFF0001CD: ???
==63582== 
==63582== 40 bytes in 1 blocks are still reachable in loss record 484 of 677
==63582==    at 0x4C2A593: operator new(unsigned long) (vg_replace_malloc.c:344)
==63582==    by 0x5803CD8: std::string::_Rep::_S_create(unsigned long, unsigned long, std::allocator<char> const&) (in /usr/lib64/libstdc++.so.6.0.19)
==63582==    by 0x5805560: char* std::string::_S_construct<char const*>(char const*, char const*, std::allocator<char> const&, std::forward_iterator_tag) (in /usr/lib64/libstdc++.so.6.0.19)
==63582==    by 0x5805997: std::basic_string<char, std::char_traits<char>, std::allocator<char> >::basic_string(char const*, std::allocator<char> const&) (in /usr/lib64/libstdc++.so.6.0.19)
==63582==    by 0x50B4A10: ??? (in /usr/lib64/libyaml-cpp.so.0.5.1)
==63582==    by 0x400F9C2: _dl_init (in /usr/lib64/ld-2.17.so)
==63582==    by 0x4001179: ??? (in /usr/lib64/ld-2.17.so)
==63582==    by 0x1: ???
==63582==    by 0x1FFF0001C6: ???
==63582==    by 0x1FFF0001CD: ???
==63582== 
==63582== 40 bytes in 1 blocks are still reachable in loss record 485 of 677
==63582==    at 0x4C2A593: operator new(unsigned long) (vg_replace_malloc.c:344)
==63582==    by 0x5803CD8: std::string::_Rep::_S_create(unsigned long, unsigned long, std::allocator<char> const&) (in /usr/lib64/libstdc++.so.6.0.19)
==63582==    by 0x5805560: char* std::string::_S_construct<char const*>(char const*, char const*, std::allocator<char> const&, std::forward_iterator_tag) (in /usr/lib64/libstdc++.so.6.0.19)
==63582==    by 0x5805997: std::basic_string<char, std::char_traits<char>, std::allocator<char> >::basic_string(char const*, std::allocator<char> const&) (in /usr/lib64/libstdc++.so.6.0.19)
==63582==    by 0x50B4D1A: ??? (in /usr/lib64/libyaml-cpp.so.0.5.1)
==63582==    by 0x400F9C2: _dl_init (in /usr/lib64/ld-2.17.so)
==63582==    by 0x4001179: ??? (in /usr/lib64/ld-2.17.so)
==63582==    by 0x1: ???
==63582==    by 0x1FFF0001C6: ???
==63582==    by 0x1FFF0001CD: ???
==63582== 
==63582== 40 bytes in 1 blocks are still reachable in loss record 486 of 677
==63582==    at 0x4C2A593: operator new(unsigned long) (vg_replace_malloc.c:344)
==63582==    by 0x5803CD8: std::string::_Rep::_S_create(unsigned long, unsigned long, std::allocator<char> const&) (in /usr/lib64/libstdc++.so.6.0.19)
==63582==    by 0x5805560: char* std::string::_S_construct<char const*>(char const*, char const*, std::allocator<char> const&, std::forward_iterator_tag) (in /usr/lib64/libstdc++.so.6.0.19)
==63582==    by 0x5805997: std::basic_string<char, std::char_traits<char>, std::allocator<char> >::basic_string(char const*, std::allocator<char> const&) (in /usr/lib64/libstdc++.so.6.0.19)
==63582==    by 0x50B4D30: ??? (in /usr/lib64/libyaml-cpp.so.0.5.1)
==63582==    by 0x400F9C2: _dl_init (in /usr/lib64/ld-2.17.so)
==63582==    by 0x4001179: ??? (in /usr/lib64/ld-2.17.so)
==63582==    by 0x1: ???
==63582==    by 0x1FFF0001C6: ???
==63582==    by 0x1FFF0001CD: ???
==63582== 
==63582== 40 bytes in 1 blocks are still reachable in loss record 487 of 677
==63582==    at 0x4C2A593: operator new(unsigned long) (vg_replace_malloc.c:344)
==63582==    by 0x5803CD8: std::string::_Rep::_S_create(unsigned long, unsigned long, std::allocator<char> const&) (in /usr/lib64/libstdc++.so.6.0.19)
==63582==    by 0x5805560: char* std::string::_S_construct<char const*>(char const*, char const*, std::allocator<char> const&, std::forward_iterator_tag) (in /usr/lib64/libstdc++.so.6.0.19)
==63582==    by 0x5805997: std::basic_string<char, std::char_traits<char>, std::allocator<char> >::basic_string(char const*, std::allocator<char> const&) (in /usr/lib64/libstdc++.so.6.0.19)
==63582==    by 0x50B50CA: ??? (in /usr/lib64/libyaml-cpp.so.0.5.1)
==63582==    by 0x400F9C2: _dl_init (in /usr/lib64/ld-2.17.so)
==63582==    by 0x4001179: ??? (in /usr/lib64/ld-2.17.so)
==63582==    by 0x1: ???
==63582==    by 0x1FFF0001C6: ???
==63582==    by 0x1FFF0001CD: ???
==63582== 
==63582== 40 bytes in 1 blocks are still reachable in loss record 488 of 677
==63582==    at 0x4C2A593: operator new(unsigned long) (vg_replace_malloc.c:344)
==63582==    by 0x5803CD8: std::string::_Rep::_S_create(unsigned long, unsigned long, std::allocator<char> const&) (in /usr/lib64/libstdc++.so.6.0.19)
==63582==    by 0x5805560: char* std::string::_S_construct<char const*>(char const*, char const*, std::allocator<char> const&, std::forward_iterator_tag) (in /usr/lib64/libstdc++.so.6.0.19)
==63582==    by 0x5805997: std::basic_string<char, std::char_traits<char>, std::allocator<char> >::basic_string(char const*, std::allocator<char> const&) (in /usr/lib64/libstdc++.so.6.0.19)
==63582==    by 0x50B50E0: ??? (in /usr/lib64/libyaml-cpp.so.0.5.1)
==63582==    by 0x400F9C2: _dl_init (in /usr/lib64/ld-2.17.so)
==63582==    by 0x4001179: ??? (in /usr/lib64/ld-2.17.so)
==63582==    by 0x1: ???
==63582==    by 0x1FFF0001C6: ???
==63582==    by 0x1FFF0001CD: ???
==63582== 
==63582== 40 bytes in 1 blocks are still reachable in loss record 489 of 677
==63582==    at 0x4C2A593: operator new(unsigned long) (vg_replace_malloc.c:344)
==63582==    by 0x5803CD8: std::string::_Rep::_S_create(unsigned long, unsigned long, std::allocator<char> const&) (in /usr/lib64/libstdc++.so.6.0.19)
==63582==    by 0x5805560: char* std::string::_S_construct<char const*>(char const*, char const*, std::allocator<char> const&, std::forward_iterator_tag) (in /usr/lib64/libstdc++.so.6.0.19)
==63582==    by 0x5805997: std::basic_string<char, std::char_traits<char>, std::allocator<char> >::basic_string(char const*, std::allocator<char> const&) (in /usr/lib64/libstdc++.so.6.0.19)
==63582==    by 0x50B53EA: ??? (in /usr/lib64/libyaml-cpp.so.0.5.1)
==63582==    by 0x400F9C2: _dl_init (in /usr/lib64/ld-2.17.so)
==63582==    by 0x4001179: ??? (in /usr/lib64/ld-2.17.so)
==63582==    by 0x1: ???
==63582==    by 0x1FFF0001C6: ???
==63582==    by 0x1FFF0001CD: ???
==63582== 
==63582== 40 bytes in 1 blocks are still reachable in loss record 490 of 677
==63582==    at 0x4C2A593: operator new(unsigned long) (vg_replace_malloc.c:344)
==63582==    by 0x5803CD8: std::string::_Rep::_S_create(unsigned long, unsigned long, std::allocator<char> const&) (in /usr/lib64/libstdc++.so.6.0.19)
==63582==    by 0x5805560: char* std::string::_S_construct<char const*>(char const*, char const*, std::allocator<char> const&, std::forward_iterator_tag) (in /usr/lib64/libstdc++.so.6.0.19)
==63582==    by 0x5805997: std::basic_string<char, std::char_traits<char>, std::allocator<char> >::basic_string(char const*, std::allocator<char> const&) (in /usr/lib64/libstdc++.so.6.0.19)
==63582==    by 0x50B5400: ??? (in /usr/lib64/libyaml-cpp.so.0.5.1)
==63582==    by 0x400F9C2: _dl_init (in /usr/lib64/ld-2.17.so)
==63582==    by 0x4001179: ??? (in /usr/lib64/ld-2.17.so)
==63582==    by 0x1: ???
==63582==    by 0x1FFF0001C6: ???
==63582==    by 0x1FFF0001CD: ???
==63582== 
==63582== 40 bytes in 1 blocks are still reachable in loss record 491 of 677
==63582==    at 0x4C2A593: operator new(unsigned long) (vg_replace_malloc.c:344)
==63582==    by 0x5803CD8: std::string::_Rep::_S_create(unsigned long, unsigned long, std::allocator<char> const&) (in /usr/lib64/libstdc++.so.6.0.19)
==63582==    by 0x5805560: char* std::string::_S_construct<char const*>(char const*, char const*, std::allocator<char> const&, std::forward_iterator_tag) (in /usr/lib64/libstdc++.so.6.0.19)
==63582==    by 0x5805997: std::basic_string<char, std::char_traits<char>, std::allocator<char> >::basic_string(char const*, std::allocator<char> const&) (in /usr/lib64/libstdc++.so.6.0.19)
==63582==    by 0x50B585A: ??? (in /usr/lib64/libyaml-cpp.so.0.5.1)
==63582==    by 0x400F9C2: _dl_init (in /usr/lib64/ld-2.17.so)
==63582==    by 0x4001179: ??? (in /usr/lib64/ld-2.17.so)
==63582==    by 0x1: ???
==63582==    by 0x1FFF0001C6: ???
==63582==    by 0x1FFF0001CD: ???
==63582== 
==63582== 40 bytes in 1 blocks are still reachable in loss record 492 of 677
==63582==    at 0x4C2A593: operator new(unsigned long) (vg_replace_malloc.c:344)
==63582==    by 0x5803CD8: std::string::_Rep::_S_create(unsigned long, unsigned long, std::allocator<char> const&) (in /usr/lib64/libstdc++.so.6.0.19)
==63582==    by 0x5805560: char* std::string::_S_construct<char const*>(char const*, char const*, std::allocator<char> const&, std::forward_iterator_tag) (in /usr/lib64/libstdc++.so.6.0.19)
==63582==    by 0x5805997: std::basic_string<char, std::char_traits<char>, std::allocator<char> >::basic_string(char const*, std::allocator<char> const&) (in /usr/lib64/libstdc++.so.6.0.19)
==63582==    by 0x50B5870: ??? (in /usr/lib64/libyaml-cpp.so.0.5.1)
==63582==    by 0x400F9C2: _dl_init (in /usr/lib64/ld-2.17.so)
==63582==    by 0x4001179: ??? (in /usr/lib64/ld-2.17.so)
==63582==    by 0x1: ???
==63582==    by 0x1FFF0001C6: ???
==63582==    by 0x1FFF0001CD: ???
==63582== 
==63582== 40 bytes in 1 blocks are still reachable in loss record 493 of 677
==63582==    at 0x4C2A593: operator new(unsigned long) (vg_replace_malloc.c:344)
==63582==    by 0x5803CD8: std::string::_Rep::_S_create(unsigned long, unsigned long, std::allocator<char> const&) (in /usr/lib64/libstdc++.so.6.0.19)
==63582==    by 0x5805560: char* std::string::_S_construct<char const*>(char const*, char const*, std::allocator<char> const&, std::forward_iterator_tag) (in /usr/lib64/libstdc++.so.6.0.19)
==63582==    by 0x5805997: std::basic_string<char, std::char_traits<char>, std::allocator<char> >::basic_string(char const*, std::allocator<char> const&) (in /usr/lib64/libstdc++.so.6.0.19)
==63582==    by 0x50B5BAA: ??? (in /usr/lib64/libyaml-cpp.so.0.5.1)
==63582==    by 0x400F9C2: _dl_init (in /usr/lib64/ld-2.17.so)
==63582==    by 0x4001179: ??? (in /usr/lib64/ld-2.17.so)
==63582==    by 0x1: ???
==63582==    by 0x1FFF0001C6: ???
==63582==    by 0x1FFF0001CD: ???
==63582== 
==63582== 40 bytes in 1 blocks are still reachable in loss record 494 of 677
==63582==    at 0x4C2A593: operator new(unsigned long) (vg_replace_malloc.c:344)
==63582==    by 0x5803CD8: std::string::_Rep::_S_create(unsigned long, unsigned long, std::allocator<char> const&) (in /usr/lib64/libstdc++.so.6.0.19)
==63582==    by 0x5805560: char* std::string::_S_construct<char const*>(char const*, char const*, std::allocator<char> const&, std::forward_iterator_tag) (in /usr/lib64/libstdc++.so.6.0.19)
==63582==    by 0x5805997: std::basic_string<char, std::char_traits<char>, std::allocator<char> >::basic_string(char const*, std::allocator<char> const&) (in /usr/lib64/libstdc++.so.6.0.19)
==63582==    by 0x50B5BC0: ??? (in /usr/lib64/libyaml-cpp.so.0.5.1)
==63582==    by 0x400F9C2: _dl_init (in /usr/lib64/ld-2.17.so)
==63582==    by 0x4001179: ??? (in /usr/lib64/ld-2.17.so)
==63582==    by 0x1: ???
==63582==    by 0x1FFF0001C6: ???
==63582==    by 0x1FFF0001CD: ???
==63582== 
==63582== 40 bytes in 1 blocks are still reachable in loss record 495 of 677
==63582==    at 0x4C2A593: operator new(unsigned long) (vg_replace_malloc.c:344)
==63582==    by 0x5803CD8: std::string::_Rep::_S_create(unsigned long, unsigned long, std::allocator<char> const&) (in /usr/lib64/libstdc++.so.6.0.19)
==63582==    by 0x5805560: char* std::string::_S_construct<char const*>(char const*, char const*, std::allocator<char> const&, std::forward_iterator_tag) (in /usr/lib64/libstdc++.so.6.0.19)
==63582==    by 0x5805997: std::basic_string<char, std::char_traits<char>, std::allocator<char> >::basic_string(char const*, std::allocator<char> const&) (in /usr/lib64/libstdc++.so.6.0.19)
==63582==    by 0x50B5ECA: ??? (in /usr/lib64/libyaml-cpp.so.0.5.1)
==63582==    by 0x400F9C2: _dl_init (in /usr/lib64/ld-2.17.so)
==63582==    by 0x4001179: ??? (in /usr/lib64/ld-2.17.so)
==63582==    by 0x1: ???
==63582==    by 0x1FFF0001C6: ???
==63582==    by 0x1FFF0001CD: ???
==63582== 
==63582== 40 bytes in 1 blocks are still reachable in loss record 496 of 677
==63582==    at 0x4C2A593: operator new(unsigned long) (vg_replace_malloc.c:344)
==63582==    by 0x5803CD8: std::string::_Rep::_S_create(unsigned long, unsigned long, std::allocator<char> const&) (in /usr/lib64/libstdc++.so.6.0.19)
==63582==    by 0x5805560: char* std::string::_S_construct<char const*>(char const*, char const*, std::allocator<char> const&, std::forward_iterator_tag) (in /usr/lib64/libstdc++.so.6.0.19)
==63582==    by 0x5805997: std::basic_string<char, std::char_traits<char>, std::allocator<char> >::basic_string(char const*, std::allocator<char> const&) (in /usr/lib64/libstdc++.so.6.0.19)
==63582==    by 0x50B5EE0: ??? (in /usr/lib64/libyaml-cpp.so.0.5.1)
==63582==    by 0x400F9C2: _dl_init (in /usr/lib64/ld-2.17.so)
==63582==    by 0x4001179: ??? (in /usr/lib64/ld-2.17.so)
==63582==    by 0x1: ???
==63582==    by 0x1FFF0001C6: ???
==63582==    by 0x1FFF0001CD: ???
==63582== 
==63582== 40 bytes in 1 blocks are still reachable in loss record 497 of 677
==63582==    at 0x4C29F73: malloc (vg_replace_malloc.c:309)
==63582==    by 0x6FB53C9: ARD_AllocBookmark (in /usr/lib64/psqlodbcw.so)
==63582==    by 0x6FA9E25: PGAPI_AllocStmt (in /usr/lib64/psqlodbcw.so)
==63582==    by 0x6FB5EB6: SQLAllocHandle (in /usr/lib64/psqlodbcw.so)
==63582==    by 0x4E3ED4C: ??? (in /usr/lib64/libodbc.so.2.0.0)
==63582==    by 0x406601: CppODBC::Connect(char const*, char const*, char const*) (cpp_odbc.cpp:111)
==63582==    by 0x4059D2: main (main.cpp:308)
==63582== 
==63582== 41 bytes in 1 blocks are still reachable in loss record 498 of 677
==63582==    at 0x4C2A593: operator new(unsigned long) (vg_replace_malloc.c:344)
==63582==    by 0x5803CD8: std::string::_Rep::_S_create(unsigned long, unsigned long, std::allocator<char> const&) (in /usr/lib64/libstdc++.so.6.0.19)
==63582==    by 0x5805560: char* std::string::_S_construct<char const*>(char const*, char const*, std::allocator<char> const&, std::forward_iterator_tag) (in /usr/lib64/libstdc++.so.6.0.19)
==63582==    by 0x5805997: std::basic_string<char, std::char_traits<char>, std::allocator<char> >::basic_string(char const*, std::allocator<char> const&) (in /usr/lib64/libstdc++.so.6.0.19)
==63582==    by 0x50B47A0: ??? (in /usr/lib64/libyaml-cpp.so.0.5.1)
==63582==    by 0x400F9C2: _dl_init (in /usr/lib64/ld-2.17.so)
==63582==    by 0x4001179: ??? (in /usr/lib64/ld-2.17.so)
==63582==    by 0x1: ???
==63582==    by 0x1FFF0001C6: ???
==63582==    by 0x1FFF0001CD: ???
==63582== 
==63582== 41 bytes in 1 blocks are still reachable in loss record 499 of 677
==63582==    at 0x4C2A593: operator new(unsigned long) (vg_replace_malloc.c:344)
==63582==    by 0x5803CD8: std::string::_Rep::_S_create(unsigned long, unsigned long, std::allocator<char> const&) (in /usr/lib64/libstdc++.so.6.0.19)
==63582==    by 0x5805560: char* std::string::_S_construct<char const*>(char const*, char const*, std::allocator<char> const&, std::forward_iterator_tag) (in /usr/lib64/libstdc++.so.6.0.19)
==63582==    by 0x5805997: std::basic_string<char, std::char_traits<char>, std::allocator<char> >::basic_string(char const*, std::allocator<char> const&) (in /usr/lib64/libstdc++.so.6.0.19)
==63582==    by 0x50B4AC0: ??? (in /usr/lib64/libyaml-cpp.so.0.5.1)
==63582==    by 0x400F9C2: _dl_init (in /usr/lib64/ld-2.17.so)
==63582==    by 0x4001179: ??? (in /usr/lib64/ld-2.17.so)
==63582==    by 0x1: ???
==63582==    by 0x1FFF0001C6: ???
==63582==    by 0x1FFF0001CD: ???
==63582== 
==63582== 41 bytes in 1 blocks are still reachable in loss record 500 of 677
==63582==    at 0x4C2A593: operator new(unsigned long) (vg_replace_malloc.c:344)
==63582==    by 0x5803CD8: std::string::_Rep::_S_create(unsigned long, unsigned long, std::allocator<char> const&) (in /usr/lib64/libstdc++.so.6.0.19)
==63582==    by 0x5805560: char* std::string::_S_construct<char const*>(char const*, char const*, std::allocator<char> const&, std::forward_iterator_tag) (in /usr/lib64/libstdc++.so.6.0.19)
==63582==    by 0x5805997: std::basic_string<char, std::char_traits<char>, std::allocator<char> >::basic_string(char const*, std::allocator<char> const&) (in /usr/lib64/libstdc++.so.6.0.19)
==63582==    by 0x50B4DE0: ??? (in /usr/lib64/libyaml-cpp.so.0.5.1)
==63582==    by 0x400F9C2: _dl_init (in /usr/lib64/ld-2.17.so)
==63582==    by 0x4001179: ??? (in /usr/lib64/ld-2.17.so)
==63582==    by 0x1: ???
==63582==    by 0x1FFF0001C6: ???
==63582==    by 0x1FFF0001CD: ???
==63582== 
==63582== 41 bytes in 1 blocks are still reachable in loss record 501 of 677
==63582==    at 0x4C2A593: operator new(unsigned long) (vg_replace_malloc.c:344)
==63582==    by 0x5803CD8: std::string::_Rep::_S_create(unsigned long, unsigned long, std::allocator<char> const&) (in /usr/lib64/libstdc++.so.6.0.19)
==63582==    by 0x5805560: char* std::string::_S_construct<char const*>(char const*, char const*, std::allocator<char> const&, std::forward_iterator_tag) (in /usr/lib64/libstdc++.so.6.0.19)
==63582==    by 0x5805997: std::basic_string<char, std::char_traits<char>, std::allocator<char> >::basic_string(char const*, std::allocator<char> const&) (in /usr/lib64/libstdc++.so.6.0.19)
==63582==    by 0x50B5190: ??? (in /usr/lib64/libyaml-cpp.so.0.5.1)
==63582==    by 0x400F9C2: _dl_init (in /usr/lib64/ld-2.17.so)
==63582==    by 0x4001179: ??? (in /usr/lib64/ld-2.17.so)
==63582==    by 0x1: ???
==63582==    by 0x1FFF0001C6: ???
==63582==    by 0x1FFF0001CD: ???
==63582== 
==63582== 41 bytes in 1 blocks are still reachable in loss record 502 of 677
==63582==    at 0x4C2A593: operator new(unsigned long) (vg_replace_malloc.c:344)
==63582==    by 0x5803CD8: std::string::_Rep::_S_create(unsigned long, unsigned long, std::allocator<char> const&) (in /usr/lib64/libstdc++.so.6.0.19)
==63582==    by 0x5805560: char* std::string::_S_construct<char const*>(char const*, char const*, std::allocator<char> const&, std::forward_iterator_tag) (in /usr/lib64/libstdc++.so.6.0.19)
==63582==    by 0x5805997: std::basic_string<char, std::char_traits<char>, std::allocator<char> >::basic_string(char const*, std::allocator<char> const&) (in /usr/lib64/libstdc++.so.6.0.19)
==63582==    by 0x50B54B0: ??? (in /usr/lib64/libyaml-cpp.so.0.5.1)
==63582==    by 0x400F9C2: _dl_init (in /usr/lib64/ld-2.17.so)
==63582==    by 0x4001179: ??? (in /usr/lib64/ld-2.17.so)
==63582==    by 0x1: ???
==63582==    by 0x1FFF0001C6: ???
==63582==    by 0x1FFF0001CD: ???
==63582== 
==63582== 41 bytes in 1 blocks are still reachable in loss record 503 of 677
==63582==    at 0x4C2A593: operator new(unsigned long) (vg_replace_malloc.c:344)
==63582==    by 0x5803CD8: std::string::_Rep::_S_create(unsigned long, unsigned long, std::allocator<char> const&) (in /usr/lib64/libstdc++.so.6.0.19)
==63582==    by 0x5805560: char* std::string::_S_construct<char const*>(char const*, char const*, std::allocator<char> const&, std::forward_iterator_tag) (in /usr/lib64/libstdc++.so.6.0.19)
==63582==    by 0x5805997: std::basic_string<char, std::char_traits<char>, std::allocator<char> >::basic_string(char const*, std::allocator<char> const&) (in /usr/lib64/libstdc++.so.6.0.19)
==63582==    by 0x50B5920: ??? (in /usr/lib64/libyaml-cpp.so.0.5.1)
==63582==    by 0x400F9C2: _dl_init (in /usr/lib64/ld-2.17.so)
==63582==    by 0x4001179: ??? (in /usr/lib64/ld-2.17.so)
==63582==    by 0x1: ???
==63582==    by 0x1FFF0001C6: ???
==63582==    by 0x1FFF0001CD: ???
==63582== 
==63582== 41 bytes in 1 blocks are still reachable in loss record 504 of 677
==63582==    at 0x4C2A593: operator new(unsigned long) (vg_replace_malloc.c:344)
==63582==    by 0x5803CD8: std::string::_Rep::_S_create(unsigned long, unsigned long, std::allocator<char> const&) (in /usr/lib64/libstdc++.so.6.0.19)
==63582==    by 0x5805560: char* std::string::_S_construct<char const*>(char const*, char const*, std::allocator<char> const&, std::forward_iterator_tag) (in /usr/lib64/libstdc++.so.6.0.19)
==63582==    by 0x5805997: std::basic_string<char, std::char_traits<char>, std::allocator<char> >::basic_string(char const*, std::allocator<char> const&) (in /usr/lib64/libstdc++.so.6.0.19)
==63582==    by 0x50B5C70: ??? (in /usr/lib64/libyaml-cpp.so.0.5.1)
==63582==    by 0x400F9C2: _dl_init (in /usr/lib64/ld-2.17.so)
==63582==    by 0x4001179: ??? (in /usr/lib64/ld-2.17.so)
==63582==    by 0x1: ???
==63582==    by 0x1FFF0001C6: ???
==63582==    by 0x1FFF0001CD: ???
==63582== 
==63582== 41 bytes in 1 blocks are still reachable in loss record 505 of 677
==63582==    at 0x4C2A593: operator new(unsigned long) (vg_replace_malloc.c:344)
==63582==    by 0x5803CD8: std::string::_Rep::_S_create(unsigned long, unsigned long, std::allocator<char> const&) (in /usr/lib64/libstdc++.so.6.0.19)
==63582==    by 0x5805560: char* std::string::_S_construct<char const*>(char const*, char const*, std::allocator<char> const&, std::forward_iterator_tag) (in /usr/lib64/libstdc++.so.6.0.19)
==63582==    by 0x5805997: std::basic_string<char, std::char_traits<char>, std::allocator<char> >::basic_string(char const*, std::allocator<char> const&) (in /usr/lib64/libstdc++.so.6.0.19)
==63582==    by 0x50B5F90: ??? (in /usr/lib64/libyaml-cpp.so.0.5.1)
==63582==    by 0x400F9C2: _dl_init (in /usr/lib64/ld-2.17.so)
==63582==    by 0x4001179: ??? (in /usr/lib64/ld-2.17.so)
==63582==    by 0x1: ???
==63582==    by 0x1FFF0001C6: ???
==63582==    by 0x1FFF0001CD: ???
==63582== 
==63582== 48 bytes in 1 blocks are still reachable in loss record 506 of 677
==63582==    at 0x4C2A593: operator new(unsigned long) (vg_replace_malloc.c:344)
==63582==    by 0x40D334: allocate (new_allocator.h:104)
==63582==    by 0x40D334: _M_allocate (stl_vector.h:168)
==63582==    by 0x40D334: std::vector<std::vector<std::string, std::allocator<std::string> >, std::allocator<std::vector<std::string, std::allocator<std::string> > > >::_M_default_append(unsigned long) (vector.tcc:549)
==63582==    by 0x40D5BF: std::vector<std::vector<std::string, std::allocator<std::string> >, std::allocator<std::vector<std::string, std::allocator<std::string> > > >::resize(unsigned long) (stl_vector.h:667)
==63582==    by 0x407D77: readConfig(Data&, std::vector<std::vector<std::string, std::allocator<std::string> >, std::allocator<std::vector<std::string, std::allocator<std::string> > > >&, std::vector<std::vector<int, std::allocator<int> >, std::allocator<std::vector<int, std::allocator<int> > > >&) (main.cpp:103)
==63582==    by 0x405AB8: main (main.cpp:316)
==63582== 
==63582== 48 bytes in 1 blocks are still reachable in loss record 507 of 677
==63582==    at 0x4C2A593: operator new(unsigned long) (vg_replace_malloc.c:344)
==63582==    by 0x40D6E8: allocate (new_allocator.h:104)
==63582==    by 0x40D6E8: _M_allocate (stl_vector.h:168)
==63582==    by 0x40D6E8: std::vector<std::vector<int, std::allocator<int> >, std::allocator<std::vector<int, std::allocator<int> > > >::_M_default_append(unsigned long) (vector.tcc:549)
==63582==    by 0x408556: resize (stl_vector.h:667)
==63582==    by 0x408556: readConfig(Data&, std::vector<std::vector<std::string, std::allocator<std::string> >, std::allocator<std::vector<std::string, std::allocator<std::string> > > >&, std::vector<std::vector<int, std::allocator<int> >, std::allocator<std::vector<int, std::allocator<int> > > >&) (main.cpp:104)
==63582==    by 0x405AB8: main (main.cpp:316)
==63582== 
==63582== 48 bytes in 1 blocks are still reachable in loss record 508 of 677
==63582==    at 0x4C2A593: operator new(unsigned long) (vg_replace_malloc.c:344)
==63582==    by 0x40D334: allocate (new_allocator.h:104)
==63582==    by 0x40D334: _M_allocate (stl_vector.h:168)
==63582==    by 0x40D334: std::vector<std::vector<std::string, std::allocator<std::string> >, std::allocator<std::vector<std::string, std::allocator<std::string> > > >::_M_default_append(unsigned long) (vector.tcc:549)
==63582==    by 0x40DF5A: resize (stl_vector.h:667)
==63582==    by 0x40DF5A: thread_pool::setCmd(std::vector<std::vector<std::string, std::allocator<std::string> >, std::allocator<std::vector<std::string, std::allocator<std::string> > > >, std::vector<std::vector<int, std::allocator<int> >, std::allocator<std::vector<int, std::allocator<int> > > >, std::vector<int, std::allocator<int> >) (thread_pool.cpp:82)
==63582==    by 0x405D6D: main (main.cpp:329)
==63582== 
==63582== 48 bytes in 1 blocks are still reachable in loss record 509 of 677
==63582==    at 0x4C2A593: operator new(unsigned long) (vg_replace_malloc.c:344)
==63582==    by 0x40D6E8: allocate (new_allocator.h:104)
==63582==    by 0x40D6E8: _M_allocate (stl_vector.h:168)
==63582==    by 0x40D6E8: std::vector<std::vector<int, std::allocator<int> >, std::allocator<std::vector<int, std::allocator<int> > > >::_M_default_append(unsigned long) (vector.tcc:549)
==63582==    by 0x40DF43: resize (stl_vector.h:667)
==63582==    by 0x40DF43: thread_pool::setCmd(std::vector<std::vector<std::string, std::allocator<std::string> >, std::allocator<std::vector<std::string, std::allocator<std::string> > > >, std::vector<std::vector<int, std::allocator<int> >, std::allocator<std::vector<int, std::allocator<int> > > >, std::vector<int, std::allocator<int> >) (thread_pool.cpp:83)
==63582==    by 0x405D6D: main (main.cpp:329)
==63582== 
==63582== 50 bytes in 1 blocks are still reachable in loss record 510 of 677
==63582==    at 0x4C2A593: operator new(unsigned long) (vg_replace_malloc.c:344)
==63582==    by 0x5803CD8: std::string::_Rep::_S_create(unsigned long, unsigned long, std::allocator<char> const&) (in /usr/lib64/libstdc++.so.6.0.19)
==63582==    by 0x5805560: char* std::string::_S_construct<char const*>(char const*, char const*, std::allocator<char> const&, std::forward_iterator_tag) (in /usr/lib64/libstdc++.so.6.0.19)
==63582==    by 0x5805997: std::basic_string<char, std::char_traits<char>, std::allocator<char> >::basic_string(char const*, std::allocator<char> const&) (in /usr/lib64/libstdc++.so.6.0.19)
==63582==    by 0x57FB05E: ??? (in /usr/lib64/libstdc++.so.6.0.19)
==63582==    by 0x57F9EE5: std::__throw_system_error(int) (in /usr/lib64/libstdc++.so.6.0.19)
==63582==    by 0x57FB0E7: std::thread::join() (in /usr/lib64/libstdc++.so.6.0.19)
==63582==    by 0x409CAB: stop (thread_pool.cpp:59)
==63582==    by 0x409CAB: sqlexec(std::vector<std::string, std::allocator<std::string> >, std::vector<int, std::allocator<int> >) (main.cpp:268)
==63582==    by 0x40AAE6: std::_Function_handler<void (std::vector<std::string, std::allocator<std::string> >, std::vector<int, std::allocator<int> >), void (*)(std::vector<std::string, std::allocator<std::string> >, std::vector<int, std::allocator<int> >)>::_M_invoke(std::_Any_data const&, std::vector<std::string, std::allocator<std::string> >, std::vector<int, std::allocator<int> >) (functional:2071)
==63582==    by 0x40C9CE: operator() (functional:2471)
==63582==    by 0x40C9CE: thread_pool::worker() (thread_pool.cpp:127)
==63582==    by 0x57FB32F: ??? (in /usr/lib64/libstdc++.so.6.0.19)
==63582==    by 0x5531EA4: start_thread (in /usr/lib64/libpthread-2.17.so)
==63582== 
==63582== 56 bytes in 1 blocks are still reachable in loss record 511 of 677
==63582==    at 0x4C29F73: malloc (vg_replace_malloc.c:309)
==63582==    by 0x6F8984A: EN_Constructor (in /usr/lib64/psqlodbcw.so)
==63582==    by 0x6F8A04B: PGAPI_AllocEnv (in /usr/lib64/psqlodbcw.so)
==63582==    by 0x4E448C8: ??? (in /usr/lib64/libodbc.so.2.0.0)
==63582==    by 0x4E46AF6: SQLConnect (in /usr/lib64/libodbc.so.2.0.0)
==63582==    by 0x406579: CppODBC::Connect(char const*, char const*, char const*) (cpp_odbc.cpp:100)
==63582==    by 0x4059D2: main (main.cpp:308)
==63582== 
==63582== 59 bytes in 1 blocks are still reachable in loss record 512 of 677
==63582==    at 0x4C2C291: realloc (vg_replace_malloc.c:836)
==63582==    by 0x5FDDEAA: vasprintf (in /usr/lib64/libc-2.17.so)
==63582==    by 0x5FB96A6: asprintf (in /usr/lib64/libc-2.17.so)
==63582==    by 0x653F407: dlerror (in /usr/lib64/libdl-2.17.so)
==63582==    by 0x633A5AD: vm_sym (in /usr/local/oushu/oushudb-5.0.0.0/lib/libltdl.so.7.3.1)
==63582==    by 0x63390E0: lt_dlsym (in /usr/local/oushu/oushudb-5.0.0.0/lib/libltdl.so.7.3.1)
==63582==    by 0x4E43D7A: ??? (in /usr/lib64/libodbc.so.2.0.0)
==63582==    by 0x4E46AF6: SQLConnect (in /usr/lib64/libodbc.so.2.0.0)
==63582==    by 0x406579: CppODBC::Connect(char const*, char const*, char const*) (cpp_odbc.cpp:100)
==63582==    by 0x4059D2: main (main.cpp:308)
==63582== 
==63582== 59 bytes in 1 blocks are still reachable in loss record 513 of 677
==63582==    at 0x4C2C291: realloc (vg_replace_malloc.c:836)
==63582==    by 0x5FDDEAA: vasprintf (in /usr/lib64/libc-2.17.so)
==63582==    by 0x5FB96A6: asprintf (in /usr/lib64/libc-2.17.so)
==63582==    by 0x653F407: dlerror (in /usr/lib64/libdl-2.17.so)
==63582==    by 0x633A5AD: vm_sym (in /usr/local/oushu/oushudb-5.0.0.0/lib/libltdl.so.7.3.1)
==63582==    by 0x63390E0: lt_dlsym (in /usr/local/oushu/oushudb-5.0.0.0/lib/libltdl.so.7.3.1)
==63582==    by 0x4E43D7A: ??? (in /usr/lib64/libodbc.so.2.0.0)
==63582==    by 0x4E46AF6: SQLConnect (in /usr/lib64/libodbc.so.2.0.0)
==63582==    by 0x406579: CppODBC::Connect(char const*, char const*, char const*) (cpp_odbc.cpp:100)
==63582==    by 0x408D0F: sqlexec(std::vector<std::string, std::allocator<std::string> >, std::vector<int, std::allocator<int> >) (main.cpp:202)
==63582==    by 0x40AAE6: std::_Function_handler<void (std::vector<std::string, std::allocator<std::string> >, std::vector<int, std::allocator<int> >), void (*)(std::vector<std::string, std::allocator<std::string> >, std::vector<int, std::allocator<int> >)>::_M_invoke(std::_Any_data const&, std::vector<std::string, std::allocator<std::string> >, std::vector<int, std::allocator<int> >) (functional:2071)
==63582==    by 0x40C9CE: operator() (functional:2471)
==63582==    by 0x40C9CE: thread_pool::worker() (thread_pool.cpp:127)
==63582== 
==63582== 64 bytes in 1 blocks are still reachable in loss record 514 of 677
==63582==    at 0x4C2A593: operator new(unsigned long) (vg_replace_malloc.c:344)
==63582==    by 0x5803CD8: std::string::_Rep::_S_create(unsigned long, unsigned long, std::allocator<char> const&) (in /usr/lib64/libstdc++.so.6.0.19)
==63582==    by 0x58048EA: std::string::_Rep::_M_clone(std::allocator<char> const&, unsigned long) (in /usr/lib64/libstdc++.so.6.0.19)
==63582==    by 0x5804993: std::string::reserve(unsigned long) (in /usr/lib64/libstdc++.so.6.0.19)
==63582==    by 0x5804BFE: std::string::append(char const*, unsigned long) (in /usr/lib64/libstdc++.so.6.0.19)
==63582==    by 0x405A44: operator+<char, std::char_traits<char>, std::allocator<char> > (basic_string.h:2468)
==63582==    by 0x405A44: main (main.cpp:314)
==63582== 
==63582== 64 bytes in 1 blocks are still reachable in loss record 515 of 677
==63582==    at 0x4C2A593: operator new(unsigned long) (vg_replace_malloc.c:344)
==63582==    by 0x50EF5C1: std::vector<YAML::RegEx, std::allocator<YAML::RegEx> >::_M_insert_aux(__gnu_cxx::__normal_iterator<YAML::RegEx*, std::vector<YAML::RegEx, std::allocator<YAML::RegEx> > >, YAML::RegEx const&) (in /usr/lib64/libyaml-cpp.so.0.5.1)
==63582==    by 0x50EC96E: YAML::operator||(YAML::RegEx const&, YAML::RegEx const&) (in /usr/lib64/libyaml-cpp.so.0.5.1)
==63582==    by 0x50E05E2: YAML::Scanner::ScanToNextToken() (in /usr/lib64/libyaml-cpp.so.0.5.1)
==63582==    by 0x50E3964: YAML::Scanner::ScanNextToken() (in /usr/lib64/libyaml-cpp.so.0.5.1)
==63582==    by 0x50E4CA4: YAML::Scanner::EnsureTokensInQueue() (in /usr/lib64/libyaml-cpp.so.0.5.1)
==63582==    by 0x50E4E18: YAML::Scanner::empty() (in /usr/lib64/libyaml-cpp.so.0.5.1)
==63582==    by 0x50C649D: YAML::Parser::ParseDirectives() (in /usr/lib64/libyaml-cpp.so.0.5.1)
==63582==    by 0x50C64E8: YAML::Parser::HandleNextDocument(YAML::EventHandler&) (in /usr/lib64/libyaml-cpp.so.0.5.1)
==63582==    by 0x50D94D3: YAML::Load(std::istream&) (in /usr/lib64/libyaml-cpp.so.0.5.1)
==63582==    by 0x50D9F09: YAML::LoadFile(std::string const&) (in /usr/lib64/libyaml-cpp.so.0.5.1)
==63582==    by 0x4072D4: readConfig(Data&, std::vector<std::vector<std::string, std::allocator<std::string> >, std::allocator<std::vector<std::string, std::allocator<std::string> > > >&, std::vector<std::vector<int, std::allocator<int> >, std::allocator<std::vector<int, std::allocator<int> > > >&) (main.cpp:69)
==63582== 
==63582== 64 bytes in 1 blocks are still reachable in loss record 516 of 677
==63582==    at 0x4C2A593: operator new(unsigned long) (vg_replace_malloc.c:344)
==63582==    by 0x50F013D: std::vector<YAML::RegEx, std::allocator<YAML::RegEx> >::_M_insert_aux(__gnu_cxx::__normal_iterator<YAML::RegEx*, std::vector<YAML::RegEx, std::allocator<YAML::RegEx> > >, YAML::RegEx const&) (in /usr/lib64/libyaml-cpp.so.0.5.1)
==63582==    by 0x50EC96E: YAML::operator||(YAML::RegEx const&, YAML::RegEx const&) (in /usr/lib64/libyaml-cpp.so.0.5.1)
==63582==    by 0x50E05E2: YAML::Scanner::ScanToNextToken() (in /usr/lib64/libyaml-cpp.so.0.5.1)
==63582==    by 0x50E3964: YAML::Scanner::ScanNextToken() (in /usr/lib64/libyaml-cpp.so.0.5.1)
==63582==    by 0x50E4CA4: YAML::Scanner::EnsureTokensInQueue() (in /usr/lib64/libyaml-cpp.so.0.5.1)
==63582==    by 0x50E4E18: YAML::Scanner::empty() (in /usr/lib64/libyaml-cpp.so.0.5.1)
==63582==    by 0x50C649D: YAML::Parser::ParseDirectives() (in /usr/lib64/libyaml-cpp.so.0.5.1)
==63582==    by 0x50C64E8: YAML::Parser::HandleNextDocument(YAML::EventHandler&) (in /usr/lib64/libyaml-cpp.so.0.5.1)
==63582==    by 0x50D94D3: YAML::Load(std::istream&) (in /usr/lib64/libyaml-cpp.so.0.5.1)
==63582==    by 0x50D9F09: YAML::LoadFile(std::string const&) (in /usr/lib64/libyaml-cpp.so.0.5.1)
==63582==    by 0x4072D4: readConfig(Data&, std::vector<std::vector<std::string, std::allocator<std::string> >, std::allocator<std::vector<std::string, std::allocator<std::string> > > >&, std::vector<std::vector<int, std::allocator<int> >, std::allocator<std::vector<int, std::allocator<int> > > >&) (main.cpp:69)
==63582== 
==63582== 64 bytes in 1 blocks are still reachable in loss record 517 of 677
==63582==    at 0x4C2A593: operator new(unsigned long) (vg_replace_malloc.c:344)
==63582==    by 0x50EF5C1: std::vector<YAML::RegEx, std::allocator<YAML::RegEx> >::_M_insert_aux(__gnu_cxx::__normal_iterator<YAML::RegEx*, std::vector<YAML::RegEx, std::allocator<YAML::RegEx> > >, YAML::RegEx const&) (in /usr/lib64/libyaml-cpp.so.0.5.1)
==63582==    by 0x50EC96E: YAML::operator||(YAML::RegEx const&, YAML::RegEx const&) (in /usr/lib64/libyaml-cpp.so.0.5.1)
==63582==    by 0x50B9F60: YAML::Exp::BlankOrBreak() (in /usr/lib64/libyaml-cpp.so.0.5.1)
==63582==    by 0x50E3B61: YAML::Scanner::ScanNextToken() (in /usr/lib64/libyaml-cpp.so.0.5.1)
==63582==    by 0x50E4CA4: YAML::Scanner::EnsureTokensInQueue() (in /usr/lib64/libyaml-cpp.so.0.5.1)
==63582==    by 0x50E4E18: YAML::Scanner::empty() (in /usr/lib64/libyaml-cpp.so.0.5.1)
==63582==    by 0x50C649D: YAML::Parser::ParseDirectives() (in /usr/lib64/libyaml-cpp.so.0.5.1)
==63582==    by 0x50C64E8: YAML::Parser::HandleNextDocument(YAML::EventHandler&) (in /usr/lib64/libyaml-cpp.so.0.5.1)
==63582==    by 0x50D94D3: YAML::Load(std::istream&) (in /usr/lib64/libyaml-cpp.so.0.5.1)
==63582==    by 0x50D9F09: YAML::LoadFile(std::string const&) (in /usr/lib64/libyaml-cpp.so.0.5.1)
==63582==    by 0x4072D4: readConfig(Data&, std::vector<std::vector<std::string, std::allocator<std::string> >, std::allocator<std::vector<std::string, std::allocator<std::string> > > >&, std::vector<std::vector<int, std::allocator<int> >, std::allocator<std::vector<int, std::allocator<int> > > >&) (main.cpp:69)
==63582== 
==63582== 64 bytes in 1 blocks are still reachable in loss record 518 of 677
==63582==    at 0x4C2A593: operator new(unsigned long) (vg_replace_malloc.c:344)
==63582==    by 0x50EF5C1: std::vector<YAML::RegEx, std::allocator<YAML::RegEx> >::_M_insert_aux(__gnu_cxx::__normal_iterator<YAML::RegEx*, std::vector<YAML::RegEx, std::allocator<YAML::RegEx> > >, YAML::RegEx const&) (in /usr/lib64/libyaml-cpp.so.0.5.1)
==63582==    by 0x50EC96E: YAML::operator||(YAML::RegEx const&, YAML::RegEx const&) (in /usr/lib64/libyaml-cpp.so.0.5.1)
==63582==    by 0x50B9B10: YAML::Exp::BlankOrBreak() (in /usr/lib64/libyaml-cpp.so.0.5.1)
==63582==    by 0x50E3B61: YAML::Scanner::ScanNextToken() (in /usr/lib64/libyaml-cpp.so.0.5.1)
==63582==    by 0x50E4CA4: YAML::Scanner::EnsureTokensInQueue() (in /usr/lib64/libyaml-cpp.so.0.5.1)
==63582==    by 0x50E4E18: YAML::Scanner::empty() (in /usr/lib64/libyaml-cpp.so.0.5.1)
==63582==    by 0x50C649D: YAML::Parser::ParseDirectives() (in /usr/lib64/libyaml-cpp.so.0.5.1)
==63582==    by 0x50C64E8: YAML::Parser::HandleNextDocument(YAML::EventHandler&) (in /usr/lib64/libyaml-cpp.so.0.5.1)
==63582==    by 0x50D94D3: YAML::Load(std::istream&) (in /usr/lib64/libyaml-cpp.so.0.5.1)
==63582==    by 0x50D9F09: YAML::LoadFile(std::string const&) (in /usr/lib64/libyaml-cpp.so.0.5.1)
==63582==    by 0x4072D4: readConfig(Data&, std::vector<std::vector<std::string, std::allocator<std::string> >, std::allocator<std::vector<std::string, std::allocator<std::string> > > >&, std::vector<std::vector<int, std::allocator<int> >, std::allocator<std::vector<int, std::allocator<int> > > >&) (main.cpp:69)
==63582== 
==63582== 64 bytes in 1 blocks are still reachable in loss record 519 of 677
==63582==    at 0x4C2A593: operator new(unsigned long) (vg_replace_malloc.c:344)
==63582==    by 0x50F013D: std::vector<YAML::RegEx, std::allocator<YAML::RegEx> >::_M_insert_aux(__gnu_cxx::__normal_iterator<YAML::RegEx*, std::vector<YAML::RegEx, std::allocator<YAML::RegEx> > >, YAML::RegEx const&) (in /usr/lib64/libyaml-cpp.so.0.5.1)
==63582==    by 0x50EC96E: YAML::operator||(YAML::RegEx const&, YAML::RegEx const&) (in /usr/lib64/libyaml-cpp.so.0.5.1)
==63582==    by 0x50B9B10: YAML::Exp::BlankOrBreak() (in /usr/lib64/libyaml-cpp.so.0.5.1)
==63582==    by 0x50E3B61: YAML::Scanner::ScanNextToken() (in /usr/lib64/libyaml-cpp.so.0.5.1)
==63582==    by 0x50E4CA4: YAML::Scanner::EnsureTokensInQueue() (in /usr/lib64/libyaml-cpp.so.0.5.1)
==63582==    by 0x50E4E18: YAML::Scanner::empty() (in /usr/lib64/libyaml-cpp.so.0.5.1)
==63582==    by 0x50C649D: YAML::Parser::ParseDirectives() (in /usr/lib64/libyaml-cpp.so.0.5.1)
==63582==    by 0x50C64E8: YAML::Parser::HandleNextDocument(YAML::EventHandler&) (in /usr/lib64/libyaml-cpp.so.0.5.1)
==63582==    by 0x50D94D3: YAML::Load(std::istream&) (in /usr/lib64/libyaml-cpp.so.0.5.1)
==63582==    by 0x50D9F09: YAML::LoadFile(std::string const&) (in /usr/lib64/libyaml-cpp.so.0.5.1)
==63582==    by 0x4072D4: readConfig(Data&, std::vector<std::vector<std::string, std::allocator<std::string> >, std::allocator<std::vector<std::string, std::allocator<std::string> > > >&, std::vector<std::vector<int, std::allocator<int> >, std::allocator<std::vector<int, std::allocator<int> > > >&) (main.cpp:69)
==63582== 
==63582== 64 bytes in 1 blocks are still reachable in loss record 520 of 677
==63582==    at 0x4C2A593: operator new(unsigned long) (vg_replace_malloc.c:344)
==63582==    by 0x50EFE3F: std::vector<YAML::RegEx, std::allocator<YAML::RegEx> >::_M_insert_aux(__gnu_cxx::__normal_iterator<YAML::RegEx*, std::vector<YAML::RegEx, std::allocator<YAML::RegEx> > >, YAML::RegEx const&) (in /usr/lib64/libyaml-cpp.so.0.5.1)
==63582==    by 0x50EC96E: YAML::operator||(YAML::RegEx const&, YAML::RegEx const&) (in /usr/lib64/libyaml-cpp.so.0.5.1)
==63582==    by 0x50B9B10: YAML::Exp::BlankOrBreak() (in /usr/lib64/libyaml-cpp.so.0.5.1)
==63582==    by 0x50E3B61: YAML::Scanner::ScanNextToken() (in /usr/lib64/libyaml-cpp.so.0.5.1)
==63582==    by 0x50E4CA4: YAML::Scanner::EnsureTokensInQueue() (in /usr/lib64/libyaml-cpp.so.0.5.1)
==63582==    by 0x50E4E18: YAML::Scanner::empty() (in /usr/lib64/libyaml-cpp.so.0.5.1)
==63582==    by 0x50C649D: YAML::Parser::ParseDirectives() (in /usr/lib64/libyaml-cpp.so.0.5.1)
==63582==    by 0x50C64E8: YAML::Parser::HandleNextDocument(YAML::EventHandler&) (in /usr/lib64/libyaml-cpp.so.0.5.1)
==63582==    by 0x50D94D3: YAML::Load(std::istream&) (in /usr/lib64/libyaml-cpp.so.0.5.1)
==63582==    by 0x50D9F09: YAML::LoadFile(std::string const&) (in /usr/lib64/libyaml-cpp.so.0.5.1)
==63582==    by 0x4072D4: readConfig(Data&, std::vector<std::vector<std::string, std::allocator<std::string> >, std::allocator<std::vector<std::string, std::allocator<std::string> > > >&, std::vector<std::vector<int, std::allocator<int> >, std::allocator<std::vector<int, std::allocator<int> > > >&) (main.cpp:69)
==63582== 
==63582== 64 bytes in 1 blocks are still reachable in loss record 521 of 677
==63582==    at 0x4C2A593: operator new(unsigned long) (vg_replace_malloc.c:344)
==63582==    by 0x50EFE69: std::vector<YAML::RegEx, std::allocator<YAML::RegEx> >::_M_insert_aux(__gnu_cxx::__normal_iterator<YAML::RegEx*, std::vector<YAML::RegEx, std::allocator<YAML::RegEx> > >, YAML::RegEx const&) (in /usr/lib64/libyaml-cpp.so.0.5.1)
==63582==    by 0x50EC96E: YAML::operator||(YAML::RegEx const&, YAML::RegEx const&) (in /usr/lib64/libyaml-cpp.so.0.5.1)
==63582==    by 0x50B9B10: YAML::Exp::BlankOrBreak() (in /usr/lib64/libyaml-cpp.so.0.5.1)
==63582==    by 0x50E3B61: YAML::Scanner::ScanNextToken() (in /usr/lib64/libyaml-cpp.so.0.5.1)
==63582==    by 0x50E4CA4: YAML::Scanner::EnsureTokensInQueue() (in /usr/lib64/libyaml-cpp.so.0.5.1)
==63582==    by 0x50E4E18: YAML::Scanner::empty() (in /usr/lib64/libyaml-cpp.so.0.5.1)
==63582==    by 0x50C649D: YAML::Parser::ParseDirectives() (in /usr/lib64/libyaml-cpp.so.0.5.1)
==63582==    by 0x50C64E8: YAML::Parser::HandleNextDocument(YAML::EventHandler&) (in /usr/lib64/libyaml-cpp.so.0.5.1)
==63582==    by 0x50D94D3: YAML::Load(std::istream&) (in /usr/lib64/libyaml-cpp.so.0.5.1)
==63582==    by 0x50D9F09: YAML::LoadFile(std::string const&) (in /usr/lib64/libyaml-cpp.so.0.5.1)
==63582==    by 0x4072D4: readConfig(Data&, std::vector<std::vector<std::string, std::allocator<std::string> >, std::allocator<std::vector<std::string, std::allocator<std::string> > > >&, std::vector<std::vector<int, std::allocator<int> >, std::allocator<std::vector<int, std::allocator<int> > > >&) (main.cpp:69)
==63582== 
==63582== 64 bytes in 1 blocks are still reachable in loss record 522 of 677
==63582==    at 0x4C2A593: operator new(unsigned long) (vg_replace_malloc.c:344)
==63582==    by 0x50EF5C1: std::vector<YAML::RegEx, std::allocator<YAML::RegEx> >::_M_insert_aux(__gnu_cxx::__normal_iterator<YAML::RegEx*, std::vector<YAML::RegEx, std::allocator<YAML::RegEx> > >, YAML::RegEx const&) (in /usr/lib64/libyaml-cpp.so.0.5.1)
==63582==    by 0x50ED55E: YAML::operator+(YAML::RegEx const&, YAML::RegEx const&) (in /usr/lib64/libyaml-cpp.so.0.5.1)
==63582==    by 0x50E3BBE: YAML::Scanner::ScanNextToken() (in /usr/lib64/libyaml-cpp.so.0.5.1)
==63582==    by 0x50E4CA4: YAML::Scanner::EnsureTokensInQueue() (in /usr/lib64/libyaml-cpp.so.0.5.1)
==63582==    by 0x50E4E18: YAML::Scanner::empty() (in /usr/lib64/libyaml-cpp.so.0.5.1)
==63582==    by 0x50C649D: YAML::Parser::ParseDirectives() (in /usr/lib64/libyaml-cpp.so.0.5.1)
==63582==    by 0x50C64E8: YAML::Parser::HandleNextDocument(YAML::EventHandler&) (in /usr/lib64/libyaml-cpp.so.0.5.1)
==63582==    by 0x50D94D3: YAML::Load(std::istream&) (in /usr/lib64/libyaml-cpp.so.0.5.1)
==63582==    by 0x50D9F09: YAML::LoadFile(std::string const&) (in /usr/lib64/libyaml-cpp.so.0.5.1)
==63582==    by 0x4072D4: readConfig(Data&, std::vector<std::vector<std::string, std::allocator<std::string> >, std::allocator<std::vector<std::string, std::allocator<std::string> > > >&, std::vector<std::vector<int, std::allocator<int> >, std::allocator<std::vector<int, std::allocator<int> > > >&) (main.cpp:69)
==63582==    by 0x405AB8: main (main.cpp:316)
==63582== 
==63582== 64 bytes in 1 blocks are still reachable in loss record 523 of 677
==63582==    at 0x4C2A593: operator new(unsigned long) (vg_replace_malloc.c:344)
==63582==    by 0x50F013D: std::vector<YAML::RegEx, std::allocator<YAML::RegEx> >::_M_insert_aux(__gnu_cxx::__normal_iterator<YAML::RegEx*, std::vector<YAML::RegEx, std::allocator<YAML::RegEx> > >, YAML::RegEx const&) (in /usr/lib64/libyaml-cpp.so.0.5.1)
==63582==    by 0x50ED55E: YAML::operator+(YAML::RegEx const&, YAML::RegEx const&) (in /usr/lib64/libyaml-cpp.so.0.5.1)
==63582==    by 0x50E3BBE: YAML::Scanner::ScanNextToken() (in /usr/lib64/libyaml-cpp.so.0.5.1)
==63582==    by 0x50E4CA4: YAML::Scanner::EnsureTokensInQueue() (in /usr/lib64/libyaml-cpp.so.0.5.1)
==63582==    by 0x50E4E18: YAML::Scanner::empty() (in /usr/lib64/libyaml-cpp.so.0.5.1)
==63582==    by 0x50C649D: YAML::Parser::ParseDirectives() (in /usr/lib64/libyaml-cpp.so.0.5.1)
==63582==    by 0x50C64E8: YAML::Parser::HandleNextDocument(YAML::EventHandler&) (in /usr/lib64/libyaml-cpp.so.0.5.1)
==63582==    by 0x50D94D3: YAML::Load(std::istream&) (in /usr/lib64/libyaml-cpp.so.0.5.1)
==63582==    by 0x50D9F09: YAML::LoadFile(std::string const&) (in /usr/lib64/libyaml-cpp.so.0.5.1)
==63582==    by 0x4072D4: readConfig(Data&, std::vector<std::vector<std::string, std::allocator<std::string> >, std::allocator<std::vector<std::string, std::allocator<std::string> > > >&, std::vector<std::vector<int, std::allocator<int> >, std::allocator<std::vector<int, std::allocator<int> > > >&) (main.cpp:69)
==63582==    by 0x405AB8: main (main.cpp:316)
==63582== 
==63582== 64 bytes in 1 blocks are still reachable in loss record 524 of 677
==63582==    at 0x4C2A593: operator new(unsigned long) (vg_replace_malloc.c:344)
==63582==    by 0x50EFE3F: std::vector<YAML::RegEx, std::allocator<YAML::RegEx> >::_M_insert_aux(__gnu_cxx::__normal_iterator<YAML::RegEx*, std::vector<YAML::RegEx, std::allocator<YAML::RegEx> > >, YAML::RegEx const&) (in /usr/lib64/libyaml-cpp.so.0.5.1)
==63582==    by 0x50ED55E: YAML::operator+(YAML::RegEx const&, YAML::RegEx const&) (in /usr/lib64/libyaml-cpp.so.0.5.1)
==63582==    by 0x50E3BBE: YAML::Scanner::ScanNextToken() (in /usr/lib64/libyaml-cpp.so.0.5.1)
==63582==    by 0x50E4CA4: YAML::Scanner::EnsureTokensInQueue() (in /usr/lib64/libyaml-cpp.so.0.5.1)
==63582==    by 0x50E4E18: YAML::Scanner::empty() (in /usr/lib64/libyaml-cpp.so.0.5.1)
==63582==    by 0x50C649D: YAML::Parser::ParseDirectives() (in /usr/lib64/libyaml-cpp.so.0.5.1)
==63582==    by 0x50C64E8: YAML::Parser::HandleNextDocument(YAML::EventHandler&) (in /usr/lib64/libyaml-cpp.so.0.5.1)
==63582==    by 0x50D94D3: YAML::Load(std::istream&) (in /usr/lib64/libyaml-cpp.so.0.5.1)
==63582==    by 0x50D9F09: YAML::LoadFile(std::string const&) (in /usr/lib64/libyaml-cpp.so.0.5.1)
==63582==    by 0x4072D4: readConfig(Data&, std::vector<std::vector<std::string, std::allocator<std::string> >, std::allocator<std::vector<std::string, std::allocator<std::string> > > >&, std::vector<std::vector<int, std::allocator<int> >, std::allocator<std::vector<int, std::allocator<int> > > >&) (main.cpp:69)
==63582==    by 0x405AB8: main (main.cpp:316)
==63582== 
==63582== 64 bytes in 1 blocks are still reachable in loss record 525 of 677
==63582==    at 0x4C2A593: operator new(unsigned long) (vg_replace_malloc.c:344)
==63582==    by 0x50EF8A1: std::vector<YAML::RegEx, std::allocator<YAML::RegEx> >::_M_insert_aux(__gnu_cxx::__normal_iterator<YAML::RegEx*, std::vector<YAML::RegEx, std::allocator<YAML::RegEx> > >, YAML::RegEx const&) (in /usr/lib64/libyaml-cpp.so.0.5.1)
==63582==    by 0x50ED55E: YAML::operator+(YAML::RegEx const&, YAML::RegEx const&) (in /usr/lib64/libyaml-cpp.so.0.5.1)
==63582==    by 0x50E3BBE: YAML::Scanner::ScanNextToken() (in /usr/lib64/libyaml-cpp.so.0.5.1)
==63582==    by 0x50E4CA4: YAML::Scanner::EnsureTokensInQueue() (in /usr/lib64/libyaml-cpp.so.0.5.1)
==63582==    by 0x50E4E18: YAML::Scanner::empty() (in /usr/lib64/libyaml-cpp.so.0.5.1)
==63582==    by 0x50C649D: YAML::Parser::ParseDirectives() (in /usr/lib64/libyaml-cpp.so.0.5.1)
==63582==    by 0x50C64E8: YAML::Parser::HandleNextDocument(YAML::EventHandler&) (in /usr/lib64/libyaml-cpp.so.0.5.1)
==63582==    by 0x50D94D3: YAML::Load(std::istream&) (in /usr/lib64/libyaml-cpp.so.0.5.1)
==63582==    by 0x50D9F09: YAML::LoadFile(std::string const&) (in /usr/lib64/libyaml-cpp.so.0.5.1)
==63582==    by 0x4072D4: readConfig(Data&, std::vector<std::vector<std::string, std::allocator<std::string> >, std::allocator<std::vector<std::string, std::allocator<std::string> > > >&, std::vector<std::vector<int, std::allocator<int> >, std::allocator<std::vector<int, std::allocator<int> > > >&) (main.cpp:69)
==63582==    by 0x405AB8: main (main.cpp:316)
==63582== 
==63582== 64 bytes in 1 blocks are still reachable in loss record 526 of 677
==63582==    at 0x4C2A593: operator new(unsigned long) (vg_replace_malloc.c:344)
==63582==    by 0x50EF5C1: std::vector<YAML::RegEx, std::allocator<YAML::RegEx> >::_M_insert_aux(__gnu_cxx::__normal_iterator<YAML::RegEx*, std::vector<YAML::RegEx, std::allocator<YAML::RegEx> > >, YAML::RegEx const&) (in /usr/lib64/libyaml-cpp.so.0.5.1)
==63582==    by 0x50ED55E: YAML::operator+(YAML::RegEx const&, YAML::RegEx const&) (in /usr/lib64/libyaml-cpp.so.0.5.1)
==63582==    by 0x50E46FE: YAML::Scanner::ScanNextToken() (in /usr/lib64/libyaml-cpp.so.0.5.1)
==63582==    by 0x50E4CA4: YAML::Scanner::EnsureTokensInQueue() (in /usr/lib64/libyaml-cpp.so.0.5.1)
==63582==    by 0x50E4E18: YAML::Scanner::empty() (in /usr/lib64/libyaml-cpp.so.0.5.1)
==63582==    by 0x50C649D: YAML::Parser::ParseDirectives() (in /usr/lib64/libyaml-cpp.so.0.5.1)
==63582==    by 0x50C64E8: YAML::Parser::HandleNextDocument(YAML::EventHandler&) (in /usr/lib64/libyaml-cpp.so.0.5.1)
==63582==    by 0x50D94D3: YAML::Load(std::istream&) (in /usr/lib64/libyaml-cpp.so.0.5.1)
==63582==    by 0x50D9F09: YAML::LoadFile(std::string const&) (in /usr/lib64/libyaml-cpp.so.0.5.1)
==63582==    by 0x4072D4: readConfig(Data&, std::vector<std::vector<std::string, std::allocator<std::string> >, std::allocator<std::vector<std::string, std::allocator<std::string> > > >&, std::vector<std::vector<int, std::allocator<int> >, std::allocator<std::vector<int, std::allocator<int> > > >&) (main.cpp:69)
==63582==    by 0x405AB8: main (main.cpp:316)
==63582== 
==63582== 64 bytes in 1 blocks are still reachable in loss record 527 of 677
==63582==    at 0x4C2A593: operator new(unsigned long) (vg_replace_malloc.c:344)
==63582==    by 0x50F013D: std::vector<YAML::RegEx, std::allocator<YAML::RegEx> >::_M_insert_aux(__gnu_cxx::__normal_iterator<YAML::RegEx*, std::vector<YAML::RegEx, std::allocator<YAML::RegEx> > >, YAML::RegEx const&) (in /usr/lib64/libyaml-cpp.so.0.5.1)
==63582==    by 0x50ED55E: YAML::operator+(YAML::RegEx const&, YAML::RegEx const&) (in /usr/lib64/libyaml-cpp.so.0.5.1)
==63582==    by 0x50E46FE: YAML::Scanner::ScanNextToken() (in /usr/lib64/libyaml-cpp.so.0.5.1)
==63582==    by 0x50E4CA4: YAML::Scanner::EnsureTokensInQueue() (in /usr/lib64/libyaml-cpp.so.0.5.1)
==63582==    by 0x50E4E18: YAML::Scanner::empty() (in /usr/lib64/libyaml-cpp.so.0.5.1)
==63582==    by 0x50C649D: YAML::Parser::ParseDirectives() (in /usr/lib64/libyaml-cpp.so.0.5.1)
==63582==    by 0x50C64E8: YAML::Parser::HandleNextDocument(YAML::EventHandler&) (in /usr/lib64/libyaml-cpp.so.0.5.1)
==63582==    by 0x50D94D3: YAML::Load(std::istream&) (in /usr/lib64/libyaml-cpp.so.0.5.1)
==63582==    by 0x50D9F09: YAML::LoadFile(std::string const&) (in /usr/lib64/libyaml-cpp.so.0.5.1)
==63582==    by 0x4072D4: readConfig(Data&, std::vector<std::vector<std::string, std::allocator<std::string> >, std::allocator<std::vector<std::string, std::allocator<std::string> > > >&, std::vector<std::vector<int, std::allocator<int> >, std::allocator<std::vector<int, std::allocator<int> > > >&) (main.cpp:69)
==63582==    by 0x405AB8: main (main.cpp:316)
==63582== 
==63582== 64 bytes in 1 blocks are still reachable in loss record 528 of 677
==63582==    at 0x4C2A593: operator new(unsigned long) (vg_replace_malloc.c:344)
==63582==    by 0x50EFE3F: std::vector<YAML::RegEx, std::allocator<YAML::RegEx> >::_M_insert_aux(__gnu_cxx::__normal_iterator<YAML::RegEx*, std::vector<YAML::RegEx, std::allocator<YAML::RegEx> > >, YAML::RegEx const&) (in /usr/lib64/libyaml-cpp.so.0.5.1)
==63582==    by 0x50ED55E: YAML::operator+(YAML::RegEx const&, YAML::RegEx const&) (in /usr/lib64/libyaml-cpp.so.0.5.1)
==63582==    by 0x50E46FE: YAML::Scanner::ScanNextToken() (in /usr/lib64/libyaml-cpp.so.0.5.1)
==63582==    by 0x50E4CA4: YAML::Scanner::EnsureTokensInQueue() (in /usr/lib64/libyaml-cpp.so.0.5.1)
==63582==    by 0x50E4E18: YAML::Scanner::empty() (in /usr/lib64/libyaml-cpp.so.0.5.1)
==63582==    by 0x50C649D: YAML::Parser::ParseDirectives() (in /usr/lib64/libyaml-cpp.so.0.5.1)
==63582==    by 0x50C64E8: YAML::Parser::HandleNextDocument(YAML::EventHandler&) (in /usr/lib64/libyaml-cpp.so.0.5.1)
==63582==    by 0x50D94D3: YAML::Load(std::istream&) (in /usr/lib64/libyaml-cpp.so.0.5.1)
==63582==    by 0x50D9F09: YAML::LoadFile(std::string const&) (in /usr/lib64/libyaml-cpp.so.0.5.1)
==63582==    by 0x4072D4: readConfig(Data&, std::vector<std::vector<std::string, std::allocator<std::string> >, std::allocator<std::vector<std::string, std::allocator<std::string> > > >&, std::vector<std::vector<int, std::allocator<int> >, std::allocator<std::vector<int, std::allocator<int> > > >&) (main.cpp:69)
==63582==    by 0x405AB8: main (main.cpp:316)
==63582== 
==63582== 64 bytes in 1 blocks are still reachable in loss record 529 of 677
==63582==    at 0x4C2A593: operator new(unsigned long) (vg_replace_malloc.c:344)
==63582==    by 0x50EF8A1: std::vector<YAML::RegEx, std::allocator<YAML::RegEx> >::_M_insert_aux(__gnu_cxx::__normal_iterator<YAML::RegEx*, std::vector<YAML::RegEx, std::allocator<YAML::RegEx> > >, YAML::RegEx const&) (in /usr/lib64/libyaml-cpp.so.0.5.1)
==63582==    by 0x50ED55E: YAML::operator+(YAML::RegEx const&, YAML::RegEx const&) (in /usr/lib64/libyaml-cpp.so.0.5.1)
==63582==    by 0x50E46FE: YAML::Scanner::ScanNextToken() (in /usr/lib64/libyaml-cpp.so.0.5.1)
==63582==    by 0x50E4CA4: YAML::Scanner::EnsureTokensInQueue() (in /usr/lib64/libyaml-cpp.so.0.5.1)
==63582==    by 0x50E4E18: YAML::Scanner::empty() (in /usr/lib64/libyaml-cpp.so.0.5.1)
==63582==    by 0x50C649D: YAML::Parser::ParseDirectives() (in /usr/lib64/libyaml-cpp.so.0.5.1)
==63582==    by 0x50C64E8: YAML::Parser::HandleNextDocument(YAML::EventHandler&) (in /usr/lib64/libyaml-cpp.so.0.5.1)
==63582==    by 0x50D94D3: YAML::Load(std::istream&) (in /usr/lib64/libyaml-cpp.so.0.5.1)
==63582==    by 0x50D9F09: YAML::LoadFile(std::string const&) (in /usr/lib64/libyaml-cpp.so.0.5.1)
==63582==    by 0x4072D4: readConfig(Data&, std::vector<std::vector<std::string, std::allocator<std::string> >, std::allocator<std::vector<std::string, std::allocator<std::string> > > >&, std::vector<std::vector<int, std::allocator<int> >, std::allocator<std::vector<int, std::allocator<int> > > >&) (main.cpp:69)
==63582==    by 0x405AB8: main (main.cpp:316)
==63582== 
==63582== 64 bytes in 1 blocks are still reachable in loss record 530 of 677
==63582==    at 0x4C2A593: operator new(unsigned long) (vg_replace_malloc.c:344)
==63582==    by 0x50EF5C1: std::vector<YAML::RegEx, std::allocator<YAML::RegEx> >::_M_insert_aux(__gnu_cxx::__normal_iterator<YAML::RegEx*, std::vector<YAML::RegEx, std::allocator<YAML::RegEx> > >, YAML::RegEx const&) (in /usr/lib64/libyaml-cpp.so.0.5.1)
==63582==    by 0x50ED55E: YAML::operator+(YAML::RegEx const&, YAML::RegEx const&) (in /usr/lib64/libyaml-cpp.so.0.5.1)
==63582==    by 0x50E6933: YAML::Exp::BlockEntry() (in /usr/lib64/libyaml-cpp.so.0.5.1)
==63582==    by 0x50E3F4C: YAML::Scanner::ScanNextToken() (in /usr/lib64/libyaml-cpp.so.0.5.1)
==63582==    by 0x50E4CA4: YAML::Scanner::EnsureTokensInQueue() (in /usr/lib64/libyaml-cpp.so.0.5.1)
==63582==    by 0x50E4E18: YAML::Scanner::empty() (in /usr/lib64/libyaml-cpp.so.0.5.1)
==63582==    by 0x50C649D: YAML::Parser::ParseDirectives() (in /usr/lib64/libyaml-cpp.so.0.5.1)
==63582==    by 0x50C64E8: YAML::Parser::HandleNextDocument(YAML::EventHandler&) (in /usr/lib64/libyaml-cpp.so.0.5.1)
==63582==    by 0x50D94D3: YAML::Load(std::istream&) (in /usr/lib64/libyaml-cpp.so.0.5.1)
==63582==    by 0x50D9F09: YAML::LoadFile(std::string const&) (in /usr/lib64/libyaml-cpp.so.0.5.1)
==63582==    by 0x4072D4: readConfig(Data&, std::vector<std::vector<std::string, std::allocator<std::string> >, std::allocator<std::vector<std::string, std::allocator<std::string> > > >&, std::vector<std::vector<int, std::allocator<int> >, std::allocator<std::vector<int, std::allocator<int> > > >&) (main.cpp:69)
==63582== 
==63582== 64 bytes in 1 blocks are still reachable in loss record 531 of 677
==63582==    at 0x4C2A593: operator new(unsigned long) (vg_replace_malloc.c:344)
==63582==    by 0x50F013D: std::vector<YAML::RegEx, std::allocator<YAML::RegEx> >::_M_insert_aux(__gnu_cxx::__normal_iterator<YAML::RegEx*, std::vector<YAML::RegEx, std::allocator<YAML::RegEx> > >, YAML::RegEx const&) (in /usr/lib64/libyaml-cpp.so.0.5.1)
==63582==    by 0x50ED55E: YAML::operator+(YAML::RegEx const&, YAML::RegEx const&) (in /usr/lib64/libyaml-cpp.so.0.5.1)
==63582==    by 0x50E6933: YAML::Exp::BlockEntry() (in /usr/lib64/libyaml-cpp.so.0.5.1)
==63582==    by 0x50E3F4C: YAML::Scanner::ScanNextToken() (in /usr/lib64/libyaml-cpp.so.0.5.1)
==63582==    by 0x50E4CA4: YAML::Scanner::EnsureTokensInQueue() (in /usr/lib64/libyaml-cpp.so.0.5.1)
==63582==    by 0x50E4E18: YAML::Scanner::empty() (in /usr/lib64/libyaml-cpp.so.0.5.1)
==63582==    by 0x50C649D: YAML::Parser::ParseDirectives() (in /usr/lib64/libyaml-cpp.so.0.5.1)
==63582==    by 0x50C64E8: YAML::Parser::HandleNextDocument(YAML::EventHandler&) (in /usr/lib64/libyaml-cpp.so.0.5.1)
==63582==    by 0x50D94D3: YAML::Load(std::istream&) (in /usr/lib64/libyaml-cpp.so.0.5.1)
==63582==    by 0x50D9F09: YAML::LoadFile(std::string const&) (in /usr/lib64/libyaml-cpp.so.0.5.1)
==63582==    by 0x4072D4: readConfig(Data&, std::vector<std::vector<std::string, std::allocator<std::string> >, std::allocator<std::vector<std::string, std::allocator<std::string> > > >&, std::vector<std::vector<int, std::allocator<int> >, std::allocator<std::vector<int, std::allocator<int> > > >&) (main.cpp:69)
==63582== 
==63582== 64 bytes in 1 blocks are still reachable in loss record 532 of 677
==63582==    at 0x4C2A593: operator new(unsigned long) (vg_replace_malloc.c:344)
==63582==    by 0x50EFE3F: std::vector<YAML::RegEx, std::allocator<YAML::RegEx> >::_M_insert_aux(__gnu_cxx::__normal_iterator<YAML::RegEx*, std::vector<YAML::RegEx, std::allocator<YAML::RegEx> > >, YAML::RegEx const&) (in /usr/lib64/libyaml-cpp.so.0.5.1)
==63582==    by 0x50ED55E: YAML::operator+(YAML::RegEx const&, YAML::RegEx const&) (in /usr/lib64/libyaml-cpp.so.0.5.1)
==63582==    by 0x50E6933: YAML::Exp::BlockEntry() (in /usr/lib64/libyaml-cpp.so.0.5.1)
==63582==    by 0x50E3F4C: YAML::Scanner::ScanNextToken() (in /usr/lib64/libyaml-cpp.so.0.5.1)
==63582==    by 0x50E4CA4: YAML::Scanner::EnsureTokensInQueue() (in /usr/lib64/libyaml-cpp.so.0.5.1)
==63582==    by 0x50E4E18: YAML::Scanner::empty() (in /usr/lib64/libyaml-cpp.so.0.5.1)
==63582==    by 0x50C649D: YAML::Parser::ParseDirectives() (in /usr/lib64/libyaml-cpp.so.0.5.1)
==63582==    by 0x50C64E8: YAML::Parser::HandleNextDocument(YAML::EventHandler&) (in /usr/lib64/libyaml-cpp.so.0.5.1)
==63582==    by 0x50D94D3: YAML::Load(std::istream&) (in /usr/lib64/libyaml-cpp.so.0.5.1)
==63582==    by 0x50D9F09: YAML::LoadFile(std::string const&) (in /usr/lib64/libyaml-cpp.so.0.5.1)
==63582==    by 0x4072D4: readConfig(Data&, std::vector<std::vector<std::string, std::allocator<std::string> >, std::allocator<std::vector<std::string, std::allocator<std::string> > > >&, std::vector<std::vector<int, std::allocator<int> >, std::allocator<std::vector<int, std::allocator<int> > > >&) (main.cpp:69)
==63582== 
==63582== 64 bytes in 1 blocks are still reachable in loss record 533 of 677
==63582==    at 0x4C2A593: operator new(unsigned long) (vg_replace_malloc.c:344)
==63582==    by 0x50EF8A1: std::vector<YAML::RegEx, std::allocator<YAML::RegEx> >::_M_insert_aux(__gnu_cxx::__normal_iterator<YAML::RegEx*, std::vector<YAML::RegEx, std::allocator<YAML::RegEx> > >, YAML::RegEx const&) (in /usr/lib64/libyaml-cpp.so.0.5.1)
==63582==    by 0x50ED55E: YAML::operator+(YAML::RegEx const&, YAML::RegEx const&) (in /usr/lib64/libyaml-cpp.so.0.5.1)
==63582==    by 0x50E6933: YAML::Exp::BlockEntry() (in /usr/lib64/libyaml-cpp.so.0.5.1)
==63582==    by 0x50E3F4C: YAML::Scanner::ScanNextToken() (in /usr/lib64/libyaml-cpp.so.0.5.1)
==63582==    by 0x50E4CA4: YAML::Scanner::EnsureTokensInQueue() (in /usr/lib64/libyaml-cpp.so.0.5.1)
==63582==    by 0x50E4E18: YAML::Scanner::empty() (in /usr/lib64/libyaml-cpp.so.0.5.1)
==63582==    by 0x50C649D: YAML::Parser::ParseDirectives() (in /usr/lib64/libyaml-cpp.so.0.5.1)
==63582==    by 0x50C64E8: YAML::Parser::HandleNextDocument(YAML::EventHandler&) (in /usr/lib64/libyaml-cpp.so.0.5.1)
==63582==    by 0x50D94D3: YAML::Load(std::istream&) (in /usr/lib64/libyaml-cpp.so.0.5.1)
==63582==    by 0x50D9F09: YAML::LoadFile(std::string const&) (in /usr/lib64/libyaml-cpp.so.0.5.1)
==63582==    by 0x4072D4: readConfig(Data&, std::vector<std::vector<std::string, std::allocator<std::string> >, std::allocator<std::vector<std::string, std::allocator<std::string> > > >&, std::vector<std::vector<int, std::allocator<int> >, std::allocator<std::vector<int, std::allocator<int> > > >&) (main.cpp:69)
==63582== 
==63582== 64 bytes in 1 blocks are still reachable in loss record 534 of 677
==63582==    at 0x4C2A593: operator new(unsigned long) (vg_replace_malloc.c:344)
==63582==    by 0x50EF5C1: std::vector<YAML::RegEx, std::allocator<YAML::RegEx> >::_M_insert_aux(__gnu_cxx::__normal_iterator<YAML::RegEx*, std::vector<YAML::RegEx, std::allocator<YAML::RegEx> > >, YAML::RegEx const&) (in /usr/lib64/libyaml-cpp.so.0.5.1)
==63582==    by 0x50ED55E: YAML::operator+(YAML::RegEx const&, YAML::RegEx const&) (in /usr/lib64/libyaml-cpp.so.0.5.1)
==63582==    by 0x50E655B: YAML::Exp::Key() (in /usr/lib64/libyaml-cpp.so.0.5.1)
==63582==    by 0x50E47D8: YAML::Scanner::ScanNextToken() (in /usr/lib64/libyaml-cpp.so.0.5.1)
==63582==    by 0x50E4CA4: YAML::Scanner::EnsureTokensInQueue() (in /usr/lib64/libyaml-cpp.so.0.5.1)
==63582==    by 0x50E4E18: YAML::Scanner::empty() (in /usr/lib64/libyaml-cpp.so.0.5.1)
==63582==    by 0x50C649D: YAML::Parser::ParseDirectives() (in /usr/lib64/libyaml-cpp.so.0.5.1)
==63582==    by 0x50C64E8: YAML::Parser::HandleNextDocument(YAML::EventHandler&) (in /usr/lib64/libyaml-cpp.so.0.5.1)
==63582==    by 0x50D94D3: YAML::Load(std::istream&) (in /usr/lib64/libyaml-cpp.so.0.5.1)
==63582==    by 0x50D9F09: YAML::LoadFile(std::string const&) (in /usr/lib64/libyaml-cpp.so.0.5.1)
==63582==    by 0x4072D4: readConfig(Data&, std::vector<std::vector<std::string, std::allocator<std::string> >, std::allocator<std::vector<std::string, std::allocator<std::string> > > >&, std::vector<std::vector<int, std::allocator<int> >, std::allocator<std::vector<int, std::allocator<int> > > >&) (main.cpp:69)
==63582== 
==63582== 64 bytes in 1 blocks are still reachable in loss record 535 of 677
==63582==    at 0x4C2A593: operator new(unsigned long) (vg_replace_malloc.c:344)
==63582==    by 0x50F013D: std::vector<YAML::RegEx, std::allocator<YAML::RegEx> >::_M_insert_aux(__gnu_cxx::__normal_iterator<YAML::RegEx*, std::vector<YAML::RegEx, std::allocator<YAML::RegEx> > >, YAML::RegEx const&) (in /usr/lib64/libyaml-cpp.so.0.5.1)
==63582==    by 0x50ED55E: YAML::operator+(YAML::RegEx const&, YAML::RegEx const&) (in /usr/lib64/libyaml-cpp.so.0.5.1)
==63582==    by 0x50E655B: YAML::Exp::Key() (in /usr/lib64/libyaml-cpp.so.0.5.1)
==63582==    by 0x50E47D8: YAML::Scanner::ScanNextToken() (in /usr/lib64/libyaml-cpp.so.0.5.1)
==63582==    by 0x50E4CA4: YAML::Scanner::EnsureTokensInQueue() (in /usr/lib64/libyaml-cpp.so.0.5.1)
==63582==    by 0x50E4E18: YAML::Scanner::empty() (in /usr/lib64/libyaml-cpp.so.0.5.1)
==63582==    by 0x50C649D: YAML::Parser::ParseDirectives() (in /usr/lib64/libyaml-cpp.so.0.5.1)
==63582==    by 0x50C64E8: YAML::Parser::HandleNextDocument(YAML::EventHandler&) (in /usr/lib64/libyaml-cpp.so.0.5.1)
==63582==    by 0x50D94D3: YAML::Load(std::istream&) (in /usr/lib64/libyaml-cpp.so.0.5.1)
==63582==    by 0x50D9F09: YAML::LoadFile(std::string const&) (in /usr/lib64/libyaml-cpp.so.0.5.1)
==63582==    by 0x4072D4: readConfig(Data&, std::vector<std::vector<std::string, std::allocator<std::string> >, std::allocator<std::vector<std::string, std::allocator<std::string> > > >&, std::vector<std::vector<int, std::allocator<int> >, std::allocator<std::vector<int, std::allocator<int> > > >&) (main.cpp:69)
==63582== 
==63582== 64 bytes in 1 blocks are still reachable in loss record 536 of 677
==63582==    at 0x4C2A593: operator new(unsigned long) (vg_replace_malloc.c:344)
==63582==    by 0x50EFDDE: std::vector<YAML::RegEx, std::allocator<YAML::RegEx> >::_M_insert_aux(__gnu_cxx::__normal_iterator<YAML::RegEx*, std::vector<YAML::RegEx, std::allocator<YAML::RegEx> > >, YAML::RegEx const&) (in /usr/lib64/libyaml-cpp.so.0.5.1)
==63582==    by 0x50ED55E: YAML::operator+(YAML::RegEx const&, YAML::RegEx const&) (in /usr/lib64/libyaml-cpp.so.0.5.1)
==63582==    by 0x50E655B: YAML::Exp::Key() (in /usr/lib64/libyaml-cpp.so.0.5.1)
==63582==    by 0x50E47D8: YAML::Scanner::ScanNextToken() (in /usr/lib64/libyaml-cpp.so.0.5.1)
==63582==    by 0x50E4CA4: YAML::Scanner::EnsureTokensInQueue() (in /usr/lib64/libyaml-cpp.so.0.5.1)
==63582==    by 0x50E4E18: YAML::Scanner::empty() (in /usr/lib64/libyaml-cpp.so.0.5.1)
==63582==    by 0x50C649D: YAML::Parser::ParseDirectives() (in /usr/lib64/libyaml-cpp.so.0.5.1)
==63582==    by 0x50C64E8: YAML::Parser::HandleNextDocument(YAML::EventHandler&) (in /usr/lib64/libyaml-cpp.so.0.5.1)
==63582==    by 0x50D94D3: YAML::Load(std::istream&) (in /usr/lib64/libyaml-cpp.so.0.5.1)
==63582==    by 0x50D9F09: YAML::LoadFile(std::string const&) (in /usr/lib64/libyaml-cpp.so.0.5.1)
==63582==    by 0x4072D4: readConfig(Data&, std::vector<std::vector<std::string, std::allocator<std::string> >, std::allocator<std::vector<std::string, std::allocator<std::string> > > >&, std::vector<std::vector<int, std::allocator<int> >, std::allocator<std::vector<int, std::allocator<int> > > >&) (main.cpp:69)
==63582== 
==63582== 64 bytes in 1 blocks are still reachable in loss record 537 of 677
==63582==    at 0x4C2A593: operator new(unsigned long) (vg_replace_malloc.c:344)
==63582==    by 0x50EF5C1: std::vector<YAML::RegEx, std::allocator<YAML::RegEx> >::_M_insert_aux(__gnu_cxx::__normal_iterator<YAML::RegEx*, std::vector<YAML::RegEx, std::allocator<YAML::RegEx> > >, YAML::RegEx const&) (in /usr/lib64/libyaml-cpp.so.0.5.1)
==63582==    by 0x50ED55E: YAML::operator+(YAML::RegEx const&, YAML::RegEx const&) (in /usr/lib64/libyaml-cpp.so.0.5.1)
==63582==    by 0x50E6D83: YAML::Exp::Value() (in /usr/lib64/libyaml-cpp.so.0.5.1)
==63582==    by 0x50DF9C4: YAML::Scanner::GetValueRegex() const (in /usr/lib64/libyaml-cpp.so.0.5.1)
==63582==    by 0x50E44BF: YAML::Scanner::ScanNextToken() (in /usr/lib64/libyaml-cpp.so.0.5.1)
==63582==    by 0x50E4CA4: YAML::Scanner::EnsureTokensInQueue() (in /usr/lib64/libyaml-cpp.so.0.5.1)
==63582==    by 0x50E4E18: YAML::Scanner::empty() (in /usr/lib64/libyaml-cpp.so.0.5.1)
==63582==    by 0x50C649D: YAML::Parser::ParseDirectives() (in /usr/lib64/libyaml-cpp.so.0.5.1)
==63582==    by 0x50C64E8: YAML::Parser::HandleNextDocument(YAML::EventHandler&) (in /usr/lib64/libyaml-cpp.so.0.5.1)
==63582==    by 0x50D94D3: YAML::Load(std::istream&) (in /usr/lib64/libyaml-cpp.so.0.5.1)
==63582==    by 0x50D9F09: YAML::LoadFile(std::string const&) (in /usr/lib64/libyaml-cpp.so.0.5.1)
==63582== 
==63582== 64 bytes in 1 blocks are still reachable in loss record 538 of 677
==63582==    at 0x4C2A593: operator new(unsigned long) (vg_replace_malloc.c:344)
==63582==    by 0x50F013D: std::vector<YAML::RegEx, std::allocator<YAML::RegEx> >::_M_insert_aux(__gnu_cxx::__normal_iterator<YAML::RegEx*, std::vector<YAML::RegEx, std::allocator<YAML::RegEx> > >, YAML::RegEx const&) (in /usr/lib64/libyaml-cpp.so.0.5.1)
==63582==    by 0x50ED55E: YAML::operator+(YAML::RegEx const&, YAML::RegEx const&) (in /usr/lib64/libyaml-cpp.so.0.5.1)
==63582==    by 0x50E6D83: YAML::Exp::Value() (in /usr/lib64/libyaml-cpp.so.0.5.1)
==63582==    by 0x50DF9C4: YAML::Scanner::GetValueRegex() const (in /usr/lib64/libyaml-cpp.so.0.5.1)
==63582==    by 0x50E44BF: YAML::Scanner::ScanNextToken() (in /usr/lib64/libyaml-cpp.so.0.5.1)
==63582==    by 0x50E4CA4: YAML::Scanner::EnsureTokensInQueue() (in /usr/lib64/libyaml-cpp.so.0.5.1)
==63582==    by 0x50E4E18: YAML::Scanner::empty() (in /usr/lib64/libyaml-cpp.so.0.5.1)
==63582==    by 0x50C649D: YAML::Parser::ParseDirectives() (in /usr/lib64/libyaml-cpp.so.0.5.1)
==63582==    by 0x50C64E8: YAML::Parser::HandleNextDocument(YAML::EventHandler&) (in /usr/lib64/libyaml-cpp.so.0.5.1)
==63582==    by 0x50D94D3: YAML::Load(std::istream&) (in /usr/lib64/libyaml-cpp.so.0.5.1)
==63582==    by 0x50D9F09: YAML::LoadFile(std::string const&) (in /usr/lib64/libyaml-cpp.so.0.5.1)
==63582== 
==63582== 64 bytes in 1 blocks are still reachable in loss record 539 of 677
==63582==    at 0x4C2A593: operator new(unsigned long) (vg_replace_malloc.c:344)
==63582==    by 0x50EFE3F: std::vector<YAML::RegEx, std::allocator<YAML::RegEx> >::_M_insert_aux(__gnu_cxx::__normal_iterator<YAML::RegEx*, std::vector<YAML::RegEx, std::allocator<YAML::RegEx> > >, YAML::RegEx const&) (in /usr/lib64/libyaml-cpp.so.0.5.1)
==63582==    by 0x50ED55E: YAML::operator+(YAML::RegEx const&, YAML::RegEx const&) (in /usr/lib64/libyaml-cpp.so.0.5.1)
==63582==    by 0x50E6D83: YAML::Exp::Value() (in /usr/lib64/libyaml-cpp.so.0.5.1)
==63582==    by 0x50DF9C4: YAML::Scanner::GetValueRegex() const (in /usr/lib64/libyaml-cpp.so.0.5.1)
==63582==    by 0x50E44BF: YAML::Scanner::ScanNextToken() (in /usr/lib64/libyaml-cpp.so.0.5.1)
==63582==    by 0x50E4CA4: YAML::Scanner::EnsureTokensInQueue() (in /usr/lib64/libyaml-cpp.so.0.5.1)
==63582==    by 0x50E4E18: YAML::Scanner::empty() (in /usr/lib64/libyaml-cpp.so.0.5.1)
==63582==    by 0x50C649D: YAML::Parser::ParseDirectives() (in /usr/lib64/libyaml-cpp.so.0.5.1)
==63582==    by 0x50C64E8: YAML::Parser::HandleNextDocument(YAML::EventHandler&) (in /usr/lib64/libyaml-cpp.so.0.5.1)
==63582==    by 0x50D94D3: YAML::Load(std::istream&) (in /usr/lib64/libyaml-cpp.so.0.5.1)
==63582==    by 0x50D9F09: YAML::LoadFile(std::string const&) (in /usr/lib64/libyaml-cpp.so.0.5.1)
==63582== 
==63582== 64 bytes in 1 blocks are still reachable in loss record 540 of 677
==63582==    at 0x4C2A593: operator new(unsigned long) (vg_replace_malloc.c:344)
==63582==    by 0x50EF8A1: std::vector<YAML::RegEx, std::allocator<YAML::RegEx> >::_M_insert_aux(__gnu_cxx::__normal_iterator<YAML::RegEx*, std::vector<YAML::RegEx, std::allocator<YAML::RegEx> > >, YAML::RegEx const&) (in /usr/lib64/libyaml-cpp.so.0.5.1)
==63582==    by 0x50ED55E: YAML::operator+(YAML::RegEx const&, YAML::RegEx const&) (in /usr/lib64/libyaml-cpp.so.0.5.1)
==63582==    by 0x50E6D83: YAML::Exp::Value() (in /usr/lib64/libyaml-cpp.so.0.5.1)
==63582==    by 0x50DF9C4: YAML::Scanner::GetValueRegex() const (in /usr/lib64/libyaml-cpp.so.0.5.1)
==63582==    by 0x50E44BF: YAML::Scanner::ScanNextToken() (in /usr/lib64/libyaml-cpp.so.0.5.1)
==63582==    by 0x50E4CA4: YAML::Scanner::EnsureTokensInQueue() (in /usr/lib64/libyaml-cpp.so.0.5.1)
==63582==    by 0x50E4E18: YAML::Scanner::empty() (in /usr/lib64/libyaml-cpp.so.0.5.1)
==63582==    by 0x50C649D: YAML::Parser::ParseDirectives() (in /usr/lib64/libyaml-cpp.so.0.5.1)
==63582==    by 0x50C64E8: YAML::Parser::HandleNextDocument(YAML::EventHandler&) (in /usr/lib64/libyaml-cpp.so.0.5.1)
==63582==    by 0x50D94D3: YAML::Load(std::istream&) (in /usr/lib64/libyaml-cpp.so.0.5.1)
==63582==    by 0x50D9F09: YAML::LoadFile(std::string const&) (in /usr/lib64/libyaml-cpp.so.0.5.1)
==63582== 
==63582== 64 bytes in 1 blocks are still reachable in loss record 541 of 677
==63582==    at 0x4C2A593: operator new(unsigned long) (vg_replace_malloc.c:344)
==63582==    by 0x50F013D: std::vector<YAML::RegEx, std::allocator<YAML::RegEx> >::_M_insert_aux(__gnu_cxx::__normal_iterator<YAML::RegEx*, std::vector<YAML::RegEx, std::allocator<YAML::RegEx> > >, YAML::RegEx const&) (in /usr/lib64/libyaml-cpp.so.0.5.1)
==63582==    by 0x50EA910: YAML::operator!(YAML::RegEx const&) (in /usr/lib64/libyaml-cpp.so.0.5.1)
==63582==    by 0x50E7281: YAML::Exp::PlainScalar() (in /usr/lib64/libyaml-cpp.so.0.5.1)
==63582==    by 0x50E4999: YAML::Scanner::ScanNextToken() (in /usr/lib64/libyaml-cpp.so.0.5.1)
==63582==    by 0x50E4CA4: YAML::Scanner::EnsureTokensInQueue() (in /usr/lib64/libyaml-cpp.so.0.5.1)
==63582==    by 0x50E4E18: YAML::Scanner::empty() (in /usr/lib64/libyaml-cpp.so.0.5.1)
==63582==    by 0x50C649D: YAML::Parser::ParseDirectives() (in /usr/lib64/libyaml-cpp.so.0.5.1)
==63582==    by 0x50C64E8: YAML::Parser::HandleNextDocument(YAML::EventHandler&) (in /usr/lib64/libyaml-cpp.so.0.5.1)
==63582==    by 0x50D94D3: YAML::Load(std::istream&) (in /usr/lib64/libyaml-cpp.so.0.5.1)
==63582==    by 0x50D9F09: YAML::LoadFile(std::string const&) (in /usr/lib64/libyaml-cpp.so.0.5.1)
==63582==    by 0x4072D4: readConfig(Data&, std::vector<std::vector<std::string, std::allocator<std::string> >, std::allocator<std::vector<std::string, std::allocator<std::string> > > >&, std::vector<std::vector<int, std::allocator<int> >, std::allocator<std::vector<int, std::allocator<int> > > >&) (main.cpp:69)
==63582== 
==63582== 64 bytes in 1 blocks are still reachable in loss record 542 of 677
==63582==    at 0x4C2A593: operator new(unsigned long) (vg_replace_malloc.c:344)
==63582==    by 0x50ED909: YAML::RegEx* std::__uninitialized_copy<false>::__uninit_copy<__gnu_cxx::__normal_iterator<YAML::RegEx const*, std::vector<YAML::RegEx, std::allocator<YAML::RegEx> > >, YAML::RegEx*>(__gnu_cxx::__normal_iterator<YAML::RegEx const*, std::vector<YAML::RegEx, std::allocator<YAML::RegEx> > >, __gnu_cxx::__normal_iterator<YAML::RegEx const*, std::vector<YAML::RegEx, std::allocator<YAML::RegEx> > >, YAML::RegEx*) (in /usr/lib64/libyaml-cpp.so.0.5.1)
==63582==    by 0x50EF7E7: std::vector<YAML::RegEx, std::allocator<YAML::RegEx> >::_M_insert_aux(__gnu_cxx::__normal_iterator<YAML::RegEx*, std::vector<YAML::RegEx, std::allocator<YAML::RegEx> > >, YAML::RegEx const&) (in /usr/lib64/libyaml-cpp.so.0.5.1)
==63582==    by 0x50EA910: YAML::operator!(YAML::RegEx const&) (in /usr/lib64/libyaml-cpp.so.0.5.1)
==63582==    by 0x50E7281: YAML::Exp::PlainScalar() (in /usr/lib64/libyaml-cpp.so.0.5.1)
==63582==    by 0x50E4999: YAML::Scanner::ScanNextToken() (in /usr/lib64/libyaml-cpp.so.0.5.1)
==63582==    by 0x50E4CA4: YAML::Scanner::EnsureTokensInQueue() (in /usr/lib64/libyaml-cpp.so.0.5.1)
==63582==    by 0x50E4E18: YAML::Scanner::empty() (in /usr/lib64/libyaml-cpp.so.0.5.1)
==63582==    by 0x50C649D: YAML::Parser::ParseDirectives() (in /usr/lib64/libyaml-cpp.so.0.5.1)
==63582==    by 0x50C64E8: YAML::Parser::HandleNextDocument(YAML::EventHandler&) (in /usr/lib64/libyaml-cpp.so.0.5.1)
==63582==    by 0x50D94D3: YAML::Load(std::istream&) (in /usr/lib64/libyaml-cpp.so.0.5.1)
==63582==    by 0x50D9F09: YAML::LoadFile(std::string const&) (in /usr/lib64/libyaml-cpp.so.0.5.1)
==63582== 
==63582== 64 bytes in 1 blocks are still reachable in loss record 543 of 677
==63582==    at 0x4C2A593: operator new(unsigned long) (vg_replace_malloc.c:344)
==63582==    by 0x50EF5C1: std::vector<YAML::RegEx, std::allocator<YAML::RegEx> >::_M_insert_aux(__gnu_cxx::__normal_iterator<YAML::RegEx*, std::vector<YAML::RegEx, std::allocator<YAML::RegEx> > >, YAML::RegEx const&) (in /usr/lib64/libyaml-cpp.so.0.5.1)
==63582==    by 0x50ED55E: YAML::operator+(YAML::RegEx const&, YAML::RegEx const&) (in /usr/lib64/libyaml-cpp.so.0.5.1)
==63582==    by 0x50F5D4C: YAML::Scanner::ScanPlainScalar() (in /usr/lib64/libyaml-cpp.so.0.5.1)
==63582==    by 0x50E488B: YAML::Scanner::ScanNextToken() (in /usr/lib64/libyaml-cpp.so.0.5.1)
==63582==    by 0x50E4CA4: YAML::Scanner::EnsureTokensInQueue() (in /usr/lib64/libyaml-cpp.so.0.5.1)
==63582==    by 0x50E4E18: YAML::Scanner::empty() (in /usr/lib64/libyaml-cpp.so.0.5.1)
==63582==    by 0x50C649D: YAML::Parser::ParseDirectives() (in /usr/lib64/libyaml-cpp.so.0.5.1)
==63582==    by 0x50C64E8: YAML::Parser::HandleNextDocument(YAML::EventHandler&) (in /usr/lib64/libyaml-cpp.so.0.5.1)
==63582==    by 0x50D94D3: YAML::Load(std::istream&) (in /usr/lib64/libyaml-cpp.so.0.5.1)
==63582==    by 0x50D9F09: YAML::LoadFile(std::string const&) (in /usr/lib64/libyaml-cpp.so.0.5.1)
==63582==    by 0x4072D4: readConfig(Data&, std::vector<std::vector<std::string, std::allocator<std::string> >, std::allocator<std::vector<std::string, std::allocator<std::string> > > >&, std::vector<std::vector<int, std::allocator<int> >, std::allocator<std::vector<int, std::allocator<int> > > >&) (main.cpp:69)
==63582== 
==63582== 64 bytes in 1 blocks are still reachable in loss record 544 of 677
==63582==    at 0x4C2A593: operator new(unsigned long) (vg_replace_malloc.c:344)
==63582==    by 0x50F013D: std::vector<YAML::RegEx, std::allocator<YAML::RegEx> >::_M_insert_aux(__gnu_cxx::__normal_iterator<YAML::RegEx*, std::vector<YAML::RegEx, std::allocator<YAML::RegEx> > >, YAML::RegEx const&) (in /usr/lib64/libyaml-cpp.so.0.5.1)
==63582==    by 0x50ED55E: YAML::operator+(YAML::RegEx const&, YAML::RegEx const&) (in /usr/lib64/libyaml-cpp.so.0.5.1)
==63582==    by 0x50F5D4C: YAML::Scanner::ScanPlainScalar() (in /usr/lib64/libyaml-cpp.so.0.5.1)
==63582==    by 0x50E488B: YAML::Scanner::ScanNextToken() (in /usr/lib64/libyaml-cpp.so.0.5.1)
==63582==    by 0x50E4CA4: YAML::Scanner::EnsureTokensInQueue() (in /usr/lib64/libyaml-cpp.so.0.5.1)
==63582==    by 0x50E4E18: YAML::Scanner::empty() (in /usr/lib64/libyaml-cpp.so.0.5.1)
==63582==    by 0x50C649D: YAML::Parser::ParseDirectives() (in /usr/lib64/libyaml-cpp.so.0.5.1)
==63582==    by 0x50C64E8: YAML::Parser::HandleNextDocument(YAML::EventHandler&) (in /usr/lib64/libyaml-cpp.so.0.5.1)
==63582==    by 0x50D94D3: YAML::Load(std::istream&) (in /usr/lib64/libyaml-cpp.so.0.5.1)
==63582==    by 0x50D9F09: YAML::LoadFile(std::string const&) (in /usr/lib64/libyaml-cpp.so.0.5.1)
==63582==    by 0x4072D4: readConfig(Data&, std::vector<std::vector<std::string, std::allocator<std::string> >, std::allocator<std::vector<std::string, std::allocator<std::string> > > >&, std::vector<std::vector<int, std::allocator<int> >, std::allocator<std::vector<int, std::allocator<int> > > >&) (main.cpp:69)
==63582== 
==63582== 64 bytes in 1 blocks are still reachable in loss record 545 of 677
==63582==    at 0x4C2A593: operator new(unsigned long) (vg_replace_malloc.c:344)
==63582==    by 0x50EFE3F: std::vector<YAML::RegEx, std::allocator<YAML::RegEx> >::_M_insert_aux(__gnu_cxx::__normal_iterator<YAML::RegEx*, std::vector<YAML::RegEx, std::allocator<YAML::RegEx> > >, YAML::RegEx const&) (in /usr/lib64/libyaml-cpp.so.0.5.1)
==63582==    by 0x50ED55E: YAML::operator+(YAML::RegEx const&, YAML::RegEx const&) (in /usr/lib64/libyaml-cpp.so.0.5.1)
==63582==    by 0x50F5D4C: YAML::Scanner::ScanPlainScalar() (in /usr/lib64/libyaml-cpp.so.0.5.1)
==63582==    by 0x50E488B: YAML::Scanner::ScanNextToken() (in /usr/lib64/libyaml-cpp.so.0.5.1)
==63582==    by 0x50E4CA4: YAML::Scanner::EnsureTokensInQueue() (in /usr/lib64/libyaml-cpp.so.0.5.1)
==63582==    by 0x50E4E18: YAML::Scanner::empty() (in /usr/lib64/libyaml-cpp.so.0.5.1)
==63582==    by 0x50C649D: YAML::Parser::ParseDirectives() (in /usr/lib64/libyaml-cpp.so.0.5.1)
==63582==    by 0x50C64E8: YAML::Parser::HandleNextDocument(YAML::EventHandler&) (in /usr/lib64/libyaml-cpp.so.0.5.1)
==63582==    by 0x50D94D3: YAML::Load(std::istream&) (in /usr/lib64/libyaml-cpp.so.0.5.1)
==63582==    by 0x50D9F09: YAML::LoadFile(std::string const&) (in /usr/lib64/libyaml-cpp.so.0.5.1)
==63582==    by 0x4072D4: readConfig(Data&, std::vector<std::vector<std::string, std::allocator<std::string> >, std::allocator<std::vector<std::string, std::allocator<std::string> > > >&, std::vector<std::vector<int, std::allocator<int> >, std::allocator<std::vector<int, std::allocator<int> > > >&) (main.cpp:69)
==63582== 
==63582== 64 bytes in 1 blocks are still reachable in loss record 546 of 677
==63582==    at 0x4C2A593: operator new(unsigned long) (vg_replace_malloc.c:344)
==63582==    by 0x50EF8A1: std::vector<YAML::RegEx, std::allocator<YAML::RegEx> >::_M_insert_aux(__gnu_cxx::__normal_iterator<YAML::RegEx*, std::vector<YAML::RegEx, std::allocator<YAML::RegEx> > >, YAML::RegEx const&) (in /usr/lib64/libyaml-cpp.so.0.5.1)
==63582==    by 0x50ED55E: YAML::operator+(YAML::RegEx const&, YAML::RegEx const&) (in /usr/lib64/libyaml-cpp.so.0.5.1)
==63582==    by 0x50F5D4C: YAML::Scanner::ScanPlainScalar() (in /usr/lib64/libyaml-cpp.so.0.5.1)
==63582==    by 0x50E488B: YAML::Scanner::ScanNextToken() (in /usr/lib64/libyaml-cpp.so.0.5.1)
==63582==    by 0x50E4CA4: YAML::Scanner::EnsureTokensInQueue() (in /usr/lib64/libyaml-cpp.so.0.5.1)
==63582==    by 0x50E4E18: YAML::Scanner::empty() (in /usr/lib64/libyaml-cpp.so.0.5.1)
==63582==    by 0x50C649D: YAML::Parser::ParseDirectives() (in /usr/lib64/libyaml-cpp.so.0.5.1)
==63582==    by 0x50C64E8: YAML::Parser::HandleNextDocument(YAML::EventHandler&) (in /usr/lib64/libyaml-cpp.so.0.5.1)
==63582==    by 0x50D94D3: YAML::Load(std::istream&) (in /usr/lib64/libyaml-cpp.so.0.5.1)
==63582==    by 0x50D9F09: YAML::LoadFile(std::string const&) (in /usr/lib64/libyaml-cpp.so.0.5.1)
==63582==    by 0x4072D4: readConfig(Data&, std::vector<std::vector<std::string, std::allocator<std::string> >, std::allocator<std::vector<std::string, std::allocator<std::string> > > >&, std::vector<std::vector<int, std::allocator<int> >, std::allocator<std::vector<int, std::allocator<int> > > >&) (main.cpp:69)
==63582== 
==63582== 64 bytes in 1 blocks are still reachable in loss record 547 of 677
==63582==    at 0x4C2A593: operator new(unsigned long) (vg_replace_malloc.c:344)
==63582==    by 0x50EF5C1: std::vector<YAML::RegEx, std::allocator<YAML::RegEx> >::_M_insert_aux(__gnu_cxx::__normal_iterator<YAML::RegEx*, std::vector<YAML::RegEx, std::allocator<YAML::RegEx> > >, YAML::RegEx const&) (in /usr/lib64/libyaml-cpp.so.0.5.1)
==63582==    by 0x50EC96E: YAML::operator||(YAML::RegEx const&, YAML::RegEx const&) (in /usr/lib64/libyaml-cpp.so.0.5.1)
==63582==    by 0x50B7E23: YAML::ScanScalar(YAML::Stream&, YAML::ScanScalarParams&) (in /usr/lib64/libyaml-cpp.so.0.5.1)
==63582==    by 0x50F56D4: YAML::Scanner::ScanPlainScalar() (in /usr/lib64/libyaml-cpp.so.0.5.1)
==63582==    by 0x50E488B: YAML::Scanner::ScanNextToken() (in /usr/lib64/libyaml-cpp.so.0.5.1)
==63582==    by 0x50E4CA4: YAML::Scanner::EnsureTokensInQueue() (in /usr/lib64/libyaml-cpp.so.0.5.1)
==63582==    by 0x50E4E18: YAML::Scanner::empty() (in /usr/lib64/libyaml-cpp.so.0.5.1)
==63582==    by 0x50C649D: YAML::Parser::ParseDirectives() (in /usr/lib64/libyaml-cpp.so.0.5.1)
==63582==    by 0x50C64E8: YAML::Parser::HandleNextDocument(YAML::EventHandler&) (in /usr/lib64/libyaml-cpp.so.0.5.1)
==63582==    by 0x50D94D3: YAML::Load(std::istream&) (in /usr/lib64/libyaml-cpp.so.0.5.1)
==63582==    by 0x50D9F09: YAML::LoadFile(std::string const&) (in /usr/lib64/libyaml-cpp.so.0.5.1)
==63582== 
==63582== 64 bytes in 1 blocks are still reachable in loss record 548 of 677
==63582==    at 0x4C2A593: operator new(unsigned long) (vg_replace_malloc.c:344)
==63582==    by 0x50F013D: std::vector<YAML::RegEx, std::allocator<YAML::RegEx> >::_M_insert_aux(__gnu_cxx::__normal_iterator<YAML::RegEx*, std::vector<YAML::RegEx, std::allocator<YAML::RegEx> > >, YAML::RegEx const&) (in /usr/lib64/libyaml-cpp.so.0.5.1)
==63582==    by 0x50EC96E: YAML::operator||(YAML::RegEx const&, YAML::RegEx const&) (in /usr/lib64/libyaml-cpp.so.0.5.1)
==63582==    by 0x50B7E23: YAML::ScanScalar(YAML::Stream&, YAML::ScanScalarParams&) (in /usr/lib64/libyaml-cpp.so.0.5.1)
==63582==    by 0x50F56D4: YAML::Scanner::ScanPlainScalar() (in /usr/lib64/libyaml-cpp.so.0.5.1)
==63582==    by 0x50E488B: YAML::Scanner::ScanNextToken() (in /usr/lib64/libyaml-cpp.so.0.5.1)
==63582==    by 0x50E4CA4: YAML::Scanner::EnsureTokensInQueue() (in /usr/lib64/libyaml-cpp.so.0.5.1)
==63582==    by 0x50E4E18: YAML::Scanner::empty() (in /usr/lib64/libyaml-cpp.so.0.5.1)
==63582==    by 0x50C649D: YAML::Parser::ParseDirectives() (in /usr/lib64/libyaml-cpp.so.0.5.1)
==63582==    by 0x50C64E8: YAML::Parser::HandleNextDocument(YAML::EventHandler&) (in /usr/lib64/libyaml-cpp.so.0.5.1)
==63582==    by 0x50D94D3: YAML::Load(std::istream&) (in /usr/lib64/libyaml-cpp.so.0.5.1)
==63582==    by 0x50D9F09: YAML::LoadFile(std::string const&) (in /usr/lib64/libyaml-cpp.so.0.5.1)
==63582== 
==63582== 64 bytes in 1 blocks are still reachable in loss record 549 of 677
==63582==    at 0x4C2A593: operator new(unsigned long) (vg_replace_malloc.c:344)
==63582==    by 0x50EFDDE: std::vector<YAML::RegEx, std::allocator<YAML::RegEx> >::_M_insert_aux(__gnu_cxx::__normal_iterator<YAML::RegEx*, std::vector<YAML::RegEx, std::allocator<YAML::RegEx> > >, YAML::RegEx const&) (in /usr/lib64/libyaml-cpp.so.0.5.1)
==63582==    by 0x50EC96E: YAML::operator||(YAML::RegEx const&, YAML::RegEx const&) (in /usr/lib64/libyaml-cpp.so.0.5.1)
==63582==    by 0x50B7E23: YAML::ScanScalar(YAML::Stream&, YAML::ScanScalarParams&) (in /usr/lib64/libyaml-cpp.so.0.5.1)
==63582==    by 0x50F56D4: YAML::Scanner::ScanPlainScalar() (in /usr/lib64/libyaml-cpp.so.0.5.1)
==63582==    by 0x50E488B: YAML::Scanner::ScanNextToken() (in /usr/lib64/libyaml-cpp.so.0.5.1)
==63582==    by 0x50E4CA4: YAML::Scanner::EnsureTokensInQueue() (in /usr/lib64/libyaml-cpp.so.0.5.1)
==63582==    by 0x50E4E18: YAML::Scanner::empty() (in /usr/lib64/libyaml-cpp.so.0.5.1)
==63582==    by 0x50C649D: YAML::Parser::ParseDirectives() (in /usr/lib64/libyaml-cpp.so.0.5.1)
==63582==    by 0x50C64E8: YAML::Parser::HandleNextDocument(YAML::EventHandler&) (in /usr/lib64/libyaml-cpp.so.0.5.1)
==63582==    by 0x50D94D3: YAML::Load(std::istream&) (in /usr/lib64/libyaml-cpp.so.0.5.1)
==63582==    by 0x50D9F09: YAML::LoadFile(std::string const&) (in /usr/lib64/libyaml-cpp.so.0.5.1)
==63582== 
==63582== 64 bytes in 1 blocks are still reachable in loss record 550 of 677
==63582==    at 0x4C2A593: operator new(unsigned long) (vg_replace_malloc.c:344)
==63582==    by 0x50ED933: YAML::RegEx* std::__uninitialized_copy<false>::__uninit_copy<__gnu_cxx::__normal_iterator<YAML::RegEx const*, std::vector<YAML::RegEx, std::allocator<YAML::RegEx> > >, YAML::RegEx*>(__gnu_cxx::__normal_iterator<YAML::RegEx const*, std::vector<YAML::RegEx, std::allocator<YAML::RegEx> > >, __gnu_cxx::__normal_iterator<YAML::RegEx const*, std::vector<YAML::RegEx, std::allocator<YAML::RegEx> > >, YAML::RegEx*) (in /usr/lib64/libyaml-cpp.so.0.5.1)
==63582==    by 0x50EF7E7: std::vector<YAML::RegEx, std::allocator<YAML::RegEx> >::_M_insert_aux(__gnu_cxx::__normal_iterator<YAML::RegEx*, std::vector<YAML::RegEx, std::allocator<YAML::RegEx> > >, YAML::RegEx const&) (in /usr/lib64/libyaml-cpp.so.0.5.1)
==63582==    by 0x50EC96E: YAML::operator||(YAML::RegEx const&, YAML::RegEx const&) (in /usr/lib64/libyaml-cpp.so.0.5.1)
==63582==    by 0x50B7E23: YAML::ScanScalar(YAML::Stream&, YAML::ScanScalarParams&) (in /usr/lib64/libyaml-cpp.so.0.5.1)
==63582==    by 0x50F56D4: YAML::Scanner::ScanPlainScalar() (in /usr/lib64/libyaml-cpp.so.0.5.1)
==63582==    by 0x50E488B: YAML::Scanner::ScanNextToken() (in /usr/lib64/libyaml-cpp.so.0.5.1)
==63582==    by 0x50E4CA4: YAML::Scanner::EnsureTokensInQueue() (in /usr/lib64/libyaml-cpp.so.0.5.1)
==63582==    by 0x50E4E18: YAML::Scanner::empty() (in /usr/lib64/libyaml-cpp.so.0.5.1)
==63582==    by 0x50C649D: YAML::Parser::ParseDirectives() (in /usr/lib64/libyaml-cpp.so.0.5.1)
==63582==    by 0x50C64E8: YAML::Parser::HandleNextDocument(YAML::EventHandler&) (in /usr/lib64/libyaml-cpp.so.0.5.1)
==63582==    by 0x50D94D3: YAML::Load(std::istream&) (in /usr/lib64/libyaml-cpp.so.0.5.1)
==63582== 
==63582== 64 bytes in 1 blocks are still reachable in loss record 551 of 677
==63582==    at 0x4C2A593: operator new(unsigned long) (vg_replace_malloc.c:344)
==63582==    by 0x50EFE69: std::vector<YAML::RegEx, std::allocator<YAML::RegEx> >::_M_insert_aux(__gnu_cxx::__normal_iterator<YAML::RegEx*, std::vector<YAML::RegEx, std::allocator<YAML::RegEx> > >, YAML::RegEx const&) (in /usr/lib64/libyaml-cpp.so.0.5.1)
==63582==    by 0x50EC96E: YAML::operator||(YAML::RegEx const&, YAML::RegEx const&) (in /usr/lib64/libyaml-cpp.so.0.5.1)
==63582==    by 0x50B7E23: YAML::ScanScalar(YAML::Stream&, YAML::ScanScalarParams&) (in /usr/lib64/libyaml-cpp.so.0.5.1)
==63582==    by 0x50F56D4: YAML::Scanner::ScanPlainScalar() (in /usr/lib64/libyaml-cpp.so.0.5.1)
==63582==    by 0x50E488B: YAML::Scanner::ScanNextToken() (in /usr/lib64/libyaml-cpp.so.0.5.1)
==63582==    by 0x50E4CA4: YAML::Scanner::EnsureTokensInQueue() (in /usr/lib64/libyaml-cpp.so.0.5.1)
==63582==    by 0x50E4E18: YAML::Scanner::empty() (in /usr/lib64/libyaml-cpp.so.0.5.1)
==63582==    by 0x50C649D: YAML::Parser::ParseDirectives() (in /usr/lib64/libyaml-cpp.so.0.5.1)
==63582==    by 0x50C64E8: YAML::Parser::HandleNextDocument(YAML::EventHandler&) (in /usr/lib64/libyaml-cpp.so.0.5.1)
==63582==    by 0x50D94D3: YAML::Load(std::istream&) (in /usr/lib64/libyaml-cpp.so.0.5.1)
==63582==    by 0x50D9F09: YAML::LoadFile(std::string const&) (in /usr/lib64/libyaml-cpp.so.0.5.1)
==63582== 
==63582== 64 bytes in 1 blocks are still reachable in loss record 552 of 677
==63582==    at 0x4C2A593: operator new(unsigned long) (vg_replace_malloc.c:344)
==63582==    by 0x50E8ACF: std::vector<YAML::RegEx, std::allocator<YAML::RegEx> >::vector(std::vector<YAML::RegEx, std::allocator<YAML::RegEx> > const&) (in /usr/lib64/libyaml-cpp.so.0.5.1)
==63582==    by 0x50EFA06: std::vector<YAML::RegEx, std::allocator<YAML::RegEx> >::_M_insert_aux(__gnu_cxx::__normal_iterator<YAML::RegEx*, std::vector<YAML::RegEx, std::allocator<YAML::RegEx> > >, YAML::RegEx const&) (in /usr/lib64/libyaml-cpp.so.0.5.1)
==63582==    by 0x50EC96E: YAML::operator||(YAML::RegEx const&, YAML::RegEx const&) (in /usr/lib64/libyaml-cpp.so.0.5.1)
==63582==    by 0x50B7E23: YAML::ScanScalar(YAML::Stream&, YAML::ScanScalarParams&) (in /usr/lib64/libyaml-cpp.so.0.5.1)
==63582==    by 0x50F56D4: YAML::Scanner::ScanPlainScalar() (in /usr/lib64/libyaml-cpp.so.0.5.1)
==63582==    by 0x50E488B: YAML::Scanner::ScanNextToken() (in /usr/lib64/libyaml-cpp.so.0.5.1)
==63582==    by 0x50E4CA4: YAML::Scanner::EnsureTokensInQueue() (in /usr/lib64/libyaml-cpp.so.0.5.1)
==63582==    by 0x50E4E18: YAML::Scanner::empty() (in /usr/lib64/libyaml-cpp.so.0.5.1)
==63582==    by 0x50C649D: YAML::Parser::ParseDirectives() (in /usr/lib64/libyaml-cpp.so.0.5.1)
==63582==    by 0x50C64E8: YAML::Parser::HandleNextDocument(YAML::EventHandler&) (in /usr/lib64/libyaml-cpp.so.0.5.1)
==63582==    by 0x50D94D3: YAML::Load(std::istream&) (in /usr/lib64/libyaml-cpp.so.0.5.1)
==63582== 
==63582== 64 bytes in 1 blocks are still reachable in loss record 553 of 677
==63582==    at 0x4C2A593: operator new(unsigned long) (vg_replace_malloc.c:344)
==63582==    by 0x50E8AF7: std::vector<YAML::RegEx, std::allocator<YAML::RegEx> >::vector(std::vector<YAML::RegEx, std::allocator<YAML::RegEx> > const&) (in /usr/lib64/libyaml-cpp.so.0.5.1)
==63582==    by 0x50E89DC: std::vector<YAML::RegEx, std::allocator<YAML::RegEx> >::vector(std::vector<YAML::RegEx, std::allocator<YAML::RegEx> > const&) (in /usr/lib64/libyaml-cpp.so.0.5.1)
==63582==    by 0x50EFA06: std::vector<YAML::RegEx, std::allocator<YAML::RegEx> >::_M_insert_aux(__gnu_cxx::__normal_iterator<YAML::RegEx*, std::vector<YAML::RegEx, std::allocator<YAML::RegEx> > >, YAML::RegEx const&) (in /usr/lib64/libyaml-cpp.so.0.5.1)
==63582==    by 0x50EC96E: YAML::operator||(YAML::RegEx const&, YAML::RegEx const&) (in /usr/lib64/libyaml-cpp.so.0.5.1)
==63582==    by 0x50B7E23: YAML::ScanScalar(YAML::Stream&, YAML::ScanScalarParams&) (in /usr/lib64/libyaml-cpp.so.0.5.1)
==63582==    by 0x50F56D4: YAML::Scanner::ScanPlainScalar() (in /usr/lib64/libyaml-cpp.so.0.5.1)
==63582==    by 0x50E488B: YAML::Scanner::ScanNextToken() (in /usr/lib64/libyaml-cpp.so.0.5.1)
==63582==    by 0x50E4CA4: YAML::Scanner::EnsureTokensInQueue() (in /usr/lib64/libyaml-cpp.so.0.5.1)
==63582==    by 0x50E4E18: YAML::Scanner::empty() (in /usr/lib64/libyaml-cpp.so.0.5.1)
==63582==    by 0x50C649D: YAML::Parser::ParseDirectives() (in /usr/lib64/libyaml-cpp.so.0.5.1)
==63582==    by 0x50C64E8: YAML::Parser::HandleNextDocument(YAML::EventHandler&) (in /usr/lib64/libyaml-cpp.so.0.5.1)
==63582== 
==63582== 64 bytes in 2 blocks are still reachable in loss record 554 of 677
==63582==    at 0x4C2A593: operator new(unsigned long) (vg_replace_malloc.c:344)
==63582==    by 0x40EBEE: allocate (new_allocator.h:104)
==63582==    by 0x40EBEE: _M_allocate_node<const std::piecewise_construct_t&, std::tuple<const std::basic_string<char, std::char_traits<char>, std::allocator<char> >&>, std::tuple<> > (hashtable.h:724)
==63582==    by 0x40EBEE: std::__detail::_Map_base<std::string, std::pair<std::string const, int>, std::allocator<std::pair<std::string const, int> >, std::__detail::_Select1st, std::equal_to<std::string>, std::hash<std::string>, std::__detail::_Mod_range_hashing, std::__detail::_Default_ranged_hash, std::__detail::_Prime_rehash_policy, std::__detail::_Hashtable_traits<true, false, true>, true>::operator[](std::string const&) (hashtable_policy.h:493)
==63582==    by 0x407B43: operator[] (unordered_map.h:596)
==63582==    by 0x407B43: readConfig(Data&, std::vector<std::vector<std::string, std::allocator<std::string> >, std::allocator<std::vector<std::string, std::allocator<std::string> > > >&, std::vector<std::vector<int, std::allocator<int> >, std::allocator<std::vector<int, std::allocator<int> > > >&) (main.cpp:93)
==63582==    by 0x405AB8: main (main.cpp:316)
==63582== 
==63582== 72 bytes in 1 blocks are still reachable in loss record 555 of 677
==63582==    at 0x4C29F73: malloc (vg_replace_malloc.c:309)
==63582==    by 0x633684B: lt__zalloc (in /usr/local/oushu/oushudb-5.0.0.0/lib/libltdl.so.7.3.1)
==63582==    by 0x6336279: preopen_LTX_get_vtable (in /usr/local/oushu/oushudb-5.0.0.0/lib/libltdl.so.7.3.1)
==63582==    by 0x6336D83: lt_dlinit (in /usr/local/oushu/oushudb-5.0.0.0/lib/libltdl.so.7.3.1)
==63582==    by 0x4E43BB0: ??? (in /usr/lib64/libodbc.so.2.0.0)
==63582==    by 0x4E46AF6: SQLConnect (in /usr/lib64/libodbc.so.2.0.0)
==63582==    by 0x406579: CppODBC::Connect(char const*, char const*, char const*) (cpp_odbc.cpp:100)
==63582==    by 0x4059D2: main (main.cpp:308)
==63582== 
==63582== 72 bytes in 1 blocks are still reachable in loss record 556 of 677
==63582==    at 0x4C29F73: malloc (vg_replace_malloc.c:309)
==63582==    by 0x633684B: lt__zalloc (in /usr/local/oushu/oushudb-5.0.0.0/lib/libltdl.so.7.3.1)
==63582==    by 0x633A499: dlopen_LTX_get_vtable (in /usr/local/oushu/oushudb-5.0.0.0/lib/libltdl.so.7.3.1)
==63582==    by 0x6336E28: loader_init_callback (in /usr/local/oushu/oushudb-5.0.0.0/lib/libltdl.so.7.3.1)
==63582==    by 0x63366B2: lt_dlpreload_open (in /usr/local/oushu/oushudb-5.0.0.0/lib/libltdl.so.7.3.1)
==63582==    by 0x4E43BB0: ??? (in /usr/lib64/libodbc.so.2.0.0)
==63582==    by 0x4E46AF6: SQLConnect (in /usr/lib64/libodbc.so.2.0.0)
==63582==    by 0x406579: CppODBC::Connect(char const*, char const*, char const*) (cpp_odbc.cpp:100)
==63582==    by 0x4059D2: main (main.cpp:308)
==63582== 
==63582== 72 bytes in 1 blocks are still reachable in loss record 557 of 677
==63582==    at 0x4C2A593: operator new(unsigned long) (vg_replace_malloc.c:344)
==63582==    by 0x411A79: allocate (new_allocator.h:104)
==63582==    by 0x411A79: allocate (alloc_traits.h:351)
==63582==    by 0x411A79: __shared_count<std::thread::_Impl<std::_Bind_simple<std::_Mem_fn<void (thread_pool::*)()>(thread_pool*)> >, std::allocator<std::thread::_Impl<std::_Bind_simple<std::_Mem_fn<void (thread_pool::*)()>(thread_pool*)> > >, std::_Bind_simple<std::_Mem_fn<void (thread_pool::*)()>(thread_pool*)> > (shared_ptr_base.h:499)
==63582==    by 0x411A79: __shared_ptr<std::allocator<std::thread::_Impl<std::_Bind_simple<std::_Mem_fn<void (thread_pool::*)()>(thread_pool*)> > >, std::_Bind_simple<std::_Mem_fn<void (thread_pool::*)()>(thread_pool*)> > (shared_ptr_base.h:957)
==63582==    by 0x411A79: shared_ptr<std::allocator<std::thread::_Impl<std::_Bind_simple<std::_Mem_fn<void (thread_pool::*)()>(thread_pool*)> > >, std::_Bind_simple<std::_Mem_fn<void (thread_pool::*)()>(thread_pool*)> > (shared_ptr.h:316)
==63582==    by 0x411A79: allocate_shared<std::thread::_Impl<std::_Bind_simple<std::_Mem_fn<void (thread_pool::*)()>(thread_pool*)> >, std::allocator<std::thread::_Impl<std::_Bind_simple<std::_Mem_fn<void (thread_pool::*)()>(thread_pool*)> > >, std::_Bind_simple<std::_Mem_fn<void (thread_pool::*)()>(thread_pool*)> > (shared_ptr.h:598)
==63582==    by 0x411A79: make_shared<std::thread::_Impl<std::_Bind_simple<std::_Mem_fn<void (thread_pool::*)()>(thread_pool*)> >, std::_Bind_simple<std::_Mem_fn<void (thread_pool::*)()>(thread_pool*)> > (shared_ptr.h:614)
==63582==    by 0x411A79: _M_make_routine<std::_Bind_simple<std::_Mem_fn<void (thread_pool::*)()>(thread_pool*)> > (thread:193)
==63582==    by 0x411A79: std::thread::thread<void (thread_pool::*)(), thread_pool* const>(void (thread_pool::*&&)(), thread_pool* const&&) (thread:135)
==63582==    by 0x406176: construct<std::thread, void (thread_pool::*)(), thread_pool* const> (new_allocator.h:120)
==63582==    by 0x406176: _S_construct<std::thread, void (thread_pool::*)(), thread_pool* const> (alloc_traits.h:254)
==63582==    by 0x406176: construct<std::thread, void (thread_pool::*)(), thread_pool* const> (alloc_traits.h:393)
==63582==    by 0x406176: emplace_back<void (thread_pool::*)(), thread_pool* const> (vector.tcc:96)
==63582==    by 0x406176: start (thread_pool.cpp:39)
==63582==    by 0x406176: main (main.cpp:324)
==63582== 
==63582== 72 bytes in 1 blocks are still reachable in loss record 558 of 677
==63582==    at 0x4C2C089: calloc (vg_replace_malloc.c:762)
==63582==    by 0x4E84A6E: ??? (in /usr/lib64/libodbc.so.2.0.0)
==63582==    by 0x4E84DF9: ??? (in /usr/lib64/libodbc.so.2.0.0)
==63582==    by 0x4E442F1: ??? (in /usr/lib64/libodbc.so.2.0.0)
==63582==    by 0x4E46AF6: SQLConnect (in /usr/lib64/libodbc.so.2.0.0)
==63582==    by 0x406579: CppODBC::Connect(char const*, char const*, char const*) (cpp_odbc.cpp:100)
==63582==    by 0x408D0F: sqlexec(std::vector<std::string, std::allocator<std::string> >, std::vector<int, std::allocator<int> >) (main.cpp:202)
==63582==    by 0x40AAE6: std::_Function_handler<void (std::vector<std::string, std::allocator<std::string> >, std::vector<int, std::allocator<int> >), void (*)(std::vector<std::string, std::allocator<std::string> >, std::vector<int, std::allocator<int> >)>::_M_invoke(std::_Any_data const&, std::vector<std::string, std::allocator<std::string> >, std::vector<int, std::allocator<int> >) (functional:2071)
==63582==    by 0x40C9CE: operator() (functional:2471)
==63582==    by 0x40C9CE: thread_pool::worker() (thread_pool.cpp:127)
==63582==    by 0x57FB32F: ??? (in /usr/lib64/libstdc++.so.6.0.19)
==63582==    by 0x5531EA4: start_thread (in /usr/lib64/libpthread-2.17.so)
==63582==    by 0x6064B0C: clone (in /usr/lib64/libc-2.17.so)
==63582== 
==63582== 72 bytes in 1 blocks are still reachable in loss record 559 of 677
==63582==    at 0x4C2C089: calloc (vg_replace_malloc.c:762)
==63582==    by 0x4E84A6E: ??? (in /usr/lib64/libodbc.so.2.0.0)
==63582==    by 0x4E84DF9: ??? (in /usr/lib64/libodbc.so.2.0.0)
==63582==    by 0x4E4398D: ??? (in /usr/lib64/libodbc.so.2.0.0)
==63582==    by 0x4E46AF6: SQLConnect (in /usr/lib64/libodbc.so.2.0.0)
==63582==    by 0x406579: CppODBC::Connect(char const*, char const*, char const*) (cpp_odbc.cpp:100)
==63582==    by 0x408D0F: sqlexec(std::vector<std::string, std::allocator<std::string> >, std::vector<int, std::allocator<int> >) (main.cpp:202)
==63582==    by 0x40AAE6: std::_Function_handler<void (std::vector<std::string, std::allocator<std::string> >, std::vector<int, std::allocator<int> >), void (*)(std::vector<std::string, std::allocator<std::string> >, std::vector<int, std::allocator<int> >)>::_M_invoke(std::_Any_data const&, std::vector<std::string, std::allocator<std::string> >, std::vector<int, std::allocator<int> >) (functional:2071)
==63582==    by 0x40C9CE: operator() (functional:2471)
==63582==    by 0x40C9CE: thread_pool::worker() (thread_pool.cpp:127)
==63582==    by 0x57FB32F: ??? (in /usr/lib64/libstdc++.so.6.0.19)
==63582==    by 0x5531EA4: start_thread (in /usr/lib64/libpthread-2.17.so)
==63582==    by 0x6064B0C: clone (in /usr/lib64/libc-2.17.so)
==63582== 
==63582== 72 bytes in 1 blocks are still reachable in loss record 560 of 677
==63582==    at 0x4C2C089: calloc (vg_replace_malloc.c:762)
==63582==    by 0x4E84A6E: ??? (in /usr/lib64/libodbc.so.2.0.0)
==63582==    by 0x4E84DF9: ??? (in /usr/lib64/libodbc.so.2.0.0)
==63582==    by 0x4E439E4: ??? (in /usr/lib64/libodbc.so.2.0.0)
==63582==    by 0x4E46AF6: SQLConnect (in /usr/lib64/libodbc.so.2.0.0)
==63582==    by 0x406579: CppODBC::Connect(char const*, char const*, char const*) (cpp_odbc.cpp:100)
==63582==    by 0x408D0F: sqlexec(std::vector<std::string, std::allocator<std::string> >, std::vector<int, std::allocator<int> >) (main.cpp:202)
==63582==    by 0x40AAE6: std::_Function_handler<void (std::vector<std::string, std::allocator<std::string> >, std::vector<int, std::allocator<int> >), void (*)(std::vector<std::string, std::allocator<std::string> >, std::vector<int, std::allocator<int> >)>::_M_invoke(std::_Any_data const&, std::vector<std::string, std::allocator<std::string> >, std::vector<int, std::allocator<int> >) (functional:2071)
==63582==    by 0x40C9CE: operator() (functional:2471)
==63582==    by 0x40C9CE: thread_pool::worker() (thread_pool.cpp:127)
==63582==    by 0x57FB32F: ??? (in /usr/lib64/libstdc++.so.6.0.19)
==63582==    by 0x5531EA4: start_thread (in /usr/lib64/libpthread-2.17.so)
==63582==    by 0x6064B0C: clone (in /usr/lib64/libc-2.17.so)
==63582== 
==63582== 72 bytes in 1 blocks are still reachable in loss record 561 of 677
==63582==    at 0x4C2C089: calloc (vg_replace_malloc.c:762)
==63582==    by 0x4E84A6E: ??? (in /usr/lib64/libodbc.so.2.0.0)
==63582==    by 0x4E84DF9: ??? (in /usr/lib64/libodbc.so.2.0.0)
==63582==    by 0x4E43A20: ??? (in /usr/lib64/libodbc.so.2.0.0)
==63582==    by 0x4E46AF6: SQLConnect (in /usr/lib64/libodbc.so.2.0.0)
==63582==    by 0x406579: CppODBC::Connect(char const*, char const*, char const*) (cpp_odbc.cpp:100)
==63582==    by 0x408D0F: sqlexec(std::vector<std::string, std::allocator<std::string> >, std::vector<int, std::allocator<int> >) (main.cpp:202)
==63582==    by 0x40AAE6: std::_Function_handler<void (std::vector<std::string, std::allocator<std::string> >, std::vector<int, std::allocator<int> >), void (*)(std::vector<std::string, std::allocator<std::string> >, std::vector<int, std::allocator<int> >)>::_M_invoke(std::_Any_data const&, std::vector<std::string, std::allocator<std::string> >, std::vector<int, std::allocator<int> >) (functional:2071)
==63582==    by 0x40C9CE: operator() (functional:2471)
==63582==    by 0x40C9CE: thread_pool::worker() (thread_pool.cpp:127)
==63582==    by 0x57FB32F: ??? (in /usr/lib64/libstdc++.so.6.0.19)
==63582==    by 0x5531EA4: start_thread (in /usr/lib64/libpthread-2.17.so)
==63582==    by 0x6064B0C: clone (in /usr/lib64/libc-2.17.so)
==63582== 
==63582== 72 bytes in 1 blocks are still reachable in loss record 562 of 677
==63582==    at 0x4C2C089: calloc (vg_replace_malloc.c:762)
==63582==    by 0x4E84A6E: ??? (in /usr/lib64/libodbc.so.2.0.0)
==63582==    by 0x4E84DF9: ??? (in /usr/lib64/libodbc.so.2.0.0)
==63582==    by 0x4E43A5C: ??? (in /usr/lib64/libodbc.so.2.0.0)
==63582==    by 0x4E46AF6: SQLConnect (in /usr/lib64/libodbc.so.2.0.0)
==63582==    by 0x406579: CppODBC::Connect(char const*, char const*, char const*) (cpp_odbc.cpp:100)
==63582==    by 0x408D0F: sqlexec(std::vector<std::string, std::allocator<std::string> >, std::vector<int, std::allocator<int> >) (main.cpp:202)
==63582==    by 0x40AAE6: std::_Function_handler<void (std::vector<std::string, std::allocator<std::string> >, std::vector<int, std::allocator<int> >), void (*)(std::vector<std::string, std::allocator<std::string> >, std::vector<int, std::allocator<int> >)>::_M_invoke(std::_Any_data const&, std::vector<std::string, std::allocator<std::string> >, std::vector<int, std::allocator<int> >) (functional:2071)
==63582==    by 0x40C9CE: operator() (functional:2471)
==63582==    by 0x40C9CE: thread_pool::worker() (thread_pool.cpp:127)
==63582==    by 0x57FB32F: ??? (in /usr/lib64/libstdc++.so.6.0.19)
==63582==    by 0x5531EA4: start_thread (in /usr/lib64/libpthread-2.17.so)
==63582==    by 0x6064B0C: clone (in /usr/lib64/libc-2.17.so)
==63582== 
==63582== 72 bytes in 1 blocks are still reachable in loss record 563 of 677
==63582==    at 0x4C2C089: calloc (vg_replace_malloc.c:762)
==63582==    by 0x4E84A6E: ??? (in /usr/lib64/libodbc.so.2.0.0)
==63582==    by 0x4E84DF9: ??? (in /usr/lib64/libodbc.so.2.0.0)
==63582==    by 0x4E43AA0: ??? (in /usr/lib64/libodbc.so.2.0.0)
==63582==    by 0x4E46AF6: SQLConnect (in /usr/lib64/libodbc.so.2.0.0)
==63582==    by 0x406579: CppODBC::Connect(char const*, char const*, char const*) (cpp_odbc.cpp:100)
==63582==    by 0x408D0F: sqlexec(std::vector<std::string, std::allocator<std::string> >, std::vector<int, std::allocator<int> >) (main.cpp:202)
==63582==    by 0x40AAE6: std::_Function_handler<void (std::vector<std::string, std::allocator<std::string> >, std::vector<int, std::allocator<int> >), void (*)(std::vector<std::string, std::allocator<std::string> >, std::vector<int, std::allocator<int> >)>::_M_invoke(std::_Any_data const&, std::vector<std::string, std::allocator<std::string> >, std::vector<int, std::allocator<int> >) (functional:2071)
==63582==    by 0x40C9CE: operator() (functional:2471)
==63582==    by 0x40C9CE: thread_pool::worker() (thread_pool.cpp:127)
==63582==    by 0x57FB32F: ??? (in /usr/lib64/libstdc++.so.6.0.19)
==63582==    by 0x5531EA4: start_thread (in /usr/lib64/libpthread-2.17.so)
==63582==    by 0x6064B0C: clone (in /usr/lib64/libc-2.17.so)
==63582== 
==63582== 72 bytes in 1 blocks are still reachable in loss record 564 of 677
==63582==    at 0x4C2C089: calloc (vg_replace_malloc.c:762)
==63582==    by 0x4E84A6E: ??? (in /usr/lib64/libodbc.so.2.0.0)
==63582==    by 0x4E84DF9: ??? (in /usr/lib64/libodbc.so.2.0.0)
==63582==    by 0x4E43ADC: ??? (in /usr/lib64/libodbc.so.2.0.0)
==63582==    by 0x4E46AF6: SQLConnect (in /usr/lib64/libodbc.so.2.0.0)
==63582==    by 0x406579: CppODBC::Connect(char const*, char const*, char const*) (cpp_odbc.cpp:100)
==63582==    by 0x408D0F: sqlexec(std::vector<std::string, std::allocator<std::string> >, std::vector<int, std::allocator<int> >) (main.cpp:202)
==63582==    by 0x40AAE6: std::_Function_handler<void (std::vector<std::string, std::allocator<std::string> >, std::vector<int, std::allocator<int> >), void (*)(std::vector<std::string, std::allocator<std::string> >, std::vector<int, std::allocator<int> >)>::_M_invoke(std::_Any_data const&, std::vector<std::string, std::allocator<std::string> >, std::vector<int, std::allocator<int> >) (functional:2071)
==63582==    by 0x40C9CE: operator() (functional:2471)
==63582==    by 0x40C9CE: thread_pool::worker() (thread_pool.cpp:127)
==63582==    by 0x57FB32F: ??? (in /usr/lib64/libstdc++.so.6.0.19)
==63582==    by 0x5531EA4: start_thread (in /usr/lib64/libpthread-2.17.so)
==63582==    by 0x6064B0C: clone (in /usr/lib64/libc-2.17.so)
==63582== 
==63582== 72 bytes in 1 blocks are still reachable in loss record 565 of 677
==63582==    at 0x4C2C089: calloc (vg_replace_malloc.c:762)
==63582==    by 0x4E84A6E: ??? (in /usr/lib64/libodbc.so.2.0.0)
==63582==    by 0x4E84DF9: ??? (in /usr/lib64/libodbc.so.2.0.0)
==63582==    by 0x4E43B1C: ??? (in /usr/lib64/libodbc.so.2.0.0)
==63582==    by 0x4E46AF6: SQLConnect (in /usr/lib64/libodbc.so.2.0.0)
==63582==    by 0x406579: CppODBC::Connect(char const*, char const*, char const*) (cpp_odbc.cpp:100)
==63582==    by 0x408D0F: sqlexec(std::vector<std::string, std::allocator<std::string> >, std::vector<int, std::allocator<int> >) (main.cpp:202)
==63582==    by 0x40AAE6: std::_Function_handler<void (std::vector<std::string, std::allocator<std::string> >, std::vector<int, std::allocator<int> >), void (*)(std::vector<std::string, std::allocator<std::string> >, std::vector<int, std::allocator<int> >)>::_M_invoke(std::_Any_data const&, std::vector<std::string, std::allocator<std::string> >, std::vector<int, std::allocator<int> >) (functional:2071)
==63582==    by 0x40C9CE: operator() (functional:2471)
==63582==    by 0x40C9CE: thread_pool::worker() (thread_pool.cpp:127)
==63582==    by 0x57FB32F: ??? (in /usr/lib64/libstdc++.so.6.0.19)
==63582==    by 0x5531EA4: start_thread (in /usr/lib64/libpthread-2.17.so)
==63582==    by 0x6064B0C: clone (in /usr/lib64/libc-2.17.so)
==63582== 
==63582== 72 bytes in 1 blocks are still reachable in loss record 566 of 677
==63582==    at 0x4C2C089: calloc (vg_replace_malloc.c:762)
==63582==    by 0x4E84A6E: ??? (in /usr/lib64/libodbc.so.2.0.0)
==63582==    by 0x4E84DF9: ??? (in /usr/lib64/libodbc.so.2.0.0)
==63582==    by 0x4E43B60: ??? (in /usr/lib64/libodbc.so.2.0.0)
==63582==    by 0x4E46AF6: SQLConnect (in /usr/lib64/libodbc.so.2.0.0)
==63582==    by 0x406579: CppODBC::Connect(char const*, char const*, char const*) (cpp_odbc.cpp:100)
==63582==    by 0x408D0F: sqlexec(std::vector<std::string, std::allocator<std::string> >, std::vector<int, std::allocator<int> >) (main.cpp:202)
==63582==    by 0x40AAE6: std::_Function_handler<void (std::vector<std::string, std::allocator<std::string> >, std::vector<int, std::allocator<int> >), void (*)(std::vector<std::string, std::allocator<std::string> >, std::vector<int, std::allocator<int> >)>::_M_invoke(std::_Any_data const&, std::vector<std::string, std::allocator<std::string> >, std::vector<int, std::allocator<int> >) (functional:2071)
==63582==    by 0x40C9CE: operator() (functional:2471)
==63582==    by 0x40C9CE: thread_pool::worker() (thread_pool.cpp:127)
==63582==    by 0x57FB32F: ??? (in /usr/lib64/libstdc++.so.6.0.19)
==63582==    by 0x5531EA4: start_thread (in /usr/lib64/libpthread-2.17.so)
==63582==    by 0x6064B0C: clone (in /usr/lib64/libc-2.17.so)
==63582== 
==63582== 72 bytes in 1 blocks are still reachable in loss record 567 of 677
==63582==    at 0x4C2C089: calloc (vg_replace_malloc.c:762)
==63582==    by 0x4E84A6E: ??? (in /usr/lib64/libodbc.so.2.0.0)
==63582==    by 0x4E84DF9: ??? (in /usr/lib64/libodbc.so.2.0.0)
==63582==    by 0x4E43B9B: ??? (in /usr/lib64/libodbc.so.2.0.0)
==63582==    by 0x4E46AF6: SQLConnect (in /usr/lib64/libodbc.so.2.0.0)
==63582==    by 0x406579: CppODBC::Connect(char const*, char const*, char const*) (cpp_odbc.cpp:100)
==63582==    by 0x408D0F: sqlexec(std::vector<std::string, std::allocator<std::string> >, std::vector<int, std::allocator<int> >) (main.cpp:202)
==63582==    by 0x40AAE6: std::_Function_handler<void (std::vector<std::string, std::allocator<std::string> >, std::vector<int, std::allocator<int> >), void (*)(std::vector<std::string, std::allocator<std::string> >, std::vector<int, std::allocator<int> >)>::_M_invoke(std::_Any_data const&, std::vector<std::string, std::allocator<std::string> >, std::vector<int, std::allocator<int> >) (functional:2071)
==63582==    by 0x40C9CE: operator() (functional:2471)
==63582==    by 0x40C9CE: thread_pool::worker() (thread_pool.cpp:127)
==63582==    by 0x57FB32F: ??? (in /usr/lib64/libstdc++.so.6.0.19)
==63582==    by 0x5531EA4: start_thread (in /usr/lib64/libpthread-2.17.so)
==63582==    by 0x6064B0C: clone (in /usr/lib64/libc-2.17.so)
==63582== 
==63582== 72 bytes in 1 blocks are still reachable in loss record 568 of 677
==63582==    at 0x4C2C089: calloc (vg_replace_malloc.c:762)
==63582==    by 0x4E84A6E: ??? (in /usr/lib64/libodbc.so.2.0.0)
==63582==    by 0x4E84DF9: ??? (in /usr/lib64/libodbc.so.2.0.0)
==63582==    by 0x4E3E35E: ??? (in /usr/lib64/libodbc.so.2.0.0)
==63582==    by 0x4063CF: CppODBC::Open() (cpp_odbc.cpp:43)
==63582==    by 0x408C69: sqlexec(std::vector<std::string, std::allocator<std::string> >, std::vector<int, std::allocator<int> >) (main.cpp:190)
==63582==    by 0x40AAE6: std::_Function_handler<void (std::vector<std::string, std::allocator<std::string> >, std::vector<int, std::allocator<int> >), void (*)(std::vector<std::string, std::allocator<std::string> >, std::vector<int, std::allocator<int> >)>::_M_invoke(std::_Any_data const&, std::vector<std::string, std::allocator<std::string> >, std::vector<int, std::allocator<int> >) (functional:2071)
==63582==    by 0x40C9CE: operator() (functional:2471)
==63582==    by 0x40C9CE: thread_pool::worker() (thread_pool.cpp:127)
==63582==    by 0x57FB32F: ??? (in /usr/lib64/libstdc++.so.6.0.19)
==63582==    by 0x5531EA4: start_thread (in /usr/lib64/libpthread-2.17.so)
==63582==    by 0x6064B0C: clone (in /usr/lib64/libc-2.17.so)
==63582== 
==63582== 72 bytes in 1 blocks are still reachable in loss record 569 of 677
==63582==    at 0x4C2C089: calloc (vg_replace_malloc.c:762)
==63582==    by 0x4E84A6E: ??? (in /usr/lib64/libodbc.so.2.0.0)
==63582==    by 0x4E84DF9: ??? (in /usr/lib64/libodbc.so.2.0.0)
==63582==    by 0x4E71D75: ??? (in /usr/lib64/libodbc.so.2.0.0)
==63582==    by 0x4E3E39C: ??? (in /usr/lib64/libodbc.so.2.0.0)
==63582==    by 0x4063CF: CppODBC::Open() (cpp_odbc.cpp:43)
==63582==    by 0x408C69: sqlexec(std::vector<std::string, std::allocator<std::string> >, std::vector<int, std::allocator<int> >) (main.cpp:190)
==63582==    by 0x40AAE6: std::_Function_handler<void (std::vector<std::string, std::allocator<std::string> >, std::vector<int, std::allocator<int> >), void (*)(std::vector<std::string, std::allocator<std::string> >, std::vector<int, std::allocator<int> >)>::_M_invoke(std::_Any_data const&, std::vector<std::string, std::allocator<std::string> >, std::vector<int, std::allocator<int> >) (functional:2071)
==63582==    by 0x40C9CE: operator() (functional:2471)
==63582==    by 0x40C9CE: thread_pool::worker() (thread_pool.cpp:127)
==63582==    by 0x57FB32F: ??? (in /usr/lib64/libstdc++.so.6.0.19)
==63582==    by 0x5531EA4: start_thread (in /usr/lib64/libpthread-2.17.so)
==63582==    by 0x6064B0C: clone (in /usr/lib64/libc-2.17.so)
==63582== 
==63582== 72 bytes in 1 blocks are still reachable in loss record 570 of 677
==63582==    at 0x4C2C089: calloc (vg_replace_malloc.c:762)
==63582==    by 0x4E84A6E: ??? (in /usr/lib64/libodbc.so.2.0.0)
==63582==    by 0x4E84DCA: ??? (in /usr/lib64/libodbc.so.2.0.0)
==63582==    by 0x4E719F2: ??? (in /usr/lib64/libodbc.so.2.0.0)
==63582==    by 0x4E46ACA: SQLConnect (in /usr/lib64/libodbc.so.2.0.0)
==63582==    by 0x406579: CppODBC::Connect(char const*, char const*, char const*) (cpp_odbc.cpp:100)
==63582==    by 0x408D0F: sqlexec(std::vector<std::string, std::allocator<std::string> >, std::vector<int, std::allocator<int> >) (main.cpp:202)
==63582==    by 0x40AAE6: std::_Function_handler<void (std::vector<std::string, std::allocator<std::string> >, std::vector<int, std::allocator<int> >), void (*)(std::vector<std::string, std::allocator<std::string> >, std::vector<int, std::allocator<int> >)>::_M_invoke(std::_Any_data const&, std::vector<std::string, std::allocator<std::string> >, std::vector<int, std::allocator<int> >) (functional:2071)
==63582==    by 0x40C9CE: operator() (functional:2471)
==63582==    by 0x40C9CE: thread_pool::worker() (thread_pool.cpp:127)
==63582==    by 0x57FB32F: ??? (in /usr/lib64/libstdc++.so.6.0.19)
==63582==    by 0x5531EA4: start_thread (in /usr/lib64/libpthread-2.17.so)
==63582==    by 0x6064B0C: clone (in /usr/lib64/libc-2.17.so)
==63582== 
==63582== 72 bytes in 1 blocks are still reachable in loss record 571 of 677
==63582==    at 0x4C2C089: calloc (vg_replace_malloc.c:762)
==63582==    by 0x4E84A6E: ??? (in /usr/lib64/libodbc.so.2.0.0)
==63582==    by 0x4E84DCA: ??? (in /usr/lib64/libodbc.so.2.0.0)
==63582==    by 0x4E71A2E: ??? (in /usr/lib64/libodbc.so.2.0.0)
==63582==    by 0x4E46ACA: SQLConnect (in /usr/lib64/libodbc.so.2.0.0)
==63582==    by 0x406579: CppODBC::Connect(char const*, char const*, char const*) (cpp_odbc.cpp:100)
==63582==    by 0x408D0F: sqlexec(std::vector<std::string, std::allocator<std::string> >, std::vector<int, std::allocator<int> >) (main.cpp:202)
==63582==    by 0x40AAE6: std::_Function_handler<void (std::vector<std::string, std::allocator<std::string> >, std::vector<int, std::allocator<int> >), void (*)(std::vector<std::string, std::allocator<std::string> >, std::vector<int, std::allocator<int> >)>::_M_invoke(std::_Any_data const&, std::vector<std::string, std::allocator<std::string> >, std::vector<int, std::allocator<int> >) (functional:2071)
==63582==    by 0x40C9CE: operator() (functional:2471)
==63582==    by 0x40C9CE: thread_pool::worker() (thread_pool.cpp:127)
==63582==    by 0x57FB32F: ??? (in /usr/lib64/libstdc++.so.6.0.19)
==63582==    by 0x5531EA4: start_thread (in /usr/lib64/libpthread-2.17.so)
==63582==    by 0x6064B0C: clone (in /usr/lib64/libc-2.17.so)
==63582== 
==63582== 72 bytes in 1 blocks are still reachable in loss record 572 of 677
==63582==    at 0x4C2C089: calloc (vg_replace_malloc.c:762)
==63582==    by 0x4E84A6E: ??? (in /usr/lib64/libodbc.so.2.0.0)
==63582==    by 0x4E84DF9: ??? (in /usr/lib64/libodbc.so.2.0.0)
==63582==    by 0x4E71A85: ??? (in /usr/lib64/libodbc.so.2.0.0)
==63582==    by 0x4E46ACA: SQLConnect (in /usr/lib64/libodbc.so.2.0.0)
==63582==    by 0x406579: CppODBC::Connect(char const*, char const*, char const*) (cpp_odbc.cpp:100)
==63582==    by 0x408D0F: sqlexec(std::vector<std::string, std::allocator<std::string> >, std::vector<int, std::allocator<int> >) (main.cpp:202)
==63582==    by 0x40AAE6: std::_Function_handler<void (std::vector<std::string, std::allocator<std::string> >, std::vector<int, std::allocator<int> >), void (*)(std::vector<std::string, std::allocator<std::string> >, std::vector<int, std::allocator<int> >)>::_M_invoke(std::_Any_data const&, std::vector<std::string, std::allocator<std::string> >, std::vector<int, std::allocator<int> >) (functional:2071)
==63582==    by 0x40C9CE: operator() (functional:2471)
==63582==    by 0x40C9CE: thread_pool::worker() (thread_pool.cpp:127)
==63582==    by 0x57FB32F: ??? (in /usr/lib64/libstdc++.so.6.0.19)
==63582==    by 0x5531EA4: start_thread (in /usr/lib64/libpthread-2.17.so)
==63582==    by 0x6064B0C: clone (in /usr/lib64/libc-2.17.so)
==63582== 
==63582== 72 bytes in 1 blocks are still reachable in loss record 573 of 677
==63582==    at 0x4C2C089: calloc (vg_replace_malloc.c:762)
==63582==    by 0x4E84A6E: ??? (in /usr/lib64/libodbc.so.2.0.0)
==63582==    by 0x4E84DCA: ??? (in /usr/lib64/libodbc.so.2.0.0)
==63582==    by 0x4E467E5: ??? (in /usr/lib64/libodbc.so.2.0.0)
==63582==    by 0x4E46AE3: SQLConnect (in /usr/lib64/libodbc.so.2.0.0)
==63582==    by 0x406579: CppODBC::Connect(char const*, char const*, char const*) (cpp_odbc.cpp:100)
==63582==    by 0x408D0F: sqlexec(std::vector<std::string, std::allocator<std::string> >, std::vector<int, std::allocator<int> >) (main.cpp:202)
==63582==    by 0x40AAE6: std::_Function_handler<void (std::vector<std::string, std::allocator<std::string> >, std::vector<int, std::allocator<int> >), void (*)(std::vector<std::string, std::allocator<std::string> >, std::vector<int, std::allocator<int> >)>::_M_invoke(std::_Any_data const&, std::vector<std::string, std::allocator<std::string> >, std::vector<int, std::allocator<int> >) (functional:2071)
==63582==    by 0x40C9CE: operator() (functional:2471)
==63582==    by 0x40C9CE: thread_pool::worker() (thread_pool.cpp:127)
==63582==    by 0x57FB32F: ??? (in /usr/lib64/libstdc++.so.6.0.19)
==63582==    by 0x5531EA4: start_thread (in /usr/lib64/libpthread-2.17.so)
==63582==    by 0x6064B0C: clone (in /usr/lib64/libc-2.17.so)
==63582== 
==63582== 72 bytes in 1 blocks are still reachable in loss record 574 of 677
==63582==    at 0x4C2C089: calloc (vg_replace_malloc.c:762)
==63582==    by 0x4E84A6E: ??? (in /usr/lib64/libodbc.so.2.0.0)
==63582==    by 0x4E84DCA: ??? (in /usr/lib64/libodbc.so.2.0.0)
==63582==    by 0x4E46818: ??? (in /usr/lib64/libodbc.so.2.0.0)
==63582==    by 0x4E46AE3: SQLConnect (in /usr/lib64/libodbc.so.2.0.0)
==63582==    by 0x406579: CppODBC::Connect(char const*, char const*, char const*) (cpp_odbc.cpp:100)
==63582==    by 0x408D0F: sqlexec(std::vector<std::string, std::allocator<std::string> >, std::vector<int, std::allocator<int> >) (main.cpp:202)
==63582==    by 0x40AAE6: std::_Function_handler<void (std::vector<std::string, std::allocator<std::string> >, std::vector<int, std::allocator<int> >), void (*)(std::vector<std::string, std::allocator<std::string> >, std::vector<int, std::allocator<int> >)>::_M_invoke(std::_Any_data const&, std::vector<std::string, std::allocator<std::string> >, std::vector<int, std::allocator<int> >) (functional:2071)
==63582==    by 0x40C9CE: operator() (functional:2471)
==63582==    by 0x40C9CE: thread_pool::worker() (thread_pool.cpp:127)
==63582==    by 0x57FB32F: ??? (in /usr/lib64/libstdc++.so.6.0.19)
==63582==    by 0x5531EA4: start_thread (in /usr/lib64/libpthread-2.17.so)
==63582==    by 0x6064B0C: clone (in /usr/lib64/libc-2.17.so)
==63582== 
==63582== 72 bytes in 1 blocks are still reachable in loss record 575 of 677
==63582==    at 0x4C2C089: calloc (vg_replace_malloc.c:762)
==63582==    by 0x4E84A6E: ??? (in /usr/lib64/libodbc.so.2.0.0)
==63582==    by 0x4E84DCA: ??? (in /usr/lib64/libodbc.so.2.0.0)
==63582==    by 0x4E46848: ??? (in /usr/lib64/libodbc.so.2.0.0)
==63582==    by 0x4E46AE3: SQLConnect (in /usr/lib64/libodbc.so.2.0.0)
==63582==    by 0x406579: CppODBC::Connect(char const*, char const*, char const*) (cpp_odbc.cpp:100)
==63582==    by 0x408D0F: sqlexec(std::vector<std::string, std::allocator<std::string> >, std::vector<int, std::allocator<int> >) (main.cpp:202)
==63582==    by 0x40AAE6: std::_Function_handler<void (std::vector<std::string, std::allocator<std::string> >, std::vector<int, std::allocator<int> >), void (*)(std::vector<std::string, std::allocator<std::string> >, std::vector<int, std::allocator<int> >)>::_M_invoke(std::_Any_data const&, std::vector<std::string, std::allocator<std::string> >, std::vector<int, std::allocator<int> >) (functional:2071)
==63582==    by 0x40C9CE: operator() (functional:2471)
==63582==    by 0x40C9CE: thread_pool::worker() (thread_pool.cpp:127)
==63582==    by 0x57FB32F: ??? (in /usr/lib64/libstdc++.so.6.0.19)
==63582==    by 0x5531EA4: start_thread (in /usr/lib64/libpthread-2.17.so)
==63582==    by 0x6064B0C: clone (in /usr/lib64/libc-2.17.so)
==63582== 
==63582== 72 bytes in 1 blocks are still reachable in loss record 576 of 677
==63582==    at 0x4C2C089: calloc (vg_replace_malloc.c:762)
==63582==    by 0x4E84A6E: ??? (in /usr/lib64/libodbc.so.2.0.0)
==63582==    by 0x4E84DF9: ??? (in /usr/lib64/libodbc.so.2.0.0)
==63582==    by 0x4E46765: ??? (in /usr/lib64/libodbc.so.2.0.0)
==63582==    by 0x4E46AE3: SQLConnect (in /usr/lib64/libodbc.so.2.0.0)
==63582==    by 0x406579: CppODBC::Connect(char const*, char const*, char const*) (cpp_odbc.cpp:100)
==63582==    by 0x408D0F: sqlexec(std::vector<std::string, std::allocator<std::string> >, std::vector<int, std::allocator<int> >) (main.cpp:202)
==63582==    by 0x40AAE6: std::_Function_handler<void (std::vector<std::string, std::allocator<std::string> >, std::vector<int, std::allocator<int> >), void (*)(std::vector<std::string, std::allocator<std::string> >, std::vector<int, std::allocator<int> >)>::_M_invoke(std::_Any_data const&, std::vector<std::string, std::allocator<std::string> >, std::vector<int, std::allocator<int> >) (functional:2071)
==63582==    by 0x40C9CE: operator() (functional:2471)
==63582==    by 0x40C9CE: thread_pool::worker() (thread_pool.cpp:127)
==63582==    by 0x57FB32F: ??? (in /usr/lib64/libstdc++.so.6.0.19)
==63582==    by 0x5531EA4: start_thread (in /usr/lib64/libpthread-2.17.so)
==63582==    by 0x6064B0C: clone (in /usr/lib64/libc-2.17.so)
==63582== 
==63582== 72 bytes in 1 blocks are still reachable in loss record 577 of 677
==63582==    at 0x4C2C089: calloc (vg_replace_malloc.c:762)
==63582==    by 0x767F7FE: ??? (in /usr/lib64/libodbcinst.so.2.0.0)
==63582==    by 0x767FB5A: SQLGetPrivateProfileString (in /usr/lib64/libodbcinst.so.2.0.0)
==63582==    by 0x6FAFFE5: getDSNinfo (in /usr/lib64/psqlodbcw.so)
==63582==    by 0x6F7E8D7: PGAPI_Connect (in /usr/lib64/psqlodbcw.so)
==63582==    by 0x6FB1D97: SQLConnect (in /usr/lib64/psqlodbcw.so)
==63582==    by 0x4E46B3F: SQLConnect (in /usr/lib64/libodbc.so.2.0.0)
==63582==    by 0x406579: CppODBC::Connect(char const*, char const*, char const*) (cpp_odbc.cpp:100)
==63582==    by 0x408D0F: sqlexec(std::vector<std::string, std::allocator<std::string> >, std::vector<int, std::allocator<int> >) (main.cpp:202)
==63582==    by 0x40AAE6: std::_Function_handler<void (std::vector<std::string, std::allocator<std::string> >, std::vector<int, std::allocator<int> >), void (*)(std::vector<std::string, std::allocator<std::string> >, std::vector<int, std::allocator<int> >)>::_M_invoke(std::_Any_data const&, std::vector<std::string, std::allocator<std::string> >, std::vector<int, std::allocator<int> >) (functional:2071)
==63582==    by 0x40C9CE: operator() (functional:2471)
==63582==    by 0x40C9CE: thread_pool::worker() (thread_pool.cpp:127)
==63582==    by 0x57FB32F: ??? (in /usr/lib64/libstdc++.so.6.0.19)
==63582== 
==63582== 72 bytes in 1 blocks are still reachable in loss record 578 of 677
==63582==    at 0x4C2C089: calloc (vg_replace_malloc.c:762)
==63582==    by 0x767F7FE: ??? (in /usr/lib64/libodbcinst.so.2.0.0)
==63582==    by 0x767FB5A: SQLGetPrivateProfileString (in /usr/lib64/libodbcinst.so.2.0.0)
==63582==    by 0x6FB0319: getDSNinfo (in /usr/lib64/psqlodbcw.so)
==63582==    by 0x6F7E8D7: PGAPI_Connect (in /usr/lib64/psqlodbcw.so)
==63582==    by 0x6FB1D97: SQLConnect (in /usr/lib64/psqlodbcw.so)
==63582==    by 0x4E46B3F: SQLConnect (in /usr/lib64/libodbc.so.2.0.0)
==63582==    by 0x406579: CppODBC::Connect(char const*, char const*, char const*) (cpp_odbc.cpp:100)
==63582==    by 0x408D0F: sqlexec(std::vector<std::string, std::allocator<std::string> >, std::vector<int, std::allocator<int> >) (main.cpp:202)
==63582==    by 0x40AAE6: std::_Function_handler<void (std::vector<std::string, std::allocator<std::string> >, std::vector<int, std::allocator<int> >), void (*)(std::vector<std::string, std::allocator<std::string> >, std::vector<int, std::allocator<int> >)>::_M_invoke(std::_Any_data const&, std::vector<std::string, std::allocator<std::string> >, std::vector<int, std::allocator<int> >) (functional:2071)
==63582==    by 0x40C9CE: operator() (functional:2471)
==63582==    by 0x40C9CE: thread_pool::worker() (thread_pool.cpp:127)
==63582==    by 0x57FB32F: ??? (in /usr/lib64/libstdc++.so.6.0.19)
==63582== 
==63582== 72 bytes in 1 blocks are still reachable in loss record 579 of 677
==63582==    at 0x4C2C089: calloc (vg_replace_malloc.c:762)
==63582==    by 0x767F7FE: ??? (in /usr/lib64/libodbcinst.so.2.0.0)
==63582==    by 0x767FB5A: SQLGetPrivateProfileString (in /usr/lib64/libodbcinst.so.2.0.0)
==63582==    by 0x6FAFB21: getDSNinfo (in /usr/lib64/psqlodbcw.so)
==63582==    by 0x6F7E8D7: PGAPI_Connect (in /usr/lib64/psqlodbcw.so)
==63582==    by 0x6FB1D97: SQLConnect (in /usr/lib64/psqlodbcw.so)
==63582==    by 0x4E46B3F: SQLConnect (in /usr/lib64/libodbc.so.2.0.0)
==63582==    by 0x406579: CppODBC::Connect(char const*, char const*, char const*) (cpp_odbc.cpp:100)
==63582==    by 0x408D0F: sqlexec(std::vector<std::string, std::allocator<std::string> >, std::vector<int, std::allocator<int> >) (main.cpp:202)
==63582==    by 0x40AAE6: std::_Function_handler<void (std::vector<std::string, std::allocator<std::string> >, std::vector<int, std::allocator<int> >), void (*)(std::vector<std::string, std::allocator<std::string> >, std::vector<int, std::allocator<int> >)>::_M_invoke(std::_Any_data const&, std::vector<std::string, std::allocator<std::string> >, std::vector<int, std::allocator<int> >) (functional:2071)
==63582==    by 0x40C9CE: operator() (functional:2471)
==63582==    by 0x40C9CE: thread_pool::worker() (thread_pool.cpp:127)
==63582==    by 0x57FB32F: ??? (in /usr/lib64/libstdc++.so.6.0.19)
==63582== 
==63582== 72 bytes in 1 blocks are still reachable in loss record 580 of 677
==63582==    at 0x4C2C089: calloc (vg_replace_malloc.c:762)
==63582==    by 0x767F7FE: ??? (in /usr/lib64/libodbcinst.so.2.0.0)
==63582==    by 0x767FB5A: SQLGetPrivateProfileString (in /usr/lib64/libodbcinst.so.2.0.0)
==63582==    by 0x6FAFDEC: getDSNinfo (in /usr/lib64/psqlodbcw.so)
==63582==    by 0x6F7E8D7: PGAPI_Connect (in /usr/lib64/psqlodbcw.so)
==63582==    by 0x6FB1D97: SQLConnect (in /usr/lib64/psqlodbcw.so)
==63582==    by 0x4E46B3F: SQLConnect (in /usr/lib64/libodbc.so.2.0.0)
==63582==    by 0x406579: CppODBC::Connect(char const*, char const*, char const*) (cpp_odbc.cpp:100)
==63582==    by 0x408D0F: sqlexec(std::vector<std::string, std::allocator<std::string> >, std::vector<int, std::allocator<int> >) (main.cpp:202)
==63582==    by 0x40AAE6: std::_Function_handler<void (std::vector<std::string, std::allocator<std::string> >, std::vector<int, std::allocator<int> >), void (*)(std::vector<std::string, std::allocator<std::string> >, std::vector<int, std::allocator<int> >)>::_M_invoke(std::_Any_data const&, std::vector<std::string, std::allocator<std::string> >, std::vector<int, std::allocator<int> >) (functional:2071)
==63582==    by 0x40C9CE: operator() (functional:2471)
==63582==    by 0x40C9CE: thread_pool::worker() (thread_pool.cpp:127)
==63582==    by 0x57FB32F: ??? (in /usr/lib64/libstdc++.so.6.0.19)
==63582== 
==63582== 72 bytes in 1 blocks are still reachable in loss record 581 of 677
==63582==    at 0x4C2C089: calloc (vg_replace_malloc.c:762)
==63582==    by 0x767F7FE: ??? (in /usr/lib64/libodbcinst.so.2.0.0)
==63582==    by 0x767FB5A: SQLGetPrivateProfileString (in /usr/lib64/libodbcinst.so.2.0.0)
==63582==    by 0x6FB038A: getDSNinfo (in /usr/lib64/psqlodbcw.so)
==63582==    by 0x6F7E8D7: PGAPI_Connect (in /usr/lib64/psqlodbcw.so)
==63582==    by 0x6FB1D97: SQLConnect (in /usr/lib64/psqlodbcw.so)
==63582==    by 0x4E46B3F: SQLConnect (in /usr/lib64/libodbc.so.2.0.0)
==63582==    by 0x406579: CppODBC::Connect(char const*, char const*, char const*) (cpp_odbc.cpp:100)
==63582==    by 0x408D0F: sqlexec(std::vector<std::string, std::allocator<std::string> >, std::vector<int, std::allocator<int> >) (main.cpp:202)
==63582==    by 0x40AAE6: std::_Function_handler<void (std::vector<std::string, std::allocator<std::string> >, std::vector<int, std::allocator<int> >), void (*)(std::vector<std::string, std::allocator<std::string> >, std::vector<int, std::allocator<int> >)>::_M_invoke(std::_Any_data const&, std::vector<std::string, std::allocator<std::string> >, std::vector<int, std::allocator<int> >) (functional:2071)
==63582==    by 0x40C9CE: operator() (functional:2471)
==63582==    by 0x40C9CE: thread_pool::worker() (thread_pool.cpp:127)
==63582==    by 0x57FB32F: ??? (in /usr/lib64/libstdc++.so.6.0.19)
==63582== 
==63582== 72 bytes in 1 blocks are still reachable in loss record 582 of 677
==63582==    at 0x4C2C089: calloc (vg_replace_malloc.c:762)
==63582==    by 0x767F7FE: ??? (in /usr/lib64/libodbcinst.so.2.0.0)
==63582==    by 0x767FB5A: SQLGetPrivateProfileString (in /usr/lib64/libodbcinst.so.2.0.0)
==63582==    by 0x6FAFE89: getDSNinfo (in /usr/lib64/psqlodbcw.so)
==63582==    by 0x6F7E8D7: PGAPI_Connect (in /usr/lib64/psqlodbcw.so)
==63582==    by 0x6FB1D97: SQLConnect (in /usr/lib64/psqlodbcw.so)
==63582==    by 0x4E46B3F: SQLConnect (in /usr/lib64/libodbc.so.2.0.0)
==63582==    by 0x406579: CppODBC::Connect(char const*, char const*, char const*) (cpp_odbc.cpp:100)
==63582==    by 0x408D0F: sqlexec(std::vector<std::string, std::allocator<std::string> >, std::vector<int, std::allocator<int> >) (main.cpp:202)
==63582==    by 0x40AAE6: std::_Function_handler<void (std::vector<std::string, std::allocator<std::string> >, std::vector<int, std::allocator<int> >), void (*)(std::vector<std::string, std::allocator<std::string> >, std::vector<int, std::allocator<int> >)>::_M_invoke(std::_Any_data const&, std::vector<std::string, std::allocator<std::string> >, std::vector<int, std::allocator<int> >) (functional:2071)
==63582==    by 0x40C9CE: operator() (functional:2471)
==63582==    by 0x40C9CE: thread_pool::worker() (thread_pool.cpp:127)
==63582==    by 0x57FB32F: ??? (in /usr/lib64/libstdc++.so.6.0.19)
==63582== 
==63582== 72 bytes in 1 blocks are still reachable in loss record 583 of 677
==63582==    at 0x4C2C089: calloc (vg_replace_malloc.c:762)
==63582==    by 0x767F7FE: ??? (in /usr/lib64/libodbcinst.so.2.0.0)
==63582==    by 0x767FB5A: SQLGetPrivateProfileString (in /usr/lib64/libodbcinst.so.2.0.0)
==63582==    by 0x6FAFBA1: getDSNinfo (in /usr/lib64/psqlodbcw.so)
==63582==    by 0x6F7E8D7: PGAPI_Connect (in /usr/lib64/psqlodbcw.so)
==63582==    by 0x6FB1D97: SQLConnect (in /usr/lib64/psqlodbcw.so)
==63582==    by 0x4E46B3F: SQLConnect (in /usr/lib64/libodbc.so.2.0.0)
==63582==    by 0x406579: CppODBC::Connect(char const*, char const*, char const*) (cpp_odbc.cpp:100)
==63582==    by 0x408D0F: sqlexec(std::vector<std::string, std::allocator<std::string> >, std::vector<int, std::allocator<int> >) (main.cpp:202)
==63582==    by 0x40AAE6: std::_Function_handler<void (std::vector<std::string, std::allocator<std::string> >, std::vector<int, std::allocator<int> >), void (*)(std::vector<std::string, std::allocator<std::string> >, std::vector<int, std::allocator<int> >)>::_M_invoke(std::_Any_data const&, std::vector<std::string, std::allocator<std::string> >, std::vector<int, std::allocator<int> >) (functional:2071)
==63582==    by 0x40C9CE: operator() (functional:2471)
==63582==    by 0x40C9CE: thread_pool::worker() (thread_pool.cpp:127)
==63582==    by 0x57FB32F: ??? (in /usr/lib64/libstdc++.so.6.0.19)
==63582== 
==63582== 72 bytes in 1 blocks are still reachable in loss record 584 of 677
==63582==    at 0x4C2C089: calloc (vg_replace_malloc.c:762)
==63582==    by 0x767F7FE: ??? (in /usr/lib64/libodbcinst.so.2.0.0)
==63582==    by 0x767FB5A: SQLGetPrivateProfileString (in /usr/lib64/libodbcinst.so.2.0.0)
==63582==    by 0x6FAFEDA: getDSNinfo (in /usr/lib64/psqlodbcw.so)
==63582==    by 0x6F7E8D7: PGAPI_Connect (in /usr/lib64/psqlodbcw.so)
==63582==    by 0x6FB1D97: SQLConnect (in /usr/lib64/psqlodbcw.so)
==63582==    by 0x4E46B3F: SQLConnect (in /usr/lib64/libodbc.so.2.0.0)
==63582==    by 0x406579: CppODBC::Connect(char const*, char const*, char const*) (cpp_odbc.cpp:100)
==63582==    by 0x408D0F: sqlexec(std::vector<std::string, std::allocator<std::string> >, std::vector<int, std::allocator<int> >) (main.cpp:202)
==63582==    by 0x40AAE6: std::_Function_handler<void (std::vector<std::string, std::allocator<std::string> >, std::vector<int, std::allocator<int> >), void (*)(std::vector<std::string, std::allocator<std::string> >, std::vector<int, std::allocator<int> >)>::_M_invoke(std::_Any_data const&, std::vector<std::string, std::allocator<std::string> >, std::vector<int, std::allocator<int> >) (functional:2071)
==63582==    by 0x40C9CE: operator() (functional:2471)
==63582==    by 0x40C9CE: thread_pool::worker() (thread_pool.cpp:127)
==63582==    by 0x57FB32F: ??? (in /usr/lib64/libstdc++.so.6.0.19)
==63582== 
==63582== 72 bytes in 1 blocks are still reachable in loss record 585 of 677
==63582==    at 0x4C2C089: calloc (vg_replace_malloc.c:762)
==63582==    by 0x767F7FE: ??? (in /usr/lib64/libodbcinst.so.2.0.0)
==63582==    by 0x767FB5A: SQLGetPrivateProfileString (in /usr/lib64/libodbcinst.so.2.0.0)
==63582==    by 0x6FB03CD: getDSNinfo (in /usr/lib64/psqlodbcw.so)
==63582==    by 0x6F7E8D7: PGAPI_Connect (in /usr/lib64/psqlodbcw.so)
==63582==    by 0x6FB1D97: SQLConnect (in /usr/lib64/psqlodbcw.so)
==63582==    by 0x4E46B3F: SQLConnect (in /usr/lib64/libodbc.so.2.0.0)
==63582==    by 0x406579: CppODBC::Connect(char const*, char const*, char const*) (cpp_odbc.cpp:100)
==63582==    by 0x408D0F: sqlexec(std::vector<std::string, std::allocator<std::string> >, std::vector<int, std::allocator<int> >) (main.cpp:202)
==63582==    by 0x40AAE6: std::_Function_handler<void (std::vector<std::string, std::allocator<std::string> >, std::vector<int, std::allocator<int> >), void (*)(std::vector<std::string, std::allocator<std::string> >, std::vector<int, std::allocator<int> >)>::_M_invoke(std::_Any_data const&, std::vector<std::string, std::allocator<std::string> >, std::vector<int, std::allocator<int> >) (functional:2071)
==63582==    by 0x40C9CE: operator() (functional:2471)
==63582==    by 0x40C9CE: thread_pool::worker() (thread_pool.cpp:127)
==63582==    by 0x57FB32F: ??? (in /usr/lib64/libstdc++.so.6.0.19)
==63582== 
==63582== 72 bytes in 1 blocks are still reachable in loss record 586 of 677
==63582==    at 0x4C2C089: calloc (vg_replace_malloc.c:762)
==63582==    by 0x767F7FE: ??? (in /usr/lib64/libodbcinst.so.2.0.0)
==63582==    by 0x767FB5A: SQLGetPrivateProfileString (in /usr/lib64/libodbcinst.so.2.0.0)
==63582==    by 0x6FAFF35: getDSNinfo (in /usr/lib64/psqlodbcw.so)
==63582==    by 0x6F7E8D7: PGAPI_Connect (in /usr/lib64/psqlodbcw.so)
==63582==    by 0x6FB1D97: SQLConnect (in /usr/lib64/psqlodbcw.so)
==63582==    by 0x4E46B3F: SQLConnect (in /usr/lib64/libodbc.so.2.0.0)
==63582==    by 0x406579: CppODBC::Connect(char const*, char const*, char const*) (cpp_odbc.cpp:100)
==63582==    by 0x408D0F: sqlexec(std::vector<std::string, std::allocator<std::string> >, std::vector<int, std::allocator<int> >) (main.cpp:202)
==63582==    by 0x40AAE6: std::_Function_handler<void (std::vector<std::string, std::allocator<std::string> >, std::vector<int, std::allocator<int> >), void (*)(std::vector<std::string, std::allocator<std::string> >, std::vector<int, std::allocator<int> >)>::_M_invoke(std::_Any_data const&, std::vector<std::string, std::allocator<std::string> >, std::vector<int, std::allocator<int> >) (functional:2071)
==63582==    by 0x40C9CE: operator() (functional:2471)
==63582==    by 0x40C9CE: thread_pool::worker() (thread_pool.cpp:127)
==63582==    by 0x57FB32F: ??? (in /usr/lib64/libstdc++.so.6.0.19)
==63582== 
==63582== 72 bytes in 1 blocks are still reachable in loss record 587 of 677
==63582==    at 0x4C2C089: calloc (vg_replace_malloc.c:762)
==63582==    by 0x767F7FE: ??? (in /usr/lib64/libodbcinst.so.2.0.0)
==63582==    by 0x767FB5A: SQLGetPrivateProfileString (in /usr/lib64/libodbcinst.so.2.0.0)
==63582==    by 0x6FB0425: getDSNinfo (in /usr/lib64/psqlodbcw.so)
==63582==    by 0x6F7E8D7: PGAPI_Connect (in /usr/lib64/psqlodbcw.so)
==63582==    by 0x6FB1D97: SQLConnect (in /usr/lib64/psqlodbcw.so)
==63582==    by 0x4E46B3F: SQLConnect (in /usr/lib64/libodbc.so.2.0.0)
==63582==    by 0x406579: CppODBC::Connect(char const*, char const*, char const*) (cpp_odbc.cpp:100)
==63582==    by 0x408D0F: sqlexec(std::vector<std::string, std::allocator<std::string> >, std::vector<int, std::allocator<int> >) (main.cpp:202)
==63582==    by 0x40AAE6: std::_Function_handler<void (std::vector<std::string, std::allocator<std::string> >, std::vector<int, std::allocator<int> >), void (*)(std::vector<std::string, std::allocator<std::string> >, std::vector<int, std::allocator<int> >)>::_M_invoke(std::_Any_data const&, std::vector<std::string, std::allocator<std::string> >, std::vector<int, std::allocator<int> >) (functional:2071)
==63582==    by 0x40C9CE: operator() (functional:2471)
==63582==    by 0x40C9CE: thread_pool::worker() (thread_pool.cpp:127)
==63582==    by 0x57FB32F: ??? (in /usr/lib64/libstdc++.so.6.0.19)
==63582== 
==63582== 72 bytes in 1 blocks are still reachable in loss record 588 of 677
==63582==    at 0x4C2C089: calloc (vg_replace_malloc.c:762)
==63582==    by 0x767F7FE: ??? (in /usr/lib64/libodbcinst.so.2.0.0)
==63582==    by 0x767FB5A: SQLGetPrivateProfileString (in /usr/lib64/libodbcinst.so.2.0.0)
==63582==    by 0x6FAFF8D: getDSNinfo (in /usr/lib64/psqlodbcw.so)
==63582==    by 0x6F7E8D7: PGAPI_Connect (in /usr/lib64/psqlodbcw.so)
==63582==    by 0x6FB1D97: SQLConnect (in /usr/lib64/psqlodbcw.so)
==63582==    by 0x4E46B3F: SQLConnect (in /usr/lib64/libodbc.so.2.0.0)
==63582==    by 0x406579: CppODBC::Connect(char const*, char const*, char const*) (cpp_odbc.cpp:100)
==63582==    by 0x408D0F: sqlexec(std::vector<std::string, std::allocator<std::string> >, std::vector<int, std::allocator<int> >) (main.cpp:202)
==63582==    by 0x40AAE6: std::_Function_handler<void (std::vector<std::string, std::allocator<std::string> >, std::vector<int, std::allocator<int> >), void (*)(std::vector<std::string, std::allocator<std::string> >, std::vector<int, std::allocator<int> >)>::_M_invoke(std::_Any_data const&, std::vector<std::string, std::allocator<std::string> >, std::vector<int, std::allocator<int> >) (functional:2071)
==63582==    by 0x40C9CE: operator() (functional:2471)
==63582==    by 0x40C9CE: thread_pool::worker() (thread_pool.cpp:127)
==63582==    by 0x57FB32F: ??? (in /usr/lib64/libstdc++.so.6.0.19)
==63582== 
==63582== 72 bytes in 1 blocks are still reachable in loss record 589 of 677
==63582==    at 0x4C2C089: calloc (vg_replace_malloc.c:762)
==63582==    by 0x767F7FE: ??? (in /usr/lib64/libodbcinst.so.2.0.0)
==63582==    by 0x767FB5A: SQLGetPrivateProfileString (in /usr/lib64/libodbcinst.so.2.0.0)
==63582==    by 0x6FB047D: getDSNinfo (in /usr/lib64/psqlodbcw.so)
==63582==    by 0x6F7E8D7: PGAPI_Connect (in /usr/lib64/psqlodbcw.so)
==63582==    by 0x6FB1D97: SQLConnect (in /usr/lib64/psqlodbcw.so)
==63582==    by 0x4E46B3F: SQLConnect (in /usr/lib64/libodbc.so.2.0.0)
==63582==    by 0x406579: CppODBC::Connect(char const*, char const*, char const*) (cpp_odbc.cpp:100)
==63582==    by 0x408D0F: sqlexec(std::vector<std::string, std::allocator<std::string> >, std::vector<int, std::allocator<int> >) (main.cpp:202)
==63582==    by 0x40AAE6: std::_Function_handler<void (std::vector<std::string, std::allocator<std::string> >, std::vector<int, std::allocator<int> >), void (*)(std::vector<std::string, std::allocator<std::string> >, std::vector<int, std::allocator<int> >)>::_M_invoke(std::_Any_data const&, std::vector<std::string, std::allocator<std::string> >, std::vector<int, std::allocator<int> >) (functional:2071)
==63582==    by 0x40C9CE: operator() (functional:2471)
==63582==    by 0x40C9CE: thread_pool::worker() (thread_pool.cpp:127)
==63582==    by 0x57FB32F: ??? (in /usr/lib64/libstdc++.so.6.0.19)
==63582== 
==63582== 72 bytes in 1 blocks are still reachable in loss record 590 of 677
==63582==    at 0x4C2C089: calloc (vg_replace_malloc.c:762)
==63582==    by 0x767F7FE: ??? (in /usr/lib64/libodbcinst.so.2.0.0)
==63582==    by 0x767FB5A: SQLGetPrivateProfileString (in /usr/lib64/libodbcinst.so.2.0.0)
==63582==    by 0x6FAFBE6: getDSNinfo (in /usr/lib64/psqlodbcw.so)
==63582==    by 0x6F7E8D7: PGAPI_Connect (in /usr/lib64/psqlodbcw.so)
==63582==    by 0x6FB1D97: SQLConnect (in /usr/lib64/psqlodbcw.so)
==63582==    by 0x4E46B3F: SQLConnect (in /usr/lib64/libodbc.so.2.0.0)
==63582==    by 0x406579: CppODBC::Connect(char const*, char const*, char const*) (cpp_odbc.cpp:100)
==63582==    by 0x408D0F: sqlexec(std::vector<std::string, std::allocator<std::string> >, std::vector<int, std::allocator<int> >) (main.cpp:202)
==63582==    by 0x40AAE6: std::_Function_handler<void (std::vector<std::string, std::allocator<std::string> >, std::vector<int, std::allocator<int> >), void (*)(std::vector<std::string, std::allocator<std::string> >, std::vector<int, std::allocator<int> >)>::_M_invoke(std::_Any_data const&, std::vector<std::string, std::allocator<std::string> >, std::vector<int, std::allocator<int> >) (functional:2071)
==63582==    by 0x40C9CE: operator() (functional:2471)
==63582==    by 0x40C9CE: thread_pool::worker() (thread_pool.cpp:127)
==63582==    by 0x57FB32F: ??? (in /usr/lib64/libstdc++.so.6.0.19)
==63582== 
==63582== 72 bytes in 1 blocks are still reachable in loss record 591 of 677
==63582==    at 0x4C2C089: calloc (vg_replace_malloc.c:762)
==63582==    by 0x767F7FE: ??? (in /usr/lib64/libodbcinst.so.2.0.0)
==63582==    by 0x767FB5A: SQLGetPrivateProfileString (in /usr/lib64/libodbcinst.so.2.0.0)
==63582==    by 0x6FB01B9: getDSNinfo (in /usr/lib64/psqlodbcw.so)
==63582==    by 0x6F7E8D7: PGAPI_Connect (in /usr/lib64/psqlodbcw.so)
==63582==    by 0x6FB1D97: SQLConnect (in /usr/lib64/psqlodbcw.so)
==63582==    by 0x4E46B3F: SQLConnect (in /usr/lib64/libodbc.so.2.0.0)
==63582==    by 0x406579: CppODBC::Connect(char const*, char const*, char const*) (cpp_odbc.cpp:100)
==63582==    by 0x408D0F: sqlexec(std::vector<std::string, std::allocator<std::string> >, std::vector<int, std::allocator<int> >) (main.cpp:202)
==63582==    by 0x40AAE6: std::_Function_handler<void (std::vector<std::string, std::allocator<std::string> >, std::vector<int, std::allocator<int> >), void (*)(std::vector<std::string, std::allocator<std::string> >, std::vector<int, std::allocator<int> >)>::_M_invoke(std::_Any_data const&, std::vector<std::string, std::allocator<std::string> >, std::vector<int, std::allocator<int> >) (functional:2071)
==63582==    by 0x40C9CE: operator() (functional:2471)
==63582==    by 0x40C9CE: thread_pool::worker() (thread_pool.cpp:127)
==63582==    by 0x57FB32F: ??? (in /usr/lib64/libstdc++.so.6.0.19)
==63582== 
==63582== 72 bytes in 1 blocks are still reachable in loss record 592 of 677
==63582==    at 0x4C2C089: calloc (vg_replace_malloc.c:762)
==63582==    by 0x767F7FE: ??? (in /usr/lib64/libodbcinst.so.2.0.0)
==63582==    by 0x767FB5A: SQLGetPrivateProfileString (in /usr/lib64/libodbcinst.so.2.0.0)
==63582==    by 0x6FAF9A1: getDSNinfo (in /usr/lib64/psqlodbcw.so)
==63582==    by 0x6F7E8D7: PGAPI_Connect (in /usr/lib64/psqlodbcw.so)
==63582==    by 0x6FB1D97: SQLConnect (in /usr/lib64/psqlodbcw.so)
==63582==    by 0x4E46B3F: SQLConnect (in /usr/lib64/libodbc.so.2.0.0)
==63582==    by 0x406579: CppODBC::Connect(char const*, char const*, char const*) (cpp_odbc.cpp:100)
==63582==    by 0x408D0F: sqlexec(std::vector<std::string, std::allocator<std::string> >, std::vector<int, std::allocator<int> >) (main.cpp:202)
==63582==    by 0x40AAE6: std::_Function_handler<void (std::vector<std::string, std::allocator<std::string> >, std::vector<int, std::allocator<int> >), void (*)(std::vector<std::string, std::allocator<std::string> >, std::vector<int, std::allocator<int> >)>::_M_invoke(std::_Any_data const&, std::vector<std::string, std::allocator<std::string> >, std::vector<int, std::allocator<int> >) (functional:2071)
==63582==    by 0x40C9CE: operator() (functional:2471)
==63582==    by 0x40C9CE: thread_pool::worker() (thread_pool.cpp:127)
==63582==    by 0x57FB32F: ??? (in /usr/lib64/libstdc++.so.6.0.19)
==63582== 
==63582== 72 bytes in 1 blocks are still reachable in loss record 593 of 677
==63582==    at 0x4C2C089: calloc (vg_replace_malloc.c:762)
==63582==    by 0x767F7FE: ??? (in /usr/lib64/libodbcinst.so.2.0.0)
==63582==    by 0x767FB5A: SQLGetPrivateProfileString (in /usr/lib64/libodbcinst.so.2.0.0)
==63582==    by 0x6FAFC84: getDSNinfo (in /usr/lib64/psqlodbcw.so)
==63582==    by 0x6F7E8D7: PGAPI_Connect (in /usr/lib64/psqlodbcw.so)
==63582==    by 0x6FB1D97: SQLConnect (in /usr/lib64/psqlodbcw.so)
==63582==    by 0x4E46B3F: SQLConnect (in /usr/lib64/libodbc.so.2.0.0)
==63582==    by 0x406579: CppODBC::Connect(char const*, char const*, char const*) (cpp_odbc.cpp:100)
==63582==    by 0x408D0F: sqlexec(std::vector<std::string, std::allocator<std::string> >, std::vector<int, std::allocator<int> >) (main.cpp:202)
==63582==    by 0x40AAE6: std::_Function_handler<void (std::vector<std::string, std::allocator<std::string> >, std::vector<int, std::allocator<int> >), void (*)(std::vector<std::string, std::allocator<std::string> >, std::vector<int, std::allocator<int> >)>::_M_invoke(std::_Any_data const&, std::vector<std::string, std::allocator<std::string> >, std::vector<int, std::allocator<int> >) (functional:2071)
==63582==    by 0x40C9CE: operator() (functional:2471)
==63582==    by 0x40C9CE: thread_pool::worker() (thread_pool.cpp:127)
==63582==    by 0x57FB32F: ??? (in /usr/lib64/libstdc++.so.6.0.19)
==63582== 
==63582== 72 bytes in 1 blocks are still reachable in loss record 594 of 677
==63582==    at 0x4C2C089: calloc (vg_replace_malloc.c:762)
==63582==    by 0x767F7FE: ??? (in /usr/lib64/libodbcinst.so.2.0.0)
==63582==    by 0x767FB5A: SQLGetPrivateProfileString (in /usr/lib64/libodbcinst.so.2.0.0)
==63582==    by 0x6FB0231: getDSNinfo (in /usr/lib64/psqlodbcw.so)
==63582==    by 0x6F7E8D7: PGAPI_Connect (in /usr/lib64/psqlodbcw.so)
==63582==    by 0x6FB1D97: SQLConnect (in /usr/lib64/psqlodbcw.so)
==63582==    by 0x4E46B3F: SQLConnect (in /usr/lib64/libodbc.so.2.0.0)
==63582==    by 0x406579: CppODBC::Connect(char const*, char const*, char const*) (cpp_odbc.cpp:100)
==63582==    by 0x408D0F: sqlexec(std::vector<std::string, std::allocator<std::string> >, std::vector<int, std::allocator<int> >) (main.cpp:202)
==63582==    by 0x40AAE6: std::_Function_handler<void (std::vector<std::string, std::allocator<std::string> >, std::vector<int, std::allocator<int> >), void (*)(std::vector<std::string, std::allocator<std::string> >, std::vector<int, std::allocator<int> >)>::_M_invoke(std::_Any_data const&, std::vector<std::string, std::allocator<std::string> >, std::vector<int, std::allocator<int> >) (functional:2071)
==63582==    by 0x40C9CE: operator() (functional:2471)
==63582==    by 0x40C9CE: thread_pool::worker() (thread_pool.cpp:127)
==63582==    by 0x57FB32F: ??? (in /usr/lib64/libstdc++.so.6.0.19)
==63582== 
==63582== 72 bytes in 1 blocks are still reachable in loss record 595 of 677
==63582==    at 0x4C2C089: calloc (vg_replace_malloc.c:762)
==63582==    by 0x767F7FE: ??? (in /usr/lib64/libodbcinst.so.2.0.0)
==63582==    by 0x767FB5A: SQLGetPrivateProfileString (in /usr/lib64/libodbcinst.so.2.0.0)
==63582==    by 0x6FAFA1A: getDSNinfo (in /usr/lib64/psqlodbcw.so)
==63582==    by 0x6F7E8D7: PGAPI_Connect (in /usr/lib64/psqlodbcw.so)
==63582==    by 0x6FB1D97: SQLConnect (in /usr/lib64/psqlodbcw.so)
==63582==    by 0x4E46B3F: SQLConnect (in /usr/lib64/libodbc.so.2.0.0)
==63582==    by 0x406579: CppODBC::Connect(char const*, char const*, char const*) (cpp_odbc.cpp:100)
==63582==    by 0x408D0F: sqlexec(std::vector<std::string, std::allocator<std::string> >, std::vector<int, std::allocator<int> >) (main.cpp:202)
==63582==    by 0x40AAE6: std::_Function_handler<void (std::vector<std::string, std::allocator<std::string> >, std::vector<int, std::allocator<int> >), void (*)(std::vector<std::string, std::allocator<std::string> >, std::vector<int, std::allocator<int> >)>::_M_invoke(std::_Any_data const&, std::vector<std::string, std::allocator<std::string> >, std::vector<int, std::allocator<int> >) (functional:2071)
==63582==    by 0x40C9CE: operator() (functional:2471)
==63582==    by 0x40C9CE: thread_pool::worker() (thread_pool.cpp:127)
==63582==    by 0x57FB32F: ??? (in /usr/lib64/libstdc++.so.6.0.19)
==63582== 
==63582== 72 bytes in 1 blocks are still reachable in loss record 596 of 677
==63582==    at 0x4C2C089: calloc (vg_replace_malloc.c:762)
==63582==    by 0x767F7FE: ??? (in /usr/lib64/libodbcinst.so.2.0.0)
==63582==    by 0x767FB5A: SQLGetPrivateProfileString (in /usr/lib64/libodbcinst.so.2.0.0)
==63582==    by 0x6FAFCF9: getDSNinfo (in /usr/lib64/psqlodbcw.so)
==63582==    by 0x6F7E8D7: PGAPI_Connect (in /usr/lib64/psqlodbcw.so)
==63582==    by 0x6FB1D97: SQLConnect (in /usr/lib64/psqlodbcw.so)
==63582==    by 0x4E46B3F: SQLConnect (in /usr/lib64/libodbc.so.2.0.0)
==63582==    by 0x406579: CppODBC::Connect(char const*, char const*, char const*) (cpp_odbc.cpp:100)
==63582==    by 0x408D0F: sqlexec(std::vector<std::string, std::allocator<std::string> >, std::vector<int, std::allocator<int> >) (main.cpp:202)
==63582==    by 0x40AAE6: std::_Function_handler<void (std::vector<std::string, std::allocator<std::string> >, std::vector<int, std::allocator<int> >), void (*)(std::vector<std::string, std::allocator<std::string> >, std::vector<int, std::allocator<int> >)>::_M_invoke(std::_Any_data const&, std::vector<std::string, std::allocator<std::string> >, std::vector<int, std::allocator<int> >) (functional:2071)
==63582==    by 0x40C9CE: operator() (functional:2471)
==63582==    by 0x40C9CE: thread_pool::worker() (thread_pool.cpp:127)
==63582==    by 0x57FB32F: ??? (in /usr/lib64/libstdc++.so.6.0.19)
==63582== 
==63582== 72 bytes in 1 blocks are still reachable in loss record 597 of 677
==63582==    at 0x4C2C089: calloc (vg_replace_malloc.c:762)
==63582==    by 0x767F7FE: ??? (in /usr/lib64/libodbcinst.so.2.0.0)
==63582==    by 0x767FB5A: SQLGetPrivateProfileString (in /usr/lib64/libodbcinst.so.2.0.0)
==63582==    by 0x6FB02A1: getDSNinfo (in /usr/lib64/psqlodbcw.so)
==63582==    by 0x6F7E8D7: PGAPI_Connect (in /usr/lib64/psqlodbcw.so)
==63582==    by 0x6FB1D97: SQLConnect (in /usr/lib64/psqlodbcw.so)
==63582==    by 0x4E46B3F: SQLConnect (in /usr/lib64/libodbc.so.2.0.0)
==63582==    by 0x406579: CppODBC::Connect(char const*, char const*, char const*) (cpp_odbc.cpp:100)
==63582==    by 0x408D0F: sqlexec(std::vector<std::string, std::allocator<std::string> >, std::vector<int, std::allocator<int> >) (main.cpp:202)
==63582==    by 0x40AAE6: std::_Function_handler<void (std::vector<std::string, std::allocator<std::string> >, std::vector<int, std::allocator<int> >), void (*)(std::vector<std::string, std::allocator<std::string> >, std::vector<int, std::allocator<int> >)>::_M_invoke(std::_Any_data const&, std::vector<std::string, std::allocator<std::string> >, std::vector<int, std::allocator<int> >) (functional:2071)
==63582==    by 0x40C9CE: operator() (functional:2471)
==63582==    by 0x40C9CE: thread_pool::worker() (thread_pool.cpp:127)
==63582==    by 0x57FB32F: ??? (in /usr/lib64/libstdc++.so.6.0.19)
==63582== 
==63582== 72 bytes in 1 blocks are still reachable in loss record 598 of 677
==63582==    at 0x4C2C089: calloc (vg_replace_malloc.c:762)
==63582==    by 0x767F7FE: ??? (in /usr/lib64/libodbcinst.so.2.0.0)
==63582==    by 0x767FB5A: SQLGetPrivateProfileString (in /usr/lib64/libodbcinst.so.2.0.0)
==63582==    by 0x6FAFAA9: getDSNinfo (in /usr/lib64/psqlodbcw.so)
==63582==    by 0x6F7E8D7: PGAPI_Connect (in /usr/lib64/psqlodbcw.so)
==63582==    by 0x6FB1D97: SQLConnect (in /usr/lib64/psqlodbcw.so)
==63582==    by 0x4E46B3F: SQLConnect (in /usr/lib64/libodbc.so.2.0.0)
==63582==    by 0x406579: CppODBC::Connect(char const*, char const*, char const*) (cpp_odbc.cpp:100)
==63582==    by 0x408D0F: sqlexec(std::vector<std::string, std::allocator<std::string> >, std::vector<int, std::allocator<int> >) (main.cpp:202)
==63582==    by 0x40AAE6: std::_Function_handler<void (std::vector<std::string, std::allocator<std::string> >, std::vector<int, std::allocator<int> >), void (*)(std::vector<std::string, std::allocator<std::string> >, std::vector<int, std::allocator<int> >)>::_M_invoke(std::_Any_data const&, std::vector<std::string, std::allocator<std::string> >, std::vector<int, std::allocator<int> >) (functional:2071)
==63582==    by 0x40C9CE: operator() (functional:2471)
==63582==    by 0x40C9CE: thread_pool::worker() (thread_pool.cpp:127)
==63582==    by 0x57FB32F: ??? (in /usr/lib64/libstdc++.so.6.0.19)
==63582== 
==63582== 72 bytes in 1 blocks are still reachable in loss record 599 of 677
==63582==    at 0x4C2C089: calloc (vg_replace_malloc.c:762)
==63582==    by 0x767F7FE: ??? (in /usr/lib64/libodbcinst.so.2.0.0)
==63582==    by 0x767FB5A: SQLGetPrivateProfileString (in /usr/lib64/libodbcinst.so.2.0.0)
==63582==    by 0x6FB04D5: getDSNinfo (in /usr/lib64/psqlodbcw.so)
==63582==    by 0x6F7E8D7: PGAPI_Connect (in /usr/lib64/psqlodbcw.so)
==63582==    by 0x6FB1D97: SQLConnect (in /usr/lib64/psqlodbcw.so)
==63582==    by 0x4E46B3F: SQLConnect (in /usr/lib64/libodbc.so.2.0.0)
==63582==    by 0x406579: CppODBC::Connect(char const*, char const*, char const*) (cpp_odbc.cpp:100)
==63582==    by 0x408D0F: sqlexec(std::vector<std::string, std::allocator<std::string> >, std::vector<int, std::allocator<int> >) (main.cpp:202)
==63582==    by 0x40AAE6: std::_Function_handler<void (std::vector<std::string, std::allocator<std::string> >, std::vector<int, std::allocator<int> >), void (*)(std::vector<std::string, std::allocator<std::string> >, std::vector<int, std::allocator<int> >)>::_M_invoke(std::_Any_data const&, std::vector<std::string, std::allocator<std::string> >, std::vector<int, std::allocator<int> >) (functional:2071)
==63582==    by 0x40C9CE: operator() (functional:2471)
==63582==    by 0x40C9CE: thread_pool::worker() (thread_pool.cpp:127)
==63582==    by 0x57FB32F: ??? (in /usr/lib64/libstdc++.so.6.0.19)
==63582== 
==63582== 72 bytes in 1 blocks are still reachable in loss record 600 of 677
==63582==    at 0x4C2C089: calloc (vg_replace_malloc.c:762)
==63582==    by 0x767F7FE: ??? (in /usr/lib64/libodbcinst.so.2.0.0)
==63582==    by 0x767FB5A: SQLGetPrivateProfileString (in /usr/lib64/libodbcinst.so.2.0.0)
==63582==    by 0x6FB003D: getDSNinfo (in /usr/lib64/psqlodbcw.so)
==63582==    by 0x6F7E8D7: PGAPI_Connect (in /usr/lib64/psqlodbcw.so)
==63582==    by 0x6FB1D97: SQLConnect (in /usr/lib64/psqlodbcw.so)
==63582==    by 0x4E46B3F: SQLConnect (in /usr/lib64/libodbc.so.2.0.0)
==63582==    by 0x406579: CppODBC::Connect(char const*, char const*, char const*) (cpp_odbc.cpp:100)
==63582==    by 0x408D0F: sqlexec(std::vector<std::string, std::allocator<std::string> >, std::vector<int, std::allocator<int> >) (main.cpp:202)
==63582==    by 0x40AAE6: std::_Function_handler<void (std::vector<std::string, std::allocator<std::string> >, std::vector<int, std::allocator<int> >), void (*)(std::vector<std::string, std::allocator<std::string> >, std::vector<int, std::allocator<int> >)>::_M_invoke(std::_Any_data const&, std::vector<std::string, std::allocator<std::string> >, std::vector<int, std::allocator<int> >) (functional:2071)
==63582==    by 0x40C9CE: operator() (functional:2471)
==63582==    by 0x40C9CE: thread_pool::worker() (thread_pool.cpp:127)
==63582==    by 0x57FB32F: ??? (in /usr/lib64/libstdc++.so.6.0.19)
==63582== 
==63582== 72 bytes in 1 blocks are still reachable in loss record 601 of 677
==63582==    at 0x4C2C089: calloc (vg_replace_malloc.c:762)
==63582==    by 0x767F7FE: ??? (in /usr/lib64/libodbcinst.so.2.0.0)
==63582==    by 0x767FB5A: SQLGetPrivateProfileString (in /usr/lib64/libodbcinst.so.2.0.0)
==63582==    by 0x6FB0080: getDSNinfo (in /usr/lib64/psqlodbcw.so)
==63582==    by 0x6F7E8D7: PGAPI_Connect (in /usr/lib64/psqlodbcw.so)
==63582==    by 0x6FB1D97: SQLConnect (in /usr/lib64/psqlodbcw.so)
==63582==    by 0x4E46B3F: SQLConnect (in /usr/lib64/libodbc.so.2.0.0)
==63582==    by 0x406579: CppODBC::Connect(char const*, char const*, char const*) (cpp_odbc.cpp:100)
==63582==    by 0x408D0F: sqlexec(std::vector<std::string, std::allocator<std::string> >, std::vector<int, std::allocator<int> >) (main.cpp:202)
==63582==    by 0x40AAE6: std::_Function_handler<void (std::vector<std::string, std::allocator<std::string> >, std::vector<int, std::allocator<int> >), void (*)(std::vector<std::string, std::allocator<std::string> >, std::vector<int, std::allocator<int> >)>::_M_invoke(std::_Any_data const&, std::vector<std::string, std::allocator<std::string> >, std::vector<int, std::allocator<int> >) (functional:2071)
==63582==    by 0x40C9CE: operator() (functional:2471)
==63582==    by 0x40C9CE: thread_pool::worker() (thread_pool.cpp:127)
==63582==    by 0x57FB32F: ??? (in /usr/lib64/libstdc++.so.6.0.19)
==63582== 
==63582== 72 bytes in 1 blocks are still reachable in loss record 602 of 677
==63582==    at 0x4C2C089: calloc (vg_replace_malloc.c:762)
==63582==    by 0x767F7FE: ??? (in /usr/lib64/libodbcinst.so.2.0.0)
==63582==    by 0x767FB5A: SQLGetPrivateProfileString (in /usr/lib64/libodbcinst.so.2.0.0)
==63582==    by 0x6FB00A6: getDSNinfo (in /usr/lib64/psqlodbcw.so)
==63582==    by 0x6F7E8D7: PGAPI_Connect (in /usr/lib64/psqlodbcw.so)
==63582==    by 0x6FB1D97: SQLConnect (in /usr/lib64/psqlodbcw.so)
==63582==    by 0x4E46B3F: SQLConnect (in /usr/lib64/libodbc.so.2.0.0)
==63582==    by 0x406579: CppODBC::Connect(char const*, char const*, char const*) (cpp_odbc.cpp:100)
==63582==    by 0x408D0F: sqlexec(std::vector<std::string, std::allocator<std::string> >, std::vector<int, std::allocator<int> >) (main.cpp:202)
==63582==    by 0x40AAE6: std::_Function_handler<void (std::vector<std::string, std::allocator<std::string> >, std::vector<int, std::allocator<int> >), void (*)(std::vector<std::string, std::allocator<std::string> >, std::vector<int, std::allocator<int> >)>::_M_invoke(std::_Any_data const&, std::vector<std::string, std::allocator<std::string> >, std::vector<int, std::allocator<int> >) (functional:2071)
==63582==    by 0x40C9CE: operator() (functional:2471)
==63582==    by 0x40C9CE: thread_pool::worker() (thread_pool.cpp:127)
==63582==    by 0x57FB32F: ??? (in /usr/lib64/libstdc++.so.6.0.19)
==63582== 
==63582== 72 bytes in 1 blocks are still reachable in loss record 603 of 677
==63582==    at 0x4C2C089: calloc (vg_replace_malloc.c:762)
==63582==    by 0x767F7FE: ??? (in /usr/lib64/libodbcinst.so.2.0.0)
==63582==    by 0x767FB5A: SQLGetPrivateProfileString (in /usr/lib64/libodbcinst.so.2.0.0)
==63582==    by 0x6FAEB98: getCommonDefaults (in /usr/lib64/psqlodbcw.so)
==63582==    by 0x6FB00C3: getDSNinfo (in /usr/lib64/psqlodbcw.so)
==63582==    by 0x6F7E8D7: PGAPI_Connect (in /usr/lib64/psqlodbcw.so)
==63582==    by 0x6FB1D97: SQLConnect (in /usr/lib64/psqlodbcw.so)
==63582==    by 0x4E46B3F: SQLConnect (in /usr/lib64/libodbc.so.2.0.0)
==63582==    by 0x406579: CppODBC::Connect(char const*, char const*, char const*) (cpp_odbc.cpp:100)
==63582==    by 0x408D0F: sqlexec(std::vector<std::string, std::allocator<std::string> >, std::vector<int, std::allocator<int> >) (main.cpp:202)
==63582==    by 0x40AAE6: std::_Function_handler<void (std::vector<std::string, std::allocator<std::string> >, std::vector<int, std::allocator<int> >), void (*)(std::vector<std::string, std::allocator<std::string> >, std::vector<int, std::allocator<int> >)>::_M_invoke(std::_Any_data const&, std::vector<std::string, std::allocator<std::string> >, std::vector<int, std::allocator<int> >) (functional:2071)
==63582==    by 0x40C9CE: operator() (functional:2471)
==63582==    by 0x40C9CE: thread_pool::worker() (thread_pool.cpp:127)
==63582== 
==63582== 72 bytes in 1 blocks are still reachable in loss record 604 of 677
==63582==    at 0x4C2C089: calloc (vg_replace_malloc.c:762)
==63582==    by 0x767F7FE: ??? (in /usr/lib64/libodbcinst.so.2.0.0)
==63582==    by 0x767FB5A: SQLGetPrivateProfileString (in /usr/lib64/libodbcinst.so.2.0.0)
==63582==    by 0x6FAEF86: getCommonDefaults (in /usr/lib64/psqlodbcw.so)
==63582==    by 0x6FB00C3: getDSNinfo (in /usr/lib64/psqlodbcw.so)
==63582==    by 0x6F7E8D7: PGAPI_Connect (in /usr/lib64/psqlodbcw.so)
==63582==    by 0x6FB1D97: SQLConnect (in /usr/lib64/psqlodbcw.so)
==63582==    by 0x4E46B3F: SQLConnect (in /usr/lib64/libodbc.so.2.0.0)
==63582==    by 0x406579: CppODBC::Connect(char const*, char const*, char const*) (cpp_odbc.cpp:100)
==63582==    by 0x408D0F: sqlexec(std::vector<std::string, std::allocator<std::string> >, std::vector<int, std::allocator<int> >) (main.cpp:202)
==63582==    by 0x40AAE6: std::_Function_handler<void (std::vector<std::string, std::allocator<std::string> >, std::vector<int, std::allocator<int> >), void (*)(std::vector<std::string, std::allocator<std::string> >, std::vector<int, std::allocator<int> >)>::_M_invoke(std::_Any_data const&, std::vector<std::string, std::allocator<std::string> >, std::vector<int, std::allocator<int> >) (functional:2071)
==63582==    by 0x40C9CE: operator() (functional:2471)
==63582==    by 0x40C9CE: thread_pool::worker() (thread_pool.cpp:127)
==63582== 
==63582== 72 bytes in 1 blocks are still reachable in loss record 605 of 677
==63582==    at 0x4C2C089: calloc (vg_replace_malloc.c:762)
==63582==    by 0x767F7FE: ??? (in /usr/lib64/libodbcinst.so.2.0.0)
==63582==    by 0x767FB5A: SQLGetPrivateProfileString (in /usr/lib64/libodbcinst.so.2.0.0)
==63582==    by 0x6FAF0A3: getCommonDefaults (in /usr/lib64/psqlodbcw.so)
==63582==    by 0x6FB00C3: getDSNinfo (in /usr/lib64/psqlodbcw.so)
==63582==    by 0x6F7E8D7: PGAPI_Connect (in /usr/lib64/psqlodbcw.so)
==63582==    by 0x6FB1D97: SQLConnect (in /usr/lib64/psqlodbcw.so)
==63582==    by 0x4E46B3F: SQLConnect (in /usr/lib64/libodbc.so.2.0.0)
==63582==    by 0x406579: CppODBC::Connect(char const*, char const*, char const*) (cpp_odbc.cpp:100)
==63582==    by 0x408D0F: sqlexec(std::vector<std::string, std::allocator<std::string> >, std::vector<int, std::allocator<int> >) (main.cpp:202)
==63582==    by 0x40AAE6: std::_Function_handler<void (std::vector<std::string, std::allocator<std::string> >, std::vector<int, std::allocator<int> >), void (*)(std::vector<std::string, std::allocator<std::string> >, std::vector<int, std::allocator<int> >)>::_M_invoke(std::_Any_data const&, std::vector<std::string, std::allocator<std::string> >, std::vector<int, std::allocator<int> >) (functional:2071)
==63582==    by 0x40C9CE: operator() (functional:2471)
==63582==    by 0x40C9CE: thread_pool::worker() (thread_pool.cpp:127)
==63582== 
==63582== 72 bytes in 1 blocks are still reachable in loss record 606 of 677
==63582==    at 0x4C2C089: calloc (vg_replace_malloc.c:762)
==63582==    by 0x767F7FE: ??? (in /usr/lib64/libodbcinst.so.2.0.0)
==63582==    by 0x767FB5A: SQLGetPrivateProfileString (in /usr/lib64/libodbcinst.so.2.0.0)
==63582==    by 0x6FAF001: getCommonDefaults (in /usr/lib64/psqlodbcw.so)
==63582==    by 0x6FB00C3: getDSNinfo (in /usr/lib64/psqlodbcw.so)
==63582==    by 0x6F7E8D7: PGAPI_Connect (in /usr/lib64/psqlodbcw.so)
==63582==    by 0x6FB1D97: SQLConnect (in /usr/lib64/psqlodbcw.so)
==63582==    by 0x4E46B3F: SQLConnect (in /usr/lib64/libodbc.so.2.0.0)
==63582==    by 0x406579: CppODBC::Connect(char const*, char const*, char const*) (cpp_odbc.cpp:100)
==63582==    by 0x408D0F: sqlexec(std::vector<std::string, std::allocator<std::string> >, std::vector<int, std::allocator<int> >) (main.cpp:202)
==63582==    by 0x40AAE6: std::_Function_handler<void (std::vector<std::string, std::allocator<std::string> >, std::vector<int, std::allocator<int> >), void (*)(std::vector<std::string, std::allocator<std::string> >, std::vector<int, std::allocator<int> >)>::_M_invoke(std::_Any_data const&, std::vector<std::string, std::allocator<std::string> >, std::vector<int, std::allocator<int> >) (functional:2071)
==63582==    by 0x40C9CE: operator() (functional:2471)
==63582==    by 0x40C9CE: thread_pool::worker() (thread_pool.cpp:127)
==63582== 
==63582== 72 bytes in 1 blocks are still reachable in loss record 607 of 677
==63582==    at 0x4C2C089: calloc (vg_replace_malloc.c:762)
==63582==    by 0x767F7FE: ??? (in /usr/lib64/libodbcinst.so.2.0.0)
==63582==    by 0x767FB5A: SQLGetPrivateProfileString (in /usr/lib64/libodbcinst.so.2.0.0)
==63582==    by 0x6FAEC74: getCommonDefaults (in /usr/lib64/psqlodbcw.so)
==63582==    by 0x6FB00C3: getDSNinfo (in /usr/lib64/psqlodbcw.so)
==63582==    by 0x6F7E8D7: PGAPI_Connect (in /usr/lib64/psqlodbcw.so)
==63582==    by 0x6FB1D97: SQLConnect (in /usr/lib64/psqlodbcw.so)
==63582==    by 0x4E46B3F: SQLConnect (in /usr/lib64/libodbc.so.2.0.0)
==63582==    by 0x406579: CppODBC::Connect(char const*, char const*, char const*) (cpp_odbc.cpp:100)
==63582==    by 0x408D0F: sqlexec(std::vector<std::string, std::allocator<std::string> >, std::vector<int, std::allocator<int> >) (main.cpp:202)
==63582==    by 0x40AAE6: std::_Function_handler<void (std::vector<std::string, std::allocator<std::string> >, std::vector<int, std::allocator<int> >), void (*)(std::vector<std::string, std::allocator<std::string> >, std::vector<int, std::allocator<int> >)>::_M_invoke(std::_Any_data const&, std::vector<std::string, std::allocator<std::string> >, std::vector<int, std::allocator<int> >) (functional:2071)
==63582==    by 0x40C9CE: operator() (functional:2471)
==63582==    by 0x40C9CE: thread_pool::worker() (thread_pool.cpp:127)
==63582== 
==63582== 72 bytes in 1 blocks are still reachable in loss record 608 of 677
==63582==    at 0x4C2C089: calloc (vg_replace_malloc.c:762)
==63582==    by 0x767F7FE: ??? (in /usr/lib64/libodbcinst.so.2.0.0)
==63582==    by 0x767FB5A: SQLGetPrivateProfileString (in /usr/lib64/libodbcinst.so.2.0.0)
==63582==    by 0x6FAECAA: getCommonDefaults (in /usr/lib64/psqlodbcw.so)
==63582==    by 0x6FB00C3: getDSNinfo (in /usr/lib64/psqlodbcw.so)
==63582==    by 0x6F7E8D7: PGAPI_Connect (in /usr/lib64/psqlodbcw.so)
==63582==    by 0x6FB1D97: SQLConnect (in /usr/lib64/psqlodbcw.so)
==63582==    by 0x4E46B3F: SQLConnect (in /usr/lib64/libodbc.so.2.0.0)
==63582==    by 0x406579: CppODBC::Connect(char const*, char const*, char const*) (cpp_odbc.cpp:100)
==63582==    by 0x408D0F: sqlexec(std::vector<std::string, std::allocator<std::string> >, std::vector<int, std::allocator<int> >) (main.cpp:202)
==63582==    by 0x40AAE6: std::_Function_handler<void (std::vector<std::string, std::allocator<std::string> >, std::vector<int, std::allocator<int> >), void (*)(std::vector<std::string, std::allocator<std::string> >, std::vector<int, std::allocator<int> >)>::_M_invoke(std::_Any_data const&, std::vector<std::string, std::allocator<std::string> >, std::vector<int, std::allocator<int> >) (functional:2071)
==63582==    by 0x40C9CE: operator() (functional:2471)
==63582==    by 0x40C9CE: thread_pool::worker() (thread_pool.cpp:127)
==63582== 
==63582== 72 bytes in 1 blocks are still reachable in loss record 609 of 677
==63582==    at 0x4C2C089: calloc (vg_replace_malloc.c:762)
==63582==    by 0x767F7FE: ??? (in /usr/lib64/libodbcinst.so.2.0.0)
==63582==    by 0x767FB5A: SQLGetPrivateProfileString (in /usr/lib64/libodbcinst.so.2.0.0)
==63582==    by 0x6FAF4C1: getCommonDefaults (in /usr/lib64/psqlodbcw.so)
==63582==    by 0x6FB00C3: getDSNinfo (in /usr/lib64/psqlodbcw.so)
==63582==    by 0x6F7E8D7: PGAPI_Connect (in /usr/lib64/psqlodbcw.so)
==63582==    by 0x6FB1D97: SQLConnect (in /usr/lib64/psqlodbcw.so)
==63582==    by 0x4E46B3F: SQLConnect (in /usr/lib64/libodbc.so.2.0.0)
==63582==    by 0x406579: CppODBC::Connect(char const*, char const*, char const*) (cpp_odbc.cpp:100)
==63582==    by 0x408D0F: sqlexec(std::vector<std::string, std::allocator<std::string> >, std::vector<int, std::allocator<int> >) (main.cpp:202)
==63582==    by 0x40AAE6: std::_Function_handler<void (std::vector<std::string, std::allocator<std::string> >, std::vector<int, std::allocator<int> >), void (*)(std::vector<std::string, std::allocator<std::string> >, std::vector<int, std::allocator<int> >)>::_M_invoke(std::_Any_data const&, std::vector<std::string, std::allocator<std::string> >, std::vector<int, std::allocator<int> >) (functional:2071)
==63582==    by 0x40C9CE: operator() (functional:2471)
==63582==    by 0x40C9CE: thread_pool::worker() (thread_pool.cpp:127)
==63582== 
==63582== 72 bytes in 1 blocks are still reachable in loss record 610 of 677
==63582==    at 0x4C2C089: calloc (vg_replace_malloc.c:762)
==63582==    by 0x767F7FE: ??? (in /usr/lib64/libodbcinst.so.2.0.0)
==63582==    by 0x767FB5A: SQLGetPrivateProfileString (in /usr/lib64/libodbcinst.so.2.0.0)
==63582==    by 0x6FAED29: getCommonDefaults (in /usr/lib64/psqlodbcw.so)
==63582==    by 0x6FB00C3: getDSNinfo (in /usr/lib64/psqlodbcw.so)
==63582==    by 0x6F7E8D7: PGAPI_Connect (in /usr/lib64/psqlodbcw.so)
==63582==    by 0x6FB1D97: SQLConnect (in /usr/lib64/psqlodbcw.so)
==63582==    by 0x4E46B3F: SQLConnect (in /usr/lib64/libodbc.so.2.0.0)
==63582==    by 0x406579: CppODBC::Connect(char const*, char const*, char const*) (cpp_odbc.cpp:100)
==63582==    by 0x408D0F: sqlexec(std::vector<std::string, std::allocator<std::string> >, std::vector<int, std::allocator<int> >) (main.cpp:202)
==63582==    by 0x40AAE6: std::_Function_handler<void (std::vector<std::string, std::allocator<std::string> >, std::vector<int, std::allocator<int> >), void (*)(std::vector<std::string, std::allocator<std::string> >, std::vector<int, std::allocator<int> >)>::_M_invoke(std::_Any_data const&, std::vector<std::string, std::allocator<std::string> >, std::vector<int, std::allocator<int> >) (functional:2071)
==63582==    by 0x40C9CE: operator() (functional:2471)
==63582==    by 0x40C9CE: thread_pool::worker() (thread_pool.cpp:127)
==63582== 
==63582== 72 bytes in 1 blocks are still reachable in loss record 611 of 677
==63582==    at 0x4C2C089: calloc (vg_replace_malloc.c:762)
==63582==    by 0x767F7FE: ??? (in /usr/lib64/libodbcinst.so.2.0.0)
==63582==    by 0x767FB5A: SQLGetPrivateProfileString (in /usr/lib64/libodbcinst.so.2.0.0)
==63582==    by 0x6FAF539: getCommonDefaults (in /usr/lib64/psqlodbcw.so)
==63582==    by 0x6FB00C3: getDSNinfo (in /usr/lib64/psqlodbcw.so)
==63582==    by 0x6F7E8D7: PGAPI_Connect (in /usr/lib64/psqlodbcw.so)
==63582==    by 0x6FB1D97: SQLConnect (in /usr/lib64/psqlodbcw.so)
==63582==    by 0x4E46B3F: SQLConnect (in /usr/lib64/libodbc.so.2.0.0)
==63582==    by 0x406579: CppODBC::Connect(char const*, char const*, char const*) (cpp_odbc.cpp:100)
==63582==    by 0x408D0F: sqlexec(std::vector<std::string, std::allocator<std::string> >, std::vector<int, std::allocator<int> >) (main.cpp:202)
==63582==    by 0x40AAE6: std::_Function_handler<void (std::vector<std::string, std::allocator<std::string> >, std::vector<int, std::allocator<int> >), void (*)(std::vector<std::string, std::allocator<std::string> >, std::vector<int, std::allocator<int> >)>::_M_invoke(std::_Any_data const&, std::vector<std::string, std::allocator<std::string> >, std::vector<int, std::allocator<int> >) (functional:2071)
==63582==    by 0x40C9CE: operator() (functional:2471)
==63582==    by 0x40C9CE: thread_pool::worker() (thread_pool.cpp:127)
==63582== 
==63582== 72 bytes in 1 blocks are still reachable in loss record 612 of 677
==63582==    at 0x4C2C089: calloc (vg_replace_malloc.c:762)
==63582==    by 0x767F7FE: ??? (in /usr/lib64/libodbcinst.so.2.0.0)
==63582==    by 0x767FB5A: SQLGetPrivateProfileString (in /usr/lib64/libodbcinst.so.2.0.0)
==63582==    by 0x6FAEDA1: getCommonDefaults (in /usr/lib64/psqlodbcw.so)
==63582==    by 0x6FB00C3: getDSNinfo (in /usr/lib64/psqlodbcw.so)
==63582==    by 0x6F7E8D7: PGAPI_Connect (in /usr/lib64/psqlodbcw.so)
==63582==    by 0x6FB1D97: SQLConnect (in /usr/lib64/psqlodbcw.so)
==63582==    by 0x4E46B3F: SQLConnect (in /usr/lib64/libodbc.so.2.0.0)
==63582==    by 0x406579: CppODBC::Connect(char const*, char const*, char const*) (cpp_odbc.cpp:100)
==63582==    by 0x408D0F: sqlexec(std::vector<std::string, std::allocator<std::string> >, std::vector<int, std::allocator<int> >) (main.cpp:202)
==63582==    by 0x40AAE6: std::_Function_handler<void (std::vector<std::string, std::allocator<std::string> >, std::vector<int, std::allocator<int> >), void (*)(std::vector<std::string, std::allocator<std::string> >, std::vector<int, std::allocator<int> >)>::_M_invoke(std::_Any_data const&, std::vector<std::string, std::allocator<std::string> >, std::vector<int, std::allocator<int> >) (functional:2071)
==63582==    by 0x40C9CE: operator() (functional:2471)
==63582==    by 0x40C9CE: thread_pool::worker() (thread_pool.cpp:127)
==63582== 
==63582== 72 bytes in 1 blocks are still reachable in loss record 613 of 677
==63582==    at 0x4C2C089: calloc (vg_replace_malloc.c:762)
==63582==    by 0x767F7FE: ??? (in /usr/lib64/libodbcinst.so.2.0.0)
==63582==    by 0x767FB5A: SQLGetPrivateProfileString (in /usr/lib64/libodbcinst.so.2.0.0)
==63582==    by 0x6FAF5B1: getCommonDefaults (in /usr/lib64/psqlodbcw.so)
==63582==    by 0x6FB00C3: getDSNinfo (in /usr/lib64/psqlodbcw.so)
==63582==    by 0x6F7E8D7: PGAPI_Connect (in /usr/lib64/psqlodbcw.so)
==63582==    by 0x6FB1D97: SQLConnect (in /usr/lib64/psqlodbcw.so)
==63582==    by 0x4E46B3F: SQLConnect (in /usr/lib64/libodbc.so.2.0.0)
==63582==    by 0x406579: CppODBC::Connect(char const*, char const*, char const*) (cpp_odbc.cpp:100)
==63582==    by 0x408D0F: sqlexec(std::vector<std::string, std::allocator<std::string> >, std::vector<int, std::allocator<int> >) (main.cpp:202)
==63582==    by 0x40AAE6: std::_Function_handler<void (std::vector<std::string, std::allocator<std::string> >, std::vector<int, std::allocator<int> >), void (*)(std::vector<std::string, std::allocator<std::string> >, std::vector<int, std::allocator<int> >)>::_M_invoke(std::_Any_data const&, std::vector<std::string, std::allocator<std::string> >, std::vector<int, std::allocator<int> >) (functional:2071)
==63582==    by 0x40C9CE: operator() (functional:2471)
==63582==    by 0x40C9CE: thread_pool::worker() (thread_pool.cpp:127)
==63582== 
==63582== 72 bytes in 1 blocks are still reachable in loss record 614 of 677
==63582==    at 0x4C2C089: calloc (vg_replace_malloc.c:762)
==63582==    by 0x767F7FE: ??? (in /usr/lib64/libodbcinst.so.2.0.0)
==63582==    by 0x767FB5A: SQLGetPrivateProfileString (in /usr/lib64/libodbcinst.so.2.0.0)
==63582==    by 0x6FAEE19: getCommonDefaults (in /usr/lib64/psqlodbcw.so)
==63582==    by 0x6FB00C3: getDSNinfo (in /usr/lib64/psqlodbcw.so)
==63582==    by 0x6F7E8D7: PGAPI_Connect (in /usr/lib64/psqlodbcw.so)
==63582==    by 0x6FB1D97: SQLConnect (in /usr/lib64/psqlodbcw.so)
==63582==    by 0x4E46B3F: SQLConnect (in /usr/lib64/libodbc.so.2.0.0)
==63582==    by 0x406579: CppODBC::Connect(char const*, char const*, char const*) (cpp_odbc.cpp:100)
==63582==    by 0x408D0F: sqlexec(std::vector<std::string, std::allocator<std::string> >, std::vector<int, std::allocator<int> >) (main.cpp:202)
==63582==    by 0x40AAE6: std::_Function_handler<void (std::vector<std::string, std::allocator<std::string> >, std::vector<int, std::allocator<int> >), void (*)(std::vector<std::string, std::allocator<std::string> >, std::vector<int, std::allocator<int> >)>::_M_invoke(std::_Any_data const&, std::vector<std::string, std::allocator<std::string> >, std::vector<int, std::allocator<int> >) (functional:2071)
==63582==    by 0x40C9CE: operator() (functional:2471)
==63582==    by 0x40C9CE: thread_pool::worker() (thread_pool.cpp:127)
==63582== 
==63582== 72 bytes in 1 blocks are still reachable in loss record 615 of 677
==63582==    at 0x4C2C089: calloc (vg_replace_malloc.c:762)
==63582==    by 0x767F7FE: ??? (in /usr/lib64/libodbcinst.so.2.0.0)
==63582==    by 0x767FB5A: SQLGetPrivateProfileString (in /usr/lib64/libodbcinst.so.2.0.0)
==63582==    by 0x6FAF629: getCommonDefaults (in /usr/lib64/psqlodbcw.so)
==63582==    by 0x6FB00C3: getDSNinfo (in /usr/lib64/psqlodbcw.so)
==63582==    by 0x6F7E8D7: PGAPI_Connect (in /usr/lib64/psqlodbcw.so)
==63582==    by 0x6FB1D97: SQLConnect (in /usr/lib64/psqlodbcw.so)
==63582==    by 0x4E46B3F: SQLConnect (in /usr/lib64/libodbc.so.2.0.0)
==63582==    by 0x406579: CppODBC::Connect(char const*, char const*, char const*) (cpp_odbc.cpp:100)
==63582==    by 0x408D0F: sqlexec(std::vector<std::string, std::allocator<std::string> >, std::vector<int, std::allocator<int> >) (main.cpp:202)
==63582==    by 0x40AAE6: std::_Function_handler<void (std::vector<std::string, std::allocator<std::string> >, std::vector<int, std::allocator<int> >), void (*)(std::vector<std::string, std::allocator<std::string> >, std::vector<int, std::allocator<int> >)>::_M_invoke(std::_Any_data const&, std::vector<std::string, std::allocator<std::string> >, std::vector<int, std::allocator<int> >) (functional:2071)
==63582==    by 0x40C9CE: operator() (functional:2471)
==63582==    by 0x40C9CE: thread_pool::worker() (thread_pool.cpp:127)
==63582== 
==63582== 72 bytes in 1 blocks are still reachable in loss record 616 of 677
==63582==    at 0x4C2C089: calloc (vg_replace_malloc.c:762)
==63582==    by 0x767F7FE: ??? (in /usr/lib64/libodbcinst.so.2.0.0)
==63582==    by 0x767FB5A: SQLGetPrivateProfileString (in /usr/lib64/libodbcinst.so.2.0.0)
==63582==    by 0x6FAEE91: getCommonDefaults (in /usr/lib64/psqlodbcw.so)
==63582==    by 0x6FB00C3: getDSNinfo (in /usr/lib64/psqlodbcw.so)
==63582==    by 0x6F7E8D7: PGAPI_Connect (in /usr/lib64/psqlodbcw.so)
==63582==    by 0x6FB1D97: SQLConnect (in /usr/lib64/psqlodbcw.so)
==63582==    by 0x4E46B3F: SQLConnect (in /usr/lib64/libodbc.so.2.0.0)
==63582==    by 0x406579: CppODBC::Connect(char const*, char const*, char const*) (cpp_odbc.cpp:100)
==63582==    by 0x408D0F: sqlexec(std::vector<std::string, std::allocator<std::string> >, std::vector<int, std::allocator<int> >) (main.cpp:202)
==63582==    by 0x40AAE6: std::_Function_handler<void (std::vector<std::string, std::allocator<std::string> >, std::vector<int, std::allocator<int> >), void (*)(std::vector<std::string, std::allocator<std::string> >, std::vector<int, std::allocator<int> >)>::_M_invoke(std::_Any_data const&, std::vector<std::string, std::allocator<std::string> >, std::vector<int, std::allocator<int> >) (functional:2071)
==63582==    by 0x40C9CE: operator() (functional:2471)
==63582==    by 0x40C9CE: thread_pool::worker() (thread_pool.cpp:127)
==63582== 
==63582== 72 bytes in 1 blocks are still reachable in loss record 617 of 677
==63582==    at 0x4C2C089: calloc (vg_replace_malloc.c:762)
==63582==    by 0x767F7FE: ??? (in /usr/lib64/libodbcinst.so.2.0.0)
==63582==    by 0x767FB5A: SQLGetPrivateProfileString (in /usr/lib64/libodbcinst.so.2.0.0)
==63582==    by 0x6FAF6A1: getCommonDefaults (in /usr/lib64/psqlodbcw.so)
==63582==    by 0x6FB00C3: getDSNinfo (in /usr/lib64/psqlodbcw.so)
==63582==    by 0x6F7E8D7: PGAPI_Connect (in /usr/lib64/psqlodbcw.so)
==63582==    by 0x6FB1D97: SQLConnect (in /usr/lib64/psqlodbcw.so)
==63582==    by 0x4E46B3F: SQLConnect (in /usr/lib64/libodbc.so.2.0.0)
==63582==    by 0x406579: CppODBC::Connect(char const*, char const*, char const*) (cpp_odbc.cpp:100)
==63582==    by 0x408D0F: sqlexec(std::vector<std::string, std::allocator<std::string> >, std::vector<int, std::allocator<int> >) (main.cpp:202)
==63582==    by 0x40AAE6: std::_Function_handler<void (std::vector<std::string, std::allocator<std::string> >, std::vector<int, std::allocator<int> >), void (*)(std::vector<std::string, std::allocator<std::string> >, std::vector<int, std::allocator<int> >)>::_M_invoke(std::_Any_data const&, std::vector<std::string, std::allocator<std::string> >, std::vector<int, std::allocator<int> >) (functional:2071)
==63582==    by 0x40C9CE: operator() (functional:2471)
==63582==    by 0x40C9CE: thread_pool::worker() (thread_pool.cpp:127)
==63582== 
==63582== 72 bytes in 1 blocks are still reachable in loss record 618 of 677
==63582==    at 0x4C2C089: calloc (vg_replace_malloc.c:762)
==63582==    by 0x767F7FE: ??? (in /usr/lib64/libodbcinst.so.2.0.0)
==63582==    by 0x767FB5A: SQLGetPrivateProfileString (in /usr/lib64/libodbcinst.so.2.0.0)
==63582==    by 0x6FAEF09: getCommonDefaults (in /usr/lib64/psqlodbcw.so)
==63582==    by 0x6FB00C3: getDSNinfo (in /usr/lib64/psqlodbcw.so)
==63582==    by 0x6F7E8D7: PGAPI_Connect (in /usr/lib64/psqlodbcw.so)
==63582==    by 0x6FB1D97: SQLConnect (in /usr/lib64/psqlodbcw.so)
==63582==    by 0x4E46B3F: SQLConnect (in /usr/lib64/libodbc.so.2.0.0)
==63582==    by 0x406579: CppODBC::Connect(char const*, char const*, char const*) (cpp_odbc.cpp:100)
==63582==    by 0x408D0F: sqlexec(std::vector<std::string, std::allocator<std::string> >, std::vector<int, std::allocator<int> >) (main.cpp:202)
==63582==    by 0x40AAE6: std::_Function_handler<void (std::vector<std::string, std::allocator<std::string> >, std::vector<int, std::allocator<int> >), void (*)(std::vector<std::string, std::allocator<std::string> >, std::vector<int, std::allocator<int> >)>::_M_invoke(std::_Any_data const&, std::vector<std::string, std::allocator<std::string> >, std::vector<int, std::allocator<int> >) (functional:2071)
==63582==    by 0x40C9CE: operator() (functional:2471)
==63582==    by 0x40C9CE: thread_pool::worker() (thread_pool.cpp:127)
==63582== 
==63582== 72 bytes in 1 blocks are still reachable in loss record 619 of 677
==63582==    at 0x4C2C089: calloc (vg_replace_malloc.c:762)
==63582==    by 0x767F7FE: ??? (in /usr/lib64/libodbcinst.so.2.0.0)
==63582==    by 0x767FB5A: SQLGetPrivateProfileString (in /usr/lib64/libodbcinst.so.2.0.0)
==63582==    by 0x6FAF719: getCommonDefaults (in /usr/lib64/psqlodbcw.so)
==63582==    by 0x6FB00C3: getDSNinfo (in /usr/lib64/psqlodbcw.so)
==63582==    by 0x6F7E8D7: PGAPI_Connect (in /usr/lib64/psqlodbcw.so)
==63582==    by 0x6FB1D97: SQLConnect (in /usr/lib64/psqlodbcw.so)
==63582==    by 0x4E46B3F: SQLConnect (in /usr/lib64/libodbc.so.2.0.0)
==63582==    by 0x406579: CppODBC::Connect(char const*, char const*, char const*) (cpp_odbc.cpp:100)
==63582==    by 0x408D0F: sqlexec(std::vector<std::string, std::allocator<std::string> >, std::vector<int, std::allocator<int> >) (main.cpp:202)
==63582==    by 0x40AAE6: std::_Function_handler<void (std::vector<std::string, std::allocator<std::string> >, std::vector<int, std::allocator<int> >), void (*)(std::vector<std::string, std::allocator<std::string> >, std::vector<int, std::allocator<int> >)>::_M_invoke(std::_Any_data const&, std::vector<std::string, std::allocator<std::string> >, std::vector<int, std::allocator<int> >) (functional:2071)
==63582==    by 0x40C9CE: operator() (functional:2471)
==63582==    by 0x40C9CE: thread_pool::worker() (thread_pool.cpp:127)
==63582== 
==63582== 72 bytes in 1 blocks are still reachable in loss record 620 of 677
==63582==    at 0x4C2C089: calloc (vg_replace_malloc.c:762)
==63582==    by 0x767F7FE: ??? (in /usr/lib64/libodbcinst.so.2.0.0)
==63582==    by 0x767FB5A: SQLGetPrivateProfileString (in /usr/lib64/libodbcinst.so.2.0.0)
==63582==    by 0x6FAF37A: getCommonDefaults (in /usr/lib64/psqlodbcw.so)
==63582==    by 0x6FB00C3: getDSNinfo (in /usr/lib64/psqlodbcw.so)
==63582==    by 0x6F7E8D7: PGAPI_Connect (in /usr/lib64/psqlodbcw.so)
==63582==    by 0x6FB1D97: SQLConnect (in /usr/lib64/psqlodbcw.so)
==63582==    by 0x4E46B3F: SQLConnect (in /usr/lib64/libodbc.so.2.0.0)
==63582==    by 0x406579: CppODBC::Connect(char const*, char const*, char const*) (cpp_odbc.cpp:100)
==63582==    by 0x408D0F: sqlexec(std::vector<std::string, std::allocator<std::string> >, std::vector<int, std::allocator<int> >) (main.cpp:202)
==63582==    by 0x40AAE6: std::_Function_handler<void (std::vector<std::string, std::allocator<std::string> >, std::vector<int, std::allocator<int> >), void (*)(std::vector<std::string, std::allocator<std::string> >, std::vector<int, std::allocator<int> >)>::_M_invoke(std::_Any_data const&, std::vector<std::string, std::allocator<std::string> >, std::vector<int, std::allocator<int> >) (functional:2071)
==63582==    by 0x40C9CE: operator() (functional:2471)
==63582==    by 0x40C9CE: thread_pool::worker() (thread_pool.cpp:127)
==63582== 
==63582== 74 bytes in 2 blocks are still reachable in loss record 621 of 677
==63582==    at 0x4C2A593: operator new(unsigned long) (vg_replace_malloc.c:344)
==63582==    by 0x5803CD8: std::string::_Rep::_S_create(unsigned long, unsigned long, std::allocator<char> const&) (in /usr/lib64/libstdc++.so.6.0.19)
==63582==    by 0x58048EA: std::string::_Rep::_M_clone(std::allocator<char> const&, unsigned long) (in /usr/lib64/libstdc++.so.6.0.19)
==63582==    by 0x5804993: std::string::reserve(unsigned long) (in /usr/lib64/libstdc++.so.6.0.19)
==63582==    by 0x5804BFE: std::string::append(char const*, unsigned long) (in /usr/lib64/libstdc++.so.6.0.19)
==63582==    by 0x50B8716: YAML::ScanScalar(YAML::Stream&, YAML::ScanScalarParams&) (in /usr/lib64/libyaml-cpp.so.0.5.1)
==63582==    by 0x50F56D4: YAML::Scanner::ScanPlainScalar() (in /usr/lib64/libyaml-cpp.so.0.5.1)
==63582==    by 0x50E488B: YAML::Scanner::ScanNextToken() (in /usr/lib64/libyaml-cpp.so.0.5.1)
==63582==    by 0x50E4CA4: YAML::Scanner::EnsureTokensInQueue() (in /usr/lib64/libyaml-cpp.so.0.5.1)
==63582==    by 0x50E4E18: YAML::Scanner::empty() (in /usr/lib64/libyaml-cpp.so.0.5.1)
==63582==    by 0x50BFC59: YAML::SingleDocParser::HandleNode(YAML::EventHandler&) (in /usr/lib64/libyaml-cpp.so.0.5.1)
==63582==    by 0x50C34D8: YAML::SingleDocParser::HandleBlockMap(YAML::EventHandler&) (in /usr/lib64/libyaml-cpp.so.0.5.1)
==63582== 
==63582== 88 bytes in 1 blocks are still reachable in loss record 622 of 677
==63582==    at 0x4C2A593: operator new(unsigned long) (vg_replace_malloc.c:344)
==63582==    by 0x406C44: allocate (new_allocator.h:104)
==63582==    by 0x406C44: std::_Hashtable<std::string, std::pair<std::string const, int>, std::allocator<std::pair<std::string const, int> >, std::__detail::_Select1st, std::equal_to<std::string>, std::hash<std::string>, std::__detail::_Mod_range_hashing, std::__detail::_Default_ranged_hash, std::__detail::_Prime_rehash_policy, std::__detail::_Hashtable_traits<true, false, true> >::_M_allocate_buckets(unsigned long) [clone .isra.207] (hashtable.h:779)
==63582==    by 0x405866: _Hashtable (hashtable.h:831)
==63582==    by 0x405866: _Hashtable (hashtable.h:397)
==63582==    by 0x405866: unordered_map (unordered_map.h:142)
==63582==    by 0x405866: __static_initialization_and_destruction_0 (main.cpp:33)
==63582==    by 0x405866: _GLOBAL__sub_I_resLog (main.cpp:351)
==63582==    by 0x411BDC: __libc_csu_init (in /home/oushu/CloudTest/main)
==63582==    by 0x5F884E4: (below main) (in /usr/lib64/libc-2.17.so)
==63582== 
==63582== 88 bytes in 1 blocks are still reachable in loss record 623 of 677
==63582==    at 0x4C29F73: malloc (vg_replace_malloc.c:309)
==63582==    by 0x633684B: lt__zalloc (in /usr/local/oushu/oushudb-5.0.0.0/lib/libltdl.so.7.3.1)
==63582==    by 0x6337A61: try_dlopen (in /usr/local/oushu/oushudb-5.0.0.0/lib/libltdl.so.7.3.1)
==63582==    by 0x6337354: lt_dlopen (in /usr/local/oushu/oushudb-5.0.0.0/lib/libltdl.so.7.3.1)
==63582==    by 0x63366A6: lt_dlpreload_open (in /usr/local/oushu/oushudb-5.0.0.0/lib/libltdl.so.7.3.1)
==63582==    by 0x4E43BB0: ??? (in /usr/lib64/libodbc.so.2.0.0)
==63582==    by 0x4E46AF6: SQLConnect (in /usr/lib64/libodbc.so.2.0.0)
==63582==    by 0x406579: CppODBC::Connect(char const*, char const*, char const*) (cpp_odbc.cpp:100)
==63582==    by 0x4059D2: main (main.cpp:308)
==63582== 
==63582== 88 bytes in 1 blocks are still reachable in loss record 624 of 677
==63582==    at 0x4C29F73: malloc (vg_replace_malloc.c:309)
==63582==    by 0x633684B: lt__zalloc (in /usr/local/oushu/oushudb-5.0.0.0/lib/libltdl.so.7.3.1)
==63582==    by 0x6337888: try_dlopen (in /usr/local/oushu/oushudb-5.0.0.0/lib/libltdl.so.7.3.1)
==63582==    by 0x6337354: lt_dlopen (in /usr/local/oushu/oushudb-5.0.0.0/lib/libltdl.so.7.3.1)
==63582==    by 0x4E4353F: ??? (in /usr/lib64/libodbc.so.2.0.0)
==63582==    by 0x4E43BE4: ??? (in /usr/lib64/libodbc.so.2.0.0)
==63582==    by 0x4E46AF6: SQLConnect (in /usr/lib64/libodbc.so.2.0.0)
==63582==    by 0x406579: CppODBC::Connect(char const*, char const*, char const*) (cpp_odbc.cpp:100)
==63582==    by 0x4059D2: main (main.cpp:308)
==63582== 
==63582== 89 bytes in 2 blocks are still reachable in loss record 625 of 677
==63582==    at 0x4C2A593: operator new(unsigned long) (vg_replace_malloc.c:344)
==63582==    by 0x5803CD8: std::string::_Rep::_S_create(unsigned long, unsigned long, std::allocator<char> const&) (in /usr/lib64/libstdc++.so.6.0.19)
==63582==    by 0x5805560: char* std::string::_S_construct<char const*>(char const*, char const*, std::allocator<char> const&, std::forward_iterator_tag) (in /usr/lib64/libstdc++.so.6.0.19)
==63582==    by 0x5805997: std::basic_string<char, std::char_traits<char>, std::allocator<char> >::basic_string(char const*, std::allocator<char> const&) (in /usr/lib64/libstdc++.so.6.0.19)
==63582==    by 0x407F0C: readConfig(Data&, std::vector<std::vector<std::string, std::allocator<std::string> >, std::allocator<std::vector<std::string, std::allocator<std::string> > > >&, std::vector<std::vector<int, std::allocator<int> >, std::allocator<std::vector<int, std::allocator<int> > > >&) (main.cpp:114)
==63582==    by 0x405AB8: main (main.cpp:316)
==63582== 
==63582== 96 bytes in 1 blocks are still reachable in loss record 626 of 677
==63582==    at 0x4C2A593: operator new(unsigned long) (vg_replace_malloc.c:344)
==63582==    by 0x50EFE69: std::vector<YAML::RegEx, std::allocator<YAML::RegEx> >::_M_insert_aux(__gnu_cxx::__normal_iterator<YAML::RegEx*, std::vector<YAML::RegEx, std::allocator<YAML::RegEx> > >, YAML::RegEx const&) (in /usr/lib64/libyaml-cpp.so.0.5.1)
==63582==    by 0x50ED55E: YAML::operator+(YAML::RegEx const&, YAML::RegEx const&) (in /usr/lib64/libyaml-cpp.so.0.5.1)
==63582==    by 0x50E3BBE: YAML::Scanner::ScanNextToken() (in /usr/lib64/libyaml-cpp.so.0.5.1)
==63582==    by 0x50E4CA4: YAML::Scanner::EnsureTokensInQueue() (in /usr/lib64/libyaml-cpp.so.0.5.1)
==63582==    by 0x50E4E18: YAML::Scanner::empty() (in /usr/lib64/libyaml-cpp.so.0.5.1)
==63582==    by 0x50C649D: YAML::Parser::ParseDirectives() (in /usr/lib64/libyaml-cpp.so.0.5.1)
==63582==    by 0x50C64E8: YAML::Parser::HandleNextDocument(YAML::EventHandler&) (in /usr/lib64/libyaml-cpp.so.0.5.1)
==63582==    by 0x50D94D3: YAML::Load(std::istream&) (in /usr/lib64/libyaml-cpp.so.0.5.1)
==63582==    by 0x50D9F09: YAML::LoadFile(std::string const&) (in /usr/lib64/libyaml-cpp.so.0.5.1)
==63582==    by 0x4072D4: readConfig(Data&, std::vector<std::vector<std::string, std::allocator<std::string> >, std::allocator<std::vector<std::string, std::allocator<std::string> > > >&, std::vector<std::vector<int, std::allocator<int> >, std::allocator<std::vector<int, std::allocator<int> > > >&) (main.cpp:69)
==63582==    by 0x405AB8: main (main.cpp:316)
==63582== 
==63582== 96 bytes in 1 blocks are still reachable in loss record 627 of 677
==63582==    at 0x4C2A593: operator new(unsigned long) (vg_replace_malloc.c:344)
==63582==    by 0x50EFE69: std::vector<YAML::RegEx, std::allocator<YAML::RegEx> >::_M_insert_aux(__gnu_cxx::__normal_iterator<YAML::RegEx*, std::vector<YAML::RegEx, std::allocator<YAML::RegEx> > >, YAML::RegEx const&) (in /usr/lib64/libyaml-cpp.so.0.5.1)
==63582==    by 0x50ED55E: YAML::operator+(YAML::RegEx const&, YAML::RegEx const&) (in /usr/lib64/libyaml-cpp.so.0.5.1)
==63582==    by 0x50E46FE: YAML::Scanner::ScanNextToken() (in /usr/lib64/libyaml-cpp.so.0.5.1)
==63582==    by 0x50E4CA4: YAML::Scanner::EnsureTokensInQueue() (in /usr/lib64/libyaml-cpp.so.0.5.1)
==63582==    by 0x50E4E18: YAML::Scanner::empty() (in /usr/lib64/libyaml-cpp.so.0.5.1)
==63582==    by 0x50C649D: YAML::Parser::ParseDirectives() (in /usr/lib64/libyaml-cpp.so.0.5.1)
==63582==    by 0x50C64E8: YAML::Parser::HandleNextDocument(YAML::EventHandler&) (in /usr/lib64/libyaml-cpp.so.0.5.1)
==63582==    by 0x50D94D3: YAML::Load(std::istream&) (in /usr/lib64/libyaml-cpp.so.0.5.1)
==63582==    by 0x50D9F09: YAML::LoadFile(std::string const&) (in /usr/lib64/libyaml-cpp.so.0.5.1)
==63582==    by 0x4072D4: readConfig(Data&, std::vector<std::vector<std::string, std::allocator<std::string> >, std::allocator<std::vector<std::string, std::allocator<std::string> > > >&, std::vector<std::vector<int, std::allocator<int> >, std::allocator<std::vector<int, std::allocator<int> > > >&) (main.cpp:69)
==63582==    by 0x405AB8: main (main.cpp:316)
==63582== 
==63582== 120 bytes in 1 blocks are definitely lost in loss record 628 of 677
==63582==    at 0x4C29F73: malloc (vg_replace_malloc.c:309)
==63582==    by 0x5FF1010: __libc_alloc_buffer_allocate (in /usr/lib64/libc-2.17.so)
==63582==    by 0x60771DE: __resolv_conf_allocate (in /usr/lib64/libc-2.17.so)
==63582==    by 0x60751FC: __resolv_conf_load (in /usr/lib64/libc-2.17.so)
==63582==    by 0x6076A97: __resolv_conf_get_current (in /usr/lib64/libc-2.17.so)
==63582==    by 0x60754A1: __res_vinit (in /usr/lib64/libc-2.17.so)
==63582==    by 0x60765BA: maybe_init (in /usr/lib64/libc-2.17.so)
==63582==    by 0x607672D: __resolv_context_get (in /usr/lib64/libc-2.17.so)
==63582==    by 0x604C142: gaih_inet.constprop.8 (in /usr/lib64/libc-2.17.so)
==63582==    by 0x604D703: getaddrinfo (in /usr/lib64/libc-2.17.so)
==63582==    by 0x6FA01E8: SOCK_connect_to (in /usr/lib64/psqlodbcw.so)
==63582==    by 0x6F7CF61: ??? (in /usr/lib64/psqlodbcw.so)
==63582== 
==63582== 128 bytes in 1 blocks are still reachable in loss record 629 of 677
==63582==    at 0x4C29F73: malloc (vg_replace_malloc.c:309)
==63582==    by 0x5F88F33: __gconv_open (in /usr/lib64/libc-2.17.so)
==63582==    by 0x5F88A87: iconv_open (in /usr/lib64/libc-2.17.so)
==63582==    by 0x4E7C5B1: ??? (in /usr/lib64/libodbc.so.2.0.0)
==63582==    by 0x4E43BA3: ??? (in /usr/lib64/libodbc.so.2.0.0)
==63582==    by 0x4E46AF6: SQLConnect (in /usr/lib64/libodbc.so.2.0.0)
==63582==    by 0x406579: CppODBC::Connect(char const*, char const*, char const*) (cpp_odbc.cpp:100)
==63582==    by 0x4059D2: main (main.cpp:308)
==63582== 
==63582== 128 bytes in 1 blocks are still reachable in loss record 630 of 677
==63582==    at 0x4C29F73: malloc (vg_replace_malloc.c:309)
==63582==    by 0x5F88F33: __gconv_open (in /usr/lib64/libc-2.17.so)
==63582==    by 0x5F88A87: iconv_open (in /usr/lib64/libc-2.17.so)
==63582==    by 0x4E7C5C8: ??? (in /usr/lib64/libodbc.so.2.0.0)
==63582==    by 0x4E43BA3: ??? (in /usr/lib64/libodbc.so.2.0.0)
==63582==    by 0x4E46AF6: SQLConnect (in /usr/lib64/libodbc.so.2.0.0)
==63582==    by 0x406579: CppODBC::Connect(char const*, char const*, char const*) (cpp_odbc.cpp:100)
==63582==    by 0x4059D2: main (main.cpp:308)
==63582== 
==63582== 128 bytes in 1 blocks are still reachable in loss record 631 of 677
==63582==    at 0x4C29F73: malloc (vg_replace_malloc.c:309)
==63582==    by 0x6F7C761: CC_Constructor (in /usr/lib64/psqlodbcw.so)
==63582==    by 0x6F7C8A3: PGAPI_AllocConnect (in /usr/lib64/psqlodbcw.so)
==63582==    by 0x6FB5F1E: SQLAllocHandle (in /usr/lib64/psqlodbcw.so)
==63582==    by 0x4E448DB: ??? (in /usr/lib64/libodbc.so.2.0.0)
==63582==    by 0x4E46AF6: SQLConnect (in /usr/lib64/libodbc.so.2.0.0)
==63582==    by 0x406579: CppODBC::Connect(char const*, char const*, char const*) (cpp_odbc.cpp:100)
==63582==    by 0x4059D2: main (main.cpp:308)
==63582== 
==63582== 128 bytes in 1 blocks are still reachable in loss record 632 of 677
==63582==    at 0x4C29F73: malloc (vg_replace_malloc.c:309)
==63582==    by 0x6F7C795: CC_Constructor (in /usr/lib64/psqlodbcw.so)
==63582==    by 0x6F7C8A3: PGAPI_AllocConnect (in /usr/lib64/psqlodbcw.so)
==63582==    by 0x6FB5F1E: SQLAllocHandle (in /usr/lib64/psqlodbcw.so)
==63582==    by 0x4E448DB: ??? (in /usr/lib64/libodbc.so.2.0.0)
==63582==    by 0x4E46AF6: SQLConnect (in /usr/lib64/libodbc.so.2.0.0)
==63582==    by 0x406579: CppODBC::Connect(char const*, char const*, char const*) (cpp_odbc.cpp:100)
==63582==    by 0x4059D2: main (main.cpp:308)
==63582== 
==63582== 128 bytes in 2 blocks are still reachable in loss record 633 of 677
==63582==    at 0x4C2A593: operator new(unsigned long) (vg_replace_malloc.c:344)
==63582==    by 0x50EFDDE: std::vector<YAML::RegEx, std::allocator<YAML::RegEx> >::_M_insert_aux(__gnu_cxx::__normal_iterator<YAML::RegEx*, std::vector<YAML::RegEx, std::allocator<YAML::RegEx> > >, YAML::RegEx const&) (in /usr/lib64/libyaml-cpp.so.0.5.1)
==63582==    by 0x50ED55E: YAML::operator+(YAML::RegEx const&, YAML::RegEx const&) (in /usr/lib64/libyaml-cpp.so.0.5.1)
==63582==    by 0x50E3BBE: YAML::Scanner::ScanNextToken() (in /usr/lib64/libyaml-cpp.so.0.5.1)
==63582==    by 0x50E4CA4: YAML::Scanner::EnsureTokensInQueue() (in /usr/lib64/libyaml-cpp.so.0.5.1)
==63582==    by 0x50E4E18: YAML::Scanner::empty() (in /usr/lib64/libyaml-cpp.so.0.5.1)
==63582==    by 0x50C649D: YAML::Parser::ParseDirectives() (in /usr/lib64/libyaml-cpp.so.0.5.1)
==63582==    by 0x50C64E8: YAML::Parser::HandleNextDocument(YAML::EventHandler&) (in /usr/lib64/libyaml-cpp.so.0.5.1)
==63582==    by 0x50D94D3: YAML::Load(std::istream&) (in /usr/lib64/libyaml-cpp.so.0.5.1)
==63582==    by 0x50D9F09: YAML::LoadFile(std::string const&) (in /usr/lib64/libyaml-cpp.so.0.5.1)
==63582==    by 0x4072D4: readConfig(Data&, std::vector<std::vector<std::string, std::allocator<std::string> >, std::allocator<std::vector<std::string, std::allocator<std::string> > > >&, std::vector<std::vector<int, std::allocator<int> >, std::allocator<std::vector<int, std::allocator<int> > > >&) (main.cpp:69)
==63582==    by 0x405AB8: main (main.cpp:316)
==63582== 
==63582== 128 bytes in 2 blocks are still reachable in loss record 634 of 677
==63582==    at 0x4C2A593: operator new(unsigned long) (vg_replace_malloc.c:344)
==63582==    by 0x50EFDDE: std::vector<YAML::RegEx, std::allocator<YAML::RegEx> >::_M_insert_aux(__gnu_cxx::__normal_iterator<YAML::RegEx*, std::vector<YAML::RegEx, std::allocator<YAML::RegEx> > >, YAML::RegEx const&) (in /usr/lib64/libyaml-cpp.so.0.5.1)
==63582==    by 0x50ED55E: YAML::operator+(YAML::RegEx const&, YAML::RegEx const&) (in /usr/lib64/libyaml-cpp.so.0.5.1)
==63582==    by 0x50E46FE: YAML::Scanner::ScanNextToken() (in /usr/lib64/libyaml-cpp.so.0.5.1)
==63582==    by 0x50E4CA4: YAML::Scanner::EnsureTokensInQueue() (in /usr/lib64/libyaml-cpp.so.0.5.1)
==63582==    by 0x50E4E18: YAML::Scanner::empty() (in /usr/lib64/libyaml-cpp.so.0.5.1)
==63582==    by 0x50C649D: YAML::Parser::ParseDirectives() (in /usr/lib64/libyaml-cpp.so.0.5.1)
==63582==    by 0x50C64E8: YAML::Parser::HandleNextDocument(YAML::EventHandler&) (in /usr/lib64/libyaml-cpp.so.0.5.1)
==63582==    by 0x50D94D3: YAML::Load(std::istream&) (in /usr/lib64/libyaml-cpp.so.0.5.1)
==63582==    by 0x50D9F09: YAML::LoadFile(std::string const&) (in /usr/lib64/libyaml-cpp.so.0.5.1)
==63582==    by 0x4072D4: readConfig(Data&, std::vector<std::vector<std::string, std::allocator<std::string> >, std::allocator<std::vector<std::string, std::allocator<std::string> > > >&, std::vector<std::vector<int, std::allocator<int> >, std::allocator<std::vector<int, std::allocator<int> > > >&) (main.cpp:69)
==63582==    by 0x405AB8: main (main.cpp:316)
==63582== 
==63582== 128 bytes in 2 blocks are still reachable in loss record 635 of 677
==63582==    at 0x4C2A593: operator new(unsigned long) (vg_replace_malloc.c:344)
==63582==    by 0x50EFDDE: std::vector<YAML::RegEx, std::allocator<YAML::RegEx> >::_M_insert_aux(__gnu_cxx::__normal_iterator<YAML::RegEx*, std::vector<YAML::RegEx, std::allocator<YAML::RegEx> > >, YAML::RegEx const&) (in /usr/lib64/libyaml-cpp.so.0.5.1)
==63582==    by 0x50ED55E: YAML::operator+(YAML::RegEx const&, YAML::RegEx const&) (in /usr/lib64/libyaml-cpp.so.0.5.1)
==63582==    by 0x50E6933: YAML::Exp::BlockEntry() (in /usr/lib64/libyaml-cpp.so.0.5.1)
==63582==    by 0x50E3F4C: YAML::Scanner::ScanNextToken() (in /usr/lib64/libyaml-cpp.so.0.5.1)
==63582==    by 0x50E4CA4: YAML::Scanner::EnsureTokensInQueue() (in /usr/lib64/libyaml-cpp.so.0.5.1)
==63582==    by 0x50E4E18: YAML::Scanner::empty() (in /usr/lib64/libyaml-cpp.so.0.5.1)
==63582==    by 0x50C649D: YAML::Parser::ParseDirectives() (in /usr/lib64/libyaml-cpp.so.0.5.1)
==63582==    by 0x50C64E8: YAML::Parser::HandleNextDocument(YAML::EventHandler&) (in /usr/lib64/libyaml-cpp.so.0.5.1)
==63582==    by 0x50D94D3: YAML::Load(std::istream&) (in /usr/lib64/libyaml-cpp.so.0.5.1)
==63582==    by 0x50D9F09: YAML::LoadFile(std::string const&) (in /usr/lib64/libyaml-cpp.so.0.5.1)
==63582==    by 0x4072D4: readConfig(Data&, std::vector<std::vector<std::string, std::allocator<std::string> >, std::allocator<std::vector<std::string, std::allocator<std::string> > > >&, std::vector<std::vector<int, std::allocator<int> >, std::allocator<std::vector<int, std::allocator<int> > > >&) (main.cpp:69)
==63582== 
==63582== 128 bytes in 2 blocks are still reachable in loss record 636 of 677
==63582==    at 0x4C2A593: operator new(unsigned long) (vg_replace_malloc.c:344)
==63582==    by 0x50EFE3F: std::vector<YAML::RegEx, std::allocator<YAML::RegEx> >::_M_insert_aux(__gnu_cxx::__normal_iterator<YAML::RegEx*, std::vector<YAML::RegEx, std::allocator<YAML::RegEx> > >, YAML::RegEx const&) (in /usr/lib64/libyaml-cpp.so.0.5.1)
==63582==    by 0x50ED55E: YAML::operator+(YAML::RegEx const&, YAML::RegEx const&) (in /usr/lib64/libyaml-cpp.so.0.5.1)
==63582==    by 0x50E655B: YAML::Exp::Key() (in /usr/lib64/libyaml-cpp.so.0.5.1)
==63582==    by 0x50E47D8: YAML::Scanner::ScanNextToken() (in /usr/lib64/libyaml-cpp.so.0.5.1)
==63582==    by 0x50E4CA4: YAML::Scanner::EnsureTokensInQueue() (in /usr/lib64/libyaml-cpp.so.0.5.1)
==63582==    by 0x50E4E18: YAML::Scanner::empty() (in /usr/lib64/libyaml-cpp.so.0.5.1)
==63582==    by 0x50C649D: YAML::Parser::ParseDirectives() (in /usr/lib64/libyaml-cpp.so.0.5.1)
==63582==    by 0x50C64E8: YAML::Parser::HandleNextDocument(YAML::EventHandler&) (in /usr/lib64/libyaml-cpp.so.0.5.1)
==63582==    by 0x50D94D3: YAML::Load(std::istream&) (in /usr/lib64/libyaml-cpp.so.0.5.1)
==63582==    by 0x50D9F09: YAML::LoadFile(std::string const&) (in /usr/lib64/libyaml-cpp.so.0.5.1)
==63582==    by 0x4072D4: readConfig(Data&, std::vector<std::vector<std::string, std::allocator<std::string> >, std::allocator<std::vector<std::string, std::allocator<std::string> > > >&, std::vector<std::vector<int, std::allocator<int> >, std::allocator<std::vector<int, std::allocator<int> > > >&) (main.cpp:69)
==63582== 
==63582== 128 bytes in 2 blocks are still reachable in loss record 637 of 677
==63582==    at 0x4C2A593: operator new(unsigned long) (vg_replace_malloc.c:344)
==63582==    by 0x50EFDDE: std::vector<YAML::RegEx, std::allocator<YAML::RegEx> >::_M_insert_aux(__gnu_cxx::__normal_iterator<YAML::RegEx*, std::vector<YAML::RegEx, std::allocator<YAML::RegEx> > >, YAML::RegEx const&) (in /usr/lib64/libyaml-cpp.so.0.5.1)
==63582==    by 0x50ED55E: YAML::operator+(YAML::RegEx const&, YAML::RegEx const&) (in /usr/lib64/libyaml-cpp.so.0.5.1)
==63582==    by 0x50E6D83: YAML::Exp::Value() (in /usr/lib64/libyaml-cpp.so.0.5.1)
==63582==    by 0x50DF9C4: YAML::Scanner::GetValueRegex() const (in /usr/lib64/libyaml-cpp.so.0.5.1)
==63582==    by 0x50E44BF: YAML::Scanner::ScanNextToken() (in /usr/lib64/libyaml-cpp.so.0.5.1)
==63582==    by 0x50E4CA4: YAML::Scanner::EnsureTokensInQueue() (in /usr/lib64/libyaml-cpp.so.0.5.1)
==63582==    by 0x50E4E18: YAML::Scanner::empty() (in /usr/lib64/libyaml-cpp.so.0.5.1)
==63582==    by 0x50C649D: YAML::Parser::ParseDirectives() (in /usr/lib64/libyaml-cpp.so.0.5.1)
==63582==    by 0x50C64E8: YAML::Parser::HandleNextDocument(YAML::EventHandler&) (in /usr/lib64/libyaml-cpp.so.0.5.1)
==63582==    by 0x50D94D3: YAML::Load(std::istream&) (in /usr/lib64/libyaml-cpp.so.0.5.1)
==63582==    by 0x50D9F09: YAML::LoadFile(std::string const&) (in /usr/lib64/libyaml-cpp.so.0.5.1)
==63582== 
==63582== 128 bytes in 2 blocks are still reachable in loss record 638 of 677
==63582==    at 0x4C2A593: operator new(unsigned long) (vg_replace_malloc.c:344)
==63582==    by 0x50EFE3F: std::vector<YAML::RegEx, std::allocator<YAML::RegEx> >::_M_insert_aux(__gnu_cxx::__normal_iterator<YAML::RegEx*, std::vector<YAML::RegEx, std::allocator<YAML::RegEx> > >, YAML::RegEx const&) (in /usr/lib64/libyaml-cpp.so.0.5.1)
==63582==    by 0x50EA910: YAML::operator!(YAML::RegEx const&) (in /usr/lib64/libyaml-cpp.so.0.5.1)
==63582==    by 0x50E7281: YAML::Exp::PlainScalar() (in /usr/lib64/libyaml-cpp.so.0.5.1)
==63582==    by 0x50E4999: YAML::Scanner::ScanNextToken() (in /usr/lib64/libyaml-cpp.so.0.5.1)
==63582==    by 0x50E4CA4: YAML::Scanner::EnsureTokensInQueue() (in /usr/lib64/libyaml-cpp.so.0.5.1)
==63582==    by 0x50E4E18: YAML::Scanner::empty() (in /usr/lib64/libyaml-cpp.so.0.5.1)
==63582==    by 0x50C649D: YAML::Parser::ParseDirectives() (in /usr/lib64/libyaml-cpp.so.0.5.1)
==63582==    by 0x50C64E8: YAML::Parser::HandleNextDocument(YAML::EventHandler&) (in /usr/lib64/libyaml-cpp.so.0.5.1)
==63582==    by 0x50D94D3: YAML::Load(std::istream&) (in /usr/lib64/libyaml-cpp.so.0.5.1)
==63582==    by 0x50D9F09: YAML::LoadFile(std::string const&) (in /usr/lib64/libyaml-cpp.so.0.5.1)
==63582==    by 0x4072D4: readConfig(Data&, std::vector<std::vector<std::string, std::allocator<std::string> >, std::allocator<std::vector<std::string, std::allocator<std::string> > > >&, std::vector<std::vector<int, std::allocator<int> >, std::allocator<std::vector<int, std::allocator<int> > > >&) (main.cpp:69)
==63582== 
==63582== 128 bytes in 2 blocks are still reachable in loss record 639 of 677
==63582==    at 0x4C2A593: operator new(unsigned long) (vg_replace_malloc.c:344)
==63582==    by 0x50EFDDE: std::vector<YAML::RegEx, std::allocator<YAML::RegEx> >::_M_insert_aux(__gnu_cxx::__normal_iterator<YAML::RegEx*, std::vector<YAML::RegEx, std::allocator<YAML::RegEx> > >, YAML::RegEx const&) (in /usr/lib64/libyaml-cpp.so.0.5.1)
==63582==    by 0x50ED55E: YAML::operator+(YAML::RegEx const&, YAML::RegEx const&) (in /usr/lib64/libyaml-cpp.so.0.5.1)
==63582==    by 0x50F5D4C: YAML::Scanner::ScanPlainScalar() (in /usr/lib64/libyaml-cpp.so.0.5.1)
==63582==    by 0x50E488B: YAML::Scanner::ScanNextToken() (in /usr/lib64/libyaml-cpp.so.0.5.1)
==63582==    by 0x50E4CA4: YAML::Scanner::EnsureTokensInQueue() (in /usr/lib64/libyaml-cpp.so.0.5.1)
==63582==    by 0x50E4E18: YAML::Scanner::empty() (in /usr/lib64/libyaml-cpp.so.0.5.1)
==63582==    by 0x50C649D: YAML::Parser::ParseDirectives() (in /usr/lib64/libyaml-cpp.so.0.5.1)
==63582==    by 0x50C64E8: YAML::Parser::HandleNextDocument(YAML::EventHandler&) (in /usr/lib64/libyaml-cpp.so.0.5.1)
==63582==    by 0x50D94D3: YAML::Load(std::istream&) (in /usr/lib64/libyaml-cpp.so.0.5.1)
==63582==    by 0x50D9F09: YAML::LoadFile(std::string const&) (in /usr/lib64/libyaml-cpp.so.0.5.1)
==63582==    by 0x4072D4: readConfig(Data&, std::vector<std::vector<std::string, std::allocator<std::string> >, std::allocator<std::vector<std::string, std::allocator<std::string> > > >&, std::vector<std::vector<int, std::allocator<int> >, std::allocator<std::vector<int, std::allocator<int> > > >&) (main.cpp:69)
==63582== 
==63582== 128 bytes in 2 blocks are still reachable in loss record 640 of 677
==63582==    at 0x4C2A593: operator new(unsigned long) (vg_replace_malloc.c:344)
==63582==    by 0x50EF8A1: std::vector<YAML::RegEx, std::allocator<YAML::RegEx> >::_M_insert_aux(__gnu_cxx::__normal_iterator<YAML::RegEx*, std::vector<YAML::RegEx, std::allocator<YAML::RegEx> > >, YAML::RegEx const&) (in /usr/lib64/libyaml-cpp.so.0.5.1)
==63582==    by 0x50EC96E: YAML::operator||(YAML::RegEx const&, YAML::RegEx const&) (in /usr/lib64/libyaml-cpp.so.0.5.1)
==63582==    by 0x50B7E23: YAML::ScanScalar(YAML::Stream&, YAML::ScanScalarParams&) (in /usr/lib64/libyaml-cpp.so.0.5.1)
==63582==    by 0x50F56D4: YAML::Scanner::ScanPlainScalar() (in /usr/lib64/libyaml-cpp.so.0.5.1)
==63582==    by 0x50E488B: YAML::Scanner::ScanNextToken() (in /usr/lib64/libyaml-cpp.so.0.5.1)
==63582==    by 0x50E4CA4: YAML::Scanner::EnsureTokensInQueue() (in /usr/lib64/libyaml-cpp.so.0.5.1)
==63582==    by 0x50E4E18: YAML::Scanner::empty() (in /usr/lib64/libyaml-cpp.so.0.5.1)
==63582==    by 0x50C649D: YAML::Parser::ParseDirectives() (in /usr/lib64/libyaml-cpp.so.0.5.1)
==63582==    by 0x50C64E8: YAML::Parser::HandleNextDocument(YAML::EventHandler&) (in /usr/lib64/libyaml-cpp.so.0.5.1)
==63582==    by 0x50D94D3: YAML::Load(std::istream&) (in /usr/lib64/libyaml-cpp.so.0.5.1)
==63582==    by 0x50D9F09: YAML::LoadFile(std::string const&) (in /usr/lib64/libyaml-cpp.so.0.5.1)
==63582== 
==63582== 128 bytes in 2 blocks are still reachable in loss record 641 of 677
==63582==    at 0x4C2A593: operator new(unsigned long) (vg_replace_malloc.c:344)
==63582==    by 0x50E8A99: std::vector<YAML::RegEx, std::allocator<YAML::RegEx> >::vector(std::vector<YAML::RegEx, std::allocator<YAML::RegEx> > const&) (in /usr/lib64/libyaml-cpp.so.0.5.1)
==63582==    by 0x50EFA06: std::vector<YAML::RegEx, std::allocator<YAML::RegEx> >::_M_insert_aux(__gnu_cxx::__normal_iterator<YAML::RegEx*, std::vector<YAML::RegEx, std::allocator<YAML::RegEx> > >, YAML::RegEx const&) (in /usr/lib64/libyaml-cpp.so.0.5.1)
==63582==    by 0x50EC96E: YAML::operator||(YAML::RegEx const&, YAML::RegEx const&) (in /usr/lib64/libyaml-cpp.so.0.5.1)
==63582==    by 0x50B7E23: YAML::ScanScalar(YAML::Stream&, YAML::ScanScalarParams&) (in /usr/lib64/libyaml-cpp.so.0.5.1)
==63582==    by 0x50F56D4: YAML::Scanner::ScanPlainScalar() (in /usr/lib64/libyaml-cpp.so.0.5.1)
==63582==    by 0x50E488B: YAML::Scanner::ScanNextToken() (in /usr/lib64/libyaml-cpp.so.0.5.1)
==63582==    by 0x50E4CA4: YAML::Scanner::EnsureTokensInQueue() (in /usr/lib64/libyaml-cpp.so.0.5.1)
==63582==    by 0x50E4E18: YAML::Scanner::empty() (in /usr/lib64/libyaml-cpp.so.0.5.1)
==63582==    by 0x50C649D: YAML::Parser::ParseDirectives() (in /usr/lib64/libyaml-cpp.so.0.5.1)
==63582==    by 0x50C64E8: YAML::Parser::HandleNextDocument(YAML::EventHandler&) (in /usr/lib64/libyaml-cpp.so.0.5.1)
==63582==    by 0x50D94D3: YAML::Load(std::istream&) (in /usr/lib64/libyaml-cpp.so.0.5.1)
==63582== 
==63582== 140 bytes in 4 blocks are still reachable in loss record 642 of 677
==63582==    at 0x4C2A593: operator new(unsigned long) (vg_replace_malloc.c:344)
==63582==    by 0x5803CD8: std::string::_Rep::_S_create(unsigned long, unsigned long, std::allocator<char> const&) (in /usr/lib64/libstdc++.so.6.0.19)
==63582==    by 0x58048EA: std::string::_Rep::_M_clone(std::allocator<char> const&, unsigned long) (in /usr/lib64/libstdc++.so.6.0.19)
==63582==    by 0x5804993: std::string::reserve(unsigned long) (in /usr/lib64/libstdc++.so.6.0.19)
==63582==    by 0x50B77C5: YAML::ScanScalar(YAML::Stream&, YAML::ScanScalarParams&) (in /usr/lib64/libyaml-cpp.so.0.5.1)
==63582==    by 0x50F56D4: YAML::Scanner::ScanPlainScalar() (in /usr/lib64/libyaml-cpp.so.0.5.1)
==63582==    by 0x50E488B: YAML::Scanner::ScanNextToken() (in /usr/lib64/libyaml-cpp.so.0.5.1)
==63582==    by 0x50E4CA4: YAML::Scanner::EnsureTokensInQueue() (in /usr/lib64/libyaml-cpp.so.0.5.1)
==63582==    by 0x50E4E18: YAML::Scanner::empty() (in /usr/lib64/libyaml-cpp.so.0.5.1)
==63582==    by 0x50BFC59: YAML::SingleDocParser::HandleNode(YAML::EventHandler&) (in /usr/lib64/libyaml-cpp.so.0.5.1)
==63582==    by 0x50C34D8: YAML::SingleDocParser::HandleBlockMap(YAML::EventHandler&) (in /usr/lib64/libyaml-cpp.so.0.5.1)
==63582==    by 0x50BFEF1: YAML::SingleDocParser::HandleNode(YAML::EventHandler&) (in /usr/lib64/libyaml-cpp.so.0.5.1)
==63582== 
==63582== 160 bytes in 2 blocks are still reachable in loss record 643 of 677
==63582==    at 0x4C2A593: operator new(unsigned long) (vg_replace_malloc.c:344)
==63582==    by 0x50EFE3F: std::vector<YAML::RegEx, std::allocator<YAML::RegEx> >::_M_insert_aux(__gnu_cxx::__normal_iterator<YAML::RegEx*, std::vector<YAML::RegEx, std::allocator<YAML::RegEx> > >, YAML::RegEx const&) (in /usr/lib64/libyaml-cpp.so.0.5.1)
==63582==    by 0x50EC96E: YAML::operator||(YAML::RegEx const&, YAML::RegEx const&) (in /usr/lib64/libyaml-cpp.so.0.5.1)
==63582==    by 0x50B7E23: YAML::ScanScalar(YAML::Stream&, YAML::ScanScalarParams&) (in /usr/lib64/libyaml-cpp.so.0.5.1)
==63582==    by 0x50F56D4: YAML::Scanner::ScanPlainScalar() (in /usr/lib64/libyaml-cpp.so.0.5.1)
==63582==    by 0x50E488B: YAML::Scanner::ScanNextToken() (in /usr/lib64/libyaml-cpp.so.0.5.1)
==63582==    by 0x50E4CA4: YAML::Scanner::EnsureTokensInQueue() (in /usr/lib64/libyaml-cpp.so.0.5.1)
==63582==    by 0x50E4E18: YAML::Scanner::empty() (in /usr/lib64/libyaml-cpp.so.0.5.1)
==63582==    by 0x50C649D: YAML::Parser::ParseDirectives() (in /usr/lib64/libyaml-cpp.so.0.5.1)
==63582==    by 0x50C64E8: YAML::Parser::HandleNextDocument(YAML::EventHandler&) (in /usr/lib64/libyaml-cpp.so.0.5.1)
==63582==    by 0x50D94D3: YAML::Load(std::istream&) (in /usr/lib64/libyaml-cpp.so.0.5.1)
==63582==    by 0x50D9F09: YAML::LoadFile(std::string const&) (in /usr/lib64/libyaml-cpp.so.0.5.1)
==63582== 
==63582== 160 bytes in 2 blocks are still reachable in loss record 644 of 677
==63582==    at 0x4C2A593: operator new(unsigned long) (vg_replace_malloc.c:344)
==63582==    by 0x50E8AF7: std::vector<YAML::RegEx, std::allocator<YAML::RegEx> >::vector(std::vector<YAML::RegEx, std::allocator<YAML::RegEx> > const&) (in /usr/lib64/libyaml-cpp.so.0.5.1)
==63582==    by 0x50EFA06: std::vector<YAML::RegEx, std::allocator<YAML::RegEx> >::_M_insert_aux(__gnu_cxx::__normal_iterator<YAML::RegEx*, std::vector<YAML::RegEx, std::allocator<YAML::RegEx> > >, YAML::RegEx const&) (in /usr/lib64/libyaml-cpp.so.0.5.1)
==63582==    by 0x50EC96E: YAML::operator||(YAML::RegEx const&, YAML::RegEx const&) (in /usr/lib64/libyaml-cpp.so.0.5.1)
==63582==    by 0x50B7E23: YAML::ScanScalar(YAML::Stream&, YAML::ScanScalarParams&) (in /usr/lib64/libyaml-cpp.so.0.5.1)
==63582==    by 0x50F56D4: YAML::Scanner::ScanPlainScalar() (in /usr/lib64/libyaml-cpp.so.0.5.1)
==63582==    by 0x50E488B: YAML::Scanner::ScanNextToken() (in /usr/lib64/libyaml-cpp.so.0.5.1)
==63582==    by 0x50E4CA4: YAML::Scanner::EnsureTokensInQueue() (in /usr/lib64/libyaml-cpp.so.0.5.1)
==63582==    by 0x50E4E18: YAML::Scanner::empty() (in /usr/lib64/libyaml-cpp.so.0.5.1)
==63582==    by 0x50C649D: YAML::Parser::ParseDirectives() (in /usr/lib64/libyaml-cpp.so.0.5.1)
==63582==    by 0x50C64E8: YAML::Parser::HandleNextDocument(YAML::EventHandler&) (in /usr/lib64/libyaml-cpp.so.0.5.1)
==63582==    by 0x50D94D3: YAML::Load(std::istream&) (in /usr/lib64/libyaml-cpp.so.0.5.1)
==63582== 
==63582== 160 bytes in 1 blocks are possibly lost in loss record 645 of 677
==63582==    at 0x4C29F73: malloc (vg_replace_malloc.c:309)
==63582==    by 0x57A35A2: __cxa_allocate_exception (in /usr/lib64/libstdc++.so.6.0.19)
==63582==    by 0x57F9EC6: std::__throw_system_error(int) (in /usr/lib64/libstdc++.so.6.0.19)
==63582==    by 0x57FB0E7: std::thread::join() (in /usr/lib64/libstdc++.so.6.0.19)
==63582==    by 0x409CAB: stop (thread_pool.cpp:59)
==63582==    by 0x409CAB: sqlexec(std::vector<std::string, std::allocator<std::string> >, std::vector<int, std::allocator<int> >) (main.cpp:268)
==63582==    by 0x40AAE6: std::_Function_handler<void (std::vector<std::string, std::allocator<std::string> >, std::vector<int, std::allocator<int> >), void (*)(std::vector<std::string, std::allocator<std::string> >, std::vector<int, std::allocator<int> >)>::_M_invoke(std::_Any_data const&, std::vector<std::string, std::allocator<std::string> >, std::vector<int, std::allocator<int> >) (functional:2071)
==63582==    by 0x40C9CE: operator() (functional:2471)
==63582==    by 0x40C9CE: thread_pool::worker() (thread_pool.cpp:127)
==63582==    by 0x57FB32F: ??? (in /usr/lib64/libstdc++.so.6.0.19)
==63582==    by 0x5531EA4: start_thread (in /usr/lib64/libpthread-2.17.so)
==63582==    by 0x6064B0C: clone (in /usr/lib64/libc-2.17.so)
==63582== 
==63582== 176 bytes in 2 blocks are still reachable in loss record 646 of 677
==63582==    at 0x4C29F73: malloc (vg_replace_malloc.c:309)
==63582==    by 0x400AF73: _dl_lookup_symbol_x (in /usr/lib64/ld-2.17.so)
==63582==    by 0x400BC25: _dl_relocate_object (in /usr/lib64/ld-2.17.so)
==63582==    by 0x401466B: dl_open_worker (in /usr/lib64/ld-2.17.so)
==63582==    by 0x400F7D3: _dl_catch_error (in /usr/lib64/ld-2.17.so)
==63582==    by 0x4013B8A: _dl_open (in /usr/lib64/ld-2.17.so)
==63582==    by 0x653EFAA: dlopen_doit (in /usr/lib64/libdl-2.17.so)
==63582==    by 0x400F7D3: _dl_catch_error (in /usr/lib64/ld-2.17.so)
==63582==    by 0x653F5AC: _dlerror_run (in /usr/lib64/libdl-2.17.so)
==63582==    by 0x653F040: dlopen@@GLIBC_2.2.5 (in /usr/lib64/libdl-2.17.so)
==63582==    by 0x633A534: vm_open (in /usr/local/oushu/oushudb-5.0.0.0/lib/libltdl.so.7.3.1)
==63582==    by 0x6339A87: tryall_dlopen (in /usr/local/oushu/oushudb-5.0.0.0/lib/libltdl.so.7.3.1)
==63582== 
==63582== 192 bytes in 3 blocks are still reachable in loss record 647 of 677
==63582==    at 0x4C2A593: operator new(unsigned long) (vg_replace_malloc.c:344)
==63582==    by 0x50EF8A1: std::vector<YAML::RegEx, std::allocator<YAML::RegEx> >::_M_insert_aux(__gnu_cxx::__normal_iterator<YAML::RegEx*, std::vector<YAML::RegEx, std::allocator<YAML::RegEx> > >, YAML::RegEx const&) (in /usr/lib64/libyaml-cpp.so.0.5.1)
==63582==    by 0x50EA910: YAML::operator!(YAML::RegEx const&) (in /usr/lib64/libyaml-cpp.so.0.5.1)
==63582==    by 0x50E7281: YAML::Exp::PlainScalar() (in /usr/lib64/libyaml-cpp.so.0.5.1)
==63582==    by 0x50E4999: YAML::Scanner::ScanNextToken() (in /usr/lib64/libyaml-cpp.so.0.5.1)
==63582==    by 0x50E4CA4: YAML::Scanner::EnsureTokensInQueue() (in /usr/lib64/libyaml-cpp.so.0.5.1)
==63582==    by 0x50E4E18: YAML::Scanner::empty() (in /usr/lib64/libyaml-cpp.so.0.5.1)
==63582==    by 0x50C649D: YAML::Parser::ParseDirectives() (in /usr/lib64/libyaml-cpp.so.0.5.1)
==63582==    by 0x50C64E8: YAML::Parser::HandleNextDocument(YAML::EventHandler&) (in /usr/lib64/libyaml-cpp.so.0.5.1)
==63582==    by 0x50D94D3: YAML::Load(std::istream&) (in /usr/lib64/libyaml-cpp.so.0.5.1)
==63582==    by 0x50D9F09: YAML::LoadFile(std::string const&) (in /usr/lib64/libyaml-cpp.so.0.5.1)
==63582==    by 0x4072D4: readConfig(Data&, std::vector<std::vector<std::string, std::allocator<std::string> >, std::allocator<std::vector<std::string, std::allocator<std::string> > > >&, std::vector<std::vector<int, std::allocator<int> >, std::allocator<std::vector<int, std::allocator<int> > > >&) (main.cpp:69)
==63582== 
==63582== 192 bytes in 3 blocks are still reachable in loss record 648 of 677
==63582==    at 0x4C2A593: operator new(unsigned long) (vg_replace_malloc.c:344)
==63582==    by 0x50ED933: YAML::RegEx* std::__uninitialized_copy<false>::__uninit_copy<__gnu_cxx::__normal_iterator<YAML::RegEx const*, std::vector<YAML::RegEx, std::allocator<YAML::RegEx> > >, YAML::RegEx*>(__gnu_cxx::__normal_iterator<YAML::RegEx const*, std::vector<YAML::RegEx, std::allocator<YAML::RegEx> > >, __gnu_cxx::__normal_iterator<YAML::RegEx const*, std::vector<YAML::RegEx, std::allocator<YAML::RegEx> > >, YAML::RegEx*) (in /usr/lib64/libyaml-cpp.so.0.5.1)
==63582==    by 0x50EF7E7: std::vector<YAML::RegEx, std::allocator<YAML::RegEx> >::_M_insert_aux(__gnu_cxx::__normal_iterator<YAML::RegEx*, std::vector<YAML::RegEx, std::allocator<YAML::RegEx> > >, YAML::RegEx const&) (in /usr/lib64/libyaml-cpp.so.0.5.1)
==63582==    by 0x50EA910: YAML::operator!(YAML::RegEx const&) (in /usr/lib64/libyaml-cpp.so.0.5.1)
==63582==    by 0x50E7281: YAML::Exp::PlainScalar() (in /usr/lib64/libyaml-cpp.so.0.5.1)
==63582==    by 0x50E4999: YAML::Scanner::ScanNextToken() (in /usr/lib64/libyaml-cpp.so.0.5.1)
==63582==    by 0x50E4CA4: YAML::Scanner::EnsureTokensInQueue() (in /usr/lib64/libyaml-cpp.so.0.5.1)
==63582==    by 0x50E4E18: YAML::Scanner::empty() (in /usr/lib64/libyaml-cpp.so.0.5.1)
==63582==    by 0x50C649D: YAML::Parser::ParseDirectives() (in /usr/lib64/libyaml-cpp.so.0.5.1)
==63582==    by 0x50C64E8: YAML::Parser::HandleNextDocument(YAML::EventHandler&) (in /usr/lib64/libyaml-cpp.so.0.5.1)
==63582==    by 0x50D94D3: YAML::Load(std::istream&) (in /usr/lib64/libyaml-cpp.so.0.5.1)
==63582==    by 0x50D9F09: YAML::LoadFile(std::string const&) (in /usr/lib64/libyaml-cpp.so.0.5.1)
==63582== 
==63582== 208 bytes in 1 blocks are still reachable in loss record 649 of 677
==63582==    at 0x4C29F73: malloc (vg_replace_malloc.c:309)
==63582==    by 0x5F91DF0: __gconv_lookup_cache (in /usr/lib64/libc-2.17.so)
==63582==    by 0x5F8A6B9: __gconv_find_transform (in /usr/lib64/libc-2.17.so)
==63582==    by 0x5F88EC5: __gconv_open (in /usr/lib64/libc-2.17.so)
==63582==    by 0x5F88A87: iconv_open (in /usr/lib64/libc-2.17.so)
==63582==    by 0x4E7C5B1: ??? (in /usr/lib64/libodbc.so.2.0.0)
==63582==    by 0x4E43BA3: ??? (in /usr/lib64/libodbc.so.2.0.0)
==63582==    by 0x4E46AF6: SQLConnect (in /usr/lib64/libodbc.so.2.0.0)
==63582==    by 0x406579: CppODBC::Connect(char const*, char const*, char const*) (cpp_odbc.cpp:100)
==63582==    by 0x4059D2: main (main.cpp:308)
==63582== 
==63582== 208 bytes in 1 blocks are still reachable in loss record 650 of 677
==63582==    at 0x4C29F73: malloc (vg_replace_malloc.c:309)
==63582==    by 0x5F91DF0: __gconv_lookup_cache (in /usr/lib64/libc-2.17.so)
==63582==    by 0x5F8A6B9: __gconv_find_transform (in /usr/lib64/libc-2.17.so)
==63582==    by 0x5F88EC5: __gconv_open (in /usr/lib64/libc-2.17.so)
==63582==    by 0x5F88A87: iconv_open (in /usr/lib64/libc-2.17.so)
==63582==    by 0x4E7C5C8: ??? (in /usr/lib64/libodbc.so.2.0.0)
==63582==    by 0x4E43BA3: ??? (in /usr/lib64/libodbc.so.2.0.0)
==63582==    by 0x4E46AF6: SQLConnect (in /usr/lib64/libodbc.so.2.0.0)
==63582==    by 0x406579: CppODBC::Connect(char const*, char const*, char const*) (cpp_odbc.cpp:100)
==63582==    by 0x4059D2: main (main.cpp:308)
==63582== 
==63582== 216 bytes in 1 blocks are still reachable in loss record 651 of 677
==63582==    at 0x4C29F73: malloc (vg_replace_malloc.c:309)
==63582==    by 0x6F9FDE0: SOCK_Constructor (in /usr/lib64/psqlodbcw.so)
==63582==    by 0x6F7DFA7: ??? (in /usr/lib64/psqlodbcw.so)
==63582==    by 0x6F7E618: CC_connect (in /usr/lib64/psqlodbcw.so)
==63582==    by 0x6F7E998: PGAPI_Connect (in /usr/lib64/psqlodbcw.so)
==63582==    by 0x6FB1D97: SQLConnect (in /usr/lib64/psqlodbcw.so)
==63582==    by 0x4E46B3F: SQLConnect (in /usr/lib64/libodbc.so.2.0.0)
==63582==    by 0x406579: CppODBC::Connect(char const*, char const*, char const*) (cpp_odbc.cpp:100)
==63582==    by 0x4059D2: main (main.cpp:308)
==63582== 
==63582== 736 bytes in 4 blocks are still reachable in loss record 652 of 677
==63582==    at 0x4C2A593: operator new(unsigned long) (vg_replace_malloc.c:344)
==63582==    by 0x50EFDDE: std::vector<YAML::RegEx, std::allocator<YAML::RegEx> >::_M_insert_aux(__gnu_cxx::__normal_iterator<YAML::RegEx*, std::vector<YAML::RegEx, std::allocator<YAML::RegEx> > >, YAML::RegEx const&) (in /usr/lib64/libyaml-cpp.so.0.5.1)
==63582==    by 0x50EA910: YAML::operator!(YAML::RegEx const&) (in /usr/lib64/libyaml-cpp.so.0.5.1)
==63582==    by 0x50E7281: YAML::Exp::PlainScalar() (in /usr/lib64/libyaml-cpp.so.0.5.1)
==63582==    by 0x50E4999: YAML::Scanner::ScanNextToken() (in /usr/lib64/libyaml-cpp.so.0.5.1)
==63582==    by 0x50E4CA4: YAML::Scanner::EnsureTokensInQueue() (in /usr/lib64/libyaml-cpp.so.0.5.1)
==63582==    by 0x50E4E18: YAML::Scanner::empty() (in /usr/lib64/libyaml-cpp.so.0.5.1)
==63582==    by 0x50C649D: YAML::Parser::ParseDirectives() (in /usr/lib64/libyaml-cpp.so.0.5.1)
==63582==    by 0x50C64E8: YAML::Parser::HandleNextDocument(YAML::EventHandler&) (in /usr/lib64/libyaml-cpp.so.0.5.1)
==63582==    by 0x50D94D3: YAML::Load(std::istream&) (in /usr/lib64/libyaml-cpp.so.0.5.1)
==63582==    by 0x50D9F09: YAML::LoadFile(std::string const&) (in /usr/lib64/libyaml-cpp.so.0.5.1)
==63582==    by 0x4072D4: readConfig(Data&, std::vector<std::vector<std::string, std::allocator<std::string> >, std::allocator<std::vector<std::string, std::allocator<std::string> > > >&, std::vector<std::vector<int, std::allocator<int> >, std::allocator<std::vector<int, std::allocator<int> > > >&) (main.cpp:69)
==63582== 
==63582== 746 bytes in 19 blocks are still reachable in loss record 653 of 677
==63582==    at 0x4C29F73: malloc (vg_replace_malloc.c:309)
==63582==    by 0x4005AFD: open_path (in /usr/lib64/ld-2.17.so)
==63582==    by 0x4008776: _dl_map_object (in /usr/lib64/ld-2.17.so)
==63582==    by 0x400CC61: openaux (in /usr/lib64/ld-2.17.so)
==63582==    by 0x400F7D3: _dl_catch_error (in /usr/lib64/ld-2.17.so)
==63582==    by 0x400D46C: _dl_map_object_deps (in /usr/lib64/ld-2.17.so)
==63582==    by 0x40142FA: dl_open_worker (in /usr/lib64/ld-2.17.so)
==63582==    by 0x400F7D3: _dl_catch_error (in /usr/lib64/ld-2.17.so)
==63582==    by 0x4013B8A: _dl_open (in /usr/lib64/ld-2.17.so)
==63582==    by 0x653EFAA: dlopen_doit (in /usr/lib64/libdl-2.17.so)
==63582==    by 0x400F7D3: _dl_catch_error (in /usr/lib64/ld-2.17.so)
==63582==    by 0x653F5AC: _dlerror_run (in /usr/lib64/libdl-2.17.so)
==63582== 
==63582== 746 bytes in 19 blocks are still reachable in loss record 654 of 677
==63582==    at 0x4C29F73: malloc (vg_replace_malloc.c:309)
==63582==    by 0x400B493: _dl_new_object (in /usr/lib64/ld-2.17.so)
==63582==    by 0x4006023: _dl_map_object_from_fd (in /usr/lib64/ld-2.17.so)
==63582==    by 0x4008669: _dl_map_object (in /usr/lib64/ld-2.17.so)
==63582==    by 0x400CC61: openaux (in /usr/lib64/ld-2.17.so)
==63582==    by 0x400F7D3: _dl_catch_error (in /usr/lib64/ld-2.17.so)
==63582==    by 0x400D46C: _dl_map_object_deps (in /usr/lib64/ld-2.17.so)
==63582==    by 0x40142FA: dl_open_worker (in /usr/lib64/ld-2.17.so)
==63582==    by 0x400F7D3: _dl_catch_error (in /usr/lib64/ld-2.17.so)
==63582==    by 0x4013B8A: _dl_open (in /usr/lib64/ld-2.17.so)
==63582==    by 0x653EFAA: dlopen_doit (in /usr/lib64/libdl-2.17.so)
==63582==    by 0x400F7D3: _dl_catch_error (in /usr/lib64/ld-2.17.so)
==63582== 
==63582== 800 bytes in 1 blocks are still reachable in loss record 655 of 677
==63582==    at 0x4C2A593: operator new(unsigned long) (vg_replace_malloc.c:344)
==63582==    by 0x40BEE3: allocate (new_allocator.h:104)
==63582==    by 0x40BEE3: _M_allocate (stl_vector.h:168)
==63582==    by 0x40BEE3: _M_allocate_and_copy<std::move_iterator<std::thread*> > (stl_vector.h:1138)
==63582==    by 0x40BEE3: std::vector<std::thread, std::allocator<std::thread> >::reserve(unsigned long) (vector.tcc:75)
==63582==    by 0x406157: start (thread_pool.cpp:37)
==63582==    by 0x406157: main (main.cpp:324)
==63582== 
==63582== 960 bytes in 1 blocks are still reachable in loss record 656 of 677
==63582==    at 0x4C29F73: malloc (vg_replace_malloc.c:309)
==63582==    by 0x6FA6BC2: SC_Constructor (in /usr/lib64/psqlodbcw.so)
==63582==    by 0x6FA9D18: PGAPI_AllocStmt (in /usr/lib64/psqlodbcw.so)
==63582==    by 0x6FB5EB6: SQLAllocHandle (in /usr/lib64/psqlodbcw.so)
==63582==    by 0x4E3ED4C: ??? (in /usr/lib64/libodbc.so.2.0.0)
==63582==    by 0x406601: CppODBC::Connect(char const*, char const*, char const*) (cpp_odbc.cpp:111)
==63582==    by 0x4059D2: main (main.cpp:308)
==63582== 
==63582== 1,024 bytes in 1 blocks are still reachable in loss record 657 of 677
==63582==    at 0x4C29EBD: malloc (vg_replace_malloc.c:308)
==63582==    by 0x4C2C210: realloc (vg_replace_malloc.c:836)
==63582==    by 0x6F89E68: EN_add_connection (in /usr/lib64/psqlodbcw.so)
==63582==    by 0x6F7C8D1: PGAPI_AllocConnect (in /usr/lib64/psqlodbcw.so)
==63582==    by 0x6FB5F1E: SQLAllocHandle (in /usr/lib64/psqlodbcw.so)
==63582==    by 0x4E448DB: ??? (in /usr/lib64/libodbc.so.2.0.0)
==63582==    by 0x4E46AF6: SQLConnect (in /usr/lib64/libodbc.so.2.0.0)
==63582==    by 0x406579: CppODBC::Connect(char const*, char const*, char const*) (cpp_odbc.cpp:100)
==63582==    by 0x4059D2: main (main.cpp:308)
==63582== 
==63582== 1,040 bytes in 1 blocks are still reachable in loss record 658 of 677
==63582==    at 0x4C2C089: calloc (vg_replace_malloc.c:762)
==63582==    by 0x5F9FEC3: __new_exitfn (in /usr/lib64/libc-2.17.so)
==63582==    by 0x5F9FF48: __cxa_atexit (in /usr/lib64/libc-2.17.so)
==63582==    by 0x400F9C2: _dl_init (in /usr/lib64/ld-2.17.so)
==63582==    by 0x4001179: ??? (in /usr/lib64/ld-2.17.so)
==63582==    by 0x1: ???
==63582==    by 0x1FFF0001C6: ???
==63582==    by 0x1FFF0001CD: ???
==63582== 
==63582== 1,184 bytes in 1 blocks are still reachable in loss record 659 of 677
==63582==    at 0x4C2C089: calloc (vg_replace_malloc.c:762)
==63582==    by 0x400B1FE: _dl_new_object (in /usr/lib64/ld-2.17.so)
==63582==    by 0x4006023: _dl_map_object_from_fd (in /usr/lib64/ld-2.17.so)
==63582==    by 0x4008669: _dl_map_object (in /usr/lib64/ld-2.17.so)
==63582==    by 0x40142A3: dl_open_worker (in /usr/lib64/ld-2.17.so)
==63582==    by 0x400F7D3: _dl_catch_error (in /usr/lib64/ld-2.17.so)
==63582==    by 0x4013B8A: _dl_open (in /usr/lib64/ld-2.17.so)
==63582==    by 0x653EFAA: dlopen_doit (in /usr/lib64/libdl-2.17.so)
==63582==    by 0x400F7D3: _dl_catch_error (in /usr/lib64/ld-2.17.so)
==63582==    by 0x653F5AC: _dlerror_run (in /usr/lib64/libdl-2.17.so)
==63582==    by 0x653F040: dlopen@@GLIBC_2.2.5 (in /usr/lib64/libdl-2.17.so)
==63582==    by 0x633A534: vm_open (in /usr/local/oushu/oushudb-5.0.0.0/lib/libltdl.so.7.3.1)
==63582== 
==63582== 1,512 bytes in 1 blocks are still reachable in loss record 660 of 677
==63582==    at 0x4C2C089: calloc (vg_replace_malloc.c:762)
==63582==    by 0x4E71D28: ??? (in /usr/lib64/libodbc.so.2.0.0)
==63582==    by 0x4E3E39C: ??? (in /usr/lib64/libodbc.so.2.0.0)
==63582==    by 0x4063CF: CppODBC::Open() (cpp_odbc.cpp:43)
==63582==    by 0x40599D: main (main.cpp:307)
==63582== 
==63582== 1,536 bytes in 1 blocks are still reachable in loss record 661 of 677
==63582==    at 0x4C2C089: calloc (vg_replace_malloc.c:762)
==63582==    by 0x4E728AB: ??? (in /usr/lib64/libodbc.so.2.0.0)
==63582==    by 0x4E3E890: ??? (in /usr/lib64/libodbc.so.2.0.0)
==63582==    by 0x406601: CppODBC::Connect(char const*, char const*, char const*) (cpp_odbc.cpp:111)
==63582==    by 0x4059D2: main (main.cpp:308)
==63582== 
==63582== 1,536 bytes in 1 blocks are still reachable in loss record 662 of 677
==63582==    at 0x4C2C089: calloc (vg_replace_malloc.c:762)
==63582==    by 0x4E728AB: ??? (in /usr/lib64/libodbc.so.2.0.0)
==63582==    by 0x4E3E923: ??? (in /usr/lib64/libodbc.so.2.0.0)
==63582==    by 0x406601: CppODBC::Connect(char const*, char const*, char const*) (cpp_odbc.cpp:111)
==63582==    by 0x4059D2: main (main.cpp:308)
==63582== 
==63582== 1,536 bytes in 1 blocks are still reachable in loss record 663 of 677
==63582==    at 0x4C2C089: calloc (vg_replace_malloc.c:762)
==63582==    by 0x4E728AB: ??? (in /usr/lib64/libodbc.so.2.0.0)
==63582==    by 0x4E3E9B6: ??? (in /usr/lib64/libodbc.so.2.0.0)
==63582==    by 0x406601: CppODBC::Connect(char const*, char const*, char const*) (cpp_odbc.cpp:111)
==63582==    by 0x4059D2: main (main.cpp:308)
==63582== 
==63582== 1,536 bytes in 1 blocks are still reachable in loss record 664 of 677
==63582==    at 0x4C2C089: calloc (vg_replace_malloc.c:762)
==63582==    by 0x4E728AB: ??? (in /usr/lib64/libodbc.so.2.0.0)
==63582==    by 0x4E3EA4D: ??? (in /usr/lib64/libodbc.so.2.0.0)
==63582==    by 0x406601: CppODBC::Connect(char const*, char const*, char const*) (cpp_odbc.cpp:111)
==63582==    by 0x4059D2: main (main.cpp:308)
==63582== 
==63582== 1,664 bytes in 1 blocks are still reachable in loss record 665 of 677
==63582==    at 0x4C2C089: calloc (vg_replace_malloc.c:762)
==63582==    by 0x4E7233B: ??? (in /usr/lib64/libodbc.so.2.0.0)
==63582==    by 0x4E3E005: ??? (in /usr/lib64/libodbc.so.2.0.0)
==63582==    by 0x406601: CppODBC::Connect(char const*, char const*, char const*) (cpp_odbc.cpp:111)
==63582==    by 0x4059D2: main (main.cpp:308)
==63582== 
==63582== 2,888 bytes in 1 blocks are still reachable in loss record 666 of 677
==63582==    at 0x4C2C089: calloc (vg_replace_malloc.c:762)
==63582==    by 0x6F7C734: CC_Constructor (in /usr/lib64/psqlodbcw.so)
==63582==    by 0x6F7C8A3: PGAPI_AllocConnect (in /usr/lib64/psqlodbcw.so)
==63582==    by 0x6FB5F1E: SQLAllocHandle (in /usr/lib64/psqlodbcw.so)
==63582==    by 0x4E448DB: ??? (in /usr/lib64/libodbc.so.2.0.0)
==63582==    by 0x4E46AF6: SQLConnect (in /usr/lib64/libodbc.so.2.0.0)
==63582==    by 0x406579: CppODBC::Connect(char const*, char const*, char const*) (cpp_odbc.cpp:100)
==63582==    by 0x4059D2: main (main.cpp:308)
==63582== 
==63582== 3,200 bytes in 1 blocks are still reachable in loss record 667 of 677
==63582==    at 0x4C2A593: operator new(unsigned long) (vg_replace_malloc.c:344)
==63582==    by 0x405B2E: allocate (new_allocator.h:104)
==63582==    by 0x405B2E: allocate (base.hpp:2089)
==63582==    by 0x405B2E: initialize_buffer (base.hpp:2177)
==63582==    by 0x405B2E: circular_buffer (base.hpp:1018)
==63582==    by 0x405B2E: thread_pool (thread_pool.cpp:12)
==63582==    by 0x405B2E: main (main.cpp:320)
==63582== 
==63582== 4,096 bytes in 1 blocks are still reachable in loss record 668 of 677
==63582==    at 0x4C29F73: malloc (vg_replace_malloc.c:309)
==63582==    by 0x6F9FE4E: SOCK_Constructor (in /usr/lib64/psqlodbcw.so)
==63582==    by 0x6F7DFA7: ??? (in /usr/lib64/psqlodbcw.so)
==63582==    by 0x6F7E618: CC_connect (in /usr/lib64/psqlodbcw.so)
==63582==    by 0x6F7E998: PGAPI_Connect (in /usr/lib64/psqlodbcw.so)
==63582==    by 0x6FB1D97: SQLConnect (in /usr/lib64/psqlodbcw.so)
==63582==    by 0x4E46B3F: SQLConnect (in /usr/lib64/libodbc.so.2.0.0)
==63582==    by 0x406579: CppODBC::Connect(char const*, char const*, char const*) (cpp_odbc.cpp:100)
==63582==    by 0x4059D2: main (main.cpp:308)
==63582== 
==63582== 4,096 bytes in 1 blocks are still reachable in loss record 669 of 677
==63582==    at 0x4C29F73: malloc (vg_replace_malloc.c:309)
==63582==    by 0x6F9FE62: SOCK_Constructor (in /usr/lib64/psqlodbcw.so)
==63582==    by 0x6F7DFA7: ??? (in /usr/lib64/psqlodbcw.so)
==63582==    by 0x6F7E618: CC_connect (in /usr/lib64/psqlodbcw.so)
==63582==    by 0x6F7E998: PGAPI_Connect (in /usr/lib64/psqlodbcw.so)
==63582==    by 0x6FB1D97: SQLConnect (in /usr/lib64/psqlodbcw.so)
==63582==    by 0x4E46B3F: SQLConnect (in /usr/lib64/libodbc.so.2.0.0)
==63582==    by 0x406579: CppODBC::Connect(char const*, char const*, char const*) (cpp_odbc.cpp:100)
==63582==    by 0x4059D2: main (main.cpp:308)
==63582== 
==63582== 4,128 bytes in 20 blocks are still reachable in loss record 670 of 677
==63582==    at 0x4C2C089: calloc (vg_replace_malloc.c:762)
==63582==    by 0x401116D: _dl_check_map_versions (in /usr/lib64/ld-2.17.so)
==63582==    by 0x40145E0: dl_open_worker (in /usr/lib64/ld-2.17.so)
==63582==    by 0x400F7D3: _dl_catch_error (in /usr/lib64/ld-2.17.so)
==63582==    by 0x4013B8A: _dl_open (in /usr/lib64/ld-2.17.so)
==63582==    by 0x653EFAA: dlopen_doit (in /usr/lib64/libdl-2.17.so)
==63582==    by 0x400F7D3: _dl_catch_error (in /usr/lib64/ld-2.17.so)
==63582==    by 0x653F5AC: _dlerror_run (in /usr/lib64/libdl-2.17.so)
==63582==    by 0x653F040: dlopen@@GLIBC_2.2.5 (in /usr/lib64/libdl-2.17.so)
==63582==    by 0x633A534: vm_open (in /usr/local/oushu/oushudb-5.0.0.0/lib/libltdl.so.7.3.1)
==63582==    by 0x6339A87: tryall_dlopen (in /usr/local/oushu/oushudb-5.0.0.0/lib/libltdl.so.7.3.1)
==63582==    by 0x63378BA: try_dlopen (in /usr/local/oushu/oushudb-5.0.0.0/lib/libltdl.so.7.3.1)
==63582== 
==63582== 5,056 bytes in 1 blocks are still reachable in loss record 671 of 677
==63582==    at 0x4C29F73: malloc (vg_replace_malloc.c:309)
==63582==    by 0x4E43C3E: ??? (in /usr/lib64/libodbc.so.2.0.0)
==63582==    by 0x4E46AF6: SQLConnect (in /usr/lib64/libodbc.so.2.0.0)
==63582==    by 0x406579: CppODBC::Connect(char const*, char const*, char const*) (cpp_odbc.cpp:100)
==63582==    by 0x4059D2: main (main.cpp:308)
==63582== 
==63582== 5,240 bytes in 1 blocks are still reachable in loss record 672 of 677
==63582==    at 0x4C2C089: calloc (vg_replace_malloc.c:762)
==63582==    by 0x4E720AB: ??? (in /usr/lib64/libodbc.so.2.0.0)
==63582==    by 0x4E3E4B4: ??? (in /usr/lib64/libodbc.so.2.0.0)
==63582==    by 0x4064E1: CppODBC::Connect(char const*, char const*, char const*) (cpp_odbc.cpp:83)
==63582==    by 0x4059D2: main (main.cpp:308)
==63582== 
==63582== 22,337 bytes in 19 blocks are still reachable in loss record 673 of 677
==63582==    at 0x4C2C089: calloc (vg_replace_malloc.c:762)
==63582==    by 0x400B1FE: _dl_new_object (in /usr/lib64/ld-2.17.so)
==63582==    by 0x4006023: _dl_map_object_from_fd (in /usr/lib64/ld-2.17.so)
==63582==    by 0x4008669: _dl_map_object (in /usr/lib64/ld-2.17.so)
==63582==    by 0x400CC61: openaux (in /usr/lib64/ld-2.17.so)
==63582==    by 0x400F7D3: _dl_catch_error (in /usr/lib64/ld-2.17.so)
==63582==    by 0x400D46C: _dl_map_object_deps (in /usr/lib64/ld-2.17.so)
==63582==    by 0x40142FA: dl_open_worker (in /usr/lib64/ld-2.17.so)
==63582==    by 0x400F7D3: _dl_catch_error (in /usr/lib64/ld-2.17.so)
==63582==    by 0x4013B8A: _dl_open (in /usr/lib64/ld-2.17.so)
==63582==    by 0x653EFAA: dlopen_doit (in /usr/lib64/libdl-2.17.so)
==63582==    by 0x400F7D3: _dl_catch_error (in /usr/lib64/ld-2.17.so)
==63582== 
==63582== 32,640 bytes in 1 blocks are still reachable in loss record 674 of 677
==63582==    at 0x4C29F73: malloc (vg_replace_malloc.c:309)
==63582==    by 0x5F890B0: __gconv_open (in /usr/lib64/libc-2.17.so)
==63582==    by 0x5F88A87: iconv_open (in /usr/lib64/libc-2.17.so)
==63582==    by 0x4E7C5B1: ??? (in /usr/lib64/libodbc.so.2.0.0)
==63582==    by 0x4E43BA3: ??? (in /usr/lib64/libodbc.so.2.0.0)
==63582==    by 0x4E46AF6: SQLConnect (in /usr/lib64/libodbc.so.2.0.0)
==63582==    by 0x406579: CppODBC::Connect(char const*, char const*, char const*) (cpp_odbc.cpp:100)
==63582==    by 0x4059D2: main (main.cpp:308)
==63582== 
==63582== 32,640 bytes in 1 blocks are still reachable in loss record 675 of 677
==63582==    at 0x4C29F73: malloc (vg_replace_malloc.c:309)
==63582==    by 0x5F890B0: __gconv_open (in /usr/lib64/libc-2.17.so)
==63582==    by 0x5F88A87: iconv_open (in /usr/lib64/libc-2.17.so)
==63582==    by 0x4E7C5C8: ??? (in /usr/lib64/libodbc.so.2.0.0)
==63582==    by 0x4E43BA3: ??? (in /usr/lib64/libodbc.so.2.0.0)
==63582==    by 0x4E46AF6: SQLConnect (in /usr/lib64/libodbc.so.2.0.0)
==63582==    by 0x406579: CppODBC::Connect(char const*, char const*, char const*) (cpp_odbc.cpp:100)
==63582==    by 0x4059D2: main (main.cpp:308)
==63582== 
==63582== 36,112 bytes in 61 blocks are possibly lost in loss record 676 of 677
==63582==    at 0x4C2C089: calloc (vg_replace_malloc.c:762)
==63582==    by 0x4012784: _dl_allocate_tls (in /usr/lib64/ld-2.17.so)
==63582==    by 0x553287B: pthread_create@@GLIBC_2.2.5 (in /usr/lib64/libpthread-2.17.so)
==63582==    by 0x57FB596: std::thread::_M_start_thread(std::shared_ptr<std::thread::_Impl_base>) (in /usr/lib64/libstdc++.so.6.0.19)
==63582==    by 0x411AE8: std::thread::thread<void (thread_pool::*)(), thread_pool* const>(void (thread_pool::*&&)(), thread_pool* const&&) (thread:135)
==63582==    by 0x406176: construct<std::thread, void (thread_pool::*)(), thread_pool* const> (new_allocator.h:120)
==63582==    by 0x406176: _S_construct<std::thread, void (thread_pool::*)(), thread_pool* const> (alloc_traits.h:254)
==63582==    by 0x406176: construct<std::thread, void (thread_pool::*)(), thread_pool* const> (alloc_traits.h:393)
==63582==    by 0x406176: emplace_back<void (thread_pool::*)(), thread_pool* const> (vector.tcc:96)
==63582==    by 0x406176: start (thread_pool.cpp:39)
==63582==    by 0x406176: main (main.cpp:324)
==63582== 
==63582== 131,072 bytes in 1 blocks are still reachable in loss record 677 of 677
==63582==    at 0x4C2A593: operator new(unsigned long) (vg_replace_malloc.c:344)
==63582==    by 0x40E7B7: allocate (new_allocator.h:104)
==63582==    by 0x40E7B7: _M_allocate (stl_vector.h:168)
==63582==    by 0x40E7B7: void std::vector<std::string, std::allocator<std::string> >::_M_emplace_back_aux<std::string>(std::string&&) (vector.tcc:404)
==63582==    by 0x4096A5: push_back (stl_vector.h:920)
==63582==    by 0x4096A5: sqlexec(std::vector<std::string, std::allocator<std::string> >, std::vector<int, std::allocator<int> >) (main.cpp:227)
==63582==    by 0x40AAE6: std::_Function_handler<void (std::vector<std::string, std::allocator<std::string> >, std::vector<int, std::allocator<int> >), void (*)(std::vector<std::string, std::allocator<std::string> >, std::vector<int, std::allocator<int> >)>::_M_invoke(std::_Any_data const&, std::vector<std::string, std::allocator<std::string> >, std::vector<int, std::allocator<int> >) (functional:2071)
==63582==    by 0x40C9CE: operator() (functional:2471)
==63582==    by 0x40C9CE: thread_pool::worker() (thread_pool.cpp:127)
==63582==    by 0x57FB32F: ??? (in /usr/lib64/libstdc++.so.6.0.19)
==63582==    by 0x5531EA4: start_thread (in /usr/lib64/libpthread-2.17.so)
==63582==    by 0x6064B0C: clone (in /usr/lib64/libc-2.17.so)
==63582== 
==63582== LEAK SUMMARY:
==63582==    definitely lost: 120 bytes in 1 blocks
==63582==    indirectly lost: 0 bytes in 0 blocks
==63582==      possibly lost: 36,272 bytes in 62 blocks
==63582==    still reachable: 283,931 bytes in 776 blocks
==63582==                       of which reachable via heuristic:
==63582==                         stdstring          : 6,062 bytes in 172 blocks
==63582==         suppressed: 0 bytes in 0 blocks
==63582== 
==63582== Use --track-origins=yes to see where uninitialised values come from
==63582== For lists of detected and suppressed errors, rerun with: -s
==63582== ERROR SUMMARY: 35261 errors from 8 contexts (suppressed: 0 from 0)
